Microchip MPLAB XC8 Compiler V2.10 ()

Linker command line:

-W-3 --edf=/opt/microchip/xc8/v2.10/pic/dat/en_msgs.txt -pivt0x8=08h -cs \
  -h+dist/default/production/touch_v2.X.production.sym \
  --cmf=dist/default/production/touch_v2.X.production.cmf -z -Q18F57K42 \
  -o/tmp/xcXEGyDnh --defsym=__MPLAB_BUILD=1 \
  -Mdist/default/production/touch_v2.X.production.map -E1 -ver=XC8 \
  --acfsm=1493 -ASTACK=0921h-01FFFh -pstack=STACK -ACODE=00h-01FFFFh \
  -ACONST=00h-01FFFFh -ASMALLCONST=02000h-020FFhx480 \
  -AMEDIUMCONST=02000h-0FFFFh,012000h-01FFFFh -ACOMRAM=01h-05Fh \
  -AABS1=00h-01FFFh -ABIGRAM=01h-01FFFh -ARAM=060h-0FFh,0100h-01FFhx31 \
  -ABANK0=060h-0FFh -ABANK1=0100h-01FFh -ABANK2=0200h-02FFh \
  -ABANK3=0300h-03FFh -ABANK4=0400h-04FFh -ABANK5=0500h-05FFh \
  -ABANK6=0600h-06FFh -ABANK7=0700h-07FFh -ABANK8=0800h-08FFh \
  -ABANK9=0900h-09FFh -ABANK10=0A00h-0AFFh -ABANK11=0B00h-0BFFh \
  -ABANK12=0C00h-0CFFh -ABANK13=0D00h-0DFFh -ABANK14=0E00h-0EFFh \
  -ABANK15=0F00h-0FFFh -ABANK16=01000h-010FFh -ABANK17=01100h-011FFh \
  -ABANK18=01200h-012FFh -ABANK19=01300h-013FFh -ABANK20=01400h-014FFh \
  -ABANK21=01500h-015FFh -ABANK22=01600h-016FFh -ABANK23=01700h-017FFh \
  -ABANK24=01800h-018FFh -ABANK25=01900h-019FFh -ABANK26=01A00h-01AFFh \
  -ABANK27=01B00h-01BFFh -ABANK28=01C00h-01CFFh -ABANK29=01D00h-01DFFh \
  -ABANK30=01E00h-01EFFh -ABANK31=01F00h-01FFFh \
  -ASFR=03800h-038FFhx7,03F00h-03F5Fh,03F60h-03FFFh -preset_vec=00h \
  -ppowerup=CODE,init -pramtop=02000h -psmallconst=SMALLCONST \
  -pmediumconst=MEDIUMCONST -pconst=CONST -AFARRAM=00h-00h \
  -ACONFIG=0300000h-0300009h -pconfig=CONFIG -AIDLOC=0200000h-020000Fh \
  -pidloc=IDLOC -AEEDATA=0310000h-03103FFh -peeprom_data=EEDATA \
  -prdata=COMRAM,nvrram=COMRAM,nvbit=COMRAM,rbss=COMRAM,rbit=COMRAM \
  -pfarbss=FARRAM,fardata=FARRAM,nvFARRAM=FARRAM \
  -pintsave_regs=BIGRAM,bigbss=BIGRAM,bigdata=BIGRAM -pbss=RAM \
  -pidata=CODE,irdata=CODE,ibigdata=CODE,ifardata=CODE -prparam=COMRAM \
  /tmp/xcXXtyDcB.o dist/default/production/touch_v2.X.production.o 

Object code version is 3.11

Machine type is 18F57K42

Call graph: (short form)




                Name                               Link     Load   Length Selector   Space Scale
/tmp/xcXXtyDcB.o
                stack                               921      921     16DF      921       2
                init                                 AE       AE        8        4       0
                reset_vec                             0        0        4        0       0
                idloc                            200000   200000       10   200000       0
                config                           300000   300000        A   300000       0
dist/default/production/touch_v2.X.production.o
                temp                                  1        1       20        1       1
                mediumconst                        FC4E     FC4E      3B2     7E27       0
                ivt0x8                                8        8       A6        4       0
                text169                           1AC14    1AC14        A     6B05       0
                text168                           1AC08    1AC08        A     6B02       0
                text167                           1ABFC    1ABFC        A     6AFF       0
                text166                           1ABD8    1ABD8        E     6AF6       0
                text165                           19EE0    19EE0       4E     6764       0
                text164                           1A978    1A978       24     6A0A       0
                text163                           1AAC8    1AAC8       1A     6AB2       0
                text162                           1AA56    1AA56       1E     6A0A       0
                text161                           1A878    1A878       28     6A0A       0
                text160                           1A5A0    1A5A0       2C     695D       0
                text159                           1A850    1A850       28     6A0A       0
                text158                           1AA90    1AA90       1C     6A0A       0
                text157                           1A828    1A828       28     6A0A       0
                text156                           19A84    19A84       6A     66A1       0
                text155                           1AC6E    1AC6E        2     6B18       0
                text154                           1AC6C    1AC6C        2     6B18       0
                text153                           19930    19930       7E     C6C0       0
                text152                           1A574    1A574       2C     695D       0
                text151                           1AC60    1AC60        6     6B18       0
                text150                           1AC6A    1AC6A        2     6B18       0
                text149                           1A954    1A954       24     6A0A       0
                text148                           1ABC8    1ABC8        E     6AF2       0
                text147                           1ABF0    1ABF0        A     6AF6       0
                text146                           19E8E    19E8E       52     6764       0
                text145                           13BF0    13BF0      686     8000       0
                text144                           1AC68    1AC68        2     6B18       0
                text143                           1A930    1A930       24     6A0A       0
                text142                           1A264    1A264       40     6764       0
                text141                           17EC4    17EC4      162     5FB1       0
                text140                           1A424    1A424       34     6764       0
                text139                           1A90C    1A90C       24     6A0A       0
                text138                           1A224    1A224       40     6764       0
                text137                           19D90    19D90       5A     6764       0
                text136                           182B4    182B4      13C     5FB1       0
                text135                           1AC66    1AC66        2     6B18       0
                text134                           1A8E8    1A8E8       24     6A0A       0
                text133                           1A2A4    1A2A4       3E     6764       0
                text132                           1A7FE    1A7FE       28     695D       0
                text131                           1A7D6    1A7D6       28     695D       0
                text130                           19A18    19A18       6A     C6C0       0
                text129                           1ABE6    1ABE6        A     6AF6       0
                text128                           199AE    199AE       6A     C6C0       0
                text127                           19D34    19D34       5A     66A1       0
                text126                           1A7AE    1A7AE       28     695D       0
                text125                           1A786    1A786       28     695D       0
                text124                           1A3F0    1A3F0       34     6764       0
                text123                           1AC3E    1AC3E        8     6B05       0
                text122                           19AEE    19AEE       66     66A1       0
                text121                           1AB3E    1AB3E       16     6AB2       0
                text120                           1967E    1967E       92     C6C0       0
                text119                           1AB54    1AB54       14     6AB2       0
                text118                           1AB28    1AB28       16     6AB2       0
                text117                           1AB12    1AB12       16     6AB2       0
                text116                           1AAFA    1AAFA       18     6AB2       0
                text115                           1A75E    1A75E       28     695D       0
                text114                           1A0D8    1A0D8       46     6764       0
                text113                           1A736    1A736       28     695D       0
                text112                           1A092    1A092       46     6764       0
                text111                           1A70E    1A70E       28     695D       0
                text110                           1A5CC    1A5CC       2A     695D       0
                text109                           1A6E6    1A6E6       28     695D       0
                text108                           1A04C    1A04C       46     6764       0
                text107                           1A6BE    1A6BE       28     695D       0
                text106                           1A696    1A696       28     695D       0
                text105                           19C7C    19C7C       5E     66A1       0
                text104                           19F2E    19F2E       4A     6764       0
                text103                           12C0A    12C0A      82A     8000       0
                text102                           13434    13434      7BC     8000       0
                text101                           1A006    1A006       46     6764       0
                text100                           17438    17438      1BC     8000       0
                text99                            1A99C    1A99C       22     6A0A       0
                text98                            1AC58    1AC58        6     6B05       0
                text97                            154D6    154D6      3A2     8000       0
                text96                            17D60    17D60      162     8000       0
                text95                            14276    14276      57A     8000       0
                text94                            17034    17034      204     8000       0
                text93                            1AA38    1AA38       1E     6A0A       0
                text92                            19C1A    19C1A       62     66A1       0
                text91                            147F0    147F0      4AC     8000       0
                text90                            19176    19176       AE     C6C0       0
                text89                            1790A    1790A      174     8000       0
                text88                            1AC36    1AC36        8     6B05       0
                text87                            1A1E4    1A1E4       40     6764       0
                text86                            1AC2E    1AC2E        8     6B05       0
                text85                            1AC26    1AC26        8     6B05       0
                text84                            1A1A4    1A1A4       40     6764       0
                text83                            1A66E    1A66E       28     695D       0
                text82                            1A2E2    1A2E2       38     6764       0
                text81                            1A162    1A162       42     6764       0
                text80                            1ABB8    1ABB8        E     6AB2       0
                text79                            1AAE2    1AAE2       18     6AB2       0
                text78                            1AA1A    1AA1A       1E     6A0A       0
                text77                            1AB9A    1AB9A       10     6AB2       0
                text76                            1A9FC    1A9FC       1E     6A0A       0
                text75                            1A4E8    1A4E8       30     6764       0
                text74                            19E3C    19E3C       52     6764       0
                text73                            1674E    1674E      274     8000       0
                text72                            192D0    192D0       AA     C6C0       0
                text71                            1AAAC    1AAAC       1A     6A0A       0
                text70                            1851E    1851E      124     5FB1       0
                text69                            194C2    194C2       98     C6C0       0
                text68                            19420    19420       A2     C6C0       0
                text67                            1875A    1875A      114     5FB1       0
                text66                            197A0    197A0       88     C6C0       0
                text65                            164CE    164CE      280     8000       0
                text64                            169C2    169C2      240     8000       0
                text63                            19FC0    19FC0       46     6764       0
                text62                            14C9C    14C9C      480     8000       0
                text61                            18026    18026      14E     5FB1       0
                text60                            18642    18642      118     5FB1       0
                text59                            18F3E    18F3E       C4     C6C0       0
                text58                            19F78    19F78       48     6764       0
                text57                            17A7E    17A7E      172     8000       0
                text56                            175F4    175F4      196     8000       0
                text55                            15878    15878      36C     8000       0
                text54                            18E6A    18E6A       D4     C6C0       0
                text53                            1A4B8    1A4B8       30     6764       0
                text52                            198AC    198AC       84     C6C0       0
                text51                            10000    10000     1244     8000       0
                text50                            16210    16210      2BE     8000       0
                text49                            16C02    16C02      220     8000       0
                text48                            1778A    1778A      180     8000       0
                text47                            18174    18174      140     5FB1       0
                text46                            15BE4    15BE4      340     8000       0
                text45                            1A11E    1A11E       44     6764       0
                text44                            1A488    1A488       30     6764       0
                text43                            19828    19828       84     C6C0       0
                text42                            1511C    1511C      3BA     8000       0
                text41                            11244    11244      FAC     8000       0
                text40                            19224    19224       AC     C6C0       0
                text39                            19BB8    19BB8       62     66A1       0
                text38                            15F24    15F24      2EC     8000       0
                text37                            195EC    195EC       92     C6C0       0
                text36                            1AC52    1AC52        6     6B05       0
                text35                            1AC4C    1AC4C        6     6B05       0
                text34                            1937A    1937A       A6     C6C0       0
                text33                            19CDA    19CDA       5A     66A1       0
                text32                            1AA74    1AA74       1C     6A0A       0
                text31                            19DEA    19DEA       52     6764       0
                text30                            1A386    1A386       36     6764       0
                text29                            1886E    1886E      110     5FB1       0
                text28                            1A350    1A350       36     6764       0
                text27                            1A518    1A518       2E     6764       0
                text26                            1897E    1897E      10A     5FB1       0
                text25                            183F0    183F0      12E     5FB1       0
                text24                            16E22    16E22      212     8000       0
                text23                            1AC46    1AC46        6     6B05       0
                text22                            1A8C4    1A8C4       24     6A0A       0
                text21                            190BE    190BE       B8     C6C0       0
                text20                            1ABAA    1ABAA        E     6AB2       0
                text19                            1A546    1A546       2C     6764       0
                text18                            19710    19710       90     C6C0       0
                text17                            18B8A    18B8A      102     5FB1       0
                text16                            1955A    1955A       92     C6C0       0
                text15                            17BF0    17BF0      170     8000       0
                text14                            1A646    1A646       28     695D       0
                text13                            1A9DE    1A9DE       1E     6A0A       0
                text12                            1A61E    1A61E       28     695D       0
                text11                            1A5F6    1A5F6       28     695D       0
                text10                            18D80    18D80       EA     C6C0       0
                text9                             1A458    1A458       30     6764       0
                text8                             1AB8A    1AB8A       10     6AB2       0
                text7                             1AB7A    1AB7A       10     6AB2       0
                text6                             1A3BC    1A3BC       34     6764       0
                text5                             1AC1E    1AC1E        8     6B05       0
                text4                             1AB68    1AB68       12     6AB2       0
                text3                             19B54    19B54       64     66A1       0
                text2                             1A9BE    1A9BE       20     6A0A       0
                text1                             1A8A0    1A8A0       24     6A0A       0
                text0                             121F0    121F0      A1A     8000       0
                cstackCOMRAM                         38       38        E        1       1
                cstackBANK3                         3E4      3E4       19      300       1
                dataBIGRAM                          5FF      5FF      200      5FF       1
                bssBIGRAM                           7FF      7FF      122      5FF       1
                bssBANK5                            500      500       FF      500       1
                bssBANK4                            400      400       86      400       1
                bssBANK3                            300      300       E4      300       1
                dataBANK2                           200      200       BC      200       1
                bssBANK2                            2BC      2BC       41      200       1
                dataBANK1                           100      100       F3      100       1
                dataBANK0                            C6       C6       36       60       1
                bssBANK0                             60       60       66       60       1
                bssCOMRAM                            21       21       17        1       1
                cinit                             18A88    18A88      102     5FB1       0
                idataBANK2                        19002    19002       BC     C6C0       0
                idataBANK1                        18C8C    18C8C       F3     5FB1       0
                idataBANK0                        1A31A    1A31A       36     6764       0
                idataBIGRAM                       17238    17238      200     8000       0

TOTAL           Name                               Link     Load   Length     Space
        CLASS   STACK          
                stack                               921      921     16DF         2

        CLASS   CODE           
                init                                 AE       AE        8         0
                reset_vec                             0        0        4         0
                ivt0x8                                8        8       A6         0
                text169                           1AC14    1AC14        A         0
                text168                           1AC08    1AC08        A         0
                text167                           1ABFC    1ABFC        A         0
                text166                           1ABD8    1ABD8        E         0
                text165                           19EE0    19EE0       4E         0
                text164                           1A978    1A978       24         0
                text163                           1AAC8    1AAC8       1A         0
                text162                           1AA56    1AA56       1E         0
                text161                           1A878    1A878       28         0
                text160                           1A5A0    1A5A0       2C         0
                text159                           1A850    1A850       28         0
                text158                           1AA90    1AA90       1C         0
                text157                           1A828    1A828       28         0
                text156                           19A84    19A84       6A         0
                text155                           1AC6E    1AC6E        2         0
                text154                           1AC6C    1AC6C        2         0
                text153                           19930    19930       7E         0
                text152                           1A574    1A574       2C         0
                text151                           1AC60    1AC60        6         0
                text150                           1AC6A    1AC6A        2         0
                text149                           1A954    1A954       24         0
                text148                           1ABC8    1ABC8        E         0
                text147                           1ABF0    1ABF0        A         0
                text146                           19E8E    19E8E       52         0
                text145                           13BF0    13BF0      686         0
                text144                           1AC68    1AC68        2         0
                text143                           1A930    1A930       24         0
                text142                           1A264    1A264       40         0
                text141                           17EC4    17EC4      162         0
                text140                           1A424    1A424       34         0
                text139                           1A90C    1A90C       24         0
                text138                           1A224    1A224       40         0
                text137                           19D90    19D90       5A         0
                text136                           182B4    182B4      13C         0
                text135                           1AC66    1AC66        2         0
                text134                           1A8E8    1A8E8       24         0
                text133                           1A2A4    1A2A4       3E         0
                text132                           1A7FE    1A7FE       28         0
                text131                           1A7D6    1A7D6       28         0
                text130                           19A18    19A18       6A         0
                text129                           1ABE6    1ABE6        A         0
                text128                           199AE    199AE       6A         0
                text127                           19D34    19D34       5A         0
                text126                           1A7AE    1A7AE       28         0
                text125                           1A786    1A786       28         0
                text124                           1A3F0    1A3F0       34         0
                text123                           1AC3E    1AC3E        8         0
                text122                           19AEE    19AEE       66         0
                text121                           1AB3E    1AB3E       16         0
                text120                           1967E    1967E       92         0
                text119                           1AB54    1AB54       14         0
                text118                           1AB28    1AB28       16         0
                text117                           1AB12    1AB12       16         0
                text116                           1AAFA    1AAFA       18         0
                text115                           1A75E    1A75E       28         0
                text114                           1A0D8    1A0D8       46         0
                text113                           1A736    1A736       28         0
                text112                           1A092    1A092       46         0
                text111                           1A70E    1A70E       28         0
                text110                           1A5CC    1A5CC       2A         0
                text109                           1A6E6    1A6E6       28         0
                text108                           1A04C    1A04C       46         0
                text107                           1A6BE    1A6BE       28         0
                text106                           1A696    1A696       28         0
                text105                           19C7C    19C7C       5E         0
                text104                           19F2E    19F2E       4A         0
                text103                           12C0A    12C0A      82A         0
                text102                           13434    13434      7BC         0
                text101                           1A006    1A006       46         0
                text100                           17438    17438      1BC         0
                text99                            1A99C    1A99C       22         0
                text98                            1AC58    1AC58        6         0
                text97                            154D6    154D6      3A2         0
                text96                            17D60    17D60      162         0
                text95                            14276    14276      57A         0
                text94                            17034    17034      204         0
                text93                            1AA38    1AA38       1E         0
                text92                            19C1A    19C1A       62         0
                text91                            147F0    147F0      4AC         0
                text90                            19176    19176       AE         0
                text89                            1790A    1790A      174         0
                text88                            1AC36    1AC36        8         0
                text87                            1A1E4    1A1E4       40         0
                text86                            1AC2E    1AC2E        8         0
                text85                            1AC26    1AC26        8         0
                text84                            1A1A4    1A1A4       40         0
                text83                            1A66E    1A66E       28         0
                text82                            1A2E2    1A2E2       38         0
                text81                            1A162    1A162       42         0
                text80                            1ABB8    1ABB8        E         0
                text79                            1AAE2    1AAE2       18         0
                text78                            1AA1A    1AA1A       1E         0
                text77                            1AB9A    1AB9A       10         0
                text76                            1A9FC    1A9FC       1E         0
                text75                            1A4E8    1A4E8       30         0
                text74                            19E3C    19E3C       52         0
                text73                            1674E    1674E      274         0
                text72                            192D0    192D0       AA         0
                text71                            1AAAC    1AAAC       1A         0
                text70                            1851E    1851E      124         0
                text69                            194C2    194C2       98         0
                text68                            19420    19420       A2         0
                text67                            1875A    1875A      114         0
                text66                            197A0    197A0       88         0
                text65                            164CE    164CE      280         0
                text64                            169C2    169C2      240         0
                text63                            19FC0    19FC0       46         0
                text62                            14C9C    14C9C      480         0
                text61                            18026    18026      14E         0
                text60                            18642    18642      118         0
                text59                            18F3E    18F3E       C4         0
                text58                            19F78    19F78       48         0
                text57                            17A7E    17A7E      172         0
                text56                            175F4    175F4      196         0
                text55                            15878    15878      36C         0
                text54                            18E6A    18E6A       D4         0
                text53                            1A4B8    1A4B8       30         0
                text52                            198AC    198AC       84         0
                text51                            10000    10000     1244         0
                text50                            16210    16210      2BE         0
                text49                            16C02    16C02      220         0
                text48                            1778A    1778A      180         0
                text47                            18174    18174      140         0
                text46                            15BE4    15BE4      340         0
                text45                            1A11E    1A11E       44         0
                text44                            1A488    1A488       30         0
                text43                            19828    19828       84         0
                text42                            1511C    1511C      3BA         0
                text41                            11244    11244      FAC         0
                text40                            19224    19224       AC         0
                text39                            19BB8    19BB8       62         0
                text38                            15F24    15F24      2EC         0
                text37                            195EC    195EC       92         0
                text36                            1AC52    1AC52        6         0
                text35                            1AC4C    1AC4C        6         0
                text34                            1937A    1937A       A6         0
                text33                            19CDA    19CDA       5A         0
                text32                            1AA74    1AA74       1C         0
                text31                            19DEA    19DEA       52         0
                text30                            1A386    1A386       36         0
                text29                            1886E    1886E      110         0
                text28                            1A350    1A350       36         0
                text27                            1A518    1A518       2E         0
                text26                            1897E    1897E      10A         0
                text25                            183F0    183F0      12E         0
                text24                            16E22    16E22      212         0
                text23                            1AC46    1AC46        6         0
                text22                            1A8C4    1A8C4       24         0
                text21                            190BE    190BE       B8         0
                text20                            1ABAA    1ABAA        E         0
                text19                            1A546    1A546       2C         0
                text18                            19710    19710       90         0
                text17                            18B8A    18B8A      102         0
                text16                            1955A    1955A       92         0
                text15                            17BF0    17BF0      170         0
                text14                            1A646    1A646       28         0
                text13                            1A9DE    1A9DE       1E         0
                text12                            1A61E    1A61E       28         0
                text11                            1A5F6    1A5F6       28         0
                text10                            18D80    18D80       EA         0
                text9                             1A458    1A458       30         0
                text8                             1AB8A    1AB8A       10         0
                text7                             1AB7A    1AB7A       10         0
                text6                             1A3BC    1A3BC       34         0
                text5                             1AC1E    1AC1E        8         0
                text4                             1AB68    1AB68       12         0
                text3                             19B54    19B54       64         0
                text2                             1A9BE    1A9BE       20         0
                text1                             1A8A0    1A8A0       24         0
                text0                             121F0    121F0      A1A         0
                cinit                             18A88    18A88      102         0
                idataBANK2                        19002    19002       BC         0
                idataBANK1                        18C8C    18C8C       F3         0
                idataBANK0                        1A31A    1A31A       36         0
                idataBIGRAM                       17238    17238      200         0

        CLASS   CONST          

        CLASS   SMALLCONST     

        CLASS   MEDIUMCONST    
                mediumconst                        FC4E     FC4E      3B2         0

        CLASS   COMRAM         
                temp                                  1        1       20         1
                cstackCOMRAM                         38       38        E         1
                bssCOMRAM                            21       21       17         1

        CLASS   ABS1           

        CLASS   BIGRAM         
                dataBIGRAM                          5FF      5FF      200         1
                bssBIGRAM                           7FF      7FF      122         1

        CLASS   RAM            

        CLASS   BANK0          
                dataBANK0                            C6       C6       36         1
                bssBANK0                             60       60       66         1

        CLASS   BANK1          
                dataBANK1                           100      100       F3         1

        CLASS   BANK2          
                dataBANK2                           200      200       BC         1
                bssBANK2                            2BC      2BC       41         1

        CLASS   BANK3          
                cstackBANK3                         3E4      3E4       19         1
                bssBANK3                            300      300       E4         1

        CLASS   BANK4          
                bssBANK4                            400      400       86         1

        CLASS   BANK5          
                bssBANK5                            500      500       FF         1

        CLASS   BANK6          

        CLASS   BANK7          

        CLASS   BANK8          

        CLASS   BANK9          

        CLASS   BANK10         

        CLASS   BANK11         

        CLASS   BANK12         

        CLASS   BANK13         

        CLASS   BANK14         

        CLASS   BANK15         

        CLASS   BANK16         

        CLASS   BANK17         

        CLASS   BANK18         

        CLASS   BANK19         

        CLASS   BANK20         

        CLASS   BANK21         

        CLASS   BANK22         

        CLASS   BANK23         

        CLASS   BANK24         

        CLASS   BANK25         

        CLASS   BANK26         

        CLASS   BANK27         

        CLASS   BANK28         

        CLASS   BANK29         

        CLASS   BANK30         

        CLASS   BANK31         

        CLASS   SFR            

        CLASS   FARRAM         

        CLASS   CONFIG         
                config                           300000   300000        A         0

        CLASS   IDLOC          
                idloc                            200000   200000       10         0

        CLASS   EEDATA         



SEGMENTS        Name                           Load    Length   Top    Selector   Space  Class

                reset_vec                      000000  000004  000004         0       0  CODE    
                temp                           000001  000045  000046         1       1  COMRAM  
                ivt0x8                         000008  0000AE  0000B6         4       0  CODE    
                bssBANK0                       000060  00009C  0000FC        60       1  BANK0   
                dataBANK1                      000100  0000F3  0001F3       100       1  BANK1   
                dataBANK2                      000200  0000FD  0002FD       200       1  BANK2   
                bssBANK3                       000300  0000FD  0003FD       300       1  BANK3   
                bssBANK4                       000400  000086  000486       400       1  BANK4   
                bssBANK5                       000500  0000FF  0005FF       500       1  BANK5   
                dataBIGRAM                     0005FF  000322  000921       5FF       1  BIGRAM  
                stack                          000921  0016DF  002000       921       2  STACK   
                mediumconst                    00FC4E  0003B2  010000      7E27       0  MEDIUMCO
                text51                         010000  007EC2  017EC2      8000       0  CODE    
                text141                        017EC4  000EBB  018D7F      5FB1       0  CODE    
                text10                         018D80  000D02  019A82      C6C0       0  CODE    
                text156                        019A84  00030A  019D8E      66A1       0  CODE    
                text137                        019D90  0007E2  01A572      6764       0  CODE    
                text152                        01A574  0002B2  01A826      695D       0  CODE    
                text157                        01A828  00029E  01AAC6      6A0A       0  CODE    
                text163                        01AAC8  0000FE  01ABC6      6AB2       0  CODE    
                text148                        01ABC8  00000E  01ABD6      6AF2       0  CODE    
                text166                        01ABD8  000022  01ABFA      6AF6       0  CODE    
                text167                        01ABFC  00000A  01AC06      6AFF       0  CODE    
                text168                        01AC08  00000A  01AC12      6B02       0  CODE    
                text169                        01AC14  00004A  01AC5E      6B05       0  CODE    
                text151                        01AC60  000010  01AC70      6B18       0  CODE    
                idloc                          200000  000010  200010    200000       0  IDLOC   
                config                         300000  00000A  30000A    300000       0  CONFIG  


UNUSED ADDRESS RANGES

        Name                Unused          Largest block    Delta
        BANK0            0000FC-0000FF                4
        BANK1            0001F3-0001FF                D
        BANK10           000A00-000AFF              100
        BANK11           000B00-000BFF              100
        BANK12           000C00-000CFF              100
        BANK13           000D00-000DFF              100
        BANK14           000E00-000EFF              100
        BANK15           000F00-000FFF              100
        BANK16           001000-0010FF              100
        BANK17           001100-0011FF              100
        BANK18           001200-0012FF              100
        BANK19           001300-0013FF              100
        BANK2            0002FD-0002FF                3
        BANK20           001400-0014FF              100
        BANK21           001500-0015FF              100
        BANK22           001600-0016FF              100
        BANK23           001700-0017FF              100
        BANK24           001800-0018FF              100
        BANK25           001900-0019FF              100
        BANK26           001A00-001AFF              100
        BANK27           001B00-001BFF              100
        BANK28           001C00-001CFF              100
        BANK29           001D00-001DFF              100
        BANK3            0003FD-0003FF                3
        BANK30           001E00-001EFF              100
        BANK31           001F00-001FFF              100
        BANK4            000486-0004FF               7A
        BANK9            000921-0009FF               DF
        BIGRAM           000046-00005F               1A
                         0000FC-0000FF                4
                         0001F3-0001FF                D
                         0002FD-0002FF                3
                         0003FD-0003FF                3
                         000486-0004FF               7A
                         000921-001FFF             16DF
        CODE             000004-000007                4
                         0000B6-00FC4D             FB98
                         017EC2-017EC3                2
                         018D7F-018D7F                1
                         019A82-019A83                2
                         019D8E-019D8F                2
                         01A572-01A573                2
                         01A826-01A827                2
                         01AAC6-01AAC7                2
                         01ABC6-01ABC7                2
                         01ABD6-01ABD7                2
                         01ABFA-01ABFB                2
                         01AC06-01AC07                2
                         01AC12-01AC13                2
                         01AC5E-01AC5F                2
                         01AC70-01FFFF             5390
        COMRAM           000046-00005F               1A
        CONST            000004-000007                4
                         0000B6-00FC4D             FB98
                         017EC2-017EC3                2
                         018D7F-018D7F                1
                         019A82-019A83                2
                         019D8E-019D8F                2
                         01A572-01A573                2
                         01A826-01A827                2
                         01AAC6-01AAC7                2
                         01ABC6-01ABC7                2
                         01ABD6-01ABD7                2
                         01ABFA-01ABFB                2
                         01AC06-01AC07                2
                         01AC12-01AC13                2
                         01AC5E-01AC5F                2
                         01AC70-01FFFF             5390
        EEDATA           310000-3103FF              400
        MEDIUMCONST      002000-00FC4D             DC4E
                         017EC2-017EC3                2
                         018D7F-018D7F                1
                         019A82-019A83                2
                         019D8E-019D8F                2
                         01A572-01A573                2
                         01A826-01A827                2
                         01AAC6-01AAC7                2
                         01ABC6-01ABC7                2
                         01ABD6-01ABD7                2
                         01ABFA-01ABFB                2
                         01AC06-01AC07                2
                         01AC12-01AC13                2
                         01AC5E-01AC5F                2
                         01AC70-01FFFF             5390
        RAM              0000FC-0000FF                4
                         0001F3-0001FF                D
                         0002FD-0002FF                3
                         0003FD-0003FF                3
                         000486-0004FF               7A
                         000921-001FFF              100
        SFR              003800-003FFF              100
        SMALLCONST       002000-00FC4D              100
                         017EC2-017EC3                2
                         018D7F-018D7F                1
                         019A82-019A83                2
                         019D8E-019D8F                2
                         01A572-01A573                2
                         01A826-01A827                2
                         01AAC6-01AAC7                2
                         01ABC6-01ABC7                2
                         01ABD6-01ABD7                2
                         01ABFA-01ABFB                2
                         01AC06-01AC07                2
                         01AC12-01AC13                2
                         01AC5E-01AC5F                2
                         01AC70-01FFFF              100

                                  Symbol Table

IVTBASEH                                (abs)        003FD6
IVTBASEL                                (abs)        003FD5
IVTBASEU                                (abs)        003FD7
TMR3_ISR@CountCallBack                  bssBANK0     0000BC
TMR5_ISR@CountCallBack                  bssCOMRAM    000029
Volts_to_SOC@slot                       bssCOMRAM    00002D
_ADACCU                                 (abs)        003EEA
_ADACQH                                 (abs)        003EF4
_ADACQL                                 (abs)        003EF3
_ADACT                                  (abs)        003EFE
_ADCAP                                  (abs)        003EF5
_ADCC_ADI_InterruptHandler              bssBANK0     0000A8
_ADCC_ADTI_InterruptHandler             bssBANK0     0000A5
_ADCC_DefaultInterruptHandler           text154      01AC6C
_ADCC_DischargeSampleCapacitor          text5        01AC1E
_ADCC_ISR                               text152      01A574
_ADCC_Initialize                        text130      019A18
_ADCC_SetADIInterruptHandler            text132      01A7FE
_ADCC_SetADTIInterruptHandler           text131      01A7D6
_ADCC_StartConversion                   text4        01AB68
_ADCC_ThresholdISR                      text156      019A84
_ADCLK                                  (abs)        003EFF
_ADCON0                                 (abs)        003EF8
_ADCON0bits                             (abs)        003EF8
_ADCON1                                 (abs)        003EF9
_ADCON2                                 (abs)        003EFA
_ADCON3                                 (abs)        003EFB
_ADFLTRH                                (abs)        003EE7
_ADFLTRL                                (abs)        003EE6
_ADLTHH                                 (abs)        003EDF
_ADLTHL                                 (abs)        003EDE
_ADPCH                                  (abs)        003EF1
_ADPREH                                 (abs)        003EF7
_ADPREL                                 (abs)        003EF6
_ADREF                                  (abs)        003EFD
_ADRPT                                  (abs)        003EEC
_ADSTAT                                 (abs)        003EFC
_ADSTPTH                                (abs)        003EE5
_ADSTPTL                                (abs)        003EE4
_ADUTHH                                 (abs)        003EE1
_ADUTHL                                 (abs)        003EE0
_ANSELA                                 (abs)        003A40
_ANSELB                                 (abs)        003A50
_ANSELC                                 (abs)        003A60
_ANSELD                                 (abs)        003A70
_ANSELE                                 (abs)        003A80
_ANSELF                                 (abs)        003A90
_BVSOC_TABLE                            mediumconst  00FC4F
_C                                      dataBANK1    000100
_CCPTMRS1bits                           (abs)        003F5F
_CLKRCLK                                (abs)        003CE6
_CLKRCON                                (abs)        003CE5
_CLKREF_Initialize                      text129      01ABE6
_D                                      bssBIGRAM    0007FF
_DMA1AIRQ                               (abs)        003BFE
_DMA1CON0                               (abs)        003BFC
_DMA1CON0bits                           (abs)        003BFC
_DMA1CON1                               (abs)        003BFD
_DMA1CON1bits                           (abs)        003BFD
_DMA1DSA                                (abs)        003BF0
_DMA1DSZ                                (abs)        003BEE
_DMA1PR                                 (abs)        0039F3
_DMA1SIRQ                               (abs)        003BFF
_DMA1SSA                                (abs)        003BF9
_DMA1SSZ                                (abs)        003BF7
_DMA1_DMAA_ISR                          text168      01AC08
_DMA1_DMADCNT_ISR                       text167      01ABFC
_DMA1_DMAOR_ISR                         text169      01AC14
_DMA1_DMASCNT_ISR                       text166      01ABD8
_DMA1_Initialize                        text128      0199AE
_DMA2AIRQ                               (abs)        003BDE
_DMA2CON0                               (abs)        003BDC
_DMA2CON0bits                           (abs)        003BDC
_DMA2CON1                               (abs)        003BDD
_DMA2CON1bits                           (abs)        003BDD
_DMA2DSA                                (abs)        003BD0
_DMA2DSZ                                (abs)        003BCE
_DMA2PR                                 (abs)        0039F4
_DMA2SIRQ                               (abs)        003BDF
_DMA2SSA                                (abs)        003BD9
_DMA2SSZ                                (abs)        003BD7
_DMA2_Initialize                        text127      019D34
_Default_ISR                            text151      01AC60
_EXT_INT_Initialize                     text124      01A3F0
_FVRCON                                 (abs)        003EC1
_FVR_Initialize                         text123      01AC3E
_GIE                                    (abs)        01FE97
_H                                      dataBANK0    0000F5
_INT0PPS                                (abs)        003AC0
_INT0_CallBack                          text149      01A954
_INT0_DefaultInterruptHandler           text150      01AC6A
_INT0_ISR                               text148      01ABC8
_INT0_InterruptHandler                  bssBANK0     0000B7
_INT0_SetInterruptHandler               text126      01A7AE
_INT1PPS                                (abs)        003AC1
_INT1_CallBack                          text134      01A8E8
_INT1_DefaultInterruptHandler           text135      01AC66
_INT1_ISR                               text133      01A2A4
_INT1_InterruptHandler                  bssBANK0     0000B4
_INT1_SetInterruptHandler               text125      01A786
_INTCON0bits                            (abs)        003FD2
_INTERRUPT_Initialize                   text122      019AEE
_IPR1bits                               (abs)        003981
_IPR2bits                               (abs)        003982
_IPR3bits                               (abs)        003983
_IPR5bits                               (abs)        003985
_IPR6bits                               (abs)        003986
_IPR8bits                               (abs)        003988
_IPR9bits                               (abs)        003989
_ISRPR                                  (abs)        0039F1
_IVTADH                                 (abs)        00389E
_IVTADL                                 (abs)        00389D
_IVTADU                                 (abs)        00389F
_IVTLOCK                                (abs)        003FD4
_IVTLOCKbits                            (abs)        003FD4
_LATA                                   (abs)        003FBA
_LATB                                   (abs)        003FBB
_LATC                                   (abs)        003FBC
_LATCbits                               (abs)        003FBC
_LATD                                   (abs)        003FBD
_LATDbits                               (abs)        003FBD
_LATE                                   (abs)        003FBE
_LATEbits                               (abs)        003FBE
_LATF                                   (abs)        003FBF
_MAINPR                                 (abs)        0039F2
_ODCONA                                 (abs)        003A42
_ODCONB                                 (abs)        003A52
_ODCONC                                 (abs)        003A62
_ODCOND                                 (abs)        003A72
_ODCONE                                 (abs)        003A82
_ODCONF                                 (abs)        003A92
_OSCCON1                                (abs)        0039D9
_OSCCON3                                (abs)        0039DB
_OSCEN                                  (abs)        0039DD
_OSCFRQ                                 (abs)        0039DF
_OSCILLATOR_Initialize                  text121      01AB3E
_OSCTUNE                                (abs)        0039DE
_P                                      bssBANK0     000098
_PIE1bits                               (abs)        003991
_PIE2bits                               (abs)        003992
_PIE3bits                               (abs)        003993
_PIE5bits                               (abs)        003995
_PIE6bits                               (abs)        003996
_PIE8bits                               (abs)        003998
_PIE9bits                               (abs)        003999
_PIN_MANAGER_Initialize                 text120      01967E
_PIR1bits                               (abs)        0039A1
_PIR2bits                               (abs)        0039A2
_PIR4bits                               (abs)        0039A4
_PIR5bits                               (abs)        0039A5
_PIR6bits                               (abs)        0039A6
_PIR8bits                               (abs)        0039A8
_PIR9bits                               (abs)        0039A9
_PLLR                                   (abs)        01CEE0
_PMD0                                   (abs)        0039C0
_PMD1                                   (abs)        0039C1
_PMD2                                   (abs)        0039C2
_PMD3                                   (abs)        0039C3
_PMD4                                   (abs)        0039C4
_PMD5                                   (abs)        0039C5
_PMD6                                   (abs)        0039C6
_PMD7                                   (abs)        0039C7
_PMD_Initialize                         text119      01AB54
_PORTBbits                              (abs)        003FCB
_PORTFbits                              (abs)        003FCF
_PWM8CON                                (abs)        003F62
_PWM8DCH                                (abs)        003F61
_PWM8DCL                                (abs)        003F60
_PWM8_Initialize                        text118      01AB28
_PWM8_LoadDutyValue                     text81       01A162
_R                                      dataBANK0    0000C6
_RB6PPS                                 (abs)        003A0E
_RC3PPS                                 (abs)        003A13
_RC5PPS                                 (abs)        003A15
_RC6PPS                                 (abs)        003A16
_RD1PPS                                 (abs)        003A19
_S                                      bssBANK2     0002BC
_SCANPR                                 (abs)        0039F7
_SLRCONA                                (abs)        003A43
_SLRCONB                                (abs)        003A53
_SLRCONC                                (abs)        003A63
_SLRCOND                                (abs)        003A73
_SLRCONE                                (abs)        003A83
_SLRCONF                                (abs)        003A93
_SPI1BAUD                               (abs)        003D19
_SPI1CLK                                (abs)        003D1C
_SPI1CON0                               (abs)        003D14
_SPI1CON1                               (abs)        003D15
_SPI1CON2                               (abs)        003D16
_SPI1INTFbits                           (abs)        003D1A
_SPI1RXB                                (abs)        003D10
_SPI1SCKPPS                             (abs)        003ADE
_SPI1SDIPPS                             (abs)        003ADF
_SPI1TCNTL                              (abs)        003D12
_SPI1TXB                                (abs)        003D11
_SPI1_Exchange8bit                      text13       01A9DE
_SPI1_Initialize                        text117      01AB12
_SYSTEM_Initialize                      text104      019F2E
_StartTimer                             text84       01A1A4
_T                                      mediumconst  00FD1F
_T2CLKCON                               (abs)        003FAE
_T2CON                                  (abs)        003FAC
_T2HLT                                  (abs)        003FAD
_T2PR                                   (abs)        003FAB
_T2RST                                  (abs)        003FAF
_T2TMR                                  (abs)        003FAA
_T3CLK                                  (abs)        003FA9
_T3CON                                  (abs)        003FA6
_T3CONbits                              (abs)        003FA6
_T3GATE                                 (abs)        003FA8
_T3GCON                                 (abs)        003FA7
_T5CLK                                  (abs)        003F9D
_T5CON                                  (abs)        003F9A
_T5CONbits                              (abs)        003F9A
_T5GATE                                 (abs)        003F9C
_T5GCON                                 (abs)        003F9B
_T6CLKCON                               (abs)        003F96
_T6CON                                  (abs)        003F94
_T6HLT                                  (abs)        003F95
_T6PR                                   (abs)        003F93
_T6RST                                  (abs)        003F97
_T6TMR                                  (abs)        003F92
_TMR2_Initialize                        text116      01AAFA
_TMR3H                                  (abs)        003FA5
_TMR3L                                  (abs)        003FA4
_TMR3_CallBack                          text143      01A930
_TMR3_DefaultInterruptHandler           text144      01AC68
_TMR3_ISR                               text141      017EC4
_TMR3_Initialize                        text114      01A0D8
_TMR3_InterruptHandler                  bssBANK0     00009C
_TMR3_SetInterruptHandler               text115      01A75E
_TMR3_WriteTimer                        text142      01A264
_TMR5H                                  (abs)        003F99
_TMR5L                                  (abs)        003F98
_TMR5_CallBack                          text139      01A90C
_TMR5_DefaultInterruptHandler           text140      01A424
_TMR5_ISR                               text137      019D90
_TMR5_Initialize                        text112      01A092
_TMR5_InterruptHandler                  bssBANK0     00009F
_TMR5_SetInterruptHandler               text113      01A736
_TMR5_WriteTimer                        text138      01A224
_TMR6_CallBack                          text164      01A978
_TMR6_DefaultInterruptHandler           text165      019EE0
_TMR6_ISR                               text163      01AAC8
_TMR6_Initialize                        text110      01A5CC
_TMR6_InterruptHandler                  bssBANK0     0000A2
_TMR6_SetInterruptHandler               text111      01A70E
_TRISA                                  (abs)        003FC2
_TRISB                                  (abs)        003FC3
_TRISC                                  (abs)        003FC4
_TRISD                                  (abs)        003FC5
_TRISE                                  (abs)        003FC6
_TRISF                                  (abs)        003FC7
_TimerDone                              text83       01A66E
_U1BRGH                                 (abs)        003DF6
_U1BRGL                                 (abs)        003DF5
_U1CON0                                 (abs)        003DF2
_U1CON1                                 (abs)        003DF3
_U1CON2                                 (abs)        003DF4
_U1ERRIE                                (abs)        003DFA
_U1ERRIR                                (abs)        003DF9
_U1FIFO                                 (abs)        003DF7
_U1P1H                                  (abs)        003DED
_U1P1L                                  (abs)        003DEC
_U1P2H                                  (abs)        003DEF
_U1P2L                                  (abs)        003DEE
_U1P3H                                  (abs)        003DF1
_U1P3L                                  (abs)        003DF0
_U1RXB                                  (abs)        003DE8
_U1RXPPS                                (abs)        003AE5
_U1UIR                                  (abs)        003DF8
_U2BRGH                                 (abs)        003DDE
_U2BRGL                                 (abs)        003DDD
_U2CON0                                 (abs)        003DDA
_U2CON1                                 (abs)        003DDB
_U2CON2                                 (abs)        003DDC
_U2ERRIE                                (abs)        003DE2
_U2ERRIR                                (abs)        003DE1
_U2FIFO                                 (abs)        003DDF
_U2P1L                                  (abs)        003DD4
_U2P2L                                  (abs)        003DD6
_U2P3L                                  (abs)        003DD8
_U2RXB                                  (abs)        003DD0
_U2RXPPS                                (abs)        003AE8
_U2TXB                                  (abs)        003DD2
_U2UIR                                  (abs)        003DE0
_UART1_Initialize                       text108      01A04C
_UART1_Receive_ISR                      text158      01AA90
_UART1_RxInterruptHandler               bssBANK0     0000AB
_UART1_SetRxInterruptHandler            text109      01A6E6
_UART1_rx_vect_isr                      text157      01A828
_UART2_Initialize                       text105      019C7C
_UART2_Receive_ISR                      text162      01AA56
_UART2_RxInterruptHandler               bssBANK0     0000B1
_UART2_SetRxInterruptHandler            text107      01A6BE
_UART2_SetTxInterruptHandler            text106      01A696
_UART2_Transmit_ISR                     text160      01A5A0
_UART2_TxInterruptHandler               bssBANK0     0000AE
_UART2_rx_vect_isr                      text161      01A878
_UART2_tx_vect_isr                      text159      01A850
_V                                      dataBANK2    000200
_Volts_to_SOC                           text16       01955A
_WPUA                                   (abs)        003A41
_WPUB                                   (abs)        003A51
_WPUC                                   (abs)        003A61
_WPUD                                   (abs)        003A71
_WPUE                                   (abs)        003A81
_WPUF                                   (abs)        003A91
_WaitMs                                 text28       01A350
__CFG_BBEN$OFF                          (abs)        000000
__CFG_BBSIZE$BBSIZE_512                 (abs)        000000
__CFG_BOREN$SBORDIS                     (abs)        000000
__CFG_BORV$VBOR_2P45                    (abs)        000000
__CFG_CLKOUTEN$OFF                      (abs)        000000
__CFG_CP$OFF                            (abs)        000000
__CFG_CSWEN$ON                          (abs)        000000
__CFG_DEBUG$OFF                         (abs)        000000
__CFG_FCMEN$ON                          (abs)        000000
__CFG_FEXTOSC$ECH                       (abs)        000000
__CFG_IVT1WAY$ON                        (abs)        000000
__CFG_LPBOREN$OFF                       (abs)        000000
__CFG_LVP$ON                            (abs)        000000
__CFG_MCLRE$EXTMCLR                     (abs)        000000
__CFG_MVECEN$ON                         (abs)        000000
__CFG_PPS1WAY$ON                        (abs)        000000
__CFG_PR1WAY$OFF                        (abs)        000000
__CFG_PWRTS$PWRT_OFF                    (abs)        000000
__CFG_RSTOSC$EXTOSC_4PLL                (abs)        000000
__CFG_SAFEN$OFF                         (abs)        000000
__CFG_STVREN$ON                         (abs)        000000
__CFG_WDTCCS$SC                         (abs)        000000
__CFG_WDTCPS$WDTCPS_31                  (abs)        000000
__CFG_WDTCWS$WDTCWS_7                   (abs)        000000
__CFG_WDTE$OFF                          (abs)        000000
__CFG_WRTAPP$OFF                        (abs)        000000
__CFG_WRTB$OFF                          (abs)        000000
__CFG_WRTC$OFF                          (abs)        000000
__CFG_WRTD$OFF                          (abs)        000000
__CFG_WRTSAF$OFF                        (abs)        000000
__CFG_XINST$OFF                         (abs)        000000
__CFG_ZCD$OFF                           (abs)        000000
__HRAM                                  (abs)        000000
__Habs1                                 abs1         000000
__Hbank0                                bank0        000000
__Hbank1                                bank1        000000
__Hbank10                               bank10       000000
__Hbank11                               bank11       000000
__Hbank12                               bank12       000000
__Hbank13                               bank13       000000
__Hbank14                               bank14       000000
__Hbank15                               bank15       000000
__Hbank16                               bank16       000000
__Hbank17                               bank17       000000
__Hbank18                               bank18       000000
__Hbank19                               bank19       000000
__Hbank2                                bank2        000000
__Hbank20                               bank20       000000
__Hbank21                               bank21       000000
__Hbank22                               bank22       000000
__Hbank23                               bank23       000000
__Hbank24                               bank24       000000
__Hbank25                               bank25       000000
__Hbank26                               bank26       000000
__Hbank27                               bank27       000000
__Hbank28                               bank28       000000
__Hbank29                               bank29       000000
__Hbank3                                bank3        000000
__Hbank30                               bank30       000000
__Hbank31                               bank31       000000
__Hbank4                                bank4        000000
__Hbank5                                bank5        000000
__Hbank6                                bank6        000000
__Hbank7                                bank7        000000
__Hbank8                                bank8        000000
__Hbank9                                bank9        000000
__Hbigbss                               bigbss       000000
__Hbigdata                              bigdata      000000
__Hbigram                               bigram       000000
__Hbss                                  bss          000000
__HbssBANK0                             bssBANK0     000000
__HbssBANK2                             bssBANK2     000000
__HbssBANK3                             bssBANK3     000000
__HbssBANK4                             bssBANK4     000000
__HbssBANK5                             bssBANK5     000000
__HbssBIGRAM                            bssBIGRAM    000000
__HbssCOMRAM                            bssCOMRAM    000000
__Hcinit                                cinit        000000
__Hclrtext                              clrtext      000000
__Hcomram                               comram       000000
__Hconfig                               config       30000A
__Hconst                                const        000000
__HcstackBANK3                          cstackBANK3  000000
__HcstackCOMRAM                         cstackCOMRAM 000000
__Hdata                                 data         000000
__HdataBANK0                            dataBANK0    000000
__HdataBANK1                            dataBANK1    000000
__HdataBANK2                            dataBANK2    000000
__HdataBIGRAM                           dataBIGRAM   000000
__Heeprom_data                          eeprom_data  000000
__Hfarbss                               farbss       000000
__Hfardata                              fardata      000000
__Hibigdata                             ibigdata     000000
__Hidata                                idata        000000
__HidataBANK0                           idataBANK0   000000
__HidataBANK1                           idataBANK1   000000
__HidataBANK2                           idataBANK2   000000
__HidataBIGRAM                          idataBIGRAM  000000
__Hidloc                                idloc        200010
__Hifardata                             ifardata     000000
__Hinit                                 init         0000B6
__Hintsave_regs                         intsave_regs 000000
__Hirdata                               irdata       000000
__Hivt0x8                               ivt0x8       0000AE
__Hmediumconst                          mediumconst  010000
__HnvFARRAM                             nvFARRAM     000000
__Hnvbit                                nvbit        000000
__Hnvrram                               nvrram       000000
__Hparam                                rparam       000000
__Hpowerup                              powerup      000000
__Hram                                  ram          000000
__Hramtop                               ramtop       002000
__Hrbit                                 rbit         000000
__Hrbss                                 rbss         000000
__Hrdata                                rdata        000000
__Hreset_vec                            reset_vec    000004
__Hrparam                               rparam       000000
__Hsfr                                  sfr          000000
__Hsmallconst                           smallconst   000000
__Hspace_0                              (abs)        30000A
__Hspace_1                              (abs)        000921
__Hspace_2                              (abs)        002000
__Hstack                                stack        002000
__Hstruct                               struct       000000
__Htemp                                 temp         000021
__Htext                                 text         000000
__Htext0                                text0        000000
__Htext1                                text1        000000
__Htext10                               text10       000000
__Htext100                              text100      000000
__Htext101                              text101      000000
__Htext102                              text102      000000
__Htext103                              text103      000000
__Htext104                              text104      000000
__Htext105                              text105      000000
__Htext106                              text106      000000
__Htext107                              text107      000000
__Htext108                              text108      000000
__Htext109                              text109      000000
__Htext11                               text11       000000
__Htext110                              text110      000000
__Htext111                              text111      000000
__Htext112                              text112      000000
__Htext113                              text113      000000
__Htext114                              text114      000000
__Htext115                              text115      000000
__Htext116                              text116      000000
__Htext117                              text117      000000
__Htext118                              text118      000000
__Htext119                              text119      000000
__Htext12                               text12       000000
__Htext120                              text120      000000
__Htext121                              text121      000000
__Htext122                              text122      000000
__Htext123                              text123      000000
__Htext124                              text124      000000
__Htext125                              text125      000000
__Htext126                              text126      000000
__Htext127                              text127      000000
__Htext128                              text128      000000
__Htext129                              text129      000000
__Htext13                               text13       000000
__Htext130                              text130      000000
__Htext131                              text131      000000
__Htext132                              text132      000000
__Htext133                              text133      000000
__Htext134                              text134      000000
__Htext135                              text135      000000
__Htext136                              text136      000000
__Htext137                              text137      000000
__Htext138                              text138      000000
__Htext139                              text139      000000
__Htext14                               text14       000000
__Htext140                              text140      000000
__Htext141                              text141      000000
__Htext142                              text142      000000
__Htext143                              text143      000000
__Htext144                              text144      000000
__Htext145                              text145      000000
__Htext146                              text146      000000
__Htext147                              text147      000000
__Htext148                              text148      000000
__Htext149                              text149      000000
__Htext15                               text15       000000
__Htext150                              text150      000000
__Htext151                              text151      000000
__Htext152                              text152      000000
__Htext153                              text153      000000
__Htext154                              text154      000000
__Htext155                              text155      000000
__Htext156                              text156      000000
__Htext157                              text157      000000
__Htext158                              text158      000000
__Htext159                              text159      000000
__Htext16                               text16       000000
__Htext160                              text160      000000
__Htext161                              text161      000000
__Htext162                              text162      000000
__Htext163                              text163      000000
__Htext164                              text164      000000
__Htext165                              text165      000000
__Htext166                              text166      000000
__Htext167                              text167      000000
__Htext168                              text168      000000
__Htext169                              text169      000000
__Htext17                               text17       000000
__Htext170                              text170      000000
__Htext18                               text18       000000
__Htext19                               text19       000000
__Htext2                                text2        000000
__Htext20                               text20       000000
__Htext21                               text21       000000
__Htext22                               text22       000000
__Htext23                               text23       000000
__Htext24                               text24       000000
__Htext25                               text25       000000
__Htext26                               text26       000000
__Htext27                               text27       000000
__Htext28                               text28       000000
__Htext29                               text29       000000
__Htext3                                text3        000000
__Htext30                               text30       000000
__Htext31                               text31       000000
__Htext32                               text32       000000
__Htext33                               text33       000000
__Htext34                               text34       000000
__Htext35                               text35       000000
__Htext36                               text36       000000
__Htext37                               text37       000000
__Htext38                               text38       000000
__Htext39                               text39       000000
__Htext4                                text4        000000
__Htext40                               text40       000000
__Htext41                               text41       000000
__Htext42                               text42       000000
__Htext43                               text43       000000
__Htext44                               text44       000000
__Htext45                               text45       000000
__Htext46                               text46       000000
[...]
		Nothing
 This function is called by:
		Interrupt level 2
 This function uses a non-reentrant model


 *************** function _DMA1_DMAA_ISR *****************
 Defined at:
		line 144 in file "mcc_generated_files/dma1.c"
 Parameters:    Size  Location     Type
		None
 Auto vars:     Size  Location     Type
		None
 Return value:  Size  Location     Type
                  1    wreg      void 
 Registers used:
		None
 Tracked objects:
		On entry : 
		On exit  : 
		Unchanged: 
 Data sizes:     COMRAM   BANK0   BANK1   BANK2   BANK3   BANK4   BANK5   BANK6   BANK7   BANK8   BANK9  BANK10  BANK11  BANK12  BANK13  BANK14  BANK15  BANK16  BANK17  BANK18  BANK19  BANK20  BANK21  BANK22  BANK23  BANK24  BANK25  BANK26  BANK27  BANK28  BANK29  BANK30  BANK31
      Params:         0       0       0       0       0       0       0       0       0       0       0       0       0       0       0       0       0       0       0       0       0       0       0       0       0       0       0       0       0       0       0       0       0
      Locals:         0       0       0       0       0       0       0       0       0       0       0       0       0       0       0       0       0       0       0       0       0       0       0       0       0       0       0       0       0       0       0       0       0
      Temps:          0       0       0       0       0       0       0       0       0       0       0       0       0       0       0       0       0       0       0       0       0       0       0       0       0       0       0       0       0       0       0       0       0
      Totals:         0       0       0       0       0       0       0       0       0       0       0       0       0       0       0       0       0       0       0       0       0       0       0       0       0       0       0       0       0       0       0       0       0
Total ram usage:        0 bytes
 Hardware stack levels used:    1
 This function calls:
		Nothing
 This function is called by:
		Interrupt level 2
 This function uses a non-reentrant model


 *************** function _DMA1_DMAOR_ISR *****************
 Defined at:
		line 155 in file "mcc_generated_files/dma1.c"
 Parameters:    Size  Location     Type
		None
 Auto vars:     Size  Location     Type
		None
 Return value:  Size  Location     Type
                  1    wreg      void 
 Registers used:
		None
 Tracked objects:
		On entry : 
		On exit  : 
		Unchanged: 
 Data sizes:     COMRAM   BANK0   BANK1   BANK2   BANK3   BANK4   BANK5   BANK6   BANK7   BANK8   BANK9  BANK10  BANK11  BANK12  BANK13  BANK14  BANK15  BANK16  BANK17  BANK18  BANK19  BANK20  BANK21  BANK22  BANK23  BANK24  BANK25  BANK26  BANK27  BANK28  BANK29  BANK30  BANK31
      Params:         0       0       0       0       0       0       0       0       0       0       0       0       0       0       0       0       0       0       0       0       0       0       0       0       0       0       0       0       0       0       0       0       0
      Locals:         0       0       0       0       0       0       0       0       0       0       0       0       0       0       0       0       0       0       0       0       0       0       0       0       0       0       0       0       0       0       0       0       0
      Temps:          0       0       0       0       0       0       0       0       0       0       0       0       0       0       0       0       0       0       0       0       0       0       0       0       0       0       0       0       0       0       0       0       0
      Totals:         0       0       0       0       0       0       0       0       0       0       0       0       0       0       0       0       0       0       0       0       0       0       0       0       0       0       0       0       0       0       0       0       0
Total ram usage:        0 bytes
 Hardware stack levels used:    1
 This function calls:
		Nothing
 This function is called by:
		Interrupt level 2
 This function uses a non-reentrant model



MODULE INFORMATION

Module		Function		Class		Link	Load	Size
ringbufs.c
		_ringBufS_init 		CODE           	1A646	0000	41
		_ringBufS_flush		CODE           	195EC	0000	147
		_ringBufS_put_dma		CODE           	192D0	0000	171

ringbufs.c estimated size: 359

mcc_generated_files/uart2.c
		_UART2_rx_vect_isr		CODE           	1A878	0000	41
		_UART2_tx_vect_isr		CODE           	1A850	0000	41
		_UART2_Receive_ISR		CODE           	1AA56	0000	31
		_UART2_SetRxInterruptHandler		CODE           	1A6BE	0000	41
		_UART2_SetTxInterruptHandler		CODE           	1A696	0000	41
		_UART2_Initialize		CODE           	19C7C	0000	95
		_UART2_Transmit_ISR		CODE           	1A5A0	0000	45

mcc_generated_files/uart2.c estimated size: 335

timers.c
		_WaitMs        		CODE           	1A350	0000	55
		_StartTimer    		CODE           	1A1A4	0000	65
		_TimerDone     		CODE           	1A66E	0000	41

timers.c estimated size: 161

mcc_generated_files/pwm8.c
		_PWM8_LoadDutyValue		CODE           	1A162	0000	67
		_PWM8_Initialize		CODE           	1AB28	0000	23

mcc_generated_files/pwm8.c estimated size: 90

/opt/microchip/xc8/v2.10/pic/sources/c99/common/awmod.c
		___awmod       		CODE           	18642	0000	281

/opt/microchip/xc8/v2.10/pic/sources/c99/common/awmod.c estimated size: 281

mcc_generated_files/tmr6.c
		_TMR6_CallBack 		CODE           	1A978	0000	37
		_TMR6_ISR      		CODE           	1AAC8	0000	27
		_TMR6_Initialize		CODE           	1A5CC	0000	43
		_TMR6_SetInterruptHandler		CODE           	1A70E	0000	41
		_TMR6_DefaultInterruptHandler		CODE           	19EE0	0000	79

mcc_generated_files/tmr6.c estimated size: 227

/opt/microchip/xc8/v2.10/pic/sources/c99/common/flge.c
		___flge        		CODE           	17D60	0000	355

/opt/microchip/xc8/v2.10/pic/sources/c99/common/flge.c estimated size: 355

mcc_generated_files/fvr.c
		_FVR_Initialize		CODE           	1AC3E	0000	9

mcc_generated_files/fvr.c estimated size: 9

/opt/microchip/xc8/v2.10/pic/sources/c99/common/aomod.c
		___aomod       		CODE           	169C2	0000	577

/opt/microchip/xc8/v2.10/pic/sources/c99/common/aomod.c estimated size: 577

mcc_generated_files/tmr2.c
		_TMR2_Initialize		CODE           	1AAFA	0000	25

mcc_generated_files/tmr2.c estimated size: 25

mcc_generated_files/interrupt_manager.c
		_INTERRUPT_Initialize		CODE           	19AEE	0000	103
		_Default_ISR   		CODE           	1AC60	0000	7

mcc_generated_files/interrupt_manager.c estimated size: 110

/opt/microchip/xc8/v2.10/pic/sources/c99/common/xxtofl.c
		___xxtofl      		CODE           	17034	0000	517

/opt/microchip/xc8/v2.10/pic/sources/c99/common/xxtofl.c estimated size: 517

/opt/microchip/xc8/v2.10/pic/sources/c99/common/printf.c
		_printf        		CODE           	19BB8	0000	99

/opt/microchip/xc8/v2.10/pic/sources/c99/common/printf.c estimated size: 99

dio.c
		_start_switch_handler		CODE           	1A9BE	0000	33
		_get_switch    		CODE           	1A546	0000	45
		_switch_handler		CODE           	182B4	0000	317

dio.c estimated size: 395

/opt/microchip/xc8/v2.10/pic/sources/c99/common/lodiv.c
		___lodiv       		CODE           	1778A	0000	385

/opt/microchip/xc8/v2.10/pic/sources/c99/common/lodiv.c estimated size: 385

eadog.c
		_init_display  		CODE           	18D80	0000	235
		_eaDogM_WriteCommand		CODE           	1ABAA	0000	15
		_putch         		CODE           	1AAAC	0000	27
		_wdtdelay      		CODE           	19CDA	0000	91
		_send_port_data_dma		CODE           	19E8E	0000	83
		_init_port_dma 		CODE           	1A458	0000	49
		_port_data_dma_ptr		CODE           	1ABF0	0000	11
		_send_lcd_cmd  		CODE           	1A61E	0000	41
		_send_lcd_cmd_dma		CODE           	19DEA	0000	83
		_wait_lcd_set  		CODE           	1AC4C	0000	7
		_eaDogM_WriteStringAtPos		CODE           	1A386	0000	55
		_wait_lcd_done 		CODE           	1AA74	0000	29
		_send_lcd_cmd_long		CODE           	1A5F6	0000	41
		_start_lcd     		CODE           	1AC52	0000	7
		_eaDogM_WriteString		CODE           	1937A	0000	167

eadog.c estimated size: 941

mcc_generated_files/pin_manager.c
		_PIN_MANAGER_Initialize		CODE           	1967E	0000	147

mcc_generated_files/pin_manager.c estimated size: 147

/opt/microchip/xc8/v2.10/pic/sources/c99/common/strlen.c
		_strlen        		CODE           	19420	0000	163

/opt/microchip/xc8/v2.10/pic/sources/c99/common/strlen.c estimated size: 163

/opt/microchip/xc8/v2.10/pic/sources/c99/common/nf_fputs.c
		_fputs         		CODE           	194C2	0000	153

/opt/microchip/xc8/v2.10/pic/sources/c99/common/nf_fputs.c estimated size: 153

/opt/microchip/xc8/v2.10/pic/sources/c99/common/floorf.c
		_floorf        		CODE           	15878	0000	877

/opt/microchip/xc8/v2.10/pic/sources/c99/common/floorf.c estimated size: 877

mcc_generated_files/spi1.c
		_SPI1_Initialize		CODE           	1AB12	0000	23
		_SPI1_Exchange8bit		CODE           	1A9DE	0000	31

mcc_generated_files/spi1.c estimated size: 54

/opt/microchip/xc8/v2.10/pic/sources/c99/common/strcpy.c
		_strcpy        		CODE           	18E6A	0000	213

/opt/microchip/xc8/v2.10/pic/sources/c99/common/strcpy.c estimated size: 213

/opt/microchip/xc8/v2.10/pic/sources/c99/common/isupper.c
		_isupper       		CODE           	1A4B8	0000	49

/opt/microchip/xc8/v2.10/pic/sources/c99/common/isupper.c estimated size: 49

/opt/microchip/xc8/v2.10/pic/sources/c99/common/nanf.c
		_nanf          		CODE           	19C1A	0000	99

/opt/microchip/xc8/v2.10/pic/sources/c99/common/nanf.c estimated size: 99

/opt/microchip/xc8/v2.10/pic/sources/c99/common/memset.c
		_memset        		CODE           	15F24	0000	749

/opt/microchip/xc8/v2.10/pic/sources/c99/common/memset.c estimated size: 749

/opt/microchip/xc8/v2.10/pic/sources/c99/common/awdiv.c
		___awdiv       		CODE           	18026	0000	335

/opt/microchip/xc8/v2.10/pic/sources/c99/common/awdiv.c estimated size: 335

mcc_generated_files/clkref.c
		_CLKREF_Initialize		CODE           	1ABE6	0000	11

mcc_generated_files/clkref.c estimated size: 11

/opt/microchip/xc8/v2.10/pic/sources/c99/common/fltol.c
		___fltol       		CODE           	17A7E	0000	371

/opt/microchip/xc8/v2.10/pic/sources/c99/common/fltol.c estimated size: 371

mbmc.c
		_calc_model_data		CODE           	154D6	0000	931
		_calc_ror_data 		CODE           	1790A	0000	373
		_static_soc    		CODE           	1A8A0	0000	37
		_lp_filter     		CODE           	17438	0000	445
		_set_load_relay_one		CODE           	1AB8A	0000	17
		_convert_adc_data		CODE           	190BE	0000	185
		_set_load_relay_two		CODE           	1AB7A	0000	17

mbmc.c estimated size: 2005

/opt/microchip/xc8/v2.10/pic/sources/c99/common/abs.c
		_abs           		CODE           	19FC0	0000	71

/opt/microchip/xc8/v2.10/pic/sources/c99/common/abs.c estimated size: 71

mcc_generated_files/dma1.c
		_DMA1_DMADCNT_ISR		CODE           	1ABFC	0000	11
		_DMA1_DMASCNT_ISR		CODE           	1ABD8	0000	15
		_DMA1_Initialize		CODE           	199AE	0000	107
		_DMA1_DMAA_ISR 		CODE           	1AC08	0000	11
		_DMA1_DMAOR_ISR		CODE           	1AC14	0000	11

mcc_generated_files/dma1.c estimated size: 155

/opt/microchip/xc8/v2.10/pic/sources/c99/common/__fpclassifyf.c
		___fpclassifyf 		CODE           	175F4	0000	407

/opt/microchip/xc8/v2.10/pic/sources/c99/common/__fpclassifyf.c estimated size: 407

daq.c
		_conv_raw_result		CODE           	147F0	0000	1197
		_check_adc_scan		CODE           	1AC36	0000	9
		_start_adc_scan		CODE           	19B54	0000	101
		_clear_adc_scan		CODE           	1AC46	0000	7
		_get_raw_result		CODE           	1AA38	0000	31
		_adc_int_t_handler		CODE           	19930	0000	127
		_adc_int_handler		CODE           	1AC6E	0000	3

daq.c estimated size: 1475

/opt/microchip/xc8/v2.10/pic/sources/c99/common/rand.c
		_srand         		CODE           	1A3BC	0000	53

/opt/microchip/xc8/v2.10/pic/sources/c99/common/rand.c estimated size: 53

/opt/microchip/xc8/v2.10/pic/sources/c99/common/aodiv.c
		___aodiv       		CODE           	164CE	0000	641

/opt/microchip/xc8/v2.10/pic/sources/c99/common/aodiv.c estimated size: 641

/opt/microchip/xc8/v2.10/pic/sources/c99/common/islower.c
		_islower       		CODE           	1A488	0000	49

/opt/microchip/xc8/v2.10/pic/sources/c99/common/islower.c estimated size: 49

mcc_generated_files/uart1.c
		_UART1_rx_vect_isr		CODE           	1A828	0000	41
		_UART1_Receive_ISR		CODE           	1AA90	0000	29
		_UART1_SetRxInterruptHandler		CODE           	1A6E6	0000	41
		_UART1_Initialize		CODE           	1A04C	0000	71

mcc_generated_files/uart1.c estimated size: 182

mcc_generated_files/ext_int.c
		_INT0_SetInterruptHandler		CODE           	1A7AE	0000	41
		_INT1_SetInterruptHandler		CODE           	1A786	0000	41
		_EXT_INT_Initialize		CODE           	1A3F0	0000	53
		_INT0_DefaultInterruptHandler		CODE           	1AC6A	0000	3
		_INT0_CallBack 		CODE           	1A954	0000	37
		_INT1_DefaultInterruptHandler		CODE           	1AC66	0000	3
		_INT1_CallBack 		CODE           	1A8E8	0000	37
		_INT0_ISR      		CODE           	1ABC8	0000	15
		_INT1_ISR      		CODE           	1A2A4	0000	63

mcc_generated_files/ext_int.c estimated size: 293

/opt/microchip/xc8/v2.10/pic/sources/c99/common/sprcmul.c
		___flmul       		CODE           	12C0A	0000	2091

/opt/microchip/xc8/v2.10/pic/sources/c99/common/sprcmul.c estimated size: 2091

/opt/microchip/xc8/v2.10/pic/sources/c99/common/atoi.c
		_atoi          		CODE           	1674E	0000	629

/opt/microchip/xc8/v2.10/pic/sources/c99/common/atoi.c estimated size: 629

/opt/microchip/xc8/v2.10/pic/sources/c99/common/nf_sprintf.c
		_sprintf       		CODE           	1897E	0000	267

/opt/microchip/xc8/v2.10/pic/sources/c99/common/nf_sprintf.c estimated size: 267

/opt/microchip/xc8/v2.10/pic/sources/c99/common/fleq.c
		___fleq        		CODE           	18F3E	0000	197

/opt/microchip/xc8/v2.10/pic/sources/c99/common/fleq.c estimated size: 197

mcc_generated_files/tmr5.c
		_TMR5_ISR      		CODE           	19D90	0000	91
		_TMR5_Initialize		CODE           	1A092	0000	71
		_TMR5_SetInterruptHandler		CODE           	1A736	0000	41
		_TMR5_DefaultInterruptHandler		CODE           	1A424	0000	53
		_TMR5_CallBack 		CODE           	1A90C	0000	37
		_TMR5_WriteTimer		CODE           	1A224	0000	65

mcc_generated_files/tmr5.c estimated size: 358

/opt/microchip/xc8/v2.10/pic/sources/c99/common/sprcdiv.c
		___fldiv       		CODE           	14276	0000	1403

/opt/microchip/xc8/v2.10/pic/sources/c99/common/sprcdiv.c estimated size: 1403

shared
		_BVSOC_TABLE   		MEDIUMCONST    	FC4F	0000	209
		__initialization		CODE           	18A88	0000	253
		_bp            		MEDIUMCONST    	0000	0000	0
		_cp_h          		MEDIUMCONST    	0000	0000	0
		_ivln2_h       		MEDIUMCONST    	0000	0000	0
		_cp_l          		MEDIUMCONST    	0000	0000	0
		_T             		MEDIUMCONST    	FD1F	0000	145

shared estimated size: 607

/opt/microchip/xc8/v2.10/pic/sources/c99/common/toupper.c
		_toupper       		CODE           	19828	0000	133

/opt/microchip/xc8/v2.10/pic/sources/c99/common/toupper.c estimated size: 133

mcc_generated_files/mcc.c
		_PMD_Initialize		CODE           	1AB54	0000	21
		_OSCILLATOR_Initialize		CODE           	1AB3E	0000	23
		_SYSTEM_Initialize		CODE           	19F2E	0000	75

mcc_generated_files/mcc.c estimated size: 119

mcc_generated_files/tmr3.c
		_TMR3_ISR      		CODE           	17EC4	0000	355
		_TMR3_Initialize		CODE           	1A0D8	0000	71
		_TMR3_SetInterruptHandler		CODE           	1A75E	0000	41
		_TMR3_DefaultInterruptHandler		CODE           	1AC68	0000	3
		_TMR3_CallBack 		CODE           	1A930	0000	37
		_TMR3_WriteTimer		CODE           	1A264	0000	65

mcc_generated_files/tmr3.c estimated size: 572

/opt/microchip/xc8/v2.10/pic/sources/c99/common/isalpha.c
		_isalpha       		CODE           	1A11E	0000	69

/opt/microchip/xc8/v2.10/pic/sources/c99/common/isalpha.c estimated size: 69

hid.c
		_clear_hid_pflags		CODE           	1A8C4	0000	37
		_hid_display   		CODE           	18B8A	0000	259
		_check_enter_button		CODE           	1A1E4	0000	65
		_hid_input     		CODE           	19710	0000	145

hid.c estimated size: 506

/opt/microchip/xc8/v2.10/pic/sources/c99/common/isspace.c
		_isspace       		CODE           	19E3C	0000	83

/opt/microchip/xc8/v2.10/pic/sources/c99/common/isspace.c estimated size: 83

mconfig.c
		_mode_lamp_bright		CODE           	1ABB8	0000	15
		_help_button   		CODE           	1A2E2	0000	57
		_vterm_dump    		CODE           	183F0	0000	303
		_set_display_info		CODE           	1AA1A	0000	31
		_display_info  		CODE           	1AC26	0000	9
		_display_help  		CODE           	1AC2E	0000	9
		_set_vterm     		CODE           	1A9FC	0000	31
		_get_vterm_ptr 		CODE           	1A518	0000	47
		_update_lcd    		CODE           	1886E	0000	273
		_set_temp_display_help		CODE           	1AB9A	0000	17
		_check_help    		CODE           	16E22	0000	531
		_mode_lamp_dim 		CODE           	1AAE2	0000	25

mconfig.c estimated size: 1348

bsoc.c
		_init_bsoc     		CODE           	17BF0	0000	369
		_Volts_to_SOC  		CODE           	1955A	0000	147
		_stop_bsoc     		CODE           	1AC58	0000	7
		_calc_bsoc     		CODE           	13BF0	0000	1671
		_start_bsoc    		CODE           	1A99C	0000	35

bsoc.c estimated size: 2229

/opt/microchip/xc8/v2.10/pic/sources/c99/common/doprnt.c
		_vfpfcnvrt     		CODE           	11244	0000	4013
		_efgtoa        		CODE           	10000	0000	4677
		_pad           		CODE           	1875A	0000	277
		_ctoa          		CODE           	197A0	0000	137
		_dtoa          		CODE           	14C9C	0000	1153
		_vfprintf      		CODE           	19224	0000	173
		_stoa          		CODE           	16210	0000	703
		_utoa          		CODE           	15BE4	0000	833
		_xtoa          		CODE           	1511C	0000	955

/opt/microchip/xc8/v2.10/pic/sources/c99/common/doprnt.c estimated size: 12921

/opt/microchip/xc8/v2.10/pic/sources/c99/common/strncmp.c
		_strncmp       		CODE           	16C02	0000	545

/opt/microchip/xc8/v2.10/pic/sources/c99/common/strncmp.c estimated size: 545

/opt/microchip/xc8/v2.10/pic/sources/c99/common/tolower.c
		_tolower       		CODE           	198AC	0000	133

/opt/microchip/xc8/v2.10/pic/sources/c99/common/tolower.c estimated size: 133

/opt/microchip/xc8/v2.10/pic/sources/c99/common/flneg.c
		___flneg       		CODE           	19F78	0000	73

/opt/microchip/xc8/v2.10/pic/sources/c99/common/flneg.c estimated size: 73

/opt/microchip/xc8/v2.10/pic/sources/c99/common/nf_fputc.c
		_fputc         		CODE           	1851E	0000	293

/opt/microchip/xc8/v2.10/pic/sources/c99/common/nf_fputc.c estimated size: 293

/opt/microchip/xc8/v2.10/pic/sources/c99/common/fabsf.c
		_fabsf         		CODE           	19176	0000	175

/opt/microchip/xc8/v2.10/pic/sources/c99/common/fabsf.c estimated size: 175

mcc_generated_files/adcc.c
		_ADCC_DefaultInterruptHandler		CODE           	1AC6C	0000	3
		_ADCC_SetADTIInterruptHandler		CODE           	1A7D6	0000	41
		_ADCC_SetADIInterruptHandler		CODE           	1A7FE	0000	41
		_ADCC_ISR      		CODE           	1A574	0000	45
		_ADCC_ThresholdISR		CODE           	19A84	0000	107
		_ADCC_StartConversion		CODE           	1AB68	0000	19
		_ADCC_Initialize		CODE           	19A18	0000	107
		_ADCC_DischargeSampleCapacitor		CODE           	1AC1E	0000	9

mcc_generated_files/adcc.c estimated size: 372

main.c
		_main          		CODE           	121F0	0000	2587

main.c estimated size: 2587

/opt/microchip/xc8/v2.10/pic/sources/c99/common/lomod.c
		___lomod       		CODE           	18174	0000	321

/opt/microchip/xc8/v2.10/pic/sources/c99/common/lomod.c estimated size: 321

mcc_generated_files/dma2.c
		_DMA2_Initialize		CODE           	19D34	0000	91

mcc_generated_files/dma2.c estimated size: 91

/opt/microchip/xc8/v2.10/pic/sources/c99/common/isdigit.c
		_isdigit       		CODE           	1A4E8	0000	49

/opt/microchip/xc8/v2.10/pic/sources/c99/common/isdigit.c estimated size: 49

/opt/microchip/xc8/v2.10/pic/sources/c99/common/sprcadd.c
		___flsub       		CODE           	1A006	0000	71
		___fladd       		CODE           	13434	0000	1981

/opt/microchip/xc8/v2.10/pic/sources/c99/common/sprcadd.c estimated size: 2052

