Microchip MPLAB XC8 Compiler V2.10 ()

Linker command line:

-W-3 --edf=/opt/microchip/xc8/v2.10/pic/dat/en_msgs.txt -pivt0x8=08h -cs \
  -h+dist/default/production/touch_v2.X.production.sym \
  --cmf=dist/default/production/touch_v2.X.production.cmf -z -Q18F57K42 \
  -o/tmp/xcXuntwzG --defsym=__MPLAB_BUILD=1 \
  -Mdist/default/production/touch_v2.X.production.map -E1 -ver=XC8 \
  --acfsm=1493 -ASTACK=07FFh-01FFFh -pstack=STACK -ACODE=00h-01FFFFh \
  -ACONST=00h-01FFFFh -ASMALLCONST=02000h-020FFhx480 \
  -AMEDIUMCONST=02000h-0FFFFh,012000h-01FFFFh -ACOMRAM=01h-05Fh \
  -AABS1=00h-01FFFh -ABIGRAM=01h-01FFFh -ARAM=060h-0FFh,0100h-01FFhx31 \
  -ABANK0=060h-0FFh -ABANK1=0100h-01FFh -ABANK2=0200h-02FFh \
  -ABANK3=0300h-03FFh -ABANK4=0400h-04FFh -ABANK5=0500h-05FFh \
  -ABANK6=0600h-06FFh -ABANK7=0700h-07FFh -ABANK8=0800h-08FFh \
  -ABANK9=0900h-09FFh -ABANK10=0A00h-0AFFh -ABANK11=0B00h-0BFFh \
  -ABANK12=0C00h-0CFFh -ABANK13=0D00h-0DFFh -ABANK14=0E00h-0EFFh \
  -ABANK15=0F00h-0FFFh -ABANK16=01000h-010FFh -ABANK17=01100h-011FFh \
  -ABANK18=01200h-012FFh -ABANK19=01300h-013FFh -ABANK20=01400h-014FFh \
  -ABANK21=01500h-015FFh -ABANK22=01600h-016FFh -ABANK23=01700h-017FFh \
  -ABANK24=01800h-018FFh -ABANK25=01900h-019FFh -ABANK26=01A00h-01AFFh \
  -ABANK27=01B00h-01BFFh -ABANK28=01C00h-01CFFh -ABANK29=01D00h-01DFFh \
  -ABANK30=01E00h-01EFFh -ABANK31=01F00h-01FFFh \
  -ASFR=03800h-038FFhx7,03F00h-03F5Fh,03F60h-03FFFh -preset_vec=00h \
  -ppowerup=CODE,init -pramtop=02000h -psmallconst=SMALLCONST \
  -pmediumconst=MEDIUMCONST -pconst=CONST -AFARRAM=00h-00h \
  -ACONFIG=0300000h-0300009h -pconfig=CONFIG -AIDLOC=0200000h-020000Fh \
  -pidloc=IDLOC -AEEDATA=0310000h-03103FFh -peeprom_data=EEDATA \
  -prdata=COMRAM,nvrram=COMRAM,nvbit=COMRAM,rbss=COMRAM,rbit=COMRAM \
  -pfarbss=FARRAM,fardata=FARRAM,nvFARRAM=FARRAM \
  -pintsave_regs=BIGRAM,bigbss=BIGRAM,bigdata=BIGRAM -pbss=RAM \
  -pidata=CODE,irdata=CODE,ibigdata=CODE,ifardata=CODE -prparam=COMRAM \
  /tmp/xcX2rPlAD.o dist/default/production/touch_v2.X.production.o 

Object code version is 3.11

Machine type is 18F57K42

Call graph: (short form)




                Name                               Link     Load   Length Selector   Space Scale
/tmp/xcX2rPlAD.o
                stack                               7FF      7FF     1801      7FF       2
                init                                 AE       AE        8        4       0
                reset_vec                             0        0        4        0       0
                idloc                            200000   200000       10   200000       0
                config                           300000   300000        A   300000       0
dist/default/production/touch_v2.X.production.o
                temp                                 32       32       20        1       1
                mediumconst                        FE0A     FE0A      1F6     7F05       0
                ivt0x8                                8        8       A6        4       0
                text148                           1897C    1897C        A     625F       0
                text147                           18970    18970        A     625C       0
                text146                           18964    18964        A     6253       0
                text145                           1894C    1894C        E     6253       0
                text144                           17F68    17F68       46     5E67       0
                text143                           186DA    186DA       24     619B       0
                text142                           1884C    1884C       1A     6213       0
                text141                           187DA    187DA       1E     619B       0
                text140                           1866C    1866C       26     619B       0
                text139                           1831A    1831A       2C     C0E4       0
                text138                           18644    18644       26     6191       0
                text137                           187BC    187BC       1E     619B       0
                text136                           1861C    1861C       26     6187       0
                text135                           182EE    182EE       2C     C0E4       0
                text134                           185F4    185F4       26     617D       0
                text133                           1799C    1799C       68     5E67       0
                text132                           189CC    189CC        2     625F       0
                text131                           189CA    189CA        2     625F       0
                text130                           177CE    177CE       7E     B85E       0
                text129                           18370    18370       2A     C0E4       0
                text128                           189C0    189C0        6     625F       0
                text127                           189C8    189C8        2     625F       0
                text126                           18720    18720       22     619B       0
                text125                           1893C    1893C        E     624F       0
                text124                           185CA    185CA       28     C0E4       0
                text123                           186B6    186B6       24     619B       0
                text122                           18034    18034       40     5E67       0
                text121                           17C54    17C54       5C     5E67       0
                text120                           164AC    164AC      148     8000       0
                text119                           189C6    189C6        2     625F       0
                text118                           186FE    186FE       22     619B       0
                text117                           18074    18074       3E     5E67       0
                text116                           185A2    185A2       28     C0E4       0
                text115                           1857A    1857A       28     C0E4       0
                text114                           17930    17930       6A     B85E       0
                text113                           1895A    1895A        A     6253       0
                text112                           178C6    178C6       6A     B85E       0
                text111                           17D0A    17D0A       5A     5E67       0
                text110                           18552    18552       28     C0E4       0
                text109                           1852A    1852A       28     C0E4       0
                text108                           181FC    181FC       34     C0E4       0
                text107                           189A6    189A6        8     625F       0
                text106                           17A04    17A04       66     5E67       0
                text105                           188C2    188C2       16     6213       0
                text104                           1751C    1751C       92     B85E       0
                text103                           188D8    188D8       14     6213       0
                text102                           188AC    188AC       16     6213       0
                text101                           18896    18896       16     6213       0
                text100                           1887E    1887E       18     6213       0
                text99                            18502    18502       28     C0E4       0
                text98                            17F22    17F22       46     5E67       0
                text97                            184DA    184DA       28     C0E4       0
                text96                            18346    18346       2A     C0E4       0
                text95                            184B2    184B2       28     C0E4       0
                text94                            1848A    1848A       28     C0E4       0
                text93                            17ACE    17ACE       64     5E67       0
                text92                            18462    18462       28     C0E4       0
                text91                            1843A    1843A       28     C0E4       0
                text90                            17BF6    17BF6       5E     5E67       0
                text89                            17EDC    17EDC       46     5E67       0
                text88                            11D82    11D82      82A     8000       0
                text87                            125AC    125AC      7BC     8000       0
                text86                            17E96    17E96       46     5E67       0
                text85                            15D34    15D34      1C0     8000       0
                text84                            152AC    152AC      254     8000       0
                text83                            1899E    1899E        8     625F       0
                text82                            18996    18996        8     625F       0
                text81                            1898E    1898E        8     625F       0
                text80                            180B2    180B2       3C     5E67       0
                text79                            18692    18692       24     619B       0
                text78                            180EE    180EE       38     5E67       0
                text77                            17FF2    17FF2       42     5E67       0
                text76                            1892C    1892C        E     6213       0
                text75                            18866    18866       18     6213       0
                text74                            1879E    1879E       1E     619B       0
                text73                            1890E    1890E       10     6213       0
                text72                            18814    18814       1C     619B       0
                text71                            18290    18290       30     C0E4       0
                text70                            17DB6    17DB6       52     5E67       0
                text69                            15038    15038      274     8000       0
                text68                            170BC    170BC       AA     B85E       0
                text67                            18830    18830       1A     619B       0
                text66                            16722    16722      124     8000       0
                text65                            173F2    173F2       98     B85E       0
                text64                            172B4    172B4       A2     B85E       0
                text63                            1695E    1695E      114     8000       0
                text62                            1763E    1763E       88     B85E       0
                text61                            14DB8    14DB8      280     8000       0
                text60                            15500    15500      240     8000       0
                text59                            17E50    17E50       46     5E67       0
                text58                            13C68    13C68      480     8000       0
                text57                            1635E    1635E      14E     8000       0
                text56                            16846    16846      118     8000       0
                text55                            12D68    12D68      57A     8000       0
                text54                            16F3C    16F3C       C4     8000       0
                text53                            161FC    161FC      162     8000       0
                text52                            17E08    17E08       48     5E67       0
                text51                            1608A    1608A      172     8000       0
                text50                            15EF4    15EF4      196     8000       0
                text49                            144A2    144A2      36C     8000       0
                text48                            16E68    16E68       D4     8000       0
                text47                            18260    18260       30     C0E4       0
                text46                            1774A    1774A       84     B85E       0
                text45                            10000    10000     1244     8000       0
                text44                            14AFA    14AFA      2BE     8000       0
                text43                            15B6C    15B6C      1C8     8000       0
                text42                            17FAE    17FAE       44     5E67       0
                text41                            18230    18230       30     C0E4       0
                text40                            176C6    176C6       84     B85E       0
                text39                            140E8    140E8      3BA     8000       0
                text38                            11244    11244      B3E     8000       0
                text37                            17166    17166       A8     B85E       0
                text36                            17B94    17B94       62     5E67       0
                text35                            1480E    1480E      2EC     8000       0
                text34                            1748A    1748A       92     B85E       0
                text33                            189BA    189BA        6     625F       0
                text32                            189B4    189B4        6     625F       0
                text31                            1720E    1720E       A6     B85E       0
                text30                            17CB0    17CB0       5A     5E67       0
                text29                            187F8    187F8       1C     619B       0
                text28                            17D64    17D64       52     5E67       0
                text27                            1815C    1815C       36     5E67       0
                text26                            16A72    16A72      10E     8000       0
                text25                            18126    18126       36     5E67       0
                text24                            182C0    182C0       2E     C0E4       0
                text23                            16B80    16B80      10A     8000       0
                text22                            165F4    165F4      12E     8000       0
                text21                            15740    15740      228     8000       0
                text20                            189AE    189AE        6     625F       0
                text19                            15968    15968      204     8000       0
                text18                            18780    18780       1E     619B       0
                text17                            17B32    17B32       62     5E67       0
                text16                            137BC    137BC      4AC     8000       0
                text15                            1784C    1784C       7A     B85E       0
                text14                            1891E    1891E        E     6213       0
                text13                            18412    18412       28     C0E4       0
                text12                            175AE    175AE       90     B85E       0
                text11                            17356    17356       9C     B85E       0
                text10                            183EA    183EA       28     C0E4       0
                text9                             18762    18762       1E     619B       0
                text8                             183C2    183C2       28     C0E4       0
                text7                             1839A    1839A       28     C0E4       0
                text6                             16D7E    16D7E       EA     8000       0
                text5                             181C8    181C8       34     C0E4       0
                text4                             18986    18986        8     625F       0
                text3                             188EC    188EC       12     6213       0
                text2                             17A6A    17A6A       64     5E67       0
                text1                             18742    18742       20     619B       0
                text0                             132E2    132E2      4DA     8000       0
                cstackCOMRAM                         52       52        6        1       1
                cstackBANK0                          FC       FC        4       60       1
                cstackBANK1                         1E0      1E0        4      100       1
                bssBANK7                            700      700       FF      700       1
                bssBANK6                            600      600       FF      600       1
                bssBANK5                            500      500       DA      500       1
                bssBANK4                            400      400       43      400       1
                bssBANK3                            300      300       D3      300       1
                dataBANK2                           200      200       BB      200       1
                bssBANK2                            2BB      2BB       40      200       1
                dataBANK1                           1D0      1D0       10      100       1
                bssBANK1                            100      100       D0      100       1
                dataBANK0                            C7       C7       35       60       1
                bssBANK0                             60       60       67       60       1
                bssCOMRAM                             1        1       31        1       1
                cinit                             16C8A    16C8A       F4     8000       0
                idataBANK2                        17000    17000       BB     8000       0
                idataBANK1                        188FE    188FE       10     6213       0
                idataBANK0                        18192    18192       35     5E67       0

TOTAL           Name                               Link     Load   Length     Space
        CLASS   STACK          
                stack                               7FF      7FF     1801         2

        CLASS   CODE           
                init                                 AE       AE        8         0
                reset_vec                             0        0        4         0
                ivt0x8                                8        8       A6         0
                text148                           1897C    1897C        A         0
                text147                           18970    18970        A         0
                text146                           18964    18964        A         0
                text145                           1894C    1894C        E         0
                text144                           17F68    17F68       46         0
                text143                           186DA    186DA       24         0
                text142                           1884C    1884C       1A         0
                text141                           187DA    187DA       1E         0
                text140                           1866C    1866C       26         0
                text139                           1831A    1831A       2C         0
                text138                           18644    18644       26         0
                text137                           187BC    187BC       1E         0
                text136                           1861C    1861C       26         0
                text135                           182EE    182EE       2C         0
                text134                           185F4    185F4       26         0
                text133                           1799C    1799C       68         0
                text132                           189CC    189CC        2         0
                text131                           189CA    189CA        2         0
                text130                           177CE    177CE       7E         0
                text129                           18370    18370       2A         0
                text128                           189C0    189C0        6         0
                text127                           189C8    189C8        2         0
                text126                           18720    18720       22         0
                text125                           1893C    1893C        E         0
                text124                           185CA    185CA       28         0
                text123                           186B6    186B6       24         0
                text122                           18034    18034       40         0
                text121                           17C54    17C54       5C         0
                text120                           164AC    164AC      148         0
                text119                           189C6    189C6        2         0
                text118                           186FE    186FE       22         0
                text117                           18074    18074       3E         0
                text116                           185A2    185A2       28         0
                text115                           1857A    1857A       28         0
                text114                           17930    17930       6A         0
                text113                           1895A    1895A        A         0
                text112                           178C6    178C6       6A         0
                text111                           17D0A    17D0A       5A         0
                text110                           18552    18552       28         0
                text109                           1852A    1852A       28         0
                text108                           181FC    181FC       34         0
                text107                           189A6    189A6        8         0
                text106                           17A04    17A04       66         0
                text105                           188C2    188C2       16         0
                text104                           1751C    1751C       92         0
                text103                           188D8    188D8       14         0
                text102                           188AC    188AC       16         0
                text101                           18896    18896       16         0
                text100                           1887E    1887E       18         0
                text99                            18502    18502       28         0
                text98                            17F22    17F22       46         0
                text97                            184DA    184DA       28         0
                text96                            18346    18346       2A         0
                text95                            184B2    184B2       28         0
                text94                            1848A    1848A       28         0
                text93                            17ACE    17ACE       64         0
                text92                            18462    18462       28         0
                text91                            1843A    1843A       28         0
                text90                            17BF6    17BF6       5E         0
                text89                            17EDC    17EDC       46         0
                text88                            11D82    11D82      82A         0
                text87                            125AC    125AC      7BC         0
                text86                            17E96    17E96       46         0
                text85                            15D34    15D34      1C0         0
                text84                            152AC    152AC      254         0
                text83                            1899E    1899E        8         0
                text82                            18996    18996        8         0
                text81                            1898E    1898E        8         0
                text80                            180B2    180B2       3C         0
                text79                            18692    18692       24         0
                text78                            180EE    180EE       38         0
                text77                            17FF2    17FF2       42         0
                text76                            1892C    1892C        E         0
                text75                            18866    18866       18         0
                text74                            1879E    1879E       1E         0
                text73                            1890E    1890E       10         0
                text72                            18814    18814       1C         0
                text71                            18290    18290       30         0
                text70                            17DB6    17DB6       52         0
                text69                            15038    15038      274         0
                text68                            170BC    170BC       AA         0
                text67                            18830    18830       1A         0
                text66                            16722    16722      124         0
                text65                            173F2    173F2       98         0
                text64                            172B4    172B4       A2         0
                text63                            1695E    1695E      114         0
                text62                            1763E    1763E       88         0
                text61                            14DB8    14DB8      280         0
                text60                            15500    15500      240         0
                text59                            17E50    17E50       46         0
                text58                            13C68    13C68      480         0
                text57                            1635E    1635E      14E         0
                text56                            16846    16846      118         0
                text55                            12D68    12D68      57A         0
                text54                            16F3C    16F3C       C4         0
                text53                            161FC    161FC      162         0
                text52                            17E08    17E08       48         0
                text51                            1608A    1608A      172         0
                text50                            15EF4    15EF4      196         0
                text49                            144A2    144A2      36C         0
                text48                            16E68    16E68       D4         0
                text47                            18260    18260       30         0
                text46                            1774A    1774A       84         0
                text45                            10000    10000     1244         0
                text44                            14AFA    14AFA      2BE         0
                text43                            15B6C    15B6C      1C8         0
                text42                            17FAE    17FAE       44         0
                text41                            18230    18230       30         0
                text40                            176C6    176C6       84         0
                text39                            140E8    140E8      3BA         0
                text38                            11244    11244      B3E         0
                text37                            17166    17166       A8         0
                text36                            17B94    17B94       62         0
                text35                            1480E    1480E      2EC         0
                text34                            1748A    1748A       92         0
                text33                            189BA    189BA        6         0
                text32                            189B4    189B4        6         0
                text31                            1720E    1720E       A6         0
                text30                            17CB0    17CB0       5A         0
                text29                            187F8    187F8       1C         0
                text28                            17D64    17D64       52         0
                text27                            1815C    1815C       36         0
                text26                            16A72    16A72      10E         0
                text25                            18126    18126       36         0
                text24                            182C0    182C0       2E         0
                text23                            16B80    16B80      10A         0
                text22                            165F4    165F4      12E         0
                text21                            15740    15740      228         0
                text20                            189AE    189AE        6         0
                text19                            15968    15968      204         0
                text18                            18780    18780       1E         0
                text17                            17B32    17B32       62         0
                text16                            137BC    137BC      4AC         0
                text15                            1784C    1784C       7A         0
                text14                            1891E    1891E        E         0
                text13                            18412    18412       28         0
                text12                            175AE    175AE       90         0
                text11                            17356    17356       9C         0
                text10                            183EA    183EA       28         0
                text9                             18762    18762       1E         0
                text8                             183C2    183C2       28         0
                text7                             1839A    1839A       28         0
                text6                             16D7E    16D7E       EA         0
                text5                             181C8    181C8       34         0
                text4                             18986    18986        8         0
                text3                             188EC    188EC       12         0
                text2                             17A6A    17A6A       64         0
                text1                             18742    18742       20         0
                text0                             132E2    132E2      4DA         0
                cinit                             16C8A    16C8A       F4         0
                idataBANK2                        17000    17000       BB         0
                idataBANK1                        188FE    188FE       10         0
                idataBANK0                        18192    18192       35         0

        CLASS   CONST          

        CLASS   SMALLCONST     

        CLASS   MEDIUMCONST    
                mediumconst                        FE0A     FE0A      1F6         0

        CLASS   COMRAM         
                temp                                 32       32       20         1
                cstackCOMRAM                         52       52        6         1
                bssCOMRAM                             1        1       31         1

        CLASS   ABS1           

        CLASS   BIGRAM         

        CLASS   RAM            

        CLASS   BANK0          
                cstackBANK0                          FC       FC        4         1
                dataBANK0                            C7       C7       35         1
                bssBANK0                             60       60       67         1

        CLASS   BANK1          
                cstackBANK1                         1E0      1E0        4         1
                dataBANK1                           1D0      1D0       10         1
                bssBANK1                            100      100       D0         1

        CLASS   BANK2          
                dataBANK2                           200      200       BB         1
                bssBANK2                            2BB      2BB       40         1

        CLASS   BANK3          
                bssBANK3                            300      300       D3         1

        CLASS   BANK4          
                bssBANK4                            400      400       43         1

        CLASS   BANK5          
                bssBANK5                            500      500       DA         1

        CLASS   BANK6          
                bssBANK6                            600      600       FF         1

        CLASS   BANK7          
                bssBANK7                            700      700       FF         1

        CLASS   BANK8          

        CLASS   BANK9          

        CLASS   BANK10         

        CLASS   BANK11         

        CLASS   BANK12         

        CLASS   BANK13         

        CLASS   BANK14         

        CLASS   BANK15         

        CLASS   BANK16         

        CLASS   BANK17         

        CLASS   BANK18         

        CLASS   BANK19         

        CLASS   BANK20         

        CLASS   BANK21         

        CLASS   BANK22         

        CLASS   BANK23         

        CLASS   BANK24         

        CLASS   BANK25         

        CLASS   BANK26         

        CLASS   BANK27         

        CLASS   BANK28         

        CLASS   BANK29         

        CLASS   BANK30         

        CLASS   BANK31         

        CLASS   SFR            

        CLASS   FARRAM         

        CLASS   CONFIG         
                config                           300000   300000        A         0

        CLASS   IDLOC          
                idloc                            200000   200000       10         0

        CLASS   EEDATA         



SEGMENTS        Name                           Load    Length   Top    Selector   Space  Class

                reset_vec                      000000  000004  000004         0       0  CODE    
                bssCOMRAM                      000001  000057  000058         1       1  COMRAM  
                ivt0x8                         000008  0000AE  0000B6         4       0  CODE    
                bssBANK0                       000060  0000A0  000100        60       1  BANK0   
                bssBANK1                       000100  0000E4  0001E4       100       1  BANK1   
                dataBANK2                      000200  0000FB  0002FB       200       1  BANK2   
                bssBANK3                       000300  0000D3  0003D3       300       1  BANK3   
                bssBANK4                       000400  000043  000443       400       1  BANK4   
                bssBANK5                       000500  0000DA  0005DA       500       1  BANK5   
                bssBANK6                       000600  0000FF  0006FF       600       1  BANK6   
                bssBANK7                       000700  0000FF  0007FF       700       1  BANK7   
                stack                          0007FF  001801  002000       7FF       2  STACK   
                mediumconst                    00FE0A  0001F6  010000      7F05       0  MEDIUMCO
                text45                         010000  0070BB  0170BB      8000       0  CODE    
                text68                         0170BC  0008DE  01799A      B85E       0  CODE    
                text133                        01799C  00082B  0181C7      5E67       0  CODE    
                text5                          0181C8  00042A  0185F2      C0E4       0  CODE    
                text134                        0185F4  000026  01861A      617D       0  CODE    
                text136                        01861C  000026  018642      6187       0  CODE    
                text138                        018644  000026  01866A      6191       0  CODE    
                text140                        01866C  0001DE  01884A      619B       0  CODE    
                text142                        01884C  0000EE  01893A      6213       0  CODE    
                text125                        01893C  00000E  01894A      624F       0  CODE    
                text145                        01894C  000022  01896E      6253       0  CODE    
                text147                        018970  00000A  01897A      625C       0  CODE    
                text148                        01897C  000052  0189CE      625F       0  CODE    
                idloc                          200000  000010  200010    200000       0  IDLOC   
                config                         300000  00000A  30000A    300000       0  CONFIG  


UNUSED ADDRESS RANGES

        Name                Unused          Largest block    Delta
        BANK1            0001E4-0001FF               1C
        BANK10           000A00-000AFF              100
        BANK11           000B00-000BFF              100
        BANK12           000C00-000CFF              100
        BANK13           000D00-000DFF              100
        BANK14           000E00-000EFF              100
        BANK15           000F00-000FFF              100
        BANK16           001000-0010FF              100
        BANK17           001100-0011FF              100
        BANK18           001200-0012FF              100
        BANK19           001300-0013FF              100
        BANK2            0002FB-0002FF                5
        BANK20           001400-0014FF              100
        BANK21           001500-0015FF              100
        BANK22           001600-0016FF              100
        BANK23           001700-0017FF              100
        BANK24           001800-0018FF              100
        BANK25           001900-0019FF              100
        BANK26           001A00-001AFF              100
        BANK27           001B00-001BFF              100
        BANK28           001C00-001CFF              100
        BANK29           001D00-001DFF              100
        BANK3            0003D3-0003FF               2D
        BANK30           001E00-001EFF              100
        BANK31           001F00-001FFF              100
        BANK4            000443-0004FF               BD
        BANK5            0005DA-0005FF               26
        BANK6            0006FF-0006FF                1
        BANK7            0007FF-0007FF                1
        BANK8            000800-0008FF              100
        BANK9            000900-0009FF              100
        BIGRAM           000058-00005F                8
                         0001E4-0001FF               1C
                         0002FB-0002FF                5
                         0003D3-0003FF               2D
                         000443-0004FF               BD
                         0005DA-0005FF               26
                         0006FF-0006FF                1
                         0007FF-001FFF             1801
        CODE             000004-000007                4
                         0000B6-00FE09             FD54
                         0170BB-0170BB                1
                         01799A-01799B                2
                         0181C7-0181C7                1
                         0185F2-0185F3                2
                         01861A-01861B                2
                         018642-018643                2
                         01866A-01866B                2
                         01884A-01884B                2
                         01893A-01893B                2
                         01894A-01894B                2
                         01896E-01896F                2
                         01897A-01897B                2
                         0189CE-01FFFF             7632
        COMRAM           000058-00005F                8
        CONST            000004-000007                4
                         0000B6-00FE09             FD54
                         0170BB-0170BB                1
                         01799A-01799B                2
                         0181C7-0181C7                1
                         0185F2-0185F3                2
                         01861A-01861B                2
                         018642-018643                2
                         01866A-01866B                2
                         01884A-01884B                2
                         01893A-01893B                2
                         01894A-01894B                2
                         01896E-01896F                2
                         01897A-01897B                2
                         0189CE-01FFFF             7632
        EEDATA           310000-3103FF              400
        MEDIUMCONST      002000-00FE09             DE0A
                         0170BB-0170BB                1
                         01799A-01799B                2
                         0181C7-0181C7                1
                         0185F2-0185F3                2
                         01861A-01861B                2
                         018642-018643                2
                         01866A-01866B                2
                         01884A-01884B                2
                         01893A-01893B                2
                         01894A-01894B                2
                         01896E-01896F                2
                         01897A-01897B                2
                         0189CE-01FFFF             7632
        RAM              0001E4-0001FF               1C
                         0002FB-0002FF                5
                         0003D3-0003FF               2D
                         000443-0004FF               BD
                         0005DA-0005FF               26
                         0006FF-0006FF                1
                         0007FF-001FFF              100
        SFR              003800-003FFF              100
        SMALLCONST       002000-00FE09              100
                         0170BB-0170BB                1
                         01799A-01799B                2
                         0181C7-0181C7                1
                         0185F2-0185F3                2
                         01861A-01861B                2
                         018642-018643                2
                         01866A-01866B                2
                         01884A-01884B                2
                         01893A-01893B                2
                         01894A-01894B                2
                         01896E-01896F                2
                         01897A-01897B                2
                         0189CE-01FFFF              100

                                  Symbol Table

IVTBASEH                                (abs)        003FD6
IVTBASEL                                (abs)        003FD5
IVTBASEU                                (abs)        003FD7
TMR5_ISR@CountCallBack                  bssCOMRAM    000021
_ADACCU                                 (abs)        003EEA
_ADACQH                                 (abs)        003EF4
_ADACQL                                 (abs)        003EF3
_ADACT                                  (abs)        003EFE
_ADCAP                                  (abs)        003EF5
_ADCC_ADI_InterruptHandler              bssCOMRAM    000004
_ADCC_ADTI_InterruptHandler             bssCOMRAM    000001
_ADCC_DefaultInterruptHandler           text131      0189CA
_ADCC_DischargeSampleCapacitor          text4        018986
_ADCC_ISR                               text129      018370
_ADCC_Initialize                        text114      017930
_ADCC_SetADIInterruptHandler            text116      0185A2
_ADCC_SetADTIInterruptHandler           text115      01857A
_ADCC_StartConversion                   text3        0188EC
_ADCC_ThresholdISR                      text133      01799C
_ADCLK                                  (abs)        003EFF
_ADCON0                                 (abs)        003EF8
_ADCON0bits                             (abs)        003EF8
_ADCON1                                 (abs)        003EF9
_ADCON2                                 (abs)        003EFA
_ADCON3                                 (abs)        003EFB
_ADFLTRH                                (abs)        003EE7
_ADFLTRL                                (abs)        003EE6
_ADLTHH                                 (abs)        003EDF
_ADLTHL                                 (abs)        003EDE
_ADPCH                                  (abs)        003EF1
_ADPREH                                 (abs)        003EF7
_ADPREL                                 (abs)        003EF6
_ADREF                                  (abs)        003EFD
_ADRPT                                  (abs)        003EEC
_ADSTAT                                 (abs)        003EFC
_ADSTPTH                                (abs)        003EE5
_ADSTPTL                                (abs)        003EE4
_ADUTHH                                 (abs)        003EE1
_ADUTHL                                 (abs)        003EE0
_ANSELA                                 (abs)        003A40
_ANSELB                                 (abs)        003A50
_ANSELC                                 (abs)        003A60
_ANSELD                                 (abs)        003A70
_ANSELE                                 (abs)        003A80
_ANSELF                                 (abs)        003A90
_C                                      bssBANK1     000100
_CCPTMRS1bits                           (abs)        003F5F
_CLKRCLK                                (abs)        003CE6
_CLKRCON                                (abs)        003CE5
_CLKREF_Initialize                      text113      01895A
_D                                      bssBANK5     000500
_DMA1AIRQ                               (abs)        003BFE
_DMA1CON0                               (abs)        003BFC
_DMA1CON0bits                           (abs)        003BFC
_DMA1CON1                               (abs)        003BFD
_DMA1CON1bits                           (abs)        003BFD
_DMA1DSA                                (abs)        003BF0
_DMA1DSZ                                (abs)        003BEE
_DMA1PR                                 (abs)        0039F3
_DMA1SIRQ                               (abs)        003BFF
_DMA1SSA                                (abs)        003BF9
_DMA1SSZ                                (abs)        003BF7
_DMA1_DMAA_ISR                          text147      018970
_DMA1_DMADCNT_ISR                       text146      018964
_DMA1_DMAOR_ISR                         text148      01897C
_DMA1_DMASCNT_ISR                       text145      01894C
_DMA1_Initialize                        text112      0178C6
_DMA2AIRQ                               (abs)        003BDE
_DMA2CON0                               (abs)        003BDC
_DMA2CON1                               (abs)        003BDD
_DMA2DSA                                (abs)        003BD0
_DMA2DSZ                                (abs)        003BCE
_DMA2PR                                 (abs)        0039F4
_DMA2SIRQ                               (abs)        003BDF
_DMA2SSA                                (abs)        003BD9
_DMA2SSZ                                (abs)        003BD7
_DMA2_Initialize                        text111      017D0A
_Default_ISR                            text128      0189C0
_EXT_INT_Initialize                     text108      0181FC
_FVRCON                                 (abs)        003EC1
_FVR_Initialize                         text107      0189A6
_GIE                                    (abs)        01FE97
_H                                      dataBANK0    0000F6
_INT0PPS                                (abs)        003AC0
_INT0_CallBack                          text126      018720
_INT0_DefaultInterruptHandler           text127      0189C8
_INT0_ISR                               text125      01893C
_INT0_InterruptHandler                  bssCOMRAM    000016
_INT0_SetInterruptHandler               text110      018552
_INT1PPS                                (abs)        003AC1
_INT1_CallBack                          text118      0186FE
_INT1_DefaultInterruptHandler           text119      0189C6
_INT1_ISR                               text117      018074
_INT1_InterruptHandler                  bssCOMRAM    000013
_INT1_SetInterruptHandler               text109      01852A
_INTCON0bits                            (abs)        003FD2
_INTERRUPT_Initialize                   text106      017A04
_IPR1bits                               (abs)        003981
_IPR2bits                               (abs)        003982
_IPR3bits                               (abs)        003983
_IPR5bits                               (abs)        003985
_IPR6bits                               (abs)        003986
_IPR8bits                               (abs)        003988
_IPR9bits                               (abs)        003989
_ISRPR                                  (abs)        0039F1
_IVTADH                                 (abs)        00389E
_IVTADL                                 (abs)        00389D
_IVTADU                                 (abs)        00389F
_IVTLOCK                                (abs)        003FD4
_IVTLOCKbits                            (abs)        003FD4
_LATA                                   (abs)        003FBA
_LATB                                   (abs)        003FBB
_LATC                                   (abs)        003FBC
_LATCbits                               (abs)        003FBC
_LATD                                   (abs)        003FBD
_LATDbits                               (abs)        003FBD
_LATE                                   (abs)        003FBE
_LATEbits                               (abs)        003FBE
_LATF                                   (abs)        003FBF
_MAINPR                                 (abs)        0039F2
_ODCONA                                 (abs)        003A42
_ODCONB                                 (abs)        003A52
_ODCONC                                 (abs)        003A62
_ODCOND                                 (abs)        003A72
_ODCONE                                 (abs)        003A82
_ODCONF                                 (abs)        003A92
_OSCCON1                                (abs)        0039D9
_OSCCON3                                (abs)        0039DB
_OSCEN                                  (abs)        0039DD
_OSCFRQ                                 (abs)        0039DF
_OSCILLATOR_Initialize                  text105      0188C2
_OSCTUNE                                (abs)        0039DE
_P                                      bssBANK0     0000BD
_PIE1bits                               (abs)        003991
_PIE2bits                               (abs)        003992
_PIE3bits                               (abs)        003993
_PIE5bits                               (abs)        003995
_PIE6bits                               (abs)        003996
_PIE8bits                               (abs)        003998
_PIE9bits                               (abs)        003999
_PIN_MANAGER_Initialize                 text104      01751C
_PIR1bits                               (abs)        0039A1
_PIR2bits                               (abs)        0039A2
_PIR4bits                               (abs)        0039A4
_PIR5bits                               (abs)        0039A5
_PIR8bits                               (abs)        0039A8
_PIR9bits                               (abs)        0039A9
_PLLR                                   (abs)        01CEE0
_PMD0                                   (abs)        0039C0
_PMD1                                   (abs)        0039C1
_PMD2                                   (abs)        0039C2
_PMD3                                   (abs)        0039C3
_PMD4                                   (abs)        0039C4
_PMD5                                   (abs)        0039C5
_PMD6                                   (abs)        0039C6
_PMD7                                   (abs)        0039C7
_PMD_Initialize                         text103      0188D8
_PORTBbits                              (abs)        003FCB
_PORTFbits                              (abs)        003FCF
_PWM8CON                                (abs)        003F62
_PWM8DCH                                (abs)        003F61
_PWM8DCL                                (abs)        003F60
_PWM8_Initialize                        text102      0188AC
_PWM8_LoadDutyValue                     text77       017FF2
_R                                      dataBANK0    0000C7
_RB6PPS                                 (abs)        003A0E
_RC3PPS                                 (abs)        003A13
_RC5PPS                                 (abs)        003A15
_RC6PPS                                 (abs)        003A16
_RD1PPS                                 (abs)        003A19
_S                                      bssBANK0     000060
_SCANPR                                 (abs)        0039F7
_SLRCONA                                (abs)        003A43
_SLRCONB                                (abs)        003A53
_SLRCONC                                (abs)        003A63
_SLRCOND                                (abs)        003A73
_SLRCONE                                (abs)        003A83
_SLRCONF                                (abs)        003A93
_SPI1BAUD                               (abs)        003D19
_SPI1CLK                                (abs)        003D1C
_SPI1CON0                               (abs)        003D14
_SPI1CON1                               (abs)        003D15
_SPI1CON2                               (abs)        003D16
_SPI1INTFbits                           (abs)        003D1A
_SPI1RXB                                (abs)        003D10
_SPI1SCKPPS                             (abs)        003ADE
_SPI1SDIPPS                             (abs)        003ADF
_SPI1TCNTL                              (abs)        003D12
_SPI1TXB                                (abs)        003D11
_SPI1_Exchange8bit                      text9        018762
_SPI1_Initialize                        text101      018896
_SYSTEM_Initialize                      text89       017EDC
_StartTimer                             text80       0180B2
_T                                      mediumconst  00FE0B
_T2CLKCON                               (abs)        003FAE
_T2CON                                  (abs)        003FAC
_T2HLT                                  (abs)        003FAD
_T2PR                                   (abs)        003FAB
_T2RST                                  (abs)        003FAF
_T2TMR                                  (abs)        003FAA
_T5CLK                                  (abs)        003F9D
_T5CON                                  (abs)        003F9A
_T5CONbits                              (abs)        003F9A
_T5GATE                                 (abs)        003F9C
_T5GCON                                 (abs)        003F9B
_T6CLKCON                               (abs)        003F96
_T6CON                                  (abs)        003F94
_T6HLT                                  (abs)        003F95
_T6PR                                   (abs)        003F93
_T6RST                                  (abs)        003F97
_T6TMR                                  (abs)        003F92
_TMR2_Initialize                        text100      01887E
_TMR5H                                  (abs)        003F99
_TMR5L                                  (abs)        003F98
_TMR5_CallBack                          text123      0186B6
_TMR5_DefaultInterruptHandler           text124      0185CA
_TMR5_ISR                               text121      017C54
_TMR5_Initialize                        text98       017F22
_TMR5_InterruptHandler                  bssBANK0     0000C1
_TMR5_SetInterruptHandler               text99       018502
_TMR5_WriteTimer                        text122      018034
_TMR6_CallBack                          text143      0186DA
_TMR6_DefaultInterruptHandler           text144      017F68
_TMR6_ISR                               text142      01884C
_TMR6_Initialize                        text96       018346
_TMR6_InterruptHandler                  bssBANK0     0000C4
_TMR6_SetInterruptHandler               text97       0184DA
_TRISA                                  (abs)        003FC2
_TRISB                                  (abs)        003FC3
_TRISC                                  (abs)        003FC4
_TRISD                                  (abs)        003FC5
_TRISE                                  (abs)        003FC6
_TRISF                                  (abs)        003FC7
_TimerDone                              text79       018692
_U1BRGH                                 (abs)        003DF6
_U1BRGL                                 (abs)        003DF5
_U1CON0                                 (abs)        003DF2
_U1CON1                                 (abs)        003DF3
_U1CON2                                 (abs)        003DF4
_U1ERRIE                                (abs)        003DFA
_U1ERRIR                                (abs)        003DF9
_U1FIFO                                 (abs)        003DF7
_U1P1H                                  (abs)        003DED
_U1P1L                                  (abs)        003DEC
_U1P2H                                  (abs)        003DEF
_U1P2L                                  (abs)        003DEE
_U1P3H                                  (abs)        003DF1
_U1P3L                                  (abs)        003DF0
_U1RXB                                  (abs)        003DE8
_U1RXPPS                                (abs)        003AE5
_U1TXB                                  (abs)        003DEA
_U1UIR                                  (abs)        003DF8
_U2BRGH                                 (abs)        003DDE
_U2BRGL                                 (abs)        003DDD
_U2CON0                                 (abs)        003DDA
_U2CON1                                 (abs)        003DDB
_U2CON2                                 (abs)        003DDC
_U2ERRIE                                (abs)        003DE2
_U2ERRIR                                (abs)        003DE1
_U2FIFO                                 (abs)        003DDF
_U2P1L                                  (abs)        003DD4
_U2P2L                                  (abs)        003DD6
_U2P3L                                  (abs)        003DD8
_U2RXB                                  (abs)        003DD0
_U2RXPPS                                (abs)        003AE8
_U2TXB                                  (abs)        003DD2
_U2UIR                                  (abs)        003DE0
_UART1_Initialize                       text93       017ACE
_UART1_Receive_ISR                      text137      0187BC
_UART1_RxInterruptHandler               bssCOMRAM    00000A
_UART1_SetRxInterruptHandler            text95       0184B2
_UART1_SetTxInterruptHandler            text94       01848A
_UART1_Transmit_ISR                     text135      0182EE
_UART1_TxInterruptHandler               bssCOMRAM    000007
_UART1_rx_vect_isr                      text136      01861C
_UART1_tx_vect_isr                      text134      0185F4
_UART2_Initialize                       text90       017BF6
_UART2_Receive_ISR                      text141      0187DA
_UART2_RxInterruptHandler               bssCOMRAM    000010
_UART2_SetRxInterruptHandler            text92       018462
_UART2_SetTxInterruptHandler            text91       01843A
_UART2_Transmit_ISR                     text139      01831A
_UART2_TxInterruptHandler               bssCOMRAM    00000D
_UART2_rx_vect_isr                      text140      01866C
_UART2_tx_vect_isr                      text138      018644
_V                                      dataBANK2    000200
_WPUA                                   (abs)        003A41
_WPUB                                   (abs)        003A51
_WPUC                                   (abs)        003A61
_WPUD                                   (abs)        003A71
_WPUE                                   (abs)        003A81
_WPUF                                   (abs)        003A91
_WaitMs                                 text25       018126
__CFG_BBEN$OFF                          (abs)        000000
__CFG_BBSIZE$BBSIZE_512                 (abs)        000000
__CFG_BOREN$SBORDIS                     (abs)        000000
__CFG_BORV$VBOR_2P45                    (abs)        000000
__CFG_CLKOUTEN$OFF                      (abs)        000000
__CFG_CP$OFF                            (abs)        000000
__CFG_CSWEN$ON                          (abs)        000000
__CFG_DEBUG$OFF                         (abs)        000000
__CFG_FCMEN$ON                          (abs)        000000
__CFG_FEXTOSC$ECH                       (abs)        000000
__CFG_IVT1WAY$ON                        (abs)        000000
__CFG_LPBOREN$OFF                       (abs)        000000
__CFG_LVP$ON                            (abs)        000000
__CFG_MCLRE$EXTMCLR                     (abs)        000000
__CFG_MVECEN$ON                         (abs)        000000
__CFG_PPS1WAY$ON                        (abs)        000000
__CFG_PR1WAY$OFF                        (abs)        000000
__CFG_PWRTS$PWRT_OFF                    (abs)        000000
__CFG_RSTOSC$EXTOSC_4PLL                (abs)        000000
__CFG_SAFEN$OFF                         (abs)        000000
__CFG_STVREN$ON                         (abs)        000000
__CFG_WDTCCS$SC                         (abs)        000000
__CFG_WDTCPS$WDTCPS_31                  (abs)        000000
__CFG_WDTCWS$WDTCWS_7                   (abs)        000000
__CFG_WDTE$OFF                          (abs)        000000
__CFG_WRTAPP$OFF                        (abs)        000000
__CFG_WRTB$OFF                          (abs)        000000
__CFG_WRTC$OFF                          (abs)        000000
__CFG_WRTD$OFF                          (abs)        000000
__CFG_WRTSAF$OFF                        (abs)        000000
__CFG_XINST$OFF                         (abs)        000000
__CFG_ZCD$OFF                           (abs)        000000
__HRAM                                  (abs)        000000
__Habs1                                 abs1         000000
__Hbank0                                bank0        000000
__Hbank1                                bank1        000000
__Hbank10                               bank10       000000
__Hbank11                               bank11       000000
__Hbank12                               bank12       000000
__Hbank13                               bank13       000000
__Hbank14                               bank14       000000
__Hbank15                               bank15       000000
__Hbank16                               bank16       000000
__Hbank17                               bank17       000000
__Hbank18                               bank18       000000
__Hbank19                               bank19       000000
__Hbank2                                bank2        000000
__Hbank20                               bank20       000000
__Hbank21                               bank21       000000
__Hbank22                               bank22       000000
__Hbank23                               bank23       000000
__Hbank24                               bank24       000000
__Hbank25                               bank25       000000
__Hbank26                               bank26       000000
__Hbank27                               bank27       000000
__Hbank28                               bank28       000000
__Hbank29                               bank29       000000
__Hbank3                                bank3        000000
__Hbank30                               bank30       000000
__Hbank31                               bank31       000000
__Hbank4                                bank4        000000
__Hbank5                                bank5        000000
__Hbank6                                bank6        000000
__Hbank7                                bank7        000000
__Hbank8                                bank8        000000
__Hbank9                                bank9        000000
__Hbigbss                               bigbss       000000
__Hbigdata                              bigdata      000000
__Hbigram                               bigram       000000
__Hbss                                  bss          000000
__HbssBANK0                             bssBANK0     000000
__HbssBANK1                             bssBANK1     000000
__HbssBANK2                             bssBANK2     000000
__HbssBANK3                             bssBANK3     000000
__HbssBANK4                             bssBANK4     000000
__HbssBANK5                             bssBANK5     000000
__HbssBANK6                             bssBANK6     000000
__HbssBANK7                             bssBANK7     000000
__HbssCOMRAM                            bssCOMRAM    000000
__Hcinit                                cinit        000000
__Hclrtext                              clrtext      000000
__Hcomram                               comram       000000
__Hconfig                               config       30000A
__Hconst                                const        000000
__HcstackBANK0                          cstackBANK0  000000
__HcstackBANK1                          cstackBANK1  000000
__HcstackCOMRAM                         cstackCOMRAM 000000
__Hdata                                 data         000000
__HdataBANK0                            dataBANK0    000000
__HdataBANK1                            dataBANK1    000000
__HdataBANK2                            dataBANK2    000000
__Heeprom_data                          eeprom_data  000000
__Hfarbss                               farbss       000000
__Hfardata                              fardata      000000
__Hibigdata                             ibigdata     000000
__Hidata                                idata        000000
__HidataBANK0                           idataBANK0   000000
__HidataBANK1                           idataBANK1   000000
__HidataBANK2                           idataBANK2   000000
__Hidloc                                idloc        200010
__Hifardata                             ifardata     000000
__Hinit                                 init         0000B6
__Hintsave_regs                         intsave_regs 000000
__Hirdata                               irdata       000000
__Hivt0x8                               ivt0x8       0000AE
__Hmediumconst                          mediumconst  010000
__HnvFARRAM                             nvFARRAM     000000
__Hnvbit                                nvbit        000000
__Hnvrram                               nvrram       000000
__Hparam                                rparam       000000
__Hpowerup                              powerup      000000
__Hram                                  ram          000000
__Hramtop                               ramtop       002000
__Hrbit                                 rbit         000000
__Hrbss                                 rbss         000000
__Hrdata                                rdata        000000
__Hreset_vec                            reset_vec    000004
__Hrparam                               rparam       000000
__Hsfr                                  sfr          000000
__Hsmallconst                           smallconst   000000
__Hspace_0                              (abs)        30000A
__Hspace_1                              (abs)        0007FF
__Hspace_2                              (abs)        002000
__Hstack                                stack        002000
__Hstruct                               struct       000000
__Htemp                                 temp         000052
__Htext                                 text         000000
__Htext0                                text0        000000
__Htext1                                text1        000000
__Htext10                               text10       000000
__Htext100                              text100      000000
__Htext101                              text101      000000
__Htext102                              text102      000000
__Htext103                              text103      000000
__Htext104                              text104      000000
__Htext105                              text105      000000
__Htext106                              text106      000000
__Htext107                              text107      000000
__Htext108                              text108      000000
__Htext109                              text109      000000
__Htext11                               text11       000000
__Htext110                              text110      000000
__Htext111                              text111      000000
__Htext112                              text112      000000
__Htext113                              text113      000000
__Htext114                              text114      000000
__Htext115                              text115      000000
__Htext116                              text116      000000
__Htext117                              text117      000000
__Htext118                              text118      000000
__Htext119                              text119      000000
__Htext12                               text12       000000
__Htext120                              text120      000000
__Htext121                              text121      000000
__Htext122                              text122      000000
__Htext123                              text123      000000
__Htext124                              text124      000000
__Htext125                              text125      000000
__Htext126                              text126      000000
__Htext127                              text127      000000
__Htext128                              text128      000000
__Htext129                              text129      000000
__Htext13                               text13       000000
__Htext130                              text130      000000
__Htext131                              text131      000000
__Htext132                              text132      000000
__Htext133                              text133      000000
__Htext134                              text134      000000
__Htext135                              text135      000000
__Htext136                              text136      000000
__Htext137                              text137      000000
__Htext138                              text138      000000
__Htext139                              text139      000000
__Htext14                               text14       000000
__Htext140                              text140      000000
__Htext141                              text141      000000
__Htext142                              text142      000000
__Htext143                              text143      000000
__Htext144                              text144      000000
__Htext145                              text145      000000
__Htext146                              text146      000000
__Htext147                              text147      000000
__Htext148                              text148      000000
__Htext149                              text149      000000
__Htext15                               text15       000000
__Htext16                               text16       000000
__Htext17                               text17       000000
__Htext18                               text18       000000
__Htext19                               text19       000000
__Htext2                                text2        000000
__Htext20                               text20       000000
__Htext21                               text21       000000
__Htext22                               text22       000000
__Htext23                               text23       000000
__Htext24                               text24       000000
__Htext25                               text25       000000
__Htext26                               text26       000000
__Htext27                               text27       000000
__Htext28                               text28       000000
__Htext29                               text29       000000
__Htext3                                text3        000000
__Htext30                               text30       000000
__Htext31                               text31       000000
__Htext32                               text32       000000
__Htext33                               text33       000000
__Htext34                               text34       000000
__Htext35                               text35       000000
__Htext36                               text36       000000
__Htext37                               text37       000000
__Htext38                               text38       000000
__Htext39                               text39       000000
__Htext4                                text4        000000
__Htext40                               text40       000000
__Htext41                               text41       000000
__Htext42                               text42       000000
__Htext43                               text43       000000
__Htext44                               text44       000000
__Htext45                               text45       000000
__Htext46                               text46       000000
__Htext47                               text47       000000
__Htext48                               text48       000000
__Htext49                               text49       000000
__Htext5                                text5        000000
__Htext50                               text50       000000
__Htext51                               text51       000000
__Htext52                               text52       000000
__Htext53                               text53       000000
__Htext54                               text54       000000
__Htext55                               text55       000000
__Htext56                               text56       000000
__Htext57                               text57       000000
__Htext58                               text58       000000
__Htext59                               text59       000000
__Htext6                                text6        000000
__Htext60                               text60       000000
__Htext61                               text61       000000
__Htext62                               text62       000000
__Htext63                               text63       000000
__Htext64                               text64       000000
__Htext65                               text65       000000
__Htext66                               text66       000000
__Htext67                               text67       000000
__Htext68                               text68       000000
__Htext69                               text69       000000
__Htext7                                text7        000000
__Htext70                               text70       000000
__Htext71                               text71       000000
__Htext72                               text72       000000
__Htext73                               text73       000000
__Htext74                               text74       000000
__Htext75                               text75       000000
__Htext76                               text76       000000
__Htext77                               text77       000000
__Htext78                               text78       000000
__Htext79                               text79       000000
__Htext8                                text8        000000
__Htext80                               text80       000000
__Htext81                               text81       000000
__Htext82                               text82       000000
__Htext83                               text83       000000
__Htext84                               text84       000000
__Htext85                               text85       000000
__Htext86                               text86       000000
__Htext87                               text87       000000
__Htext88                               text88       000000
__Htext89                               text89       000000
__Htext9                                text9        000000
__Htext90                               text90       000000
__Htext91                               text91       000000
__Htext92                               text92       000000
__Htext93                               text93       000000
__Htext94                               text94       000000
__Htext95                               text95       000000
__Htext96                               text96       000000
__Htext97                               text97       000000
__Htext98                               text98       000000
__Htext99                               text99       000000
__LRAM                                  (abs)        000001
__Labs1                                 abs1         000000
__Lbank0                                bank0        000000
__Lbank1                                bank1        000000
__Lbank10                               bank10       000000
__Lbank11                               bank11       000000
__Lbank12                               bank12       000000
__Lbank13                               bank13       000000
__Lbank14                               bank14       000000
__Lbank15                               bank15       000000
__Lbank16                               bank16       000000
__Lbank17                               bank17       000000
__Lbank18                               bank18       000000
__Lbank19                               bank19       000000
__Lbank2                                bank2        000000
__Lbank20                               bank20       000000
__Lbank21                               bank21       000000
__Lbank22                               bank22       000000
__Lbank23                               bank23       000000
__Lbank24                               bank24       000000
__Lbank25                               bank25       000000
__Lbank26                               bank26       000000
__Lbank27                               bank27       000000
__Lbank28                               bank28       000000
__Lbank29                               bank29       000000
__Lbank3                                bank3        000000
__Lbank30                               bank30       000000
__Lbank31                               bank31       000000
__Lbank4                                bank4        000000
__Lbank5                                bank5        000000
__Lbank6                                bank6        000000
__Lbank7                                bank7        000000
__Lbank8                                bank8        000000
__Lbank9                                bank9        000000
__Lbigbss                               bigbss       000000
[...]
 Defined at:
		line 134 in file "mcc_generated_files/dma1.c"
 Parameters:    Size  Location     Type
		None
 Auto vars:     Size  Location     Type
		None
 Return value:  Size  Location     Type
                  1    wreg      void 
 Registers used:
		None
 Tracked objects:
		On entry : 
		On exit  : 
		Unchanged: 
 Data sizes:     COMRAM   BANK0   BANK1   BANK2   BANK3   BANK4   BANK5   BANK6   BANK7   BANK8   BANK9  BANK10  BANK11  BANK12  BANK13  BANK14  BANK15  BANK16  BANK17  BANK18  BANK19  BANK20  BANK21  BANK22  BANK23  BANK24  BANK25  BANK26  BANK27  BANK28  BANK29  BANK30  BANK31
      Params:         0       0       0       0       0       0       0       0       0       0       0       0       0       0       0       0       0       0       0       0       0       0       0       0       0       0       0       0       0       0       0       0       0
      Locals:         0       0       0       0       0       0       0       0       0       0       0       0       0       0       0       0       0       0       0       0       0       0       0       0       0       0       0       0       0       0       0       0       0
      Temps:          0       0       0       0       0       0       0       0       0       0       0       0       0       0       0       0       0       0       0       0       0       0       0       0       0       0       0       0       0       0       0       0       0
      Totals:         0       0       0       0       0       0       0       0       0       0       0       0       0       0       0       0       0       0       0       0       0       0       0       0       0       0       0       0       0       0       0       0       0
Total ram usage:        0 bytes
 Hardware stack levels used:    1
 This function calls:
		Nothing
 This function is called by:
		Interrupt level 2
 This function uses a non-reentrant model


 *************** function _DMA1_DMAA_ISR *****************
 Defined at:
		line 144 in file "mcc_generated_files/dma1.c"
 Parameters:    Size  Location     Type
		None
 Auto vars:     Size  Location     Type
		None
 Return value:  Size  Location     Type
                  1    wreg      void 
 Registers used:
		None
 Tracked objects:
		On entry : 
		On exit  : 
		Unchanged: 
 Data sizes:     COMRAM   BANK0   BANK1   BANK2   BANK3   BANK4   BANK5   BANK6   BANK7   BANK8   BANK9  BANK10  BANK11  BANK12  BANK13  BANK14  BANK15  BANK16  BANK17  BANK18  BANK19  BANK20  BANK21  BANK22  BANK23  BANK24  BANK25  BANK26  BANK27  BANK28  BANK29  BANK30  BANK31
      Params:         0       0       0       0       0       0       0       0       0       0       0       0       0       0       0       0       0       0       0       0       0       0       0       0       0       0       0       0       0       0       0       0       0
      Locals:         0       0       0       0       0       0       0       0       0       0       0       0       0       0       0       0       0       0       0       0       0       0       0       0       0       0       0       0       0       0       0       0       0
      Temps:          0       0       0       0       0       0       0       0       0       0       0       0       0       0       0       0       0       0       0       0       0       0       0       0       0       0       0       0       0       0       0       0       0
      Totals:         0       0       0       0       0       0       0       0       0       0       0       0       0       0       0       0       0       0       0       0       0       0       0       0       0       0       0       0       0       0       0       0       0
Total ram usage:        0 bytes
 Hardware stack levels used:    1
 This function calls:
		Nothing
 This function is called by:
		Interrupt level 2
 This function uses a non-reentrant model


 *************** function _DMA1_DMAOR_ISR *****************
 Defined at:
		line 155 in file "mcc_generated_files/dma1.c"
 Parameters:    Size  Location     Type
		None
 Auto vars:     Size  Location     Type
		None
 Return value:  Size  Location     Type
                  1    wreg      void 
 Registers used:
		None
 Tracked objects:
		On entry : 
		On exit  : 
		Unchanged: 
 Data sizes:     COMRAM   BANK0   BANK1   BANK2   BANK3   BANK4   BANK5   BANK6   BANK7   BANK8   BANK9  BANK10  BANK11  BANK12  BANK13  BANK14  BANK15  BANK16  BANK17  BANK18  BANK19  BANK20  BANK21  BANK22  BANK23  BANK24  BANK25  BANK26  BANK27  BANK28  BANK29  BANK30  BANK31
      Params:         0       0       0       0       0       0       0       0       0       0       0       0       0       0       0       0       0       0       0       0       0       0       0       0       0       0       0       0       0       0       0       0       0
      Locals:         0       0       0       0       0       0       0       0       0       0       0       0       0       0       0       0       0       0       0       0       0       0       0       0       0       0       0       0       0       0       0       0       0
      Temps:          0       0       0       0       0       0       0       0       0       0       0       0       0       0       0       0       0       0       0       0       0       0       0       0       0       0       0       0       0       0       0       0       0
      Totals:         0       0       0       0       0       0       0       0       0       0       0       0       0       0       0       0       0       0       0       0       0       0       0       0       0       0       0       0       0       0       0       0       0
Total ram usage:        0 bytes
 Hardware stack levels used:    1
 This function calls:
		Nothing
 This function is called by:
		Interrupt level 2
 This function uses a non-reentrant model



MODULE INFORMATION

Module		Function		Class		Link	Load	Size
ringbufs.c
		_ringBufS_init 		CODE           	183EA	0000	41
		_ringBufS_flush		CODE           	1748A	0000	147
		_ringBufS_put_dma		CODE           	170BC	0000	171

ringbufs.c estimated size: 359

mcc_generated_files/uart2.c
		_UART2_rx_vect_isr		CODE           	1866C	0000	39
		_UART2_tx_vect_isr		CODE           	18644	0000	39
		_UART2_Receive_ISR		CODE           	187DA	0000	31
		_UART2_SetRxInterruptHandler		CODE           	18462	0000	41
		_UART2_SetTxInterruptHandler		CODE           	1843A	0000	41
		_UART2_Initialize		CODE           	17BF6	0000	95
		_UART2_Transmit_ISR		CODE           	1831A	0000	45

mcc_generated_files/uart2.c estimated size: 331

timers.c
		_WaitMs        		CODE           	18126	0000	55
		_StartTimer    		CODE           	180B2	0000	61
		_TimerDone     		CODE           	18692	0000	37

timers.c estimated size: 153

mcc_generated_files/pwm8.c
		_PWM8_LoadDutyValue		CODE           	17FF2	0000	67
		_PWM8_Initialize		CODE           	188AC	0000	23

mcc_generated_files/pwm8.c estimated size: 90

/opt/microchip/xc8/v2.10/pic/sources/c99/common/awmod.c
		___awmod       		CODE           	16846	0000	281

/opt/microchip/xc8/v2.10/pic/sources/c99/common/awmod.c estimated size: 281

mcc_generated_files/tmr6.c
		_TMR6_CallBack 		CODE           	186DA	0000	37
		_TMR6_ISR      		CODE           	1884C	0000	27
		_TMR6_Initialize		CODE           	18346	0000	43
		_TMR6_SetInterruptHandler		CODE           	184DA	0000	41
		_TMR6_DefaultInterruptHandler		CODE           	17F68	0000	71

mcc_generated_files/tmr6.c estimated size: 219

/opt/microchip/xc8/v2.10/pic/sources/c99/common/flge.c
		___flge        		CODE           	161FC	0000	355

/opt/microchip/xc8/v2.10/pic/sources/c99/common/flge.c estimated size: 355

mcc_generated_files/fvr.c
		_FVR_Initialize		CODE           	189A6	0000	9

mcc_generated_files/fvr.c estimated size: 9

/opt/microchip/xc8/v2.10/pic/sources/c99/common/aomod.c
		___aomod       		CODE           	15500	0000	577

/opt/microchip/xc8/v2.10/pic/sources/c99/common/aomod.c estimated size: 577

mcc_generated_files/tmr2.c
		_TMR2_Initialize		CODE           	1887E	0000	25

mcc_generated_files/tmr2.c estimated size: 25

mcc_generated_files/interrupt_manager.c
		_INTERRUPT_Initialize		CODE           	17A04	0000	103
		_Default_ISR   		CODE           	189C0	0000	7

mcc_generated_files/interrupt_manager.c estimated size: 110

/opt/microchip/xc8/v2.10/pic/sources/c99/common/xxtofl.c
		___xxtofl      		CODE           	15968	0000	517

/opt/microchip/xc8/v2.10/pic/sources/c99/common/xxtofl.c estimated size: 517

/opt/microchip/xc8/v2.10/pic/sources/c99/common/printf.c
		_printf        		CODE           	17B94	0000	99

/opt/microchip/xc8/v2.10/pic/sources/c99/common/printf.c estimated size: 99

dio.c
		_start_switch_handler		CODE           	18742	0000	33
		_get_switch    		CODE           	18412	0000	41
		_switch_handler		CODE           	164AC	0000	329

dio.c estimated size: 403

eadog.c
		_init_display  		CODE           	16D7E	0000	235
		_eaDogM_WriteCommand		CODE           	1891E	0000	15
		_putch         		CODE           	18830	0000	27
		_wdtdelay      		CODE           	17CB0	0000	91
		_send_lcd_cmd  		CODE           	183C2	0000	41
		_send_lcd_cmd_dma		CODE           	17D64	0000	83
		_wait_lcd_set  		CODE           	189B4	0000	7
		_eaDogM_WriteStringAtPos		CODE           	1815C	0000	55
		_wait_lcd_done 		CODE           	187F8	0000	29
		_send_lcd_cmd_long		CODE           	1839A	0000	41
		_start_lcd     		CODE           	189BA	0000	7
		_eaDogM_WriteString		CODE           	1720E	0000	167

eadog.c estimated size: 798

mcc_generated_files/pin_manager.c
		_PIN_MANAGER_Initialize		CODE           	1751C	0000	147

mcc_generated_files/pin_manager.c estimated size: 147

/opt/microchip/xc8/v2.10/pic/sources/c99/common/strlen.c
		_strlen        		CODE           	172B4	0000	163

/opt/microchip/xc8/v2.10/pic/sources/c99/common/strlen.c estimated size: 163

/opt/microchip/xc8/v2.10/pic/sources/c99/common/nf_fputs.c
		_fputs         		CODE           	173F2	0000	153

/opt/microchip/xc8/v2.10/pic/sources/c99/common/nf_fputs.c estimated size: 153

/opt/microchip/xc8/v2.10/pic/sources/c99/common/floorf.c
		_floorf        		CODE           	144A2	0000	877

/opt/microchip/xc8/v2.10/pic/sources/c99/common/floorf.c estimated size: 877

mcc_generated_files/spi1.c
		_SPI1_Initialize		CODE           	18896	0000	23
		_SPI1_Exchange8bit		CODE           	18762	0000	31

mcc_generated_files/spi1.c estimated size: 54

/opt/microchip/xc8/v2.10/pic/sources/c99/common/strcpy.c
		_strcpy        		CODE           	16E68	0000	213

/opt/microchip/xc8/v2.10/pic/sources/c99/common/strcpy.c estimated size: 213

/opt/microchip/xc8/v2.10/pic/sources/c99/common/nanf.c
		_nanf          		CODE           	17B32	0000	99

/opt/microchip/xc8/v2.10/pic/sources/c99/common/nanf.c estimated size: 99

/opt/microchip/xc8/v2.10/pic/sources/c99/common/isupper.c
		_isupper       		CODE           	18260	0000	49

/opt/microchip/xc8/v2.10/pic/sources/c99/common/isupper.c estimated size: 49

/opt/microchip/xc8/v2.10/pic/sources/c99/common/memset.c
		_memset        		CODE           	1480E	0000	749

/opt/microchip/xc8/v2.10/pic/sources/c99/common/memset.c estimated size: 749

/opt/microchip/xc8/v2.10/pic/sources/c99/common/awdiv.c
		___awdiv       		CODE           	1635E	0000	335

/opt/microchip/xc8/v2.10/pic/sources/c99/common/awdiv.c estimated size: 335

mcc_generated_files/clkref.c
		_CLKREF_Initialize		CODE           	1895A	0000	11

mcc_generated_files/clkref.c estimated size: 11

/opt/microchip/xc8/v2.10/pic/sources/c99/common/fltol.c
		___fltol       		CODE           	1608A	0000	371

/opt/microchip/xc8/v2.10/pic/sources/c99/common/fltol.c estimated size: 371

mbmc.c
		_calc_model_data		CODE           	152AC	0000	597
		_lp_filter     		CODE           	15D34	0000	449
		_convert_adc_data		CODE           	1784C	0000	123

mbmc.c estimated size: 1169

/opt/microchip/xc8/v2.10/pic/sources/c99/common/abs.c
		_abs           		CODE           	17E50	0000	71

/opt/microchip/xc8/v2.10/pic/sources/c99/common/abs.c estimated size: 71

mcc_generated_files/dma1.c
		_DMA1_DMADCNT_ISR		CODE           	18964	0000	11
		_DMA1_DMASCNT_ISR		CODE           	1894C	0000	15
		_DMA1_Initialize		CODE           	178C6	0000	107
		_DMA1_DMAA_ISR 		CODE           	18970	0000	11
		_DMA1_DMAOR_ISR		CODE           	1897C	0000	11

mcc_generated_files/dma1.c estimated size: 155

/opt/microchip/xc8/v2.10/pic/sources/c99/common/__fpclassifyf.c
		___fpclassifyf 		CODE           	15EF4	0000	407

/opt/microchip/xc8/v2.10/pic/sources/c99/common/__fpclassifyf.c estimated size: 407

daq.c
		_conv_raw_result		CODE           	137BC	0000	1197
		_check_adc_scan		CODE           	1899E	0000	9
		_start_adc_scan		CODE           	17A6A	0000	101
		_clear_adc_scan		CODE           	189AE	0000	7
		_get_raw_result		CODE           	18780	0000	31
		_adc_int_t_handler		CODE           	177CE	0000	127
		_adc_int_handler		CODE           	189CC	0000	3

daq.c estimated size: 1475

/opt/microchip/xc8/v2.10/pic/sources/c99/common/rand.c
		_srand         		CODE           	181C8	0000	53

/opt/microchip/xc8/v2.10/pic/sources/c99/common/rand.c estimated size: 53

/opt/microchip/xc8/v2.10/pic/sources/c99/common/aodiv.c
		___aodiv       		CODE           	14DB8	0000	641

/opt/microchip/xc8/v2.10/pic/sources/c99/common/aodiv.c estimated size: 641

/opt/microchip/xc8/v2.10/pic/sources/c99/common/islower.c
		_islower       		CODE           	18230	0000	49

/opt/microchip/xc8/v2.10/pic/sources/c99/common/islower.c estimated size: 49

mcc_generated_files/uart1.c
		_UART1_rx_vect_isr		CODE           	1861C	0000	39
		_UART1_tx_vect_isr		CODE           	185F4	0000	39
		_UART1_Receive_ISR		CODE           	187BC	0000	31
		_UART1_SetRxInterruptHandler		CODE           	184B2	0000	41
		_UART1_SetTxInterruptHandler		CODE           	1848A	0000	41
		_UART1_Initialize		CODE           	17ACE	0000	101
		_UART1_Transmit_ISR		CODE           	182EE	0000	45

mcc_generated_files/uart1.c estimated size: 337

mcc_generated_files/ext_int.c
		_INT0_SetInterruptHandler		CODE           	18552	0000	41
		_INT1_SetInterruptHandler		CODE           	1852A	0000	41
		_EXT_INT_Initialize		CODE           	181FC	0000	53
		_INT0_DefaultInterruptHandler		CODE           	189C8	0000	3
		_INT0_CallBack 		CODE           	18720	0000	35
		_INT1_DefaultInterruptHandler		CODE           	189C6	0000	3
		_INT1_CallBack 		CODE           	186FE	0000	35
		_INT0_ISR      		CODE           	1893C	0000	15
		_INT1_ISR      		CODE           	18074	0000	63

mcc_generated_files/ext_int.c estimated size: 289

/opt/microchip/xc8/v2.10/pic/sources/c99/common/sprcmul.c
		___flmul       		CODE           	11D82	0000	2091

/opt/microchip/xc8/v2.10/pic/sources/c99/common/sprcmul.c estimated size: 2091

/opt/microchip/xc8/v2.10/pic/sources/c99/common/atoi.c
		_atoi          		CODE           	15038	0000	629

/opt/microchip/xc8/v2.10/pic/sources/c99/common/atoi.c estimated size: 629

/opt/microchip/xc8/v2.10/pic/sources/c99/common/nf_sprintf.c
		_sprintf       		CODE           	16B80	0000	267

/opt/microchip/xc8/v2.10/pic/sources/c99/common/nf_sprintf.c estimated size: 267

/opt/microchip/xc8/v2.10/pic/sources/c99/common/fleq.c
		___fleq        		CODE           	16F3C	0000	197

/opt/microchip/xc8/v2.10/pic/sources/c99/common/fleq.c estimated size: 197

mcc_generated_files/tmr5.c
		_TMR5_ISR      		CODE           	17C54	0000	93
		_TMR5_Initialize		CODE           	17F22	0000	71
		_TMR5_SetInterruptHandler		CODE           	18502	0000	41
		_TMR5_DefaultInterruptHandler		CODE           	185CA	0000	41
		_TMR5_CallBack 		CODE           	186B6	0000	37
		_TMR5_WriteTimer		CODE           	18034	0000	65

mcc_generated_files/tmr5.c estimated size: 348

/opt/microchip/xc8/v2.10/pic/sources/c99/common/sprcdiv.c
		___fldiv       		CODE           	12D68	0000	1403

/opt/microchip/xc8/v2.10/pic/sources/c99/common/sprcdiv.c estimated size: 1403

shared
		__initialization		CODE           	16C8A	0000	239
		_T             		MEDIUMCONST    	FE0B	0000	145

shared estimated size: 384

/opt/microchip/xc8/v2.10/pic/sources/c99/common/toupper.c
		_toupper       		CODE           	176C6	0000	133

/opt/microchip/xc8/v2.10/pic/sources/c99/common/toupper.c estimated size: 133

mcc_generated_files/mcc.c
		_PMD_Initialize		CODE           	188D8	0000	21
		_OSCILLATOR_Initialize		CODE           	188C2	0000	23
		_SYSTEM_Initialize		CODE           	17EDC	0000	71

mcc_generated_files/mcc.c estimated size: 115

/opt/microchip/xc8/v2.10/pic/sources/c99/common/isalpha.c
		_isalpha       		CODE           	17FAE	0000	69

/opt/microchip/xc8/v2.10/pic/sources/c99/common/isalpha.c estimated size: 69

hid.c
		_hid_display   		CODE           	17356	0000	157
		_hid_input     		CODE           	175AE	0000	145

hid.c estimated size: 302

/opt/microchip/xc8/v2.10/pic/sources/c99/common/isspace.c
		_isspace       		CODE           	17DB6	0000	83

/opt/microchip/xc8/v2.10/pic/sources/c99/common/isspace.c estimated size: 83

mconfig.c
		_mode_lamp_bright		CODE           	1892C	0000	15
		_help_button   		CODE           	180EE	0000	57
		_vterm_dump    		CODE           	165F4	0000	303
		_set_display_info		CODE           	1879E	0000	31
		_display_info  		CODE           	1898E	0000	9
		_display_help  		CODE           	18996	0000	9
		_set_vterm     		CODE           	18814	0000	29
		_get_vterm_ptr 		CODE           	182C0	0000	47
		_update_lcd    		CODE           	16A72	0000	271
		_set_temp_display_help		CODE           	1890E	0000	17
		_check_help    		CODE           	15740	0000	553
		_mode_lamp_dim 		CODE           	18866	0000	25

mconfig.c estimated size: 1366

/opt/microchip/xc8/v2.10/pic/sources/c99/common/doprnt.c
		_vfpfcnvrt     		CODE           	11244	0000	2879
		_efgtoa        		CODE           	10000	0000	4677
		_pad           		CODE           	1695E	0000	277
		_ctoa          		CODE           	1763E	0000	137
		_dtoa          		CODE           	13C68	0000	1153
		_vfprintf      		CODE           	17166	0000	169
		_stoa          		CODE           	14AFA	0000	703
		_xtoa          		CODE           	140E8	0000	955

/opt/microchip/xc8/v2.10/pic/sources/c99/common/doprnt.c estimated size: 10950

/opt/microchip/xc8/v2.10/pic/sources/c99/common/strncmp.c
		_strncmp       		CODE           	15B6C	0000	457

/opt/microchip/xc8/v2.10/pic/sources/c99/common/strncmp.c estimated size: 457

/opt/microchip/xc8/v2.10/pic/sources/c99/common/tolower.c
		_tolower       		CODE           	1774A	0000	133

/opt/microchip/xc8/v2.10/pic/sources/c99/common/tolower.c estimated size: 133

/opt/microchip/xc8/v2.10/pic/sources/c99/common/flneg.c
		___flneg       		CODE           	17E08	0000	73

/opt/microchip/xc8/v2.10/pic/sources/c99/common/flneg.c estimated size: 73

/opt/microchip/xc8/v2.10/pic/sources/c99/common/nf_fputc.c
		_fputc         		CODE           	16722	0000	293

/opt/microchip/xc8/v2.10/pic/sources/c99/common/nf_fputc.c estimated size: 293

mcc_generated_files/adcc.c
		_ADCC_DefaultInterruptHandler		CODE           	189CA	0000	3
		_ADCC_SetADTIInterruptHandler		CODE           	1857A	0000	41
		_ADCC_SetADIInterruptHandler		CODE           	185A2	0000	41
		_ADCC_ISR      		CODE           	18370	0000	43
		_ADCC_ThresholdISR		CODE           	1799C	0000	105
		_ADCC_StartConversion		CODE           	188EC	0000	19
		_ADCC_Initialize		CODE           	17930	0000	107
		_ADCC_DischargeSampleCapacitor		CODE           	18986	0000	9

mcc_generated_files/adcc.c estimated size: 368

main.c
		_main          		CODE           	132E2	0000	1243

main.c estimated size: 1243

mcc_generated_files/dma2.c
		_DMA2_Initialize		CODE           	17D0A	0000	91

mcc_generated_files/dma2.c estimated size: 91

/opt/microchip/xc8/v2.10/pic/sources/c99/common/isdigit.c
		_isdigit       		CODE           	18290	0000	49

/opt/microchip/xc8/v2.10/pic/sources/c99/common/isdigit.c estimated size: 49

/opt/microchip/xc8/v2.10/pic/sources/c99/common/sprcadd.c
		___flsub       		CODE           	17E96	0000	71
		___fladd       		CODE           	125AC	0000	1981

/opt/microchip/xc8/v2.10/pic/sources/c99/common/sprcadd.c estimated size: 2052

