Microchip MPLAB XC8 Compiler V2.05 ()

Linker command line:

-W-3 --edf=/opt/microchip/xc8/v2.05/pic/dat/en_msgs.txt -pivt0x8=08h -cs \
  -h+dist/default/production/touch_v2.X.production.sym \
  --cmf=dist/default/production/touch_v2.X.production.cmf -z -Q18F57K42 \
  -o/tmp/xcXk37aqZ --defsym=__MPLAB_BUILD=1 \
  -Mdist/default/production/touch_v2.X.production.map -E1 -ver=XC8 \
  --acfsm=1493 -ASTACK=02C6h-01FFFh -pstack=STACK -ACODE=00h-01FFFFh \
  -ACONST=00h-01FFFFh -ASMALLCONST=02000h-020FFhx480 \
  -AMEDIUMCONST=02000h-0FFFFh,012000h-01FFFFh -ACOMRAM=01h-05Fh \
  -AABS1=00h-01FFFh -ABIGRAM=01h-01FFFh -ARAM=060h-0FFh,0100h-01FFhx31 \
  -ABANK0=060h-0FFh -ABANK1=0100h-01FFh -ABANK2=0200h-02FFh \
  -ABANK3=0300h-03FFh -ABANK4=0400h-04FFh -ABANK5=0500h-05FFh \
  -ABANK6=0600h-06FFh -ABANK7=0700h-07FFh -ABANK8=0800h-08FFh \
  -ABANK9=0900h-09FFh -ABANK10=0A00h-0AFFh -ABANK11=0B00h-0BFFh \
  -ABANK12=0C00h-0CFFh -ABANK13=0D00h-0DFFh -ABANK14=0E00h-0EFFh \
  -ABANK15=0F00h-0FFFh -ABANK16=01000h-010FFh -ABANK17=01100h-011FFh \
  -ABANK18=01200h-012FFh -ABANK19=01300h-013FFh -ABANK20=01400h-014FFh \
  -ABANK21=01500h-015FFh -ABANK22=01600h-016FFh -ABANK23=01700h-017FFh \
  -ABANK24=01800h-018FFh -ABANK25=01900h-019FFh -ABANK26=01A00h-01AFFh \
  -ABANK27=01B00h-01BFFh -ABANK28=01C00h-01CFFh -ABANK29=01D00h-01DFFh \
  -ABANK30=01E00h-01EFFh -ABANK31=01F00h-01FFFh \
  -ASFR=03800h-038FFhx7,03F00h-03F5Fh,03F60h-03FFFh -preset_vec=00h \
  -ppowerup=CODE,init -pramtop=02000h -psmallconst=SMALLCONST \
  -pmediumconst=MEDIUMCONST -pconst=CONST -AFARRAM=00h-00h \
  -ACONFIG=0300000h-0300009h -pconfig=CONFIG -AIDLOC=0200000h-020000Fh \
  -pidloc=IDLOC -AEEDATA=0310000h-03103FFh -peeprom_data=EEDATA \
  -prdata=COMRAM,nvrram=COMRAM,nvbit=COMRAM,rbss=COMRAM,rbit=COMRAM \
  -pfarbss=FARRAM,fardata=FARRAM,nvFARRAM=FARRAM \
  -pintsave_regs=BIGRAM,bigbss=BIGRAM,bigdata=BIGRAM -pbss=RAM \
  -pidata=CODE,irdata=CODE,ibigdata=CODE,ifardata=CODE -pparam0=BANK0 \
  /tmp/xcXqHxEag.o dist/default/production/touch_v2.X.production.o 

Object code version is 3.11

Machine type is 18F57K42

Call graph: (short form)




                Name                               Link     Load   Length Selector   Space Scale
/tmp/xcXqHxEag.o
                stack                               2C6      2C6     1D3A      2C6       2
                init                                 AE       AE        8        4       0
                reset_vec                             0        0        4        0       0
                idloc                            200000   200000       10   200000       0
                config                           300000   300000        A   300000       0
dist/default/production/touch_v2.X.production.o
                temp                                 35       35       20        1       1
                smallconst                         2000     2000       40     1000       0
                ivt0x8                                8        8       A6        4       0
                text96                             541C     541C        C     1507       0
                text95                             5440     5440        A     1510       0
                text94                             5434     5434        A     150D       0
                text93                             540C     540C        E     1503       0
                text92                             48D8     48D8       6C     1020       0
                text91                             5284     5284       22     146D       0
                text90                             51B4     51B4       26     146D       0
                text89                             52C6     52C6       20     146D       0
                text88                             518C     518C       26     1463       0
                text87                             4EB4     4EB4       2C     1020       0
                text86                             5164     5164       26     1459       0
                text85                             52A6     52A6       20     146D       0
                text84                             513C     513C       26     144F       0
                text83                             4E88     4E88       2C     1020       0
                text82                             5114     5114       26     1445       0
                text81                             547C     547C        2     151C       0
                text80                             4EE0     4EE0       2A     1020       0
                text79                             5470     5470        6     151C       0
                text78                             547A     547A        2     151C       0
                text77                             5262     5262       22     146D       0
                text76                             53FC     53FC        E     14FF       0
                text75                             5478     5478        2     151C       0
                text74                             5240     5240       22     146D       0
                text73                             53EC     53EC        E     14FB       0
                text72                             5476     5476        2     151C       0
                text71                             521E     521E       22     146D       0
                text70                             53DC     53DC        E     146D       0
                text69                             50EA     50EA       28     1020       0
                text68                             4C2E     4C2E       4A     1020       0
                text67                             51FC     51FC       22     146D       0
                text66                             5428     5428        A     1507       0
                text65                             4944     4944       6A     1020       0
                text64                             533C     533C       1C     146D       0
                text63                             50C2     50C2       28     1020       0
                text62                             509A     509A       28     1020       0
                text61                             5072     5072       28     1020       0
                text60                             4BE2     4BE2       4C     1020       0
                text59                             4A14     4A14       64     1020       0
                text58                             5320     5320       1C     146D       0
                text57                             53A2     53A2       16     146D       0
                text56                             44F2     44F2       9A     1020       0
                text55                             53B8     53B8       14     146D       0
                text54                             538C     538C       16     146D       0
                text53                             504A     504A       28     1020       0
                text52                             5022     5022       28     1020       0
                text51                             4FFA     4FFA       28     1020       0
                text50                             4FD2     4FD2       28     1020       0
                text49                             49AE     49AE       66     1020       0
                text48                             4FAA     4FAA       28     1020       0
                text47                             4F82     4F82       28     1020       0
                text46                             4ADA     4ADA       5E     1020       0
                text45                             4D7E     4D7E       3E     1020       0
                text44                             545A     545A        8     1510       0
                text43                             42F2     42F2       B8     1020       0
                text42                             4E58     4E58       30     1020       0
                text41                             4B90     4B90       52     1020       0
                text40                             3BA6     3BA6      22E     1020       0
                text39                             36E6     36E6      280     1020       0
                text38                             3966     3966      240     1020       0
                text37                             4C78     4C78       46     1020       0
                text36                             43AA     43AA       AA     1020       0
                text35                             5372     5372       1A     146D       0
                text34                             4034     4034      10C     1020       0
                text33                             458C     458C       98     1020       0
                text32                             4854     4854       84     1020       0
                text31                             3F20     3F20      114     1020       0
                text30                             2686     2686      480     1020       0
                text29                             31AC     31AC      2A2     1020       0
                text28                             4CBE     4CBE       44     1020       0
                text27                             4E28     4E28       30     1020       0
                text26                             4DF8     4DF8       30     1020       0
                text25                             47D0     47D0       84     1020       0
                text24                             2B06     2B06      3BA     1020       0
                text23                             2040     2040      646     1020       0
                text22                             4624     4624       94     1020       0
                text21                             4A78     4A78       62     1020       0
                text20                             2EC0     2EC0      2EC     1020       0
                text19                             46B8     46B8       92     1020       0
                text18                             5468     5468        6     1510       0
                text17                             5462     5462        6     1510       0
                text16                             4454     4454       9E     1020       0
                text15                             4F5A     4F5A       28     1020       0
                text14                             52E6     52E6       1E     146D       0
                text13                             4B38     4B38       58     1020       0
                text12                             4F32     4F32       28     1020       0
                text11                             4F0A     4F0A       28     1020       0
                text10                             4140     4140       EA     1020       0
                text9                              4DBC     4DBC       3C     1020       0
                text8                              51DA     51DA       22     146D       0
                text7                              4D40     4D40       3E     1020       0
                text6                              4D02     4D02       3E     1020       0
                text5                              5452     5452        8     1510       0
                text4                              3DD4     3DD4      14C     1020       0
                text3                              422A     422A       C8     1020       0
                text2                              53CC     53CC       10     146D       0
                text1                              5304     5304       1C     146D       0
                text0                              344E     344E      298     1020       0
                cstackCOMRAM                         5D       5D        2        1       1
                bssBANK2                            200      200       C6      200       1
                bssBANK1                            100      100       E0      100       1
                dataBANK0                            CD       CD       1A       60       1
                bssBANK0                             60       60       6D       60       1
                dataCOMRAM                           55       55        8        1       1
                bssCOMRAM                             1        1       34        1       1
                cinit                              474A     474A       86     1020       0
                idataBANK0                         5358     5358       1A     146D       0
                idataCOMRAM                        544A     544A        8     1510       0

TOTAL           Name                               Link     Load   Length     Space
        CLASS   STACK          
                stack                               2C6      2C6     1D3A         2

        CLASS   CODE           
                init                                 AE       AE        8         0
                reset_vec                             0        0        4         0
                ivt0x8                                8        8       A6         0
                text96                             541C     541C        C         0
                text95                             5440     5440        A         0
                text94                             5434     5434        A         0
                text93                             540C     540C        E         0
                text92                             48D8     48D8       6C         0
                text91                             5284     5284       22         0
                text90                             51B4     51B4       26         0
                text89                             52C6     52C6       20         0
                text88                             518C     518C       26         0
                text87                             4EB4     4EB4       2C         0
                text86                             5164     5164       26         0
                text85                             52A6     52A6       20         0
                text84                             513C     513C       26         0
                text83                             4E88     4E88       2C         0
                text82                             5114     5114       26         0
                text81                             547C     547C        2         0
                text80                             4EE0     4EE0       2A         0
                text79                             5470     5470        6         0
                text78                             547A     547A        2         0
                text77                             5262     5262       22         0
                text76                             53FC     53FC        E         0
                text75                             5478     5478        2         0
                text74                             5240     5240       22         0
                text73                             53EC     53EC        E         0
                text72                             5476     5476        2         0
                text71                             521E     521E       22         0
                text70                             53DC     53DC        E         0
                text69                             50EA     50EA       28         0
                text68                             4C2E     4C2E       4A         0
                text67                             51FC     51FC       22         0
                text66                             5428     5428        A         0
                text65                             4944     4944       6A         0
                text64                             533C     533C       1C         0
                text63                             50C2     50C2       28         0
                text62                             509A     509A       28         0
                text61                             5072     5072       28         0
                text60                             4BE2     4BE2       4C         0
                text59                             4A14     4A14       64         0
                text58                             5320     5320       1C         0
                text57                             53A2     53A2       16         0
                text56                             44F2     44F2       9A         0
                text55                             53B8     53B8       14         0
                text54                             538C     538C       16         0
                text53                             504A     504A       28         0
                text52                             5022     5022       28         0
                text51                             4FFA     4FFA       28         0
                text50                             4FD2     4FD2       28         0
                text49                             49AE     49AE       66         0
                text48                             4FAA     4FAA       28         0
                text47                             4F82     4F82       28         0
                text46                             4ADA     4ADA       5E         0
                text45                             4D7E     4D7E       3E         0
                text44                             545A     545A        8         0
                text43                             42F2     42F2       B8         0
                text42                             4E58     4E58       30         0
                text41                             4B90     4B90       52         0
                text40                             3BA6     3BA6      22E         0
                text39                             36E6     36E6      280         0
                text38                             3966     3966      240         0
                text37                             4C78     4C78       46         0
                text36                             43AA     43AA       AA         0
                text35                             5372     5372       1A         0
                text34                             4034     4034      10C         0
                text33                             458C     458C       98         0
                text32                             4854     4854       84         0
                text31                             3F20     3F20      114         0
                text30                             2686     2686      480         0
                text29                             31AC     31AC      2A2         0
                text28                             4CBE     4CBE       44         0
                text27                             4E28     4E28       30         0
                text26                             4DF8     4DF8       30         0
                text25                             47D0     47D0       84         0
                text24                             2B06     2B06      3BA         0
                text23                             2040     2040      646         0
                text22                             4624     4624       94         0
                text21                             4A78     4A78       62         0
                text20                             2EC0     2EC0      2EC         0
                text19                             46B8     46B8       92         0
                text18                             5468     5468        6         0
                text17                             5462     5462        6         0
                text16                             4454     4454       9E         0
                text15                             4F5A     4F5A       28         0
                text14                             52E6     52E6       1E         0
                text13                             4B38     4B38       58         0
                text12                             4F32     4F32       28         0
                text11                             4F0A     4F0A       28         0
                text10                             4140     4140       EA         0
                text9                              4DBC     4DBC       3C         0
                text8                              51DA     51DA       22         0
                text7                              4D40     4D40       3E         0
                text6                              4D02     4D02       3E         0
                text5                              5452     5452        8         0
                text4                              3DD4     3DD4      14C         0
                text3                              422A     422A       C8         0
                text2                              53CC     53CC       10         0
                text1                              5304     5304       1C         0
                text0                              344E     344E      298         0
                cinit                              474A     474A       86         0
                idataBANK0                         5358     5358       1A         0
                idataCOMRAM                        544A     544A        8         0

        CLASS   CONST          

        CLASS   SMALLCONST     
                smallconst                         2000     2000       40         0

        CLASS   MEDIUMCONST    

        CLASS   COMRAM         
                temp                                 35       35       20         1
                cstackCOMRAM                         5D       5D        2         1
                dataCOMRAM                           55       55        8         1
                bssCOMRAM                             1        1       34         1

        CLASS   ABS1           

        CLASS   BIGRAM         

        CLASS   RAM            

        CLASS   BANK0          
                dataBANK0                            CD       CD       1A         1
                bssBANK0                             60       60       6D         1

        CLASS   BANK1          
                bssBANK1                            100      100       E0         1

        CLASS   BANK2          
                bssBANK2                            200      200       C6         1

        CLASS   BANK3          

        CLASS   BANK4          

        CLASS   BANK5          

        CLASS   BANK6          

        CLASS   BANK7          

        CLASS   BANK8          

        CLASS   BANK9          

        CLASS   BANK10         

        CLASS   BANK11         

        CLASS   BANK12         

        CLASS   BANK13         

        CLASS   BANK14         

        CLASS   BANK15         

        CLASS   BANK16         

        CLASS   BANK17         

        CLASS   BANK18         

        CLASS   BANK19         

        CLASS   BANK20         

        CLASS   BANK21         

        CLASS   BANK22         

        CLASS   BANK23         

        CLASS   BANK24         

        CLASS   BANK25         

        CLASS   BANK26         

        CLASS   BANK27         

        CLASS   BANK28         

        CLASS   BANK29         

        CLASS   BANK30         

        CLASS   BANK31         

        CLASS   SFR            

        CLASS   FARRAM         

        CLASS   CONFIG         
                config                           300000   300000        A         0

        CLASS   IDLOC          
                idloc                            200000   200000       10         0

        CLASS   EEDATA         



SEGMENTS        Name                           Load    Length   Top    Selector   Space  Class

                reset_vec                      000000  000004  000004         0       0  CODE    
                bssCOMRAM                      000001  00005E  00005F         1       1  COMRAM  
                ivt0x8                         000008  0000AE  0000B6         4       0  CODE    
                bssBANK0                       000060  000087  0000E7        60       1  BANK0   
                bssBANK1                       000100  0000E0  0001E0       100       1  BANK1   
                bssBANK2                       000200  0000C6  0002C6       200       1  BANK2   
                stack                          0002C6  001D3A  002000       2C6       2  STACK   
                smallconst                     002000  000040  002040      1000       0  SMALLCON
                text23                         002040  0030D2  005112      1020       0  CODE    
                text82                         005114  000026  00513A      1445       0  CODE    
                text84                         00513C  000026  005162      144F       0  CODE    
                text86                         005164  000026  00518A      1459       0  CODE    
                text88                         00518C  000026  0051B2      1463       0  CODE    
                text90                         0051B4  000236  0053EA      146D       0  CODE    
                text73                         0053EC  00000E  0053FA      14FB       0  CODE    
                text76                         0053FC  00000E  00540A      14FF       0  CODE    
                text93                         00540C  00000E  00541A      1503       0  CODE    
                text96                         00541C  000016  005432      1507       0  CODE    
                text94                         005434  00000A  00543E      150D       0  CODE    
                text95                         005440  00002E  00546E      1510       0  CODE    
                text79                         005470  00000E  00547E      151C       0  CODE    
                idloc                          200000  000010  200010    200000       0  IDLOC   
                config                         300000  00000A  30000A    300000       0  CONFIG  


UNUSED ADDRESS RANGES

        Name                Unused          Largest block    Delta
        BANK0            0000E7-0000FF               19
        BANK1            0001E0-0001FF               20
        BANK10           000A00-000AFF              100
        BANK11           000B00-000BFF              100
        BANK12           000C00-000CFF              100
        BANK13           000D00-000DFF              100
        BANK14           000E00-000EFF              100
        BANK15           000F00-000FFF              100
        BANK16           001000-0010FF              100
        BANK17           001100-0011FF              100
        BANK18           001200-0012FF              100
        BANK19           001300-0013FF              100
        BANK2            0002C6-0002FF               3A
        BANK20           001400-0014FF              100
        BANK21           001500-0015FF              100
        BANK22           001600-0016FF              100
        BANK23           001700-0017FF              100
        BANK24           001800-0018FF              100
        BANK25           001900-0019FF              100
        BANK26           001A00-001AFF              100
        BANK27           001B00-001BFF              100
        BANK28           001C00-001CFF              100
        BANK29           001D00-001DFF              100
        BANK3            000300-0003FF              100
        BANK30           001E00-001EFF              100
        BANK31           001F00-001FFF              100
        BANK4            000400-0004FF              100
        BANK5            000500-0005FF              100
        BANK6            000600-0006FF              100
        BANK7            000700-0007FF              100
        BANK8            000800-0008FF              100
        BANK9            000900-0009FF              100
        BIGRAM           00005F-00005F                1
                         0000E7-0000FF               19
                         0001E0-0001FF               20
                         0002C6-001FFF             1D3A
        CODE             000004-000007                4
                         0000B6-001FFF             1F4A
                         005112-005113                2
                         00513A-00513B                2
                         005162-005163                2
                         00518A-00518B                2
                         0051B2-0051B3                2
                         0053EA-0053EB                2
                         0053FA-0053FB                2
                         00540A-00540B                2
                         00541A-00541B                2
                         005432-005433                2
                         00543E-00543F                2
                         00546E-00546F                2
                         00547E-01FFFF            1AB82
        COMRAM           00005F-00005F                1
        CONST            000004-000007                4
                         0000B6-001FFF             1F4A
                         005112-005113                2
                         00513A-00513B                2
                         005162-005163                2
                         00518A-00518B                2
                         0051B2-0051B3                2
                         0053EA-0053EB                2
                         0053FA-0053FB                2
                         00540A-00540B                2
                         00541A-00541B                2
                         005432-005433                2
                         00543E-00543F                2
                         00546E-00546F                2
                         00547E-01FFFF            1AB82
        EEDATA           310000-3103FF              400
        MEDIUMCONST      005112-005113                2
                         00513A-00513B                2
                         005162-005163                2
                         00518A-00518B                2
                         0051B2-0051B3                2
                         0053EA-0053EB                2
                         0053FA-0053FB                2
                         00540A-00540B                2
                         00541A-00541B                2
                         005432-005433                2
                         00543E-00543F                2
                         00546E-00546F                2
                         00547E-00FFFF             AB82
                         012000-01FFFF             E000
        RAM              0000E7-0000FF               19
                         0001E0-0001FF               20
                         0002C6-001FFF              100
        SFR              003800-003FFF              100
        SMALLCONST       005112-005113                2
                         00513A-00513B                2
                         005162-005163                2
                         00518A-00518B                2
                         0051B2-0051B3                2
                         0053EA-0053EB                2
                         0053FA-0053FB                2
                         00540A-00540B                2
                         00541A-00541B                2
                         005432-005433                2
                         00543E-00543F                2
                         00546E-00546F                2
                         00547E-01FFFF              100

                                  Symbol Table

IVTBASEH                               (abs)        003FD6
IVTBASEL                               (abs)        003FD5
IVTBASEU                               (abs)        003FD7
_ADACCU                                (abs)        003EEA
_ADACQH                                (abs)        003EF4
_ADACQL                                (abs)        003EF3
_ADACT                                 (abs)        003EFE
_ADCAP                                 (abs)        003EF5
_ADCC_ADI_InterruptHandler             bssCOMRAM    000008
_ADCC_DefaultInterruptHandler          text81       00547C
_ADCC_ISR                              text80       004EE0
_ADCC_Initialize                       text68       004C2E
_ADCC_SetADIInterruptHandler           text69       0050EA
_ADCLK                                 (abs)        003EFF
_ADCON0                                (abs)        003EF8
_ADCON1                                (abs)        003EF9
_ADCON2                                (abs)        003EFA
_ADCON3                                (abs)        003EFB
_ADLTHH                                (abs)        003EDF
_ADLTHL                                (abs)        003EDE
_ADPCH                                 (abs)        003EF1
_ADPREH                                (abs)        003EF7
_ADPREL                                (abs)        003EF6
_ADREF                                 (abs)        003EFD
_ADRPT                                 (abs)        003EEC
_ADSTAT                                (abs)        003EFC
_ADSTPTH                               (abs)        003EE5
_ADSTPTL                               (abs)        003EE4
_ADUTHH                                (abs)        003EE1
_ADUTHL                                (abs)        003EE0
_ANSELA                                (abs)        003A40
_ANSELB                                (abs)        003A50
_ANSELC                                (abs)        003A60
_ANSELD                                (abs)        003A70
_ANSELE                                (abs)        003A80
_ANSELF                                (abs)        003A90
_CLC1CON                               (abs)        003C74
_CLC1GLS0                              (abs)        003C7A
_CLC1GLS1                              (abs)        003C7B
_CLC1GLS2                              (abs)        003C7C
_CLC1GLS3                              (abs)        003C7D
_CLC1POL                               (abs)        003C75
_CLC1SEL0                              (abs)        003C76
_CLC1SEL1                              (abs)        003C77
_CLC1SEL2                              (abs)        003C78
_CLC1SEL3                              (abs)        003C79
_CLC1_Initialize                       text67       0051FC
_CLKRCLK                               (abs)        003CE6
_CLKRCON                               (abs)        003CE5
_CLKREF_Initialize                     text66       005428
_DMA1AIRQ                              (abs)        003BFE
_DMA1CON0                              (abs)        003BFC
_DMA1CON0bits                          (abs)        003BFC
_DMA1CON1                              (abs)        003BFD
_DMA1CON1bits                          (abs)        003BFD
_DMA1DSA                               (abs)        003BF0
_DMA1DSZ                               (abs)        003BEE
_DMA1PR                                (abs)        0039F3
_DMA1SIRQ                              (abs)        003BFF
_DMA1SSA                               (abs)        003BF9
_DMA1SSZ                               (abs)        003BF7
_DMA1_DMAA_ISR                         text95       005440
_DMA1_DMADCNT_ISR                      text94       005434
_DMA1_DMAOR_ISR                        text96       00541C
_DMA1_DMASCNT_ISR                      text93       00540C
_DMA1_Initialize                       text65       004944
_DMA2PR                                (abs)        0039F4
_DSM_Initialize                        text64       00533C
_Default_ISR                           text79       005470
_EXT_INT_Initialize                    text60       004BE2
_GIE                                   (abs)        01FE97
_H10                                   dataBANK0    0000CD
_INT0PPS                               (abs)        003AC0
_INT0_CallBack                         text71       00521E
_INT0_DefaultInterruptHandler          text72       005476
_INT0_ISR                              text70       0053DC
_INT0_InterruptHandler                 bssCOMRAM    00001D
_INT0_SetInterruptHandler              text63       0050C2
_INT1PPS                               (abs)        003AC1
_INT1_CallBack                         text74       005240
_INT1_DefaultInterruptHandler          text75       005478
_INT1_ISR                              text73       0053EC
_INT1_InterruptHandler                 bssCOMRAM    00001A
_INT1_SetInterruptHandler              text62       00509A
_INT2PPS                               (abs)        003AC2
_INT2_CallBack                         text77       005262
_INT2_DefaultInterruptHandler          text78       00547A
_INT2_ISR                              text76       0053FC
_INT2_InterruptHandler                 bssCOMRAM    000017
_INT2_SetInterruptHandler              text61       005072
_INTCON0bits                           (abs)        003FD2
_INTERRUPT_Initialize                  text59       004A14
_IPR1bits                              (abs)        003981
_IPR2bits                              (abs)        003982
_IPR3bits                              (abs)        003983
_IPR5bits                              (abs)        003985
_IPR6bits                              (abs)        003986
_IPR7bits                              (abs)        003987
_IPR9bits                              (abs)        003989
_ISRPR                                 (abs)        0039F1
_IVTADH                                (abs)        00389E
_IVTADL                                (abs)        00389D
_IVTADU                                (abs)        00389F
_IVTLOCK                               (abs)        003FD4
_IVTLOCKbits                           (abs)        003FD4
_LATA                                  (abs)        003FBA
_LATB                                  (abs)        003FBB
_LATC                                  (abs)        003FBC
_LATCbits                              (abs)        003FBC
_LATD                                  (abs)        003FBD
_LATE                                  (abs)        003FBE
_LATEbits                              (abs)        003FBE
_LATF                                  (abs)        003FBF
_MAINPR                                (abs)        0039F2
_MD1CARH                               (abs)        003CFE
_MD1CARL                               (abs)        003CFD
_MD1CON0bits                           (abs)        003CFA
_MD1CON1bits                           (abs)        003CFB
_MD1SRC                                (abs)        003CFC
_NCO1ACCH                              (abs)        003F39
_NCO1ACCL                              (abs)        003F38
_NCO1ACCU                              (abs)        003F3A
_NCO1CLK                               (abs)        003F3F
_NCO1CON                               (abs)        003F3E
_NCO1CONbits                           (abs)        003F3E
_NCO1INCH                              (abs)        003F3C
_NCO1INCL                              (abs)        003F3B
_NCO1INCU                              (abs)        003F3D
_NCO1_Initialize                       text58       005320
_ODCONA                                (abs)        003A42
_ODCONB                                (abs)        003A52
_ODCONC                                (abs)        003A62
_ODCOND                                (abs)        003A72
_ODCONE                                (abs)        003A82
_ODCONF                                (abs)        003A92
_OSCCON1                               (abs)        0039D9
_OSCCON3                               (abs)        0039DB
_OSCEN                                 (abs)        0039DD
_OSCFRQ                                (abs)        0039DF
_OSCILLATOR_Initialize                 text57       0053A2
_OSCTUNE                               (abs)        0039DE
_PIE1bits                              (abs)        003991
_PIE2bits                              (abs)        003992
_PIE3bits                              (abs)        003993
_PIE5bits                              (abs)        003995
_PIE6bits                              (abs)        003996
_PIE7bits                              (abs)        003997
_PIE9bits                              (abs)        003999
_PIN_MANAGER_Initialize                text56       0044F2
_PIR1bits                              (abs)        0039A1
_PIR2bits                              (abs)        0039A2
_PIR5bits                              (abs)        0039A5
_PIR7bits                              (abs)        0039A7
_PIR9bits                              (abs)        0039A9
_PLLR                                  (abs)        01CEE0
_PMD0                                  (abs)        0039C0
_PMD1                                  (abs)        0039C1
_PMD2                                  (abs)        0039C2
_PMD3                                  (abs)        0039C3
_PMD4                                  (abs)        0039C4
_PMD5                                  (abs)        0039C5
_PMD6                                  (abs)        0039C6
_PMD7                                  (abs)        0039C7
_PMD_Initialize                        text55       0053B8
_RA4PPS                                (abs)        003A04
_RA5PPS                                (abs)        003A05
_RA6PPS                                (abs)        003A06
_RB6PPS                                (abs)        003A0E
_RC3PPS                                (abs)        003A13
_RC5PPS                                (abs)        003A15
_RC6PPS                                (abs)        003A16
_SCANPR                                (abs)        0039F7
_SLRCONA                               (abs)        003A43
_SLRCONB                               (abs)        003A53
_SLRCONC                               (abs)        003A63
_SLRCOND                               (abs)        003A73
_SLRCONE                               (abs)        003A83
_SLRCONF                               (abs)        003A93
_SPI1BAUD                              (abs)        003D19
_SPI1CLK                               (abs)        003D1C
_SPI1CON0                              (abs)        003D14
_SPI1CON1                              (abs)        003D15
_SPI1CON2                              (abs)        003D16
_SPI1INTFbits                          (abs)        003D1A
_SPI1RXB                               (abs)        003D10
_SPI1SCKPPS                            (abs)        003ADE
_SPI1SDIPPS                            (abs)        003ADF
_SPI1TCNTL                             (abs)        003D12
_SPI1TXB                               (abs)        003D11
_SPI1_Exchange8bit                     text14       0052E6
_SPI1_Initialize                       text54       00538C
_SYSTEM_Initialize                     text45       004D7E
_StartTimer                            text9        004DBC
_T6CLKCON                              (abs)        003F96
_T6CON                                 (abs)        003F94
_T6HLT                                 (abs)        003F95
_T6PR                                  (abs)        003F93
_T6RST                                 (abs)        003F97
_T6TMR                                 (abs)        003F92
_TMR6_CallBack                         text91       005284
_TMR6_DefaultInterruptHandler          text92       0048D8
_TMR6_ISR                              text90       0051B4
_TMR6_Initialize                       text52       005022
_TMR6_InterruptHandler                 bssCOMRAM    000005
_TMR6_SetInterruptHandler              text53       00504A
_TRISA                                 (abs)        003FC2
_TRISB                                 (abs)        003FC3
_TRISC                                 (abs)        003FC4
_TRISD                                 (abs)        003FC5
_TRISE                                 (abs)        003FC6
_TRISF                                 (abs)        003FC7
_TimerDone                             text8        0051DA
_U1BRGH                                (abs)        003DF6
_U1BRGL                                (abs)        003DF5
_U1CON0                                (abs)        003DF2
_U1CON1                                (abs)        003DF3
_U1CON2                                (abs)        003DF4
_U1ERRIE                               (abs)        003DFA
_U1ERRIR                               (abs)        003DF9
_U1FIFO                                (abs)        003DF7
_U1P1H                                 (abs)        003DED
_U1P1L                                 (abs)        003DEC
_U1P2H                                 (abs)        003DEF
_U1P2L                                 (abs)        003DEE
_U1P3H                                 (abs)        003DF1
_U1P3L                                 (abs)        003DF0
_U1RXB                                 (abs)        003DE8
_U1RXPPS                               (abs)        003AE5
_U1TXB                                 (abs)        003DEA
_U1UIR                                 (abs)        003DF8
_U2BRGH                                (abs)        003DDE
_U2BRGL                                (abs)        003DDD
_U2CON0                                (abs)        003DDA
_U2CON1                                (abs)        003DDB
_U2CON2                                (abs)        003DDC
_U2ERRIE                               (abs)        003DE2
_U2ERRIR                               (abs)        003DE1
_U2FIFO                                (abs)        003DDF
_U2P1L                                 (abs)        003DD4
_U2P2L                                 (abs)        003DD6
_U2P3L                                 (abs)        003DD8
_U2RXB                                 (abs)        003DD0
_U2RXPPS                               (abs)        003AE8
_U2TXB                                 (abs)        003DD2
_U2UIR                                 (abs)        003DE0
_UART1_Initialize                      text49       0049AE
_UART1_Read                            text7        004D40
_UART1_Receive_ISR                     text85       0052A6
_UART1_RxInterruptHandler              bssCOMRAM    00000E
_UART1_SetRxInterruptHandler           text51       004FFA
_UART1_SetTxInterruptHandler           text50       004FD2
_UART1_Transmit_ISR                    text83       004E88
_UART1_TxInterruptHandler              bssCOMRAM    00000B
_UART1_Write                           text6        004D02
_UART1_is_rx_ready                     text5        005452
_UART1_is_tx_ready                     text44       00545A
_UART1_rx_vect_isr                     text84       00513C
_UART1_tx_vect_isr                     text82       005114
_UART2_Initialize                      text46       004ADA
_UART2_Receive_ISR                     text89       0052C6
_UART2_RxInterruptHandler              bssCOMRAM    000014
_UART2_SetRxInterruptHandler           text48       004FAA
_UART2_SetTxInterruptHandler           text47       004F82
_UART2_Transmit_ISR                    text87       004EB4
_UART2_TxInterruptHandler              bssCOMRAM    000011
_UART2_rx_vect_isr                     text88       00518C
_UART2_tx_vect_isr                     text86       005164
_V                                     bssBANK0     000085
_WPUA                                  (abs)        003A41
_WPUB                                  (abs)        003A51
_WPUC                                  (abs)        003A61
_WPUD                                  (abs)        003A71
_WPUE                                  (abs)        003A81
_WPUF                                  (abs)        003A91
__CFG_BBEN$OFF                         (abs)        000000
__CFG_BBSIZE$BBSIZE_512                (abs)        000000
__CFG_BOREN$SBORDIS                    (abs)        000000
__CFG_BORV$VBOR_2P45                   (abs)        000000
__CFG_CLKOUTEN$OFF                     (abs)        000000
__CFG_CP$OFF                           (abs)        000000
__CFG_CSWEN$ON                         (abs)        000000
__CFG_DEBUG$OFF                        (abs)        000000
__CFG_FCMEN$ON                         (abs)        000000
__CFG_FEXTOSC$ECH                      (abs)        000000
__CFG_IVT1WAY$ON                       (abs)        000000
__CFG_LPBOREN$OFF                      (abs)        000000
__CFG_LVP$ON                           (abs)        000000
__CFG_MCLRE$EXTMCLR                    (abs)        000000
__CFG_MVECEN$ON                        (abs)        000000
__CFG_PPS1WAY$ON                       (abs)        000000
__CFG_PR1WAY$OFF                       (abs)        000000
__CFG_PWRTS$PWRT_OFF                   (abs)        000000
__CFG_RSTOSC$EXTOSC_4PLL               (abs)        000000
__CFG_SAFEN$OFF                        (abs)        000000
__CFG_STVREN$ON                        (abs)        000000
__CFG_WDTCCS$SC                        (abs)        000000
__CFG_WDTCPS$WDTCPS_31                 (abs)        000000
__CFG_WDTCWS$WDTCWS_7                  (abs)        000000
__CFG_WDTE$OFF                         (abs)        000000
__CFG_WRTAPP$OFF                       (abs)        000000
__CFG_WRTB$OFF                         (abs)        000000
__CFG_WRTC$OFF                         (abs)        000000
__CFG_WRTD$OFF                         (abs)        000000
__CFG_WRTSAF$OFF                       (abs)        000000
__CFG_XINST$OFF                        (abs)        000000
__CFG_ZCD$OFF                          (abs)        000000
__HRAM                                 (abs)        000000
__Habs1                                abs1         000000
__Hbank0                               bank0        000000
__Hbank1                               bank1        000000
__Hbank10                              bank10       000000
__Hbank11                              bank11       000000
__Hbank12                              bank12       000000
__Hbank13                              bank13       000000
__Hbank14                              bank14       000000
__Hbank15                              bank15       000000
__Hbank16                              bank16       000000
__Hbank17                              bank17       000000
__Hbank18                              bank18       000000
__Hbank19                              bank19       000000
__Hbank2                               bank2        000000
__Hbank20                              bank20       000000
__Hbank21                              bank21       000000
__Hbank22                              bank22       000000
__Hbank23                              bank23       000000
__Hbank24                              bank24       000000
__Hbank25                              bank25       000000
__Hbank26                              bank26       000000
__Hbank27                              bank27       000000
__Hbank28                              bank28       000000
__Hbank29                              bank29       000000
__Hbank3                               bank3        000000
__Hbank30                              bank30       000000
__Hbank31                              bank31       000000
__Hbank4                               bank4        000000
__Hbank5                               bank5        000000
__Hbank6                               bank6        000000
__Hbank7                               bank7        000000
__Hbank8                               bank8        000000
__Hbank9                               bank9        000000
__Hbigbss                              bigbss       000000
__Hbigdata                             bigdata      000000
__Hbigram                              bigram       000000
__Hbss                                 bss          000000
__HbssBANK0                            bssBANK0     000000
__HbssBANK1                            bssBANK1     000000
__HbssBANK2                            bssBANK2     000000
__HbssCOMRAM                           bssCOMRAM    000000
__Hcinit                               cinit        000000
__Hclrtext                             clrtext      000000
__Hcomram                              comram       000000
__Hconfig                              config       30000A
__Hconst                               const        000000
__HcstackBANK0                         cstackBANK0  000000
__HcstackCOMRAM                        cstackCOMRAM 000000
__Hdata                                data         000000
__HdataBANK0                           dataBANK0    000000
__HdataCOMRAM                          dataCOMRAM   000000
__Heeprom_data                         eeprom_data  000000
__Hfarbss                              farbss       000000
__Hfardata                             fardata      000000
__Hibigdata                            ibigdata     000000
__Hidata                               idata        000000
__HidataBANK0                          idataBANK0   000000
__HidataCOMRAM                         idataCOMRAM  000000
__Hidloc                               idloc        200010
__Hifardata                            ifardata     000000
__Hinit                                init         0000B6
__Hintsave_regs                        intsave_regs 000000
__Hirdata                              irdata       000000
__Hivt0x8                              ivt0x8       0000AE
__Hmediumconst                         mediumconst  000000
__HnvFARRAM                            nvFARRAM     000000
__Hnvbit                               nvbit        000000
__Hnvrram                              nvrram       000000
__Hparam                               param0       000000
__Hparam0                              param0       000000
__Hpowerup                             powerup      000000
__Hram                                 ram          000000
__Hramtop                              ramtop       002000
__Hrbit                                rbit         000000
__Hrbss                                rbss         000000
__Hrdata                               rdata        000000
__Hreset_vec                           reset_vec    000004
__Hsfr                                 sfr          000000
__Hsmallconst                          smallconst   002040
__Hspace_0                             (abs)        30000A
__Hspace_1                             (abs)        0002C6
__Hspace_2                             (abs)        002000
__Hstack                               stack        002000
__Hstruct                              struct       000000
__Htemp                                temp         000055
__Htext                                text         000000
__Htext0                               text0        000000
__Htext1                               text1        000000
__Htext10                              text10       000000
__Htext11                              text11       000000
__Htext12                              text12       000000
__Htext13                              text13       000000
__Htext14                              text14       000000
__Htext15                              text15       000000
__Htext16                              text16       000000
__Htext17                              text17       000000
__Htext18                              text18       000000
__Htext19                              text19       000000
__Htext2                               text2        000000
__Htext20                              text20       000000
__Htext21                              text21       000000
__Htext22                              text22       000000
__Htext23                              text23       000000
__Htext24                              text24       000000
__Htext25                              text25       000000
__Htext26                              text26       000000
__Htext27                              text27       000000
__Htext28                              text28       000000
__Htext29                              text29       000000
__Htext3                               text3        000000
__Htext30                              text30       000000
__Htext31                              text31       000000
__Htext32                              text32       000000
__Htext33                              text33       000000
__Htext34                              text34       000000
__Htext35                              text35       000000
__Htext36                              text36       000000
__Htext37                              text37       000000
__Htext38                              text38       000000
__Htext39                              text39       000000
__Htext4                               text4        000000
__Htext40                              text40       000000
__Htext41                              text41       000000
__Htext42                              text42       000000
__Htext43                              text43       000000
__Htext44                              text44       000000
__Htext45                              text45       000000
__Htext46                              text46       000000
__Htext47                              text47       000000
__Htext48                              text48       000000
__Htext49                              text49       000000
__Htext5                               text5        000000
__Htext50                              text50       000000
__Htext51                              text51       000000
__Htext52                              text52       000000
__Htext53                              text53       000000
__Htext54                              text54       000000
__Htext55                              text55       000000
__Htext56                              text56       000000
__Htext57                              text57       000000
__Htext58                              text58       000000
__Htext59                              text59       000000
__Htext6                               text6        000000
__Htext60                              text60       000000
__Htext61                              text61       000000
__Htext62                              text62       000000
__Htext63                              text63       000000
__Htext64                              text64       000000
__Htext65                              text65       000000
__Htext66                              text66       000000
__Htext67                              text67       000000
__Htext68                              text68       000000
__Htext69                              text69       000000
__Htext7                               text7        000000
__Htext70                              text70       000000
__Htext71                              text71       000000
__Htext72                              text72       000000
__Htext73                              text73       000000
__Htext74                              text74       000000
__Htext75                              text75       000000
__Htext76                              text76       000000
__Htext77                              text77       000000
__Htext78                              text78       000000
__Htext79                              text79       000000
__Htext8                               text8        000000
__Htext80                              text80       000000
__Htext81                              text81       000000
__Htext82                              text82       000000
__Htext83                              text83       000000
__Htext84                              text84       000000
__Htext85                              text85       000000
__Htext86                              text86       000000
__Htext87                              text87       000000
__Htext88                              text88       000000
__Htext89                              text89       000000
__Htext9                               text9        000000
__Htext90                              text90       000000
__Htext91                              text91       000000
__Htext92                              text92       000000
__Htext93                              text93       000000
__Htext94                              text94       000000
__Htext95                              text95       000000
__Htext96                              text96       000000
__Htext97                              text97       000000
__LRAM                                 (abs)        000001
__Labs1                                abs1         000000
__Lbank0                               bank0        000000
__Lbank1                               bank1        000000
__Lbank10                              bank10       000000
__Lbank11                              bank11       000000
__Lbank12                              bank12       000000
__Lbank13                              bank13       000000
__Lbank14                              bank14       000000
__Lbank15                              bank15       000000
__Lbank16                              bank16       000000
__Lbank17                              bank17       000000
__Lbank18                              bank18       000000
__Lbank19                              bank19       000000
__Lbank2                               bank2        000000
__Lbank20                              bank20       000000
__Lbank21                              bank21       000000
__Lbank22                              bank22       000000
__Lbank23                              bank23       000000
__Lbank24                              bank24       000000
__Lbank25                              bank25       000000
__Lbank26                              bank26       000000
__Lbank27                              bank27       000000
__Lbank28                              bank28       000000
__Lbank29                              bank29       000000
__Lbank3                               bank3        000000
__Lbank30                              bank30       000000
__Lbank31                              bank31       000000
__Lbank4                               bank4        000000
__Lbank5                               bank5        000000
__Lbank6                               bank6        000000
__Lbank7                               bank7        000000
__Lbank8                               bank8        000000
__Lbank9                               bank9        000000
__Lbigbss                              bigbss       000000
__Lbigdata                             bigdata      000000
__Lbigram                              bigram       000000
__Lbss                                 bss          000000
__LbssBANK0                            bssBANK0     000000
__LbssBANK1                            bssBANK1     000000
__LbssBANK2                            bssBANK2     000000
__LbssCOMRAM                           bssCOMRAM    000000
__Lcinit                               cinit        000000
__Lclrtext                             clrtext      000000
__Lcomram                              comram       000000
__Lconfig                              config       300000
__Lconst                               const        000000
__LcstackBANK0                         cstackBANK0  000000
__LcstackCOMRAM                        cstackCOMRAM 000000
__Ldata                                data         000000
__LdataBANK0                           dataBANK0    000000
__LdataCOMRAM                          dataCOMRAM   000000
__Leeprom_data                         eeprom_data  000000
__Lfarbss                              farbss       000000
__Lfardata                             fardata      000000
__Libigdata                            ibigdata     000000
__Lidata                               idata        000000
__LidataBANK0                          idataBANK0   000000
__LidataCOMRAM                         idataCOMRAM  000000
__Lidloc                               idloc        200000
__Lifardata                            ifardata     000000
__Linit                                init         0000AE
__Lintsave_regs                        intsave_regs 000000
__Lirdata                              irdata       000000
__Livt0x8                              ivt0x8       000008
__Lmediumconst                         mediumconst  000000
__LnvFARRAM                            nvFARRAM     000000
__Lnvbit                               nvbit        000000
__Lnvrram                              nvrram       000000
__Lparam                               param0       000000
__Lparam0                              param0       000000
__Lpowerup                             powerup      000000
__Lram                                 ram          000000
__Lramtop                              ramtop       002000
__Lrbit                                rbit         000000
__Lrbss                                rbss         000000
__Lrdata                               rdata        000000
__Lreset_vec                           reset_vec    000000
__Lsfr                                 sfr          000000
__Lsmallconst                          smallconst   002000
__Lspace_0                             (abs)        000000
__Lspace_1                             (abs)        000000
__Lspace_2                             (abs)        000000
__Lstack                               stack        0002C6
__Lstruct                              struct       000000
__Ltemp                                temp         000035
__Ltext                                text         000000
__Ltext0                               text0        000000
__Ltext1                               text1        000000
__Ltext10                              text10       000000
__Ltext11                              text11       000000
__Ltext12                              text12       000000
__Ltext13                              text13       000000
__Ltext14                              text14       000000
__Ltext15                              text15       000000
__Ltext16                              text16       000000
__Ltext17                              text17       000000
__Ltext18                              text18       000000
__Ltext19                              text19       000000
__Ltext2                               text2        000000
__Ltext20                              text20       000000
__Ltext21                              text21       000000
__Ltext22                              text22       000000
__Ltext23                              text23       000000
__Ltext24                              text24       000000
__Ltext25                              text25       000000
__Ltext26                              text26       000000
__Ltext27                              text27       000000
__Ltext28                              text28       000000
__Ltext29                              text29       000000
__Ltext3                               text3        000000
__Ltext30                              text30       000000
__Ltext31                              text31       000000
__Ltext32                              text32       000000
__Ltext33                              text33       000000
__Ltext34                              text34       000000
__Ltext35                              text35       000000
__Ltext36                              text36       000000
__Ltext37                              text37       000000
__Ltext38                              text38       000000
__Ltext39                              text39       000000
__Ltext4                               text4        000000
__Ltext40                              text40       000000
__Ltext41                              text41       000000
__Ltext42                              text42       000000
__Ltext43                              text43       000000
__Ltext44                              text44       000000
__Ltext45                              text45       000000
__Ltext46                              text46       000000
__Ltext47                              text47       000000
__Ltext48                              text48       000000
__Ltext49                              text49       000000
__Ltext5                               text5        000000
__Ltext50                              text50       000000
__Ltext51                              text51       000000
__Ltext52                              text52       000000
__Ltext53                              text53       000000
__Ltext54                              text54       000000
__Ltext55                              text55       000000
__Ltext56                              text56       000000
__Ltext57                              text57       000000
__Ltext58                              text58       000000
__Ltext59                              text59       000000
__Ltext6                               text6        000000
__Ltext60                              text60       000000
__Ltext61                              text61       000000
__Ltext62                              text62       000000
__Ltext63                              text63       000000
__Ltext64                              text64       000000
__Ltext65                              text65       000000
__Ltext66                              text66       000000
__Ltext67                              text67       000000
__Ltext68                              text68       000000
__Ltext69                              text69       000000
__Ltext7                               text7        000000
__Ltext70                              text70       000000
__Ltext71                              text71       000000
__Ltext72                              text72       000000
__Ltext73                              text73       000000
__Ltext74                              text74       000000
__Ltext75                              text75       000000
__Ltext76                              text76       000000
__Ltext77                              text77       000000
__Ltext78                              text78       000000
__Ltext79                              text79       000000
__Ltext8                               text8        000000
__Ltext80                              text80       000000
__Ltext81                              text81       000000
__Ltext82                              text82       000000
__Ltext83                              text83       000000
__Ltext84                              text84       000000
__Ltext85                              text85       000000
__Ltext86                              text86       000000
__Ltext87                              text87       000000
__Ltext88                              text88       000000
__Ltext89                              text89       000000
__Ltext9                               text9        000000
__Ltext90                              text90       000000
__Ltext91                              text91       000000
__Ltext92                              text92       000000
__Ltext93                              text93       000000
__Ltext94                              text94       000000
__Ltext95                              text95       000000
__Ltext96                              text96       000000
__Ltext97                              text97       000000
__S0                                   (abs)        30000A
__S1                                   (abs)        0002C6
__S2                                   (abs)        002000
___aodiv                               text39       0036E6
___aomod                               text38       003966
___inthi_sp                            stack        000C84
___intlo_sp                            stack        001642
___param_bank                          (abs)        000000
___rparam_used                         (abs)        000000
___sp                                  stack        0002C6
__accesstop                            (abs)        000060
__activetblptr                         (abs)        000003
__end_of_ADCC_DefaultInterruptHandler  text81       00547E
__end_of_ADCC_ISR                      text80       004F0A
__end_of_ADCC_Initialize               text68       004C78
__end_of_ADCC_SetADIInterruptHandler   text69       005112
__end_of_CLC1_Initialize               text67       00521E
__end_of_CLKREF_Initialize             text66       005432
__end_of_DMA1_DMAA_ISR                 text95       00544A
__end_of_DMA1_DMADCNT_ISR              text94       00543E
__end_of_DMA1_DMAOR_ISR                text96       005428
__end_of_DMA1_DMASCNT_ISR              text93       00541A
__end_of_DMA1_Initialize               text65       0049AE
__end_of_DSM_Initialize                text64       005358
__end_of_Default_ISR                   text79       005476
__end_of_EXT_INT_Initialize            text60       004C2E
__end_of_INT0_CallBack                 text71       005240
__end_of_INT0_DefaultInterruptHandler  text72       005478
__end_of_INT0_ISR                      text70       0053EA
__end_of_INT0_SetInterruptHandler      text63       0050EA
__end_of_INT1_CallBack                 text74       005262
__end_of_INT1_DefaultInterruptHandler  text75       00547A
__end_of_INT1_ISR                      text73       0053FA
__end_of_INT1_SetInterruptHandler      text62       0050C2
__end_of_INT2_CallBack                 text77       005284
__end_of_INT2_DefaultInterruptHandler  text78       00547C
__end_of_INT2_ISR                      text76       00540A
__end_of_INT2_SetInterruptHandler      text61       00509A
__end_of_INTERRUPT_Initialize          text59       004A78
__end_of_NCO1_Initialize               text58       00533C
__end_of_OSCILLATOR_Initialize         text57       0053B8
__end_of_PIN_MANAGER_Initialize        text56       00458C
__end_of_PMD_Initialize                text55       0053CC
__end_of_SPI1_Exchange8bit             text14       005304
__end_of_SPI1_Initialize               text54       0053A2
__end_of_SYSTEM_Initialize             text45       004DBC
__end_of_StartTimer                    text9        004DF8
__end_of_TMR6_CallBack                 text91       0052A6
__end_of_TMR6_DefaultInterruptHandler  text92       004944
__end_of_TMR6_ISR                      text90       0051DA
__end_of_TMR6_Initialize               text52       00504A
__end_of_TMR6_SetInterruptHandler      text53       005072
__end_of_TimerDone                     text8        0051FC
__end_of_UART1_Initialize              text49       004A14
__end_of_UART1_Read                    text7        004D7E
__end_of_UART1_Receive_ISR             text85       0052C6
__end_of_UART1_SetRxInterruptHandler   text51       005022
__end_of_UART1_SetTxInterruptHandler   text50       004FFA
__end_of_UART1_Transmit_ISR            text83       004EB4
__end_of_UART1_Write                   text6        004D40
__end_of_UART1_is_rx_ready             text5        00545A
__end_of_UART1_is_tx_ready             text44       005462
__end_of_UART1_rx_vect_isr             text84       005162
__end_of_UART1_tx_vect_isr             text82       00513A
__end_of_UART2_Initialize              text46       004B38
__end_of_UART2_Receive_ISR             text89       0052E6
__end_of_UART2_SetRxInterruptHandler   text48       004FD2
__end_of_UART2_SetTxInterruptHandler   text47       004FAA
__end_of_UART2_Transmit_ISR            text87       004EE0
__end_of_UART2_rx_vect_isr             text88       0051B2
__end_of_UART2_tx_vect_isr             text86       00518A
__end_of___aodiv                       text39       003966
__end_of___aomod                       text38       003BA6
__end_of__initialization               cinit        0047CA
__end_of_abs                           text37       004CBE
__end_of_atoi                          text40       003DD4
__end_of_block_checkmark               text43       0043AA
__end_of_dtoa                          text30       002B06
__end_of_eaDogM_WriteString            text16       0044F2
__end_of_fputc                         text34       004140
__end_of_fputs                         text33       004624
__end_of_init_display                  text10       00422A
__end_of_isalpha                       text28       004D02
__end_of_isdigit                       text42       004E88
__end_of_islower                       text26       004E28
__end_of_isspace                       text41       004BE2
__end_of_isupper                       text27       004E58
__end_of_main                          text0        0036E6
__end_of_memset                        text20       0031AC
__end_of_pad                           text31       004034
__end_of_printf                        text21       004ADA
__end_of_putch                         text35       00538C
__end_of_r_protocol                    text4        003F20
__end_of_ringBufS_flush                text19       00474A
__end_of_ringBufS_init                 text15       004F82
__end_of_ringBufS_put_dma              text36       004454
__end_of_send_lcd_cmd                  text12       004F5A
__end_of_send_lcd_cmd_long             text11       004F32
__end_of_sprintf                       text3        0042F2
__end_of_start_lcd                     text18       00546E
__end_of_stoa                          text29       00344E
__end_of_strlen                        text32       0048D8
__end_of_toupper                       text25       004854
__end_of_vfpfcnvrt                     text23       002686
__end_of_vfprintf                      text22       0046B8
__end_of_wait_lcd_check                text2        0053DC
__end_of_wait_lcd_done                 text1        005320
__end_of_wait_lcd_set                  text17       005468
__end_of_wdtdelay                      text13       004B90
__end_of_xtoa                          text24       002EC0
__initialization                       cinit        00474A
__mediumconst                          mediumconst  000000
__pbssBANK0                            bssBANK0     000060
__pbssBANK1                            bssBANK1     000100
__pbssBANK2                            bssBANK2     000200
__pbssCOMRAM                           bssCOMRAM    000001
__pcinit                               cinit        00474A
__pcstackBANK0                         cstackBANK0  000000
__pcstackCOMRAM                        cstackCOMRAM 00005D
__pdataBANK0                           dataBANK0    0000CD
__pdataCOMRAM                          dataCOMRAM   000055
__pidataBANK0                          idataBANK0   005358
__pidataCOMRAM                         idataCOMRAM  00544A
__pivt0x8                              ivt0x8       000008
__psmallconst                          smallconst   002000
__ptext0                               text0        00344E
__ptext1                               text1        005304
__ptext10                              text10       004140
__ptext11                              text11       004F0A
__ptext12                              text12       004F32
__ptext13                              text13       004B38
__ptext14                              text14       0052E6
__ptext15                              text15       004F5A
__ptext16                              text16       004454
__ptext17                              text17       005462
__ptext18                              text18       005468
[...]
      Locals:         0       0       0       0       0       0       0       0       0       0       0       0       0       0       0       0       0       0       0       0       0       0       0       0       0       0       0       0       0       0       0       0       0
      Temps:          0       0       0       0       0       0       0       0       0       0       0       0       0       0       0       0       0       0       0       0       0       0       0       0       0       0       0       0       0       0       0       0       0
      Totals:         0       0       0       0       0       0       0       0       0       0       0       0       0       0       0       0       0       0       0       0       0       0       0       0       0       0       0       0       0       0       0       0       0
Total ram usage:        0 bytes
 Hardware stack levels used:    1
 Hardware stack levels required when called:    1
 This function calls:
		Absolute function
		_TMR6_DefaultInterruptHandler
 This function is called by:
		_TMR6_ISR
 This function uses a reentrant model


 *************** function _TMR6_DefaultInterruptHandler *****************
 Defined at:
		line 196 in file "mcc_generated_files/tmr6.c"
 Parameters:    Size  Location     Type
		None
 Auto vars:     Size  Location     Type
  i               1  [STACK] unsigned char 
 Return value:  Size  Location     Type
                  1  [STACK] void 
 Registers used:
		wreg, fsr1l, fsr1h, fsr2l, fsr2h, status,2, status,0, btemp, btemp+11, prodl, prodh
 Tracked objects:
		On entry : 
		On exit  : 
		Unchanged: 
 Data sizes:     COMRAM   BANK0   BANK1   BANK2   BANK3   BANK4   BANK5   BANK6   BANK7   BANK8   BANK9  BANK10  BANK11  BANK12  BANK13  BANK14  BANK15  BANK16  BANK17  BANK18  BANK19  BANK20  BANK21  BANK22  BANK23  BANK24  BANK25  BANK26  BANK27  BANK28  BANK29  BANK30  BANK31
      Params:         0       0       0       0       0       0       0       0       0       0       0       0       0       0       0       0       0       0       0       0       0       0       0       0       0       0       0       0       0       0       0       0       0
      Locals:         0       0       0       0       0       0       0       0       0       0       0       0       0       0       0       0       0       0       0       0       0       0       0       0       0       0       0       0       0       0       0       0       0
      Temps:          0       0       0       0       0       0       0       0       0       0       0       0       0       0       0       0       0       0       0       0       0       0       0       0       0       0       0       0       0       0       0       0       0
      Totals:         0       0       0       0       0       0       0       0       0       0       0       0       0       0       0       0       0       0       0       0       0       0       0       0       0       0       0       0       0       0       0       0       0
Total ram usage:        0 bytes
 Hardware stack levels used:    1
 This function calls:
		Nothing
 This function is called by:
		_TMR6_Initialize
		_TMR6_CallBack
 This function uses a reentrant model


 *************** function _DMA1_DMASCNT_ISR *****************
 Defined at:
		line 126 in file "mcc_generated_files/dma1.c"
 Parameters:    Size  Location     Type
		None
 Auto vars:     Size  Location     Type
		None
 Return value:  Size  Location     Type
                  1    wreg      void 
 Registers used:
		None
 Tracked objects:
		On entry : 
		On exit  : 
		Unchanged: 
 Data sizes:     COMRAM   BANK0   BANK1   BANK2   BANK3   BANK4   BANK5   BANK6   BANK7   BANK8   BANK9  BANK10  BANK11  BANK12  BANK13  BANK14  BANK15  BANK16  BANK17  BANK18  BANK19  BANK20  BANK21  BANK22  BANK23  BANK24  BANK25  BANK26  BANK27  BANK28  BANK29  BANK30  BANK31
      Params:         0       0       0       0       0       0       0       0       0       0       0       0       0       0       0       0       0       0       0       0       0       0       0       0       0       0       0       0       0       0       0       0       0
      Locals:         0       0       0       0       0       0       0       0       0       0       0       0       0       0       0       0       0       0       0       0       0       0       0       0       0       0       0       0       0       0       0       0       0
      Temps:          0       0       0       0       0       0       0       0       0       0       0       0       0       0       0       0       0       0       0       0       0       0       0       0       0       0       0       0       0       0       0       0       0
      Totals:         0       0       0       0       0       0       0       0       0       0       0       0       0       0       0       0       0       0       0       0       0       0       0       0       0       0       0       0       0       0       0       0       0
Total ram usage:        0 bytes
 Hardware stack levels used:    1
 This function calls:
		Nothing
 This function is called by:
		Interrupt level 2
 This function uses a non-reentrant model


 *************** function _DMA1_DMADCNT_ISR *****************
 Defined at:
		line 133 in file "mcc_generated_files/dma1.c"
 Parameters:    Size  Location     Type
		None
 Auto vars:     Size  Location     Type
		None
 Return value:  Size  Location     Type
                  1    wreg      void 
 Registers used:
		None
 Tracked objects:
		On entry : 
		On exit  : 
		Unchanged: 
 Data sizes:     COMRAM   BANK0   BANK1   BANK2   BANK3   BANK4   BANK5   BANK6   BANK7   BANK8   BANK9  BANK10  BANK11  BANK12  BANK13  BANK14  BANK15  BANK16  BANK17  BANK18  BANK19  BANK20  BANK21  BANK22  BANK23  BANK24  BANK25  BANK26  BANK27  BANK28  BANK29  BANK30  BANK31
      Params:         0       0       0       0       0       0       0       0       0       0       0       0       0       0       0       0       0       0       0       0       0       0       0       0       0       0       0       0       0       0       0       0       0
      Locals:         0       0       0       0       0       0       0       0       0       0       0       0       0       0       0       0       0       0       0       0       0       0       0       0       0       0       0       0       0       0       0       0       0
      Temps:          0       0       0       0       0       0       0       0       0       0       0       0       0       0       0       0       0       0       0       0       0       0       0       0       0       0       0       0       0       0       0       0       0
      Totals:         0       0       0       0       0       0       0       0       0       0       0       0       0       0       0       0       0       0       0       0       0       0       0       0       0       0       0       0       0       0       0       0       0
Total ram usage:        0 bytes
 Hardware stack levels used:    1
 This function calls:
		Nothing
 This function is called by:
		Interrupt level 2
 This function uses a non-reentrant model


 *************** function _DMA1_DMAA_ISR *****************
 Defined at:
		line 143 in file "mcc_generated_files/dma1.c"
 Parameters:    Size  Location     Type
		None
 Auto vars:     Size  Location     Type
		None
 Return value:  Size  Location     Type
                  1    wreg      void 
 Registers used:
		None
 Tracked objects:
		On entry : 
		On exit  : 
		Unchanged: 
 Data sizes:     COMRAM   BANK0   BANK1   BANK2   BANK3   BANK4   BANK5   BANK6   BANK7   BANK8   BANK9  BANK10  BANK11  BANK12  BANK13  BANK14  BANK15  BANK16  BANK17  BANK18  BANK19  BANK20  BANK21  BANK22  BANK23  BANK24  BANK25  BANK26  BANK27  BANK28  BANK29  BANK30  BANK31
      Params:         0       0       0       0       0       0       0       0       0       0       0       0       0       0       0       0       0       0       0       0       0       0       0       0       0       0       0       0       0       0       0       0       0
      Locals:         0       0       0       0       0       0       0       0       0       0       0       0       0       0       0       0       0       0       0       0       0       0       0       0       0       0       0       0       0       0       0       0       0
      Temps:          0       0       0       0       0       0       0       0       0       0       0       0       0       0       0       0       0       0       0       0       0       0       0       0       0       0       0       0       0       0       0       0       0
      Totals:         0       0       0       0       0       0       0       0       0       0       0       0       0       0       0       0       0       0       0       0       0       0       0       0       0       0       0       0       0       0       0       0       0
Total ram usage:        0 bytes
 Hardware stack levels used:    1
 This function calls:
		Nothing
 This function is called by:
		Interrupt level 2
 This function uses a non-reentrant model


 *************** function _DMA1_DMAOR_ISR *****************
 Defined at:
		line 154 in file "mcc_generated_files/dma1.c"
 Parameters:    Size  Location     Type
		None
 Auto vars:     Size  Location     Type
		None
 Return value:  Size  Location     Type
                  1    wreg      void 
 Registers used:
		None
 Tracked objects:
		On entry : 
		On exit  : 
		Unchanged: 
 Data sizes:     COMRAM   BANK0   BANK1   BANK2   BANK3   BANK4   BANK5   BANK6   BANK7   BANK8   BANK9  BANK10  BANK11  BANK12  BANK13  BANK14  BANK15  BANK16  BANK17  BANK18  BANK19  BANK20  BANK21  BANK22  BANK23  BANK24  BANK25  BANK26  BANK27  BANK28  BANK29  BANK30  BANK31
      Params:         0       0       0       0       0       0       0       0       0       0       0       0       0       0       0       0       0       0       0       0       0       0       0       0       0       0       0       0       0       0       0       0       0
      Locals:         0       0       0       0       0       0       0       0       0       0       0       0       0       0       0       0       0       0       0       0       0       0       0       0       0       0       0       0       0       0       0       0       0
      Temps:          0       0       0       0       0       0       0       0       0       0       0       0       0       0       0       0       0       0       0       0       0       0       0       0       0       0       0       0       0       0       0       0       0
      Totals:         0       0       0       0       0       0       0       0       0       0       0       0       0       0       0       0       0       0       0       0       0       0       0       0       0       0       0       0       0       0       0       0       0
Total ram usage:        0 bytes
 Hardware stack levels used:    1
 This function calls:
		Nothing
 This function is called by:
		Interrupt level 2
 This function uses a non-reentrant model



MODULE INFORMATION

Module		Function		Class		Link	Load	Size
ringbufs.c
		_ringBufS_init 		CODE           	4F5A	0000	41
		_ringBufS_flush		CODE           	46B8	0000	147
		_ringBufS_put_dma		CODE           	43AA	0000	171

ringbufs.c estimated size: 359

mcc_generated_files/uart2.c
		_UART2_rx_vect_isr		CODE           	518C	0000	39
		_UART2_tx_vect_isr		CODE           	5164	0000	39
		_UART2_Receive_ISR		CODE           	52C6	0000	33
		_UART2_SetRxInterruptHandler		CODE           	4FAA	0000	41
		_UART2_SetTxInterruptHandler		CODE           	4F82	0000	41
		_UART2_Initialize		CODE           	4ADA	0000	95
		_UART2_Transmit_ISR		CODE           	4EB4	0000	45

mcc_generated_files/uart2.c estimated size: 333

timers.c
		_StartTimer    		CODE           	4DBC	0000	61
		_TimerDone     		CODE           	51DA	0000	35

timers.c estimated size: 96

/opt/microchip/xc8/v2.05/pic/sources/c99/common/nf_fputc.c
		_fputc         		CODE           	4034	0000	269

/opt/microchip/xc8/v2.05/pic/sources/c99/common/nf_fputc.c estimated size: 269

mcc_generated_files/tmr6.c
		_TMR6_CallBack 		CODE           	5284	0000	35
		_TMR6_ISR      		CODE           	51B4	0000	39
		_TMR6_Initialize		CODE           	5022	0000	41
		_TMR6_SetInterruptHandler		CODE           	504A	0000	41
		_TMR6_DefaultInterruptHandler		CODE           	48D8	0000	109

mcc_generated_files/tmr6.c estimated size: 265

gemsecs.c
		_r_protocol    		CODE           	3DD4	0000	333
		_block_checkmark		CODE           	42F2	0000	185

gemsecs.c estimated size: 518

mcc_generated_files/dsm.c
		_DSM_Initialize		CODE           	533C	0000	29

mcc_generated_files/dsm.c estimated size: 29

mcc_generated_files/interrupt_manager.c
		_INTERRUPT_Initialize		CODE           	4A14	0000	101
		_Default_ISR   		CODE           	5470	0000	7

mcc_generated_files/interrupt_manager.c estimated size: 108

eadog.c
		_init_display  		CODE           	4140	0000	235
		_putch         		CODE           	5372	0000	27
		_wdtdelay      		CODE           	4B38	0000	89
		_send_lcd_cmd  		CODE           	4F32	0000	41
		_wait_lcd_set  		CODE           	5462	0000	7
		_wait_lcd_done 		CODE           	5304	0000	29
		_send_lcd_cmd_long		CODE           	4F0A	0000	41
		_start_lcd     		CODE           	5468	0000	7
		_wait_lcd_check		CODE           	53CC	0000	17
		_eaDogM_WriteString		CODE           	4454	0000	159

eadog.c estimated size: 652

mcc_generated_files/pin_manager.c
		_PIN_MANAGER_Initialize		CODE           	44F2	0000	155

mcc_generated_files/pin_manager.c estimated size: 155

mcc_generated_files/nco1.c
		_NCO1_Initialize		CODE           	5320	0000	29

mcc_generated_files/nco1.c estimated size: 29

mcc_generated_files/spi1.c
		_SPI1_Initialize		CODE           	538C	0000	23
		_SPI1_Exchange8bit		CODE           	52E6	0000	31

mcc_generated_files/spi1.c estimated size: 54

/opt/microchip/xc8/v2.05/pic/sources/c99/common/aomod.c
		___aomod       		CODE           	3966	0000	577

/opt/microchip/xc8/v2.05/pic/sources/c99/common/aomod.c estimated size: 577

/opt/microchip/xc8/v2.05/pic/sources/c99/common/isdigit.c
		_isdigit       		CODE           	4E58	0000	49

/opt/microchip/xc8/v2.05/pic/sources/c99/common/isdigit.c estimated size: 49

/opt/microchip/xc8/v2.05/pic/sources/c99/common/printf.c
		_printf        		CODE           	4A78	0000	99

/opt/microchip/xc8/v2.05/pic/sources/c99/common/printf.c estimated size: 99

mcc_generated_files/clkref.c
		_CLKREF_Initialize		CODE           	5428	0000	11

mcc_generated_files/clkref.c estimated size: 11

mcc_generated_files/dma1.c
		_DMA1_DMADCNT_ISR		CODE           	5434	0000	11
		_DMA1_DMASCNT_ISR		CODE           	540C	0000	15
		_DMA1_Initialize		CODE           	4944	0000	107
		_DMA1_DMAA_ISR 		CODE           	5440	0000	11
		_DMA1_DMAOR_ISR		CODE           	541C	0000	13

mcc_generated_files/dma1.c estimated size: 157

/opt/microchip/xc8/v2.05/pic/sources/c99/common/atoi.c
		_atoi          		CODE           	3BA6	0000	559

/opt/microchip/xc8/v2.05/pic/sources/c99/common/atoi.c estimated size: 559

/opt/microchip/xc8/v2.05/pic/sources/c99/common/strlen.c
		_strlen        		CODE           	4854	0000	133

/opt/microchip/xc8/v2.05/pic/sources/c99/common/strlen.c estimated size: 133

/opt/microchip/xc8/v2.05/pic/sources/c99/common/nf_sprintf.c
		_sprintf       		CODE           	422A	0000	201

/opt/microchip/xc8/v2.05/pic/sources/c99/common/nf_sprintf.c estimated size: 201

mcc_generated_files/uart1.c
		_UART1_rx_vect_isr		CODE           	513C	0000	39
		_UART1_Write   		CODE           	4D02	0000	63
		_UART1_tx_vect_isr		CODE           	5114	0000	39
		_UART1_Receive_ISR		CODE           	52A6	0000	33
		_UART1_SetRxInterruptHandler		CODE           	4FFA	0000	41
		_UART1_SetTxInterruptHandler		CODE           	4FD2	0000	41
		_UART1_Initialize		CODE           	49AE	0000	103
		_UART1_Transmit_ISR		CODE           	4E88	0000	45
		_UART1_Read    		CODE           	4D40	0000	63
		_UART1_is_rx_ready		CODE           	5452	0000	9
		_UART1_is_tx_ready		CODE           	545A	0000	9

mcc_generated_files/uart1.c estimated size: 485

mcc_generated_files/ext_int.c
		_INT0_SetInterruptHandler		CODE           	50C2	0000	41
		_INT1_SetInterruptHandler		CODE           	509A	0000	41
		_EXT_INT_Initialize		CODE           	4BE2	0000	77
		_INT2_SetInterruptHandler		CODE           	5072	0000	41
		_INT0_DefaultInterruptHandler		CODE           	5476	0000	3
		_INT0_CallBack 		CODE           	521E	0000	35
		_INT1_DefaultInterruptHandler		CODE           	5478	0000	3
		_INT1_CallBack 		CODE           	5240	0000	35
		_INT2_DefaultInterruptHandler		CODE           	547A	0000	3
		_INT2_CallBack 		CODE           	5262	0000	35
		_INT0_ISR      		CODE           	53DC	0000	15
		_INT1_ISR      		CODE           	53EC	0000	15
		_INT2_ISR      		CODE           	53FC	0000	15

mcc_generated_files/ext_int.c estimated size: 359

/opt/microchip/xc8/v2.05/pic/sources/c99/common/memset.c
		_memset        		CODE           	2EC0	0000	749

/opt/microchip/xc8/v2.05/pic/sources/c99/common/memset.c estimated size: 749

/opt/microchip/xc8/v2.05/pic/sources/c99/common/isupper.c
		_isupper       		CODE           	4E28	0000	49

/opt/microchip/xc8/v2.05/pic/sources/c99/common/isupper.c estimated size: 49

shared
		__initialization		CODE           	474A	0000	129

shared estimated size: 129

/opt/microchip/xc8/v2.05/pic/sources/c99/common/nf_fputs.c
		_fputs         		CODE           	458C	0000	153

/opt/microchip/xc8/v2.05/pic/sources/c99/common/nf_fputs.c estimated size: 153

mcc_generated_files/mcc.c
		_PMD_Initialize		CODE           	53B8	0000	21
		_OSCILLATOR_Initialize		CODE           	53A2	0000	23
		_SYSTEM_Initialize		CODE           	4D7E	0000	63

mcc_generated_files/mcc.c estimated size: 107

/opt/microchip/xc8/v2.05/pic/sources/c99/common/abs.c
		_abs           		CODE           	4C78	0000	71

/opt/microchip/xc8/v2.05/pic/sources/c99/common/abs.c estimated size: 71

/opt/microchip/xc8/v2.05/pic/sources/c99/common/aodiv.c
		___aodiv       		CODE           	36E6	0000	641

/opt/microchip/xc8/v2.05/pic/sources/c99/common/aodiv.c estimated size: 641

/opt/microchip/xc8/v2.05/pic/sources/c99/common/islower.c
		_islower       		CODE           	4DF8	0000	49

/opt/microchip/xc8/v2.05/pic/sources/c99/common/islower.c estimated size: 49

mcc_generated_files/adcc.c
		_ADCC_DefaultInterruptHandler		CODE           	547C	0000	3
		_ADCC_SetADIInterruptHandler		CODE           	50EA	0000	41
		_ADCC_ISR      		CODE           	4EE0	0000	43
		_ADCC_Initialize		CODE           	4C2E	0000	75

mcc_generated_files/adcc.c estimated size: 162

/opt/microchip/xc8/v2.05/pic/sources/c99/common/toupper.c
		_toupper       		CODE           	47D0	0000	133

/opt/microchip/xc8/v2.05/pic/sources/c99/common/toupper.c estimated size: 133

/opt/microchip/xc8/v2.05/pic/sources/c99/common/isalpha.c
		_isalpha       		CODE           	4CBE	0000	69

/opt/microchip/xc8/v2.05/pic/sources/c99/common/isalpha.c estimated size: 69

main.c
		_main          		CODE           	344E	0000	665

main.c estimated size: 665

/opt/microchip/xc8/v2.05/pic/sources/c99/common/isspace.c
		_isspace       		CODE           	4B90	0000	83

/opt/microchip/xc8/v2.05/pic/sources/c99/common/isspace.c estimated size: 83

/opt/microchip/xc8/v2.05/pic/sources/c99/common/doprnt.c
		_vfpfcnvrt     		CODE           	2040	0000	1607
		_pad           		CODE           	3F20	0000	277
		_dtoa          		CODE           	2686	0000	1153
		_vfprintf      		CODE           	4624	0000	149
		_stoa          		CODE           	31AC	0000	675
		_xtoa          		CODE           	2B06	0000	955

/opt/microchip/xc8/v2.05/pic/sources/c99/common/doprnt.c estimated size: 4816

mcc_generated_files/clc1.c
		_CLC1_Initialize		CODE           	51FC	0000	35

mcc_generated_files/clc1.c estimated size: 35

