Microchip MPLAB XC8 Compiler V2.10 ()

Linker command line:

-W-3 --edf=/opt/microchip/xc8/v2.10/pic/dat/en_msgs.txt -pivt0x8=08h -cs \
  -h+dist/default/production/touch_v2.X.production.sym \
  --cmf=dist/default/production/touch_v2.X.production.cmf -z -Q18F57K42 \
  -o/tmp/xcXUwkaJi --defsym=__MPLAB_BUILD=1 \
  -Mdist/default/production/touch_v2.X.production.map -E1 -ver=XC8 \
  --acfsm=1493 -ASTACK=0A0Ch-01FFFh -pstack=STACK -ACODE=00h-01FFFFh \
  -ACONST=00h-01FFFFh -ASMALLCONST=02000h-020FFhx480 \
  -AMEDIUMCONST=02000h-0FFFFh,012000h-01FFFFh -ACOMRAM=01h-05Fh \
  -AABS1=00h-01FFFh -ABIGRAM=01h-01FFFh -ARAM=060h-0FFh,0100h-01FFhx31 \
  -ABANK0=060h-0FFh -ABANK1=0100h-01FFh -ABANK2=0200h-02FFh \
  -ABANK3=0300h-03FFh -ABANK4=0400h-04FFh -ABANK5=0500h-05FFh \
  -ABANK6=0600h-06FFh -ABANK7=0700h-07FFh -ABANK8=0800h-08FFh \
  -ABANK9=0900h-09FFh -ABANK10=0A00h-0AFFh -ABANK11=0B00h-0BFFh \
  -ABANK12=0C00h-0CFFh -ABANK13=0D00h-0DFFh -ABANK14=0E00h-0EFFh \
  -ABANK15=0F00h-0FFFh -ABANK16=01000h-010FFh -ABANK17=01100h-011FFh \
  -ABANK18=01200h-012FFh -ABANK19=01300h-013FFh -ABANK20=01400h-014FFh \
  -ABANK21=01500h-015FFh -ABANK22=01600h-016FFh -ABANK23=01700h-017FFh \
  -ABANK24=01800h-018FFh -ABANK25=01900h-019FFh -ABANK26=01A00h-01AFFh \
  -ABANK27=01B00h-01BFFh -ABANK28=01C00h-01CFFh -ABANK29=01D00h-01DFFh \
  -ABANK30=01E00h-01EFFh -ABANK31=01F00h-01FFFh \
  -ASFR=03800h-038FFhx7,03F00h-03F5Fh,03F60h-03FFFh -preset_vec=00h \
  -ppowerup=CODE,init -pramtop=02000h -psmallconst=SMALLCONST \
  -pmediumconst=MEDIUMCONST -pconst=CONST -AFARRAM=00h-00h \
  -ACONFIG=0300000h-0300009h -pconfig=CONFIG -AIDLOC=0200000h-020000Fh \
  -pidloc=IDLOC -AEEDATA=0310000h-03103FFh -peeprom_data=EEDATA \
  -prdata=COMRAM,nvrram=COMRAM,nvbit=COMRAM,rbss=COMRAM,rbit=COMRAM \
  -pfarbss=FARRAM,fardata=FARRAM,nvFARRAM=FARRAM \
  -pintsave_regs=BIGRAM,bigbss=BIGRAM,bigdata=BIGRAM -pbss=RAM \
  -pidata=CODE,irdata=CODE,ibigdata=CODE,ifardata=CODE -prparam=COMRAM \
  /tmp/xcXe7APX6.o dist/default/production/touch_v2.X.production.o 

Object code version is 3.11

Machine type is 18F57K42

Call graph: (short form)




                Name                               Link     Load   Length Selector   Space Scale
/tmp/xcXe7APX6.o
                stack                               A0C      A0C     15F4      A0C       2
                init                                 AE       AE        8        4       0
                reset_vec                             0        0        4        0       0
                idloc                            200000   200000       10   200000       0
                config                           300000   300000        A   300000       0
dist/default/production/touch_v2.X.production.o
                temp                                  1        1       20        1       1
                mediumconst                        F9DE     F9DE      622     7CEF       0
                ivt0x8                                8        8       A6        4       0
                text183                           1C658    1C658        A     7196       0
                text182                           1C64C    1C64C        A     7193       0
                text181                           1C640    1C640        A     7190       0
                text180                           1C61C    1C61C        E     7187       0
                text179                           1B850    1B850       4E     D37F       0
                text178                           1C374    1C374       24     7092       0
                text177                           1C4F0    1C4F0       1A     713C       0
                text176                           1C41E    1C41E       20     7092       0
                text175                           1C298    1C298       28     7092       0
                text174                           1C010    1C010       2C     6FF9       0
                text173                           1C270    1C270       28     7092       0
                text172                           1C3DC    1C3DC       22     7092       0
                text171                           1C248    1C248       28     7092       0
                text170                           1B3E0    1B3E0       6A     D37F       0
                text169                           1C6B2    1C6B2        2     71A9       0
                text168                           1C6B0    1C6B0        2     71A9       0
                text167                           1B12A    1B12A       7E     D37F       0
                text166                           1BFE4    1BFE4       2C     6FF9       0
                text165                           1C6A4    1C6A4        6     71A9       0
                text164                           1C6AE    1C6AE        2     71A9       0
                text163                           1C350    1C350       24     7092       0
                text162                           1C60C    1C60C        E     713C       0
                text161                           1B222    1B222       78     D37F       0
                text160                           1C634    1C634        A     7187       0
                text159                           1B7FE    1B7FE       52     D37F       0
                text158                           13398    13398      A6E     8000       0
                text157                           1C6AC    1C6AC        2     71A9       0
                text156                           1C32C    1C32C       24     7092       0
                text155                           1BC64    1BC64       40     D37F       0
                text154                           1939C    1939C      162     64E7       0
                text153                           1C5FE    1C5FE        E     713C       0
                text152                           1C5D2    1C5D2       10     713C       0
                text151                           18A8A    18A8A      1A0     B740       0
                text150                           1BD54    1BD54       38     D37F       0
                text149                           1C308    1C308       24     7092       0
                text148                           1BC24    1BC24       40     D37F       0
                text147                           1A398    1A398       E2     68E6       0
                text146                           1964C    1964C      142     64E7       0
                text145                           1C6AA    1C6AA        2     71A9       0
                text144                           1C2E4    1C2E4       24     7092       0
                text143                           1BCA4    1BCA4       3E     D37F       0
                text142                           1C21E    1C21E       28     6FF9       0
                text141                           1C1F6    1C1F6       28     6FF9       0
                text140                           1B376    1B376       6A     D37F       0
                text139                           1C62A    1C62A        A     7187       0
                text138                           1B30C    1B30C       6A     D37F       0
                text137                           1B752    1B752       5A     D37F       0
                text136                           1C1CE    1C1CE       28     6FF9       0
                text135                           1C1A6    1C1A6       28     6FF9       0
                text134                           1BE94    1BE94       34     D37F       0
                text133                           1C682    1C682        8     7196       0
                text132                           1B4B0    1B4B0       66     D37F       0
                text131                           1C566    1C566       16     713C       0
                text130                           1AF08    1AF08       92     D37F       0
                text129                           1C57C    1C57C       14     713C       0
                text128                           1C550    1C550       16     713C       0
                text127                           1C53A    1C53A       16     713C       0
                text126                           1C522    1C522       18     713C       0
                text125                           1C17E    1C17E       28     6FF9       0
                text124                           1BA0A    1BA0A       48     D37F       0
                text123                           1C156    1C156       28     6FF9       0
                text122                           1B9C2    1B9C2       48     D37F       0
                text121                           1C12E    1C12E       28     6FF9       0
                text120                           1C03C    1C03C       2A     6FF9       0
                text119                           1C106    1C106       28     6FF9       0
                text118                           1B97A    1B97A       48     D37F       0
                text117                           1C0DE    1C0DE       28     6FF9       0
                text116                           1C0B6    1C0B6       28     6FF9       0
                text115                           1B63E    1B63E       60     D37F       0
                text114                           1B8E8    1B8E8       4A     D37F       0
                text113                           13E06    13E06      82A     8000       0
                text112                           14630    14630      7BC     8000       0
                text111                           1BA98    1BA98       46     D37F       0
                text110                           188CE    188CE      1BC     B740       0
                text109                           1C3BA    1C3BA       22     7092       0
                text108                           1C69C    1C69C        6     7196       0
                text107                           15CA2    15CA2      44C     8000       0
                text106                           19238    19238      162     B740       0
                text105                           14DEC    14DEC      57A     8000       0
                text104                           186CA    186CA      204     B740       0
                text103                           1C4B6    1C4B6       1E     7092       0
                text102                           1B5DC    1B5DC       62     D37F       0
                text101                           15366    15366      4BC     8000       0
                text100                           1A9EA    1A9EA       AE     D37F       0
                text99                            18DC0    18DC0      186     B740       0
                text98                            1B29A    1B29A       72     D37F       0
                text97                            1C67A    1C67A        8     7196       0
                text96                            1C672    1C672        8     7196       0
                text95                            1BBE4    1BBE4       40     D37F       0
                text94                            1C08E    1C08E       28     6FF9       0
                text93                            1BD1C    1BD1C       38     D37F       0
                text92                            1BB22    1BB22       42     D37F       0
                text91                            1C5F0    1C5F0        E     713C       0
                text90                            1C50A    1C50A       18     713C       0
                text89                            1C498    1C498       1E     7092       0
                text88                            1C5C2    1C5C2       10     713C       0
                text87                            1C47A    1C47A       1E     7092       0
                text86                            1BF58    1BF58       30     D37F       0
                text85                            1B7AC    1B7AC       52     D37F       0
                text84                            17982    17982      274     B740       0
                text83                            1AB44    1AB44       AA     D37F       0
                text82                            1C4D4    1C4D4       1A     7092       0
                text81                            19B34    19B34      124     64E7       0
                text80                            1ADDE    1ADDE       98     D37F       0
                text79                            1AD3C    1AD3C       A2     D37F       0
                text78                            19E88    19E88      114     64E7       0
                text77                            1AF9A    1AF9A       88     D37F       0
                text76                            17702    17702      280     B740       0
                text75                            17E3C    17E3C      240     B740       0
                text74                            1BA52    1BA52       46     D37F       0
                text73                            15822    15822      480     8000       0
                text72                            194FE    194FE      14E     64E7       0
                text71                            19D70    19D70      118     64E7       0
                text70                            1A6FE    1A6FE       C4     D37F       0
                text69                            1B932    1B932       48     D37F       0
                text68                            190C6    190C6      172     B740       0
                text67                            18C2A    18C2A      196     B740       0
                text66                            164A8    164A8      36C     8000       0
                text65                            1A55A    1A55A       D4     68E6       0
                text64                            1BF28    1BF28       30     D37F       0
                text63                            1B0A6    1B0A6       84     D37F       0
                text62                            10000    10000     1244     8000       0
                text61                            17444    17444      2BE     B740       0
                text60                            1807C    1807C      220     B740       0
                text59                            18F46    18F46      180     B740       0
                text58                            1978E    1978E      140     64E7       0
                text57                            16814    16814      340     8000       0
                text56                            1BADE    1BADE       44     D37F       0
                text55                            1BEF8    1BEF8       30     D37F       0
                text54                            1B022    1B022       84     D37F       0
                text53                            160EE    160EE      3BA     8000       0
                text52                            123EC    123EC      FAC     8000       0
                text51                            1AA98    1AA98       AC     D37F       0
                text50                            1B57A    1B57A       62     D37F       0
                text49                            16E80    16E80      2EC     B740       0
                text48                            1AE76    1AE76       92     D37F       0
                text47                            1C696    1C696        6     7196       0
                text46                            1C690    1C690        6     7196       0
                text45                            1AC96    1AC96       A6     D37F       0
                text44                            1B89E    1B89E       4A     D37F       0
                text43                            1B6F8    1B6F8       5A     D37F       0
                text42                            1C398    1C398       22     7092       0
                text41                            1C45C    1C45C       1E     7092       0
                text40                            1ABEE    1ABEE       A8     D37F       0
                text39                            19F9C    19F9C      110     64E7       0
                text38                            1BDC2    1BDC2       36     D37F       0
                text37                            1BF88    1BF88       2E     D37F       0
                text36                            1A0AC    1A0AC      10A     64E7       0
                text35                            19A06    19A06      12E     64E7       0
                text34                            184B8    184B8      212     B740       0
                text33                            1B44A    1B44A       66     D37F       0
                text32                            1A87C    1A87C       B8     D37F       0
                text31                            1C5E2    1C5E2        E     713C       0
                text30                            1C5B2    1C5B2       10     713C       0
                text29                            1C5A2    1C5A2       10     713C       0
                text28                            1C66A    1C66A        8     7196       0
                text27                            1C68A    1C68A        6     7196       0
                text26                            1C662    1C662        8     7196       0
                text25                            1C590    1C590       12     713C       0
                text24                            1B516    1B516       64     D37F       0
                text23                            1BCE2    1BCE2       3A     D37F       0
                text22                            1716C    1716C      2D8     B740       0
                text21                            1BFB6    1BFB6       2C     D37F       0
                text20                            198CE    198CE      138     64E7       0
                text19                            1829C    1829C      21C     B740       0
                text18                            1A7C2    1A7C2       BA     D37F       0
                text17                            17BF6    17BF6      246     B740       0
                text16                            1C066    1C066       28     6FF9       0
                text15                            1C43E    1C43E       1E     7092       0
                text14                            1BBA4    1BBA4       40     D37F       0
                text13                            1BB64    1BB64       40     D37F       0
                text12                            1C2C0    1C2C0       24     7092       0
                text11                            1A2AC    1A2AC       EA     64E7       0
                text10                            1BEC8    1BEC8       30     D37F       0
                text9                             1B1A8    1B1A8       7A     D37F       0
                text8                             1A934    1A934       B6     D37F       0
                text7                             19C58    19C58      118     64E7       0
                text6                             1BE60    1BE60       34     D37F       0
                text5                             1BE2C    1BE2C       34     D37F       0
                text4                             1A1B6    1A1B6       F6     64E7       0
                text3                             1BDF8    1BDF8       34     D37F       0
                text2                             1C3FE    1C3FE       20     7092       0
                text1                             1B69E    1B69E       5A     D37F       0
                text0                             11244    11244     11A8     8000       0
                cstackCOMRAM                         21       21       19        1       1
                cstackBANK0                          E5       E5       19       60       1
                dataBIGRAM                          4FF      4FF      32B      4FF       1
                bssBIGRAM                           82A      82A      1E2      4FF       1
                bssBANK4                            400      400       FF      400       1
                bssBANK3                            300      300       C6      300       1
                bssBANK2                            200      200       E7      200       1
                dataBANK1                           100      100       CF      100       1
                bssBANK1                            1CF      1CF       2E      100       1
                dataBANK0                            AF       AF       36       60       1
                bssBANK0                             60       60       4F       60       1
                bssCOMRAM                            3A       3A        E        1       1
                cinit                             1A47A    1A47A       E0     68E6       0
                idataBANK1                        1A62E    1A62E       CF     68E6       0
                idataBANK0                        1BD8C    1BD8C       36     D37F       0
                idataBIGRAM                       16B54    16B54      32B     8000       0

TOTAL           Name                               Link     Load   Length     Space
        CLASS   STACK          
                stack                               A0C      A0C     15F4         2

        CLASS   CODE           
                init                                 AE       AE        8         0
                reset_vec                             0        0        4         0
                ivt0x8                                8        8       A6         0
                text183                           1C658    1C658        A         0
                text182                           1C64C    1C64C        A         0
                text181                           1C640    1C640        A         0
                text180                           1C61C    1C61C        E         0
                text179                           1B850    1B850       4E         0
                text178                           1C374    1C374       24         0
                text177                           1C4F0    1C4F0       1A         0
                text176                           1C41E    1C41E       20         0
                text175                           1C298    1C298       28         0
                text174                           1C010    1C010       2C         0
                text173                           1C270    1C270       28         0
                text172                           1C3DC    1C3DC       22         0
                text171                           1C248    1C248       28         0
                text170                           1B3E0    1B3E0       6A         0
                text169                           1C6B2    1C6B2        2         0
                text168                           1C6B0    1C6B0        2         0
                text167                           1B12A    1B12A       7E         0
                text166                           1BFE4    1BFE4       2C         0
                text165                           1C6A4    1C6A4        6         0
                text164                           1C6AE    1C6AE        2         0
                text163                           1C350    1C350       24         0
                text162                           1C60C    1C60C        E         0
                text161                           1B222    1B222       78         0
                text160                           1C634    1C634        A         0
                text159                           1B7FE    1B7FE       52         0
                text158                           13398    13398      A6E         0
                text157                           1C6AC    1C6AC        2         0
                text156                           1C32C    1C32C       24         0
                text155                           1BC64    1BC64       40         0
                text154                           1939C    1939C      162         0
                text153                           1C5FE    1C5FE        E         0
                text152                           1C5D2    1C5D2       10         0
                text151                           18A8A    18A8A      1A0         0
                text150                           1BD54    1BD54       38         0
                text149                           1C308    1C308       24         0
                text148                           1BC24    1BC24       40         0
                text147                           1A398    1A398       E2         0
                text146                           1964C    1964C      142         0
                text145                           1C6AA    1C6AA        2         0
                text144                           1C2E4    1C2E4       24         0
                text143                           1BCA4    1BCA4       3E         0
                text142                           1C21E    1C21E       28         0
                text141                           1C1F6    1C1F6       28         0
                text140                           1B376    1B376       6A         0
                text139                           1C62A    1C62A        A         0
                text138                           1B30C    1B30C       6A         0
                text137                           1B752    1B752       5A         0
                text136                           1C1CE    1C1CE       28         0
                text135                           1C1A6    1C1A6       28         0
                text134                           1BE94    1BE94       34         0
                text133                           1C682    1C682        8         0
                text132                           1B4B0    1B4B0       66         0
                text131                           1C566    1C566       16         0
                text130                           1AF08    1AF08       92         0
                text129                           1C57C    1C57C       14         0
                text128                           1C550    1C550       16         0
                text127                           1C53A    1C53A       16         0
                text126                           1C522    1C522       18         0
                text125                           1C17E    1C17E       28         0
                text124                           1BA0A    1BA0A       48         0
                text123                           1C156    1C156       28         0
                text122                           1B9C2    1B9C2       48         0
                text121                           1C12E    1C12E       28         0
                text120                           1C03C    1C03C       2A         0
                text119                           1C106    1C106       28         0
                text118                           1B97A    1B97A       48         0
                text117                           1C0DE    1C0DE       28         0
                text116                           1C0B6    1C0B6       28         0
                text115                           1B63E    1B63E       60         0
                text114                           1B8E8    1B8E8       4A         0
                text113                           13E06    13E06      82A         0
                text112                           14630    14630      7BC         0
                text111                           1BA98    1BA98       46         0
                text110                           188CE    188CE      1BC         0
                text109                           1C3BA    1C3BA       22         0
                text108                           1C69C    1C69C        6         0
                text107                           15CA2    15CA2      44C         0
                text106                           19238    19238      162         0
                text105                           14DEC    14DEC      57A         0
                text104                           186CA    186CA      204         0
                text103                           1C4B6    1C4B6       1E         0
                text102                           1B5DC    1B5DC       62         0
                text101                           15366    15366      4BC         0
                text100                           1A9EA    1A9EA       AE         0
                text99                            18DC0    18DC0      186         0
                text98                            1B29A    1B29A       72         0
                text97                            1C67A    1C67A        8         0
                text96                            1C672    1C672        8         0
                text95                            1BBE4    1BBE4       40         0
                text94                            1C08E    1C08E       28         0
                text93                            1BD1C    1BD1C       38         0
                text92                            1BB22    1BB22       42         0
                text91                            1C5F0    1C5F0        E         0
                text90                            1C50A    1C50A       18         0
                text89                            1C498    1C498       1E         0
                text88                            1C5C2    1C5C2       10         0
                text87                            1C47A    1C47A       1E         0
                text86                            1BF58    1BF58       30         0
                text85                            1B7AC    1B7AC       52         0
                text84                            17982    17982      274         0
                text83                            1AB44    1AB44       AA         0
                text82                            1C4D4    1C4D4       1A         0
                text81                            19B34    19B34      124         0
                text80                            1ADDE    1ADDE       98         0
                text79                            1AD3C    1AD3C       A2         0
                text78                            19E88    19E88      114         0
                text77                            1AF9A    1AF9A       88         0
                text76                            17702    17702      280         0
                text75                            17E3C    17E3C      240         0
                text74                            1BA52    1BA52       46         0
                text73                            15822    15822      480         0
                text72                            194FE    194FE      14E         0
                text71                            19D70    19D70      118         0
                text70                            1A6FE    1A6FE       C4         0
                text69                            1B932    1B932       48         0
                text68                            190C6    190C6      172         0
                text67                            18C2A    18C2A      196         0
                text66                            164A8    164A8      36C         0
                text65                            1A55A    1A55A       D4         0
                text64                            1BF28    1BF28       30         0
                text63                            1B0A6    1B0A6       84         0
                text62                            10000    10000     1244         0
                text61                            17444    17444      2BE         0
                text60                            1807C    1807C      220         0
                text59                            18F46    18F46      180         0
                text58                            1978E    1978E      140         0
                text57                            16814    16814      340         0
                text56                            1BADE    1BADE       44         0
                text55                            1BEF8    1BEF8       30         0
                text54                            1B022    1B022       84         0
                text53                            160EE    160EE      3BA         0
                text52                            123EC    123EC      FAC         0
                text51                            1AA98    1AA98       AC         0
                text50                            1B57A    1B57A       62         0
                text49                            16E80    16E80      2EC         0
                text48                            1AE76    1AE76       92         0
                text47                            1C696    1C696        6         0
                text46                            1C690    1C690        6         0
                text45                            1AC96    1AC96       A6         0
                text44                            1B89E    1B89E       4A         0
                text43                            1B6F8    1B6F8       5A         0
                text42                            1C398    1C398       22         0
                text41                            1C45C    1C45C       1E         0
                text40                            1ABEE    1ABEE       A8         0
                text39                            19F9C    19F9C      110         0
                text38                            1BDC2    1BDC2       36         0
                text37                            1BF88    1BF88       2E         0
                text36                            1A0AC    1A0AC      10A         0
                text35                            19A06    19A06      12E         0
                text34                            184B8    184B8      212         0
                text33                            1B44A    1B44A       66         0
                text32                            1A87C    1A87C       B8         0
                text31                            1C5E2    1C5E2        E         0
                text30                            1C5B2    1C5B2       10         0
                text29                            1C5A2    1C5A2       10         0
                text28                            1C66A    1C66A        8         0
                text27                            1C68A    1C68A        6         0
                text26                            1C662    1C662        8         0
                text25                            1C590    1C590       12         0
                text24                            1B516    1B516       64         0
                text23                            1BCE2    1BCE2       3A         0
                text22                            1716C    1716C      2D8         0
                text21                            1BFB6    1BFB6       2C         0
                text20                            198CE    198CE      138         0
                text19                            1829C    1829C      21C         0
                text18                            1A7C2    1A7C2       BA         0
                text17                            17BF6    17BF6      246         0
                text16                            1C066    1C066       28         0
                text15                            1C43E    1C43E       1E         0
                text14                            1BBA4    1BBA4       40         0
                text13                            1BB64    1BB64       40         0
                text12                            1C2C0    1C2C0       24         0
                text11                            1A2AC    1A2AC       EA         0
                text10                            1BEC8    1BEC8       30         0
                text9                             1B1A8    1B1A8       7A         0
                text8                             1A934    1A934       B6         0
                text7                             19C58    19C58      118         0
                text6                             1BE60    1BE60       34         0
                text5                             1BE2C    1BE2C       34         0
                text4                             1A1B6    1A1B6       F6         0
                text3                             1BDF8    1BDF8       34         0
                text2                             1C3FE    1C3FE       20         0
                text1                             1B69E    1B69E       5A         0
                text0                             11244    11244     11A8         0
                cinit                             1A47A    1A47A       E0         0
                idataBANK1                        1A62E    1A62E       CF         0
                idataBANK0                        1BD8C    1BD8C       36         0
                idataBIGRAM                       16B54    16B54      32B         0

        CLASS   CONST          

        CLASS   SMALLCONST     

        CLASS   MEDIUMCONST    
                mediumconst                        F9DE     F9DE      622         0

        CLASS   COMRAM         
                temp                                  1        1       20         1
                cstackCOMRAM                         21       21       19         1
                bssCOMRAM                            3A       3A        E         1

        CLASS   ABS1           

        CLASS   BIGRAM         
                dataBIGRAM                          4FF      4FF      32B         1
                bssBIGRAM                           82A      82A      1E2         1

        CLASS   RAM            

        CLASS   BANK0          
                cstackBANK0                          E5       E5       19         1
                dataBANK0                            AF       AF       36         1
                bssBANK0                             60       60       4F         1

        CLASS   BANK1          
                dataBANK1                           100      100       CF         1
                bssBANK1                            1CF      1CF       2E         1

        CLASS   BANK2          
                bssBANK2                            200      200       E7         1

        CLASS   BANK3          
                bssBANK3                            300      300       C6         1

        CLASS   BANK4          
                bssBANK4                            400      400       FF         1

        CLASS   BANK5          

        CLASS   BANK6          

        CLASS   BANK7          

        CLASS   BANK8          

        CLASS   BANK9          

        CLASS   BANK10         

        CLASS   BANK11         

        CLASS   BANK12         

        CLASS   BANK13         

        CLASS   BANK14         

        CLASS   BANK15         

        CLASS   BANK16         

        CLASS   BANK17         

        CLASS   BANK18         

        CLASS   BANK19         

        CLASS   BANK20         

        CLASS   BANK21         

        CLASS   BANK22         

        CLASS   BANK23         

        CLASS   BANK24         

        CLASS   BANK25         

        CLASS   BANK26         

        CLASS   BANK27         

        CLASS   BANK28         

        CLASS   BANK29         

        CLASS   BANK30         

        CLASS   BANK31         

        CLASS   SFR            

        CLASS   FARRAM         

        CLASS   CONFIG         
                config                           300000   300000        A         0

        CLASS   IDLOC          
                idloc                            200000   200000       10         0

        CLASS   EEDATA         



SEGMENTS        Name                           Load    Length   Top    Selector   Space  Class

                reset_vec                      000000  000004  000004         0       0  CODE    
                temp                           000001  000047  000048         1       1  COMRAM  
                ivt0x8                         000008  0000AE  0000B6         4       0  CODE    
                bssBANK0                       000060  00009E  0000FE        60       1  BANK0   
                dataBANK1                      000100  0000FD  0001FD       100       1  BANK1   
                bssBANK2                       000200  0000E7  0002E7       200       1  BANK2   
                bssBANK3                       000300  0000C6  0003C6       300       1  BANK3   
                bssBANK4                       000400  0000FF  0004FF       400       1  BANK4   
                dataBIGRAM                     0004FF  00050D  000A0C       4FF       1  BIGRAM  
                stack                          000A0C  0015F4  002000       A0C       2  STACK   
                mediumconst                    00F9DE  000622  010000      7CEF       0  MEDIUMCO
                text62                         010000  006E7F  016E7F      8000       0  CODE    
                text49                         016E80  00251A  01939A      B740       0  CODE    
                text154                        01939C  000FFA  01A396      64E7       0  CODE    
                text147                        01A398  000365  01A6FD      68E6       0  CODE    
                text70                         01A6FE  0018E4  01BFE2      D37F       0  CODE    
                text166                        01BFE4  000262  01C246      6FF9       0  CODE    
                text171                        01C248  0002A6  01C4EE      7092       0  CODE    
                text177                        01C4F0  00012A  01C61A      713C       0  CODE    
                text180                        01C61C  000022  01C63E      7187       0  CODE    
                text181                        01C640  00000A  01C64A      7190       0  CODE    
                text182                        01C64C  00000A  01C656      7193       0  CODE    
                text183                        01C658  00004A  01C6A2      7196       0  CODE    
                text165                        01C6A4  000010  01C6B4      71A9       0  CODE    
                idloc                          200000  000010  200010    200000       0  IDLOC   
                config                         300000  00000A  30000A    300000       0  CONFIG  


UNUSED ADDRESS RANGES

        Name                Unused          Largest block    Delta
        BANK0            0000FE-0000FF                2
        BANK1            0001FD-0001FF                3
        BANK10           000A0C-000AFF               F4
        BANK11           000B00-000BFF              100
        BANK12           000C00-000CFF              100
        BANK13           000D00-000DFF              100
        BANK14           000E00-000EFF              100
        BANK15           000F00-000FFF              100
        BANK16           001000-0010FF              100
        BANK17           001100-0011FF              100
        BANK18           001200-0012FF              100
        BANK19           001300-0013FF              100
        BANK2            0002E7-0002FF               19
        BANK20           001400-0014FF              100
        BANK21           001500-0015FF              100
        BANK22           001600-0016FF              100
        BANK23           001700-0017FF              100
        BANK24           001800-0018FF              100
        BANK25           001900-0019FF              100
        BANK26           001A00-001AFF              100
        BANK27           001B00-001BFF              100
        BANK28           001C00-001CFF              100
        BANK29           001D00-001DFF              100
        BANK3            0003C6-0003FF               3A
        BANK30           001E00-001EFF              100
        BANK31           001F00-001FFF              100
        BIGRAM           000048-00005F               18
                         0000FE-0000FF                2
                         0001FD-0001FF                3
                         0002E7-0002FF               19
                         0003C6-0003FF               3A
                         000A0C-001FFF             15F4
        CODE             000004-000007                4
                         0000B6-00F9DD             F928
                         016E7F-016E7F                1
                         01939A-01939B                2
                         01A396-01A397                2
                         01A6FD-01A6FD                1
                         01BFE2-01BFE3                2
                         01C246-01C247                2
                         01C4EE-01C4EF                2
                         01C61A-01C61B                2
                         01C63E-01C63F                2
                         01C64A-01C64B                2
                         01C656-01C657                2
                         01C6A2-01C6A3                2
                         01C6B4-01FFFF             394C
        COMRAM           000048-00005F               18
        CONST            000004-000007                4
                         0000B6-00F9DD             F928
                         016E7F-016E7F                1
                         01939A-01939B                2
                         01A396-01A397                2
                         01A6FD-01A6FD                1
                         01BFE2-01BFE3                2
                         01C246-01C247                2
                         01C4EE-01C4EF                2
                         01C61A-01C61B                2
                         01C63E-01C63F                2
                         01C64A-01C64B                2
                         01C656-01C657                2
                         01C6A2-01C6A3                2
                         01C6B4-01FFFF             394C
        EEDATA           310000-3103FF              400
        MEDIUMCONST      002000-00F9DD             D9DE
                         016E7F-016E7F                1
                         01939A-01939B                2
                         01A396-01A397                2
                         01A6FD-01A6FD                1
                         01BFE2-01BFE3                2
                         01C246-01C247                2
                         01C4EE-01C4EF                2
                         01C61A-01C61B                2
                         01C63E-01C63F                2
                         01C64A-01C64B                2
                         01C656-01C657                2
                         01C6A2-01C6A3                2
                         01C6B4-01FFFF             394C
        RAM              0000FE-0000FF                2
                         0001FD-0001FF                3
                         0002E7-0002FF               19
                         0003C6-0003FF               3A
                         000A0C-001FFF              100
        SFR              003800-003FFF              100
        SMALLCONST       002000-00F9DD              100
                         016E7F-016E7F                1
                         01939A-01939B                2
                         01A396-01A397                2
                         01A6FD-01A6FD                1
                         01BFE2-01BFE3                2
                         01C246-01C247                2
                         01C4EE-01C4EF                2
                         01C61A-01C61B                2
                         01C63E-01C63F                2
                         01C64A-01C64B                2
                         01C656-01C657                2
                         01C6A2-01C6A3                2
                         01C6B4-01FFFF              100

                                  Symbol Table

IVTBASEH                                (abs)        003FD6
IVTBASEL                                (abs)        003FD5
IVTBASEU                                (abs)        003FD7
TMR3_ISR@CountCallBack                  bssBANK0     00009C
TMR5_ISR@CountCallBack                  bssBANK0     0000A0
_ADACCU                                 (abs)        003EEA
_ADACQH                                 (abs)        003EF4
_ADACQL                                 (abs)        003EF3
_ADACT                                  (abs)        003EFE
_ADCAP                                  (abs)        003EF5
_ADCC_ADI_InterruptHandler              bssBANK0     000088
_ADCC_ADTI_InterruptHandler             bssBANK0     000085
_ADCC_DefaultInterruptHandler           text168      01C6B0
_ADCC_DischargeSampleCapacitor          text26       01C662
_ADCC_ISR                               text166      01BFE4
_ADCC_Initialize                        text140      01B376
_ADCC_SetADIInterruptHandler            text142      01C21E
_ADCC_SetADTIInterruptHandler           text141      01C1F6
_ADCC_StartConversion                   text25       01C590
_ADCC_ThresholdISR                      text170      01B3E0
_ADCLK                                  (abs)        003EFF
_ADCON0                                 (abs)        003EF8
_ADCON0bits                             (abs)        003EF8
_ADCON1                                 (abs)        003EF9
_ADCON2                                 (abs)        003EFA
_ADCON3                                 (abs)        003EFB
_ADFLTRH                                (abs)        003EE7
_ADFLTRL                                (abs)        003EE6
_ADLTHH                                 (abs)        003EDF
_ADLTHL                                 (abs)        003EDE
_ADPCH                                  (abs)        003EF1
_ADPREH                                 (abs)        003EF7
_ADPREL                                 (abs)        003EF6
_ADREF                                  (abs)        003EFD
_ADRPT                                  (abs)        003EEC
_ADSTAT                                 (abs)        003EFC
_ADSTPTH                                (abs)        003EE5
_ADSTPTL                                (abs)        003EE4
_ADUTHH                                 (abs)        003EE1
_ADUTHL                                 (abs)        003EE0
_ANSELA                                 (abs)        003A40
_ANSELB                                 (abs)        003A50
_ANSELC                                 (abs)        003A60
_ANSELD                                 (abs)        003A70
_ANSELE                                 (abs)        003A80
_ANSELF                                 (abs)        003A90
_BVSOC_TABLE                            mediumconst  00F9DF
_C                                      dataBIGRAM   0006FF
_CCPTMRS1bits                           (abs)        003F5F
_CLKRCLK                                (abs)        003CE6
_CLKRCON                                (abs)        003CE5
_CLKREF_Initialize                      text139      01C62A
_D                                      bssBIGRAM    00082A
_DMA1AIRQ                               (abs)        003BFE
_DMA1CON0                               (abs)        003BFC
_DMA1CON0bits                           (abs)        003BFC
_DMA1CON1                               (abs)        003BFD
_DMA1CON1bits                           (abs)        003BFD
_DMA1DSA                                (abs)        003BF0
_DMA1DSZ                                (abs)        003BEE
_DMA1PR                                 (abs)        0039F3
_DMA1SIRQ                               (abs)        003BFF
_DMA1SSA                                (abs)        003BF9
_DMA1SSZ                                (abs)        003BF7
_DMA1_DMAA_ISR                          text182      01C64C
_DMA1_DMADCNT_ISR                       text181      01C640
_DMA1_DMAOR_ISR                         text183      01C658
_DMA1_DMASCNT_ISR                       text180      01C61C
_DMA1_Initialize                        text138      01B30C
_DMA2AIRQ                               (abs)        003BDE
_DMA2CON0                               (abs)        003BDC
_DMA2CON0bits                           (abs)        003BDC
_DMA2CON1                               (abs)        003BDD
_DMA2CON1bits                           (abs)        003BDD
_DMA2DSA                                (abs)        003BD0
_DMA2DSZ                                (abs)        003BCE
_DMA2PR                                 (abs)        0039F4
_DMA2SIRQ                               (abs)        003BDF
_DMA2SSA                                (abs)        003BD9
_DMA2SSZ                                (abs)        003BD7
_DMA2_Initialize                        text137      01B752
_Default_ISR                            text165      01C6A4
_EXT_INT_Initialize                     text134      01BE94
_FVRCON                                 (abs)        003EC1
_FVR_Initialize                         text133      01C682
_GIE                                    (abs)        01FE97
_H                                      dataBANK1    0001C6
_INT0PPS                                (abs)        003AC0
_INT0_CallBack                          text163      01C350
_INT0_DefaultInterruptHandler           text164      01C6AE
_INT0_ISR                               text162      01C60C
_INT0_InterruptHandler                  bssBANK0     000097
_INT0_SetInterruptHandler               text136      01C1CE
_INT1PPS                                (abs)        003AC1
_INT1_CallBack                          text144      01C2E4
_INT1_DefaultInterruptHandler           text145      01C6AA
_INT1_ISR                               text143      01BCA4
_INT1_InterruptHandler                  bssBANK0     000094
_INT1_SetInterruptHandler               text135      01C1A6
_INTCON0bits                            (abs)        003FD2
_INTERRUPT_Initialize                   text132      01B4B0
_IPR1bits                               (abs)        003981
_IPR2bits                               (abs)        003982
_IPR3bits                               (abs)        003983
_IPR5bits                               (abs)        003985
_IPR6bits                               (abs)        003986
_IPR8bits                               (abs)        003988
_IPR9bits                               (abs)        003989
_ISRPR                                  (abs)        0039F1
_IVTADH                                 (abs)        00389E
_IVTADL                                 (abs)        00389D
_IVTADU                                 (abs)        00389F
_IVTLOCK                                (abs)        003FD4
_IVTLOCKbits                            (abs)        003FD4
_LATA                                   (abs)        003FBA
_LATB                                   (abs)        003FBB
_LATC                                   (abs)        003FBC
_LATCbits                               (abs)        003FBC
_LATD                                   (abs)        003FBD
_LATDbits                               (abs)        003FBD
_LATE                                   (abs)        003FBE
_LATEbits                               (abs)        003FBE
_LATF                                   (abs)        003FBF
_LATFbits                               (abs)        003FBF
_MAINPR                                 (abs)        0039F2
_ODCONA                                 (abs)        003A42
_ODCONB                                 (abs)        003A52
_ODCONC                                 (abs)        003A62
_ODCOND                                 (abs)        003A72
_ODCONE                                 (abs)        003A82
_ODCONF                                 (abs)        003A92
_OSCCON1                                (abs)        0039D9
_OSCCON3                                (abs)        0039DB
_OSCEN                                  (abs)        0039DD
_OSCFRQ                                 (abs)        0039DF
_OSCILLATOR_Initialize                  text131      01C566
_OSCTUNE                                (abs)        0039DE
_P                                      bssBANK1     0001F1
_PIE1bits                               (abs)        003991
_PIE2bits                               (abs)        003992
_PIE3bits                               (abs)        003993
_PIE5bits                               (abs)        003995
_PIE6bits                               (abs)        003996
_PIE8bits                               (abs)        003998
_PIE9bits                               (abs)        003999
_PIN_MANAGER_Initialize                 text130      01AF08
_PIR1bits                               (abs)        0039A1
_PIR2bits                               (abs)        0039A2
_PIR4bits                               (abs)        0039A4
_PIR5bits                               (abs)        0039A5
_PIR6bits                               (abs)        0039A6
_PIR8bits                               (abs)        0039A8
_PIR9bits                               (abs)        0039A9
_PLLR                                   (abs)        01CEE0
_PMD0                                   (abs)        0039C0
_PMD1                                   (abs)        0039C1
_PMD2                                   (abs)        0039C2
_PMD3                                   (abs)        0039C3
_PMD4                                   (abs)        0039C4
_PMD5                                   (abs)        0039C5
_PMD6                                   (abs)        0039C6
_PMD7                                   (abs)        0039C7
_PMD_Initialize                         text129      01C57C
_PORTBbits                              (abs)        003FCB
_PORTDbits                              (abs)        003FCD
_PORTFbits                              (abs)        003FCF
_PWM8CON                                (abs)        003F62
_PWM8DCH                                (abs)        003F61
_PWM8DCL                                (abs)        003F60
_PWM8_Initialize                        text128      01C550
_PWM8_LoadDutyValue                     text92       01BB22
_R                                      dataBANK0    0000AF
_RB6PPS                                 (abs)        003A0E
_RC3PPS                                 (abs)        003A13
_RC5PPS                                 (abs)        003A15
_RC6PPS                                 (abs)        003A16
_RD1PPS                                 (abs)        003A19
_S                                      bssBANK2     000254
_SCANPR                                 (abs)        0039F7
_SLRCONA                                (abs)        003A43
_SLRCONB                                (abs)        003A53
_SLRCONC                                (abs)        003A63
_SLRCOND                                (abs)        003A73
_SLRCONE                                (abs)        003A83
_SLRCONF                                (abs)        003A93
_SPI1BAUD                               (abs)        003D19
_SPI1CLK                                (abs)        003D1C
_SPI1CON0                               (abs)        003D14
_SPI1CON0bits                           (abs)        003D14
_SPI1CON1                               (abs)        003D15
_SPI1CON1bits                           (abs)        003D15
_SPI1CON2                               (abs)        003D16
_SPI1INTFbits                           (abs)        003D1A
_SPI1RXB                                (abs)        003D10
_SPI1SCKPPS                             (abs)        003ADE
_SPI1SDIPPS                             (abs)        003ADF
_SPI1STATUSbits                         (abs)        003D17
_SPI1TCNTL                              (abs)        003D12
_SPI1TXB                                (abs)        003D11
_SPI1_Exchange8bit                      text15       01C43E
_SPI1_Initialize                        text127      01C53A
_SYSTEM_Initialize                      text114      01B8E8
_StartTimer                             text95       01BBE4
_T                                      mediumconst  00FAAF
_T2CLKCON                               (abs)        003FAE
_T2CON                                  (abs)        003FAC
_T2HLT                                  (abs)        003FAD
_T2PR                                   (abs)        003FAB
_T2RST                                  (abs)        003FAF
_T2TMR                                  (abs)        003FAA
_T3CLK                                  (abs)        003FA9
_T3CON                                  (abs)        003FA6
_T3CONbits                              (abs)        003FA6
_T3GATE                                 (abs)        003FA8
_T3GCON                                 (abs)        003FA7
_T5CLK                                  (abs)        003F9D
_T5CON                                  (abs)        003F9A
_T5CONbits                              (abs)        003F9A
_T5GATE                                 (abs)        003F9C
_T5GCON                                 (abs)        003F9B
_T6CLKCON                               (abs)        003F96
_T6CON                                  (abs)        003F94
_T6HLT                                  (abs)        003F95
_T6PR                                   (abs)        003F93
_T6RST                                  (abs)        003F97
_T6TMR                                  (abs)        003F92
_TMR2_Initialize                        text126      01C522
_TMR3H                                  (abs)        003FA5
_TMR3L                                  (abs)        003FA4
_TMR3_CallBack                          text156      01C32C
_TMR3_DefaultInterruptHandler           text157      01C6AC
_TMR3_ISR                               text154      01939C
_TMR3_Initialize                        text124      01BA0A
_TMR3_InterruptHandler                  bssBANK0     00007C
_TMR3_SetInterruptHandler               text125      01C17E
_TMR3_WriteTimer                        text155      01BC64
_TMR5H                                  (abs)        003F99
_TMR5L                                  (abs)        003F98
_TMR5_CallBack                          text149      01C308
_TMR5_DefaultInterruptHandler           text150      01BD54
_TMR5_ISR                               text147      01A398
_TMR5_Initialize                        text122      01B9C2
_TMR5_InterruptHandler                  bssBANK0     00007F
_TMR5_SetInterruptHandler               text123      01C156
_TMR5_WriteTimer                        text148      01BC24
_TMR6_CallBack                          text178      01C374
_TMR6_DefaultInterruptHandler           text179      01B850
_TMR6_ISR                               text177      01C4F0
_TMR6_Initialize                        text120      01C03C
_TMR6_InterruptHandler                  bssBANK0     000082
_TMR6_SetInterruptHandler               text121      01C12E
_TRISA                                  (abs)        003FC2
_TRISB                                  (abs)        003FC3
_TRISC                                  (abs)        003FC4
_TRISD                                  (abs)        003FC5
_TRISE                                  (abs)        003FC6
_TRISF                                  (abs)        003FC7
_TimerDone                              text94       01C08E
_U1BRGH                                 (abs)        003DF6
_U1BRGL                                 (abs)        003DF5
_U1CON0                                 (abs)        003DF2
_U1CON1                                 (abs)        003DF3
_U1CON2                                 (abs)        003DF4
_U1ERRIE                                (abs)        003DFA
_U1ERRIR                                (abs)        003DF9
_U1FIFO                                 (abs)        003DF7
_U1P1H                                  (abs)        003DED
_U1P1L                                  (abs)        003DEC
_U1P2H                                  (abs)        003DEF
_U1P2L                                  (abs)        003DEE
_U1P3H                                  (abs)        003DF1
_U1P3L                                  (abs)        003DF0
_U1RXB                                  (abs)        003DE8
_U1RXPPS                                (abs)        003AE5
_U1UIR                                  (abs)        003DF8
_U2BRGH                                 (abs)        003DDE
_U2BRGL                                 (abs)        003DDD
_U2CON0                                 (abs)        003DDA
_U2CON1                                 (abs)        003DDB
_U2CON2                                 (abs)        003DDC
_U2ERRIE                                (abs)        003DE2
_U2ERRIR                                (abs)        003DE1
_U2FIFO                                 (abs)        003DDF
_U2P1L                                  (abs)        003DD4
_U2P2L                                  (abs)        003DD6
_U2P3L                                  (abs)        003DD8
_U2RXB                                  (abs)        003DD0
_U2RXPPS                                (abs)        003AE8
_U2TXB                                  (abs)        003DD2
_U2UIR                                  (abs)        003DE0
_UART1_Initialize                       text118      01B97A
_UART1_Receive_ISR                      text172      01C3DC
_UART1_RxInterruptHandler               bssBANK0     00008B
_UART1_SetRxInterruptHandler            text119      01C106
_UART1_rx_vect_isr                      text171      01C248
_UART2_Initialize                       text115      01B63E
_UART2_Receive_ISR                      text176      01C41E
_UART2_RxInterruptHandler               bssBANK0     000091
_UART2_SetRxInterruptHandler            text117      01C0DE
_UART2_SetTxInterruptHandler            text116      01C0B6
_UART2_Transmit_ISR                     text174      01C010
_UART2_TxInterruptHandler               bssBANK0     00008E
_UART2_rx_vect_isr                      text175      01C298
_UART2_tx_vect_isr                      text173      01C270
_V                                      dataBANK1    000107
_Volts_to_SOC                           text18       01A7C2
_WPUA                                   (abs)        003A41
_WPUB                                   (abs)        003A51
_WPUC                                   (abs)        003A61
_WPUD                                   (abs)        003A71
_WPUE                                   (abs)        003A81
_WPUF                                   (abs)        003A91
_WaitMs                                 text38       01BDC2
__CFG_BBEN$OFF                          (abs)        000000
__CFG_BBSIZE$BBSIZE_512                 (abs)        000000
__CFG_BOREN$SBORDIS                     (abs)        000000
__CFG_BORV$VBOR_2P45                    (abs)        000000
__CFG_CLKOUTEN$OFF                      (abs)        000000
__CFG_CP$OFF                            (abs)        000000
__CFG_CSWEN$ON                          (abs)        000000
__CFG_DEBUG$OFF                         (abs)        000000
__CFG_FCMEN$ON                          (abs)        000000
__CFG_FEXTOSC$ECH                       (abs)        000000
__CFG_IVT1WAY$ON                        (abs)        000000
__CFG_LPBOREN$OFF                       (abs)        000000
__CFG_LVP$ON                            (abs)        000000
__CFG_MCLRE$EXTMCLR                     (abs)        000000
__CFG_MVECEN$ON                         (abs)        000000
__CFG_PPS1WAY$ON                        (abs)        000000
__CFG_PR1WAY$OFF                        (abs)        000000
__CFG_PWRTS$PWRT_OFF                    (abs)        000000
__CFG_RSTOSC$EXTOSC_4PLL                (abs)        000000
__CFG_SAFEN$OFF                         (abs)        000000
__CFG_STVREN$ON                         (abs)        000000
__CFG_WDTCCS$SC                         (abs)        000000
__CFG_WDTCPS$WDTCPS_31                  (abs)        000000
__CFG_WDTCWS$WDTCWS_7                   (abs)        000000
__CFG_WDTE$OFF                          (abs)        000000
__CFG_WRTAPP$OFF                        (abs)        000000
__CFG_WRTB$OFF                          (abs)        000000
__CFG_WRTC$OFF                          (abs)        000000
__CFG_WRTD$OFF                          (abs)        000000
__CFG_WRTSAF$OFF                        (abs)        000000
__CFG_XINST$OFF                         (abs)        000000
__CFG_ZCD$OFF                           (abs)        000000
__HRAM                                  (abs)        000000
__Habs1                                 abs1         000000
__Hbank0                                bank0        000000
__Hbank1                                bank1        000000
__Hbank10                               bank10       000000
__Hbank11                               bank11       000000
__Hbank12                               bank12       000000
__Hbank13                               bank13       000000
__Hbank14                               bank14       000000
__Hbank15                               bank15       000000
__Hbank16                               bank16       000000
__Hbank17                               bank17       000000
__Hbank18                               bank18       000000
__Hbank19                               bank19       000000
__Hbank2                                bank2        000000
__Hbank20                               bank20       000000
__Hbank21                               bank21       000000
__Hbank22                               bank22       000000
__Hbank23                               bank23       000000
__Hbank24                               bank24       000000
__Hbank25                               bank25       000000
__Hbank26                               bank26       000000
__Hbank27                               bank27       000000
__Hbank28                               bank28       000000
__Hbank29                               bank29       000000
__Hbank3                                bank3        000000
__Hbank30                               bank30       000000
__Hbank31                               bank31       000000
__Hbank4                                bank4        000000
__Hbank5                                bank5        000000
__Hbank6                                bank6        000000
__Hbank7                                bank7        000000
__Hbank8                                bank8        000000
__Hbank9                                bank9        000000
__Hbigbss                               bigbss       000000
__Hbigdata                              bigdata      000000
__Hbigram                               bigram       000000
__Hbss                                  bss          000000
__HbssBANK0                             bssBANK0     000000
__HbssBANK1                             bssBANK1     000000
__HbssBANK2                             bssBANK2     000000
__HbssBANK3                             bssBANK3     000000
__HbssBANK4                             bssBANK4     000000
__HbssBIGRAM                            bssBIGRAM    000000
__HbssCOMRAM                            bssCOMRAM    000000
__Hcinit                                cinit        000000
__Hclrtext                              clrtext      000000
__Hcomram                               comram       000000
__Hconfig                               config       30000A
__Hconst                                const        000000
__HcstackBANK0                          cstackBANK0  000000
__HcstackCOMRAM                         cstackCOMRAM 000000
__Hdata                                 data         000000
__HdataBANK0                            dataBANK0    000000
__HdataBANK1                            dataBANK1    000000
__HdataBIGRAM                           dataBIGRAM   000000
__Heeprom_data                          eeprom_data  000000
__Hfarbss                               farbss       000000
__Hfardata                              fardata      000000
__Hibigdata                             ibigdata     000000
__Hidata                                idata        000000
__HidataBANK0                           idataBANK0   000000
__HidataBANK1                           idataBANK1   000000
__HidataBIGRAM                          idataBIGRAM  000000
__Hidloc                                idloc        200010
__Hifardata                             ifardata     000000
__Hinit                                 init         0000B6
__Hintsave_regs                         intsave_regs 000000
__Hirdata                               irdata       000000
__Hivt0x8                               ivt0x8       0000AE
__Hmediumconst                          mediumconst  010000
__HnvFARRAM                             nvFARRAM     000000
__Hnvbit                                nvbit        000000
__Hnvrram                               nvrram       000000
__Hparam                                rparam       000000
__Hpowerup                              powerup      000000
__Hram                                  ram          000000
__Hramtop                               ramtop       002000
__Hrbit                                 rbit         000000
__Hrbss                                 rbss         000000
__Hrdata                                rdata        000000
__Hreset_vec                            reset_vec    000004
__Hrparam                               rparam       000000
__Hsfr                                  sfr          000000
__Hsmallconst                           smallconst   000000
__Hspace_0                              (abs)        30000A
__Hspace_1                              (abs)        000A0C
__Hspace_2                              (abs)        002000
__Hstack                                stack        002000
__Hstruct                               struct       000000
__Htemp                                 temp         000021
__Htext                                 text         000000
__Htext0                                text0        000000
__Htext1                                text1        000000
__Htext10                               text10       000000
__Htext100                              text100      000000
__Htext101                              text101      000000
__Htext102                              text102      000000
__Htext103                              text103      000000
__Htext104                              text104      000000
__Htext105                              text105      000000
__Htext106                              text106      000000
__Htext107                              text107      000000
__Htext108                              text108      000000
__Htext109                              text109      000000
__Htext11                               text11       000000
__Htext110                              text110      000000
__Htext111                              text111      000000
__Htext112                              text112      000000
__Htext113                              text113      000000
__Htext114                              text114      000000
__Htext115                              text115      000000
__Htext116                              text116      000000
__Htext117                              text117      000000
__Htext118                              text118      000000
__Htext119                              text119      000000
__Htext12                               text12       000000
__Htext120                              text120      000000
__Htext121                              text121      000000
__Htext122                              text122      000000
__Htext123                              text123      000000
__Htext124                              text124      000000
__Htext125                              text125      000000
__Htext126                              text126      000000
__Htext127                              text127      000000
__Htext128                              text128      000000
__Htext129                              text129      000000
__Htext13                               text13       000000
__Htext130                              text130      000000
__Htext131                              text131      000000
__Htext132                              text132      000000
__Htext133                              text133      000000
__Htext134                              text134      000000
__Htext135                              text135      000000
__Htext136                              text136      000000
__Htext137                              text137      000000
__Htext138                              text138      000000
__Htext139                              text139      000000
__Htext14                               text14       000000
__Htext140                              text140      000000
__Htext141                              text141      000000
__Htext142                              text142      000000
__Htext143                              text143      000000
__Htext144                              text144      000000
__Htext145                              text145      000000
__Htext146                              text146      000000
__Htext147                              text147      000000
__Htext148                              text148      000000
__Htext149                              text149      000000
__Htext15                               text15       000000
__Htext150                              text150      000000
__Htext151                              text151      000000
__Htext152                              text152      000000
__Htext153                              text153      000000
__Htext154                              text154      000000
__Htext155                              text155      000000
__Htext156                              text156      000000
__Htext157                              text157      000000
__Htext158                              text158      000000
__Htext159                              text159      000000
__Htext16                               text16       000000
__Htext160                              text160      000000
__Htext161                              text161      000000
__Htext162                              text162      000000
__Htext163                              text163      000000
__Htext164                              text164      000000
__Htext165                              text165      000000
__Htext166                              text166      000000
__Htext167                              text167      000000
__Htext168                              text168      000000
__Htext169                              text169      000000
__Htext17                               text17       000000
__Htext170                              text170      000000
__Htext171                              text171      000000
__Htext172                              text172      000000
__Htext173                              text173      000000
__Htext174                              text174      000000
__Htext175                              text175      000000
[...]
      Locals:         0       0       0       0       0       0       0       0       0       0       0       0       0       0       0       0       0       0       0       0       0       0       0       0       0       0       0       0       0       0       0       0       0
      Temps:          0       0       0       0       0       0       0       0       0       0       0       0       0       0       0       0       0       0       0       0       0       0       0       0       0       0       0       0       0       0       0       0       0
      Totals:         0       0       0       0       0       0       0       0       0       0       0       0       0       0       0       0       0       0       0       0       0       0       0       0       0       0       0       0       0       0       0       0       0
Total ram usage:        0 bytes
 Hardware stack levels used:    1
 This function calls:
		Nothing
 This function is called by:
		Interrupt level 2
 This function uses a non-reentrant model


 *************** function _DMA1_DMAOR_ISR *****************
 Defined at:
		line 154 in file "mcc_generated_files/dma1.c"
 Parameters:    Size  Location     Type
		None
 Auto vars:     Size  Location     Type
		None
 Return value:  Size  Location     Type
                  1    wreg      void 
 Registers used:
		None
 Tracked objects:
		On entry : 
		On exit  : 
		Unchanged: 
 Data sizes:     COMRAM   BANK0   BANK1   BANK2   BANK3   BANK4   BANK5   BANK6   BANK7   BANK8   BANK9  BANK10  BANK11  BANK12  BANK13  BANK14  BANK15  BANK16  BANK17  BANK18  BANK19  BANK20  BANK21  BANK22  BANK23  BANK24  BANK25  BANK26  BANK27  BANK28  BANK29  BANK30  BANK31
      Params:         0       0       0       0       0       0       0       0       0       0       0       0       0       0       0       0       0       0       0       0       0       0       0       0       0       0       0       0       0       0       0       0       0
      Locals:         0       0       0       0       0       0       0       0       0       0       0       0       0       0       0       0       0       0       0       0       0       0       0       0       0       0       0       0       0       0       0       0       0
      Temps:          0       0       0       0       0       0       0       0       0       0       0       0       0       0       0       0       0       0       0       0       0       0       0       0       0       0       0       0       0       0       0       0       0
      Totals:         0       0       0       0       0       0       0       0       0       0       0       0       0       0       0       0       0       0       0       0       0       0       0       0       0       0       0       0       0       0       0       0       0
Total ram usage:        0 bytes
 Hardware stack levels used:    1
 This function calls:
		Nothing
 This function is called by:
		Interrupt level 2
 This function uses a non-reentrant model



MODULE INFORMATION

Module		Function		Class		Link	Load	Size
ringbufs.c
		_ringBufS_init 		CODE           	1C066	0000	41
		_ringBufS_flush		CODE           	1AE76	0000	147
		_ringBufS_put_dma		CODE           	1AB44	0000	171

ringbufs.c estimated size: 359

mcc_generated_files/uart2.c
		_UART2_rx_vect_isr		CODE           	1C298	0000	41
		_UART2_tx_vect_isr		CODE           	1C270	0000	41
		_UART2_Receive_ISR		CODE           	1C41E	0000	33
		_UART2_SetRxInterruptHandler		CODE           	1C0DE	0000	41
		_UART2_SetTxInterruptHandler		CODE           	1C0B6	0000	41
		_UART2_Initialize		CODE           	1B63E	0000	97
		_UART2_Transmit_ISR		CODE           	1C010	0000	45

mcc_generated_files/uart2.c estimated size: 339

timers.c
		_WaitMs        		CODE           	1BDC2	0000	55
		_StartTimer    		CODE           	1BBE4	0000	65
		_TimerDone     		CODE           	1C08E	0000	41

timers.c estimated size: 161

mcc_generated_files/pwm8.c
		_PWM8_LoadDutyValue		CODE           	1BB22	0000	67
		_PWM8_Initialize		CODE           	1C550	0000	23

mcc_generated_files/pwm8.c estimated size: 90

/opt/microchip/xc8/v2.10/pic/sources/c99/common/awmod.c
		___awmod       		CODE           	19D70	0000	281

/opt/microchip/xc8/v2.10/pic/sources/c99/common/awmod.c estimated size: 281

mcc_generated_files/tmr6.c
		_TMR6_CallBack 		CODE           	1C374	0000	37
		_TMR6_ISR      		CODE           	1C4F0	0000	27
		_TMR6_Initialize		CODE           	1C03C	0000	43
		_TMR6_SetInterruptHandler		CODE           	1C12E	0000	41
		_TMR6_DefaultInterruptHandler		CODE           	1B850	0000	79

mcc_generated_files/tmr6.c estimated size: 227

/opt/microchip/xc8/v2.10/pic/sources/c99/common/flge.c
		___flge        		CODE           	19238	0000	355

/opt/microchip/xc8/v2.10/pic/sources/c99/common/flge.c estimated size: 355

mcc_generated_files/fvr.c
		_FVR_Initialize		CODE           	1C682	0000	9

mcc_generated_files/fvr.c estimated size: 9

/opt/microchip/xc8/v2.10/pic/sources/c99/common/aomod.c
		___aomod       		CODE           	17E3C	0000	577

/opt/microchip/xc8/v2.10/pic/sources/c99/common/aomod.c estimated size: 577

mcc_generated_files/tmr2.c
		_TMR2_Initialize		CODE           	1C522	0000	25

mcc_generated_files/tmr2.c estimated size: 25

mcc_generated_files/interrupt_manager.c
		_INTERRUPT_Initialize		CODE           	1B4B0	0000	103
		_Default_ISR   		CODE           	1C6A4	0000	7

mcc_generated_files/interrupt_manager.c estimated size: 110

/opt/microchip/xc8/v2.10/pic/sources/c99/common/xxtofl.c
		___xxtofl      		CODE           	186CA	0000	517

/opt/microchip/xc8/v2.10/pic/sources/c99/common/xxtofl.c estimated size: 517

/opt/microchip/xc8/v2.10/pic/sources/c99/common/printf.c
		_printf        		CODE           	1B57A	0000	99

/opt/microchip/xc8/v2.10/pic/sources/c99/common/printf.c estimated size: 99

dio.c
		_start_switch_handler		CODE           	1C3FE	0000	33
		_get_switch    		CODE           	1BFB6	0000	45
		_switch_handler		CODE           	1964C	0000	323

dio.c estimated size: 401

/opt/microchip/xc8/v2.10/pic/sources/c99/common/lodiv.c
		___lodiv       		CODE           	18F46	0000	385

/opt/microchip/xc8/v2.10/pic/sources/c99/common/lodiv.c estimated size: 385

eadog.c
		_init_display  		CODE           	1A2AC	0000	235
		_eaDogM_WriteCommand		CODE           	1C5E2	0000	15
		_putch         		CODE           	1C4D4	0000	27
		_wdtdelay      		CODE           	1B6F8	0000	91
		_send_port_data_dma		CODE           	1B7FE	0000	83
		_init_port_dma 		CODE           	1BEC8	0000	49
		_port_data_dma_ptr		CODE           	1C634	0000	11
		_send_lcd_cmd  		CODE           	1BBA4	0000	65
		_send_lcd_cmd_dma		CODE           	1C45C	0000	31
		_send_lcd_data 		CODE           	1C2C0	0000	37
		_send_lcd_data_dma		CODE           	1B89E	0000	75
		_wait_lcd_set  		CODE           	1C690	0000	7
		_eaDogM_WriteStringAtPos		CODE           	1ABEE	0000	169
		_wait_lcd_done 		CODE           	1C398	0000	35
		_send_lcd_cmd_long		CODE           	1BB64	0000	65
		_start_lcd     		CODE           	1C696	0000	7
		_eaDogM_WriteString		CODE           	1AC96	0000	167

eadog.c estimated size: 1169

mcc_generated_files/pin_manager.c
		_PIN_MANAGER_Initialize		CODE           	1AF08	0000	147

mcc_generated_files/pin_manager.c estimated size: 147

/opt/microchip/xc8/v2.10/pic/sources/c99/common/strlen.c
		_strlen        		CODE           	1AD3C	0000	163

/opt/microchip/xc8/v2.10/pic/sources/c99/common/strlen.c estimated size: 163

/opt/microchip/xc8/v2.10/pic/sources/c99/common/nf_fputs.c
		_fputs         		CODE           	1ADDE	0000	153

/opt/microchip/xc8/v2.10/pic/sources/c99/common/nf_fputs.c estimated size: 153

/opt/microchip/xc8/v2.10/pic/sources/c99/common/floorf.c
		_floorf        		CODE           	164A8	0000	877

/opt/microchip/xc8/v2.10/pic/sources/c99/common/floorf.c estimated size: 877

mcc_generated_files/spi1.c
		_SPI1_Initialize		CODE           	1C53A	0000	23
		_SPI1_Exchange8bit		CODE           	1C43E	0000	31

mcc_generated_files/spi1.c estimated size: 54

/opt/microchip/xc8/v2.10/pic/sources/c99/common/strcpy.c
		_strcpy        		CODE           	1A55A	0000	213

/opt/microchip/xc8/v2.10/pic/sources/c99/common/strcpy.c estimated size: 213

/opt/microchip/xc8/v2.10/pic/sources/c99/common/isupper.c
		_isupper       		CODE           	1BF28	0000	49

/opt/microchip/xc8/v2.10/pic/sources/c99/common/isupper.c estimated size: 49

/opt/microchip/xc8/v2.10/pic/sources/c99/common/nanf.c
		_nanf          		CODE           	1B5DC	0000	99

/opt/microchip/xc8/v2.10/pic/sources/c99/common/nanf.c estimated size: 99

/opt/microchip/xc8/v2.10/pic/sources/c99/common/memset.c
		_memset        		CODE           	16E80	0000	749

/opt/microchip/xc8/v2.10/pic/sources/c99/common/memset.c estimated size: 749

/opt/microchip/xc8/v2.10/pic/sources/c99/common/awdiv.c
		___awdiv       		CODE           	194FE	0000	335

/opt/microchip/xc8/v2.10/pic/sources/c99/common/awdiv.c estimated size: 335

mcc_generated_files/clkref.c
		_CLKREF_Initialize		CODE           	1C62A	0000	11

mcc_generated_files/clkref.c estimated size: 11

/opt/microchip/xc8/v2.10/pic/sources/c99/common/fltol.c
		___fltol       		CODE           	190C6	0000	371

/opt/microchip/xc8/v2.10/pic/sources/c99/common/fltol.c estimated size: 371

mbmc.c
		_calc_model_data		CODE           	15CA2	0000	1101
		_check_day_time		CODE           	18A8A	0000	417
		_calc_ror_data 		CODE           	18DC0	0000	391
		_static_soc    		CODE           	1B69E	0000	91
		_lp_filter     		CODE           	188CE	0000	445
		_set_load_relay_one		CODE           	1C5B2	0000	17
		_get_ac_charger_relay		CODE           	1C5FE	0000	15
		_spinners      		CODE           	1A1B6	0000	247
		_set_ac_charger_relay		CODE           	1C5D2	0000	17
		_convert_adc_data		CODE           	1A87C	0000	185
		_set_load_relay_two		CODE           	1C5A2	0000	17

mbmc.c estimated size: 2943

/opt/microchip/xc8/v2.10/pic/sources/c99/common/abs.c
		_abs           		CODE           	1BA52	0000	71

/opt/microchip/xc8/v2.10/pic/sources/c99/common/abs.c estimated size: 71

mcc_generated_files/dma1.c
		_DMA1_DMADCNT_ISR		CODE           	1C640	0000	11
		_DMA1_DMASCNT_ISR		CODE           	1C61C	0000	15
		_DMA1_Initialize		CODE           	1B30C	0000	107
		_DMA1_DMAA_ISR 		CODE           	1C64C	0000	11
		_DMA1_DMAOR_ISR		CODE           	1C658	0000	11

mcc_generated_files/dma1.c estimated size: 155

/opt/microchip/xc8/v2.10/pic/sources/c99/common/__fpclassifyf.c
		___fpclassifyf 		CODE           	18C2A	0000	407

/opt/microchip/xc8/v2.10/pic/sources/c99/common/__fpclassifyf.c estimated size: 407

/opt/microchip/xc8/v2.10/pic/sources/c99/common/rand.c
		_srand         		CODE           	1BDF8	0000	53

/opt/microchip/xc8/v2.10/pic/sources/c99/common/rand.c estimated size: 53

daq.c
		_conv_raw_result		CODE           	15366	0000	1213
		_set_dac       		CODE           	1A934	0000	183
		_set_dac_a     		CODE           	1BE60	0000	53
		_set_dac_b     		CODE           	1BE2C	0000	53
		_check_adc_scan		CODE           	1C66A	0000	9
		_convert_dac_raw		CODE           	19C58	0000	281
		_start_adc_scan		CODE           	1B516	0000	101
		_clear_adc_scan		CODE           	1C68A	0000	7
		_get_raw_result		CODE           	1C4B6	0000	31
		_adc_int_t_handler		CODE           	1B12A	0000	127
		_dac_spi_control		CODE           	1B1A8	0000	123
		_update_adc_result		CODE           	1BCE2	0000	59
		_adc_int_handler		CODE           	1C6B2	0000	3

daq.c estimated size: 2243

/opt/microchip/xc8/v2.10/pic/sources/c99/common/aodiv.c
		___aodiv       		CODE           	17702	0000	641

/opt/microchip/xc8/v2.10/pic/sources/c99/common/aodiv.c estimated size: 641

/opt/microchip/xc8/v2.10/pic/sources/c99/common/islower.c
		_islower       		CODE           	1BEF8	0000	49

/opt/microchip/xc8/v2.10/pic/sources/c99/common/islower.c estimated size: 49

mcc_generated_files/uart1.c
		_UART1_rx_vect_isr		CODE           	1C248	0000	41
		_UART1_Receive_ISR		CODE           	1C3DC	0000	35
		_UART1_SetRxInterruptHandler		CODE           	1C106	0000	41
		_UART1_Initialize		CODE           	1B97A	0000	73

mcc_generated_files/uart1.c estimated size: 190

mcc_generated_files/ext_int.c
		_INT0_SetInterruptHandler		CODE           	1C1CE	0000	41
		_INT1_SetInterruptHandler		CODE           	1C1A6	0000	41
		_EXT_INT_Initialize		CODE           	1BE94	0000	53
		_INT0_DefaultInterruptHandler		CODE           	1C6AE	0000	3
		_INT0_CallBack 		CODE           	1C350	0000	37
		_INT1_DefaultInterruptHandler		CODE           	1C6AA	0000	3
		_INT1_CallBack 		CODE           	1C2E4	0000	37
		_INT0_ISR      		CODE           	1C60C	0000	15
		_INT1_ISR      		CODE           	1BCA4	0000	63

mcc_generated_files/ext_int.c estimated size: 293

/opt/microchip/xc8/v2.10/pic/sources/c99/common/sprcmul.c
		___flmul       		CODE           	13E06	0000	2091

/opt/microchip/xc8/v2.10/pic/sources/c99/common/sprcmul.c estimated size: 2091

/opt/microchip/xc8/v2.10/pic/sources/c99/common/atoi.c
		_atoi          		CODE           	17982	0000	629

/opt/microchip/xc8/v2.10/pic/sources/c99/common/atoi.c estimated size: 629

/opt/microchip/xc8/v2.10/pic/sources/c99/common/nf_sprintf.c
		_sprintf       		CODE           	1A0AC	0000	267

/opt/microchip/xc8/v2.10/pic/sources/c99/common/nf_sprintf.c estimated size: 267

/opt/microchip/xc8/v2.10/pic/sources/c99/common/fleq.c
		___fleq        		CODE           	1A6FE	0000	197

/opt/microchip/xc8/v2.10/pic/sources/c99/common/fleq.c estimated size: 197

mcc_generated_files/tmr5.c
		_TMR5_ISR      		CODE           	1A398	0000	227
		_TMR5_Initialize		CODE           	1B9C2	0000	73
		_TMR5_SetInterruptHandler		CODE           	1C156	0000	41
		_TMR5_DefaultInterruptHandler		CODE           	1BD54	0000	57
		_TMR5_CallBack 		CODE           	1C308	0000	37
		_TMR5_WriteTimer		CODE           	1BC24	0000	65

mcc_generated_files/tmr5.c estimated size: 500

/opt/microchip/xc8/v2.10/pic/sources/c99/common/sprcdiv.c
		___fldiv       		CODE           	14DEC	0000	1403

/opt/microchip/xc8/v2.10/pic/sources/c99/common/sprcdiv.c estimated size: 1403

shared
		_BVSOC_TABLE   		MEDIUMCONST    	F9DF	0000	209
		__initialization		CODE           	1A47A	0000	219
		_bp            		MEDIUMCONST    	0000	0000	0
		_cp_h          		MEDIUMCONST    	0000	0000	0
		_ivln2_h       		MEDIUMCONST    	0000	0000	0
		_spin          		MEDIUMCONST    	FB3F	0000	121
		_cp_l          		MEDIUMCONST    	0000	0000	0
		_T             		MEDIUMCONST    	FAAF	0000	145

shared estimated size: 694

/opt/microchip/xc8/v2.10/pic/sources/c99/common/toupper.c
		_toupper       		CODE           	1B022	0000	133

/opt/microchip/xc8/v2.10/pic/sources/c99/common/toupper.c estimated size: 133

mcc_generated_files/mcc.c
		_PMD_Initialize		CODE           	1C57C	0000	21
		_OSCILLATOR_Initialize		CODE           	1C566	0000	23
		_SYSTEM_Initialize		CODE           	1B8E8	0000	75

mcc_generated_files/mcc.c estimated size: 119

mcc_generated_files/tmr3.c
		_TMR3_ISR      		CODE           	1939C	0000	355
		_TMR3_Initialize		CODE           	1BA0A	0000	73
		_TMR3_SetInterruptHandler		CODE           	1C17E	0000	41
		_TMR3_DefaultInterruptHandler		CODE           	1C6AC	0000	3
		_TMR3_CallBack 		CODE           	1C32C	0000	37
		_TMR3_WriteTimer		CODE           	1BC64	0000	65

mcc_generated_files/tmr3.c estimated size: 574

/opt/microchip/xc8/v2.10/pic/sources/c99/common/isalpha.c
		_isalpha       		CODE           	1BADE	0000	69

/opt/microchip/xc8/v2.10/pic/sources/c99/common/isalpha.c estimated size: 69

hid.c
		_clear_hid_pflags		CODE           	1B44A	0000	103
		_hid_display   		CODE           	1829C	0000	541
		_check_enter_button		CODE           	1B29A	0000	115
		_hid_input     		CODE           	198CE	0000	313

hid.c estimated size: 1072

/opt/microchip/xc8/v2.10/pic/sources/c99/common/isspace.c
		_isspace       		CODE           	1B7AC	0000	83

/opt/microchip/xc8/v2.10/pic/sources/c99/common/isspace.c estimated size: 83

mconfig.c
		_mode_lamp_bright		CODE           	1C5F0	0000	15
		_help_button   		CODE           	1BD1C	0000	57
		_vterm_dump    		CODE           	19A06	0000	303
		_set_display_info		CODE           	1C498	0000	31
		_display_info  		CODE           	1C672	0000	9
		_display_help  		CODE           	1C67A	0000	9
		_set_vterm     		CODE           	1C47A	0000	31
		_get_vterm_ptr 		CODE           	1BF88	0000	47
		_update_lcd    		CODE           	19F9C	0000	273
		_set_temp_display_help		CODE           	1C5C2	0000	17
		_check_help    		CODE           	184B8	0000	531
		_mode_lamp_dim 		CODE           	1C50A	0000	25

mconfig.c estimated size: 1348

bsoc.c
		_init_bsoc     		CODE           	17BF6	0000	583
		_Volts_to_SOC  		CODE           	1A7C2	0000	187
		_stop_bsoc     		CODE           	1C69C	0000	7
		_calc_bsoc     		CODE           	13398	0000	2671
		_start_bsoc    		CODE           	1C3BA	0000	35
		_esr_check     		CODE           	1716C	0000	729

bsoc.c estimated size: 4212

/opt/microchip/xc8/v2.10/pic/sources/c99/common/doprnt.c
		_vfpfcnvrt     		CODE           	123EC	0000	4013
		_efgtoa        		CODE           	10000	0000	4677
		_pad           		CODE           	19E88	0000	277
		_ctoa          		CODE           	1AF9A	0000	137
		_dtoa          		CODE           	15822	0000	1153
		_vfprintf      		CODE           	1AA98	0000	173
		_stoa          		CODE           	17444	0000	703
		_utoa          		CODE           	16814	0000	833
		_xtoa          		CODE           	160EE	0000	955

/opt/microchip/xc8/v2.10/pic/sources/c99/common/doprnt.c estimated size: 12921

/opt/microchip/xc8/v2.10/pic/sources/c99/common/strncmp.c
		_strncmp       		CODE           	1807C	0000	545

/opt/microchip/xc8/v2.10/pic/sources/c99/common/strncmp.c estimated size: 545

/opt/microchip/xc8/v2.10/pic/sources/c99/common/tolower.c
		_tolower       		CODE           	1B0A6	0000	133

/opt/microchip/xc8/v2.10/pic/sources/c99/common/tolower.c estimated size: 133

/opt/microchip/xc8/v2.10/pic/sources/c99/common/flneg.c
		___flneg       		CODE           	1B932	0000	73

/opt/microchip/xc8/v2.10/pic/sources/c99/common/flneg.c estimated size: 73

/opt/microchip/xc8/v2.10/pic/sources/c99/common/nf_fputc.c
		_fputc         		CODE           	19B34	0000	293

/opt/microchip/xc8/v2.10/pic/sources/c99/common/nf_fputc.c estimated size: 293

/opt/microchip/xc8/v2.10/pic/sources/c99/common/fabsf.c
		_fabsf         		CODE           	1A9EA	0000	175

/opt/microchip/xc8/v2.10/pic/sources/c99/common/fabsf.c estimated size: 175

/opt/microchip/xc8/v2.10/pic/sources/c99/pic18/asfladd.c
		___asfladd     		CODE           	1B222	0000	121

/opt/microchip/xc8/v2.10/pic/sources/c99/pic18/asfladd.c estimated size: 121

mcc_generated_files/adcc.c
		_ADCC_DefaultInterruptHandler		CODE           	1C6B0	0000	3
		_ADCC_SetADTIInterruptHandler		CODE           	1C1F6	0000	41
		_ADCC_SetADIInterruptHandler		CODE           	1C21E	0000	41
		_ADCC_ISR      		CODE           	1BFE4	0000	45
		_ADCC_ThresholdISR		CODE           	1B3E0	0000	107
		_ADCC_StartConversion		CODE           	1C590	0000	19
		_ADCC_Initialize		CODE           	1B376	0000	107
		_ADCC_DischargeSampleCapacitor		CODE           	1C662	0000	9

mcc_generated_files/adcc.c estimated size: 372

main.c
		_main          		CODE           	11244	0000	4521

main.c estimated size: 4521

/opt/microchip/xc8/v2.10/pic/sources/c99/common/lomod.c
		___lomod       		CODE           	1978E	0000	321

/opt/microchip/xc8/v2.10/pic/sources/c99/common/lomod.c estimated size: 321

mcc_generated_files/dma2.c
		_DMA2_Initialize		CODE           	1B752	0000	91

mcc_generated_files/dma2.c estimated size: 91

/opt/microchip/xc8/v2.10/pic/sources/c99/common/isdigit.c
		_isdigit       		CODE           	1BF58	0000	49

/opt/microchip/xc8/v2.10/pic/sources/c99/common/isdigit.c estimated size: 49

/opt/microchip/xc8/v2.10/pic/sources/c99/common/sprcadd.c
		___flsub       		CODE           	1BA98	0000	71
		___fladd       		CODE           	14630	0000	1981

/opt/microchip/xc8/v2.10/pic/sources/c99/common/sprcadd.c estimated size: 2052

