Microchip MPLAB XC8 Compiler V2.10 ()

Linker command line:

-W-3 --edf=/opt/microchip/xc8/v2.10/pic/dat/en_msgs.txt -pivt0x8=08h -cs \
  -h+dist/default/production/touch_v2.X.production.sym \
  --cmf=dist/default/production/touch_v2.X.production.cmf -z -Q18F57K42 \
  -o/tmp/xcXB8nYvB --defsym=__MPLAB_BUILD=1 \
  -Mdist/default/production/touch_v2.X.production.map -E1 -ver=XC8 \
  --acfsm=1493 -ASTACK=0A08h-01FFFh -pstack=STACK -ACODE=00h-01FFFFh \
  -ACONST=00h-01FFFFh -ASMALLCONST=02000h-020FFhx480 \
  -AMEDIUMCONST=02000h-0FFFFh,012000h-01FFFFh -ACOMRAM=01h-05Fh \
  -AABS1=00h-01FFFh -ABIGRAM=01h-01FFFh -ARAM=060h-0FFh,0100h-01FFhx31 \
  -ABANK0=060h-0FFh -ABANK1=0100h-01FFh -ABANK2=0200h-02FFh \
  -ABANK3=0300h-03FFh -ABANK4=0400h-04FFh -ABANK5=0500h-05FFh \
  -ABANK6=0600h-06FFh -ABANK7=0700h-07FFh -ABANK8=0800h-08FFh \
  -ABANK9=0900h-09FFh -ABANK10=0A00h-0AFFh -ABANK11=0B00h-0BFFh \
  -ABANK12=0C00h-0CFFh -ABANK13=0D00h-0DFFh -ABANK14=0E00h-0EFFh \
  -ABANK15=0F00h-0FFFh -ABANK16=01000h-010FFh -ABANK17=01100h-011FFh \
  -ABANK18=01200h-012FFh -ABANK19=01300h-013FFh -ABANK20=01400h-014FFh \
  -ABANK21=01500h-015FFh -ABANK22=01600h-016FFh -ABANK23=01700h-017FFh \
  -ABANK24=01800h-018FFh -ABANK25=01900h-019FFh -ABANK26=01A00h-01AFFh \
  -ABANK27=01B00h-01BFFh -ABANK28=01C00h-01CFFh -ABANK29=01D00h-01DFFh \
  -ABANK30=01E00h-01EFFh -ABANK31=01F00h-01FFFh \
  -ASFR=03800h-038FFhx7,03F00h-03F5Fh,03F60h-03FFFh -preset_vec=00h \
  -ppowerup=CODE,init -pramtop=02000h -psmallconst=SMALLCONST \
  -pmediumconst=MEDIUMCONST -pconst=CONST -AFARRAM=00h-00h \
  -ACONFIG=0300000h-0300009h -pconfig=CONFIG -AIDLOC=0200000h-020000Fh \
  -pidloc=IDLOC -AEEDATA=0310000h-03103FFh -peeprom_data=EEDATA \
  -prdata=COMRAM,nvrram=COMRAM,nvbit=COMRAM,rbss=COMRAM,rbit=COMRAM \
  -pfarbss=FARRAM,fardata=FARRAM,nvFARRAM=FARRAM \
  -pintsave_regs=BIGRAM,bigbss=BIGRAM,bigdata=BIGRAM -pbss=RAM \
  -pidata=CODE,irdata=CODE,ibigdata=CODE,ifardata=CODE -prparam=COMRAM \
  /tmp/xcXIM6dc5.o dist/default/production/touch_v2.X.production.o 

Object code version is 3.11

Machine type is 18F57K42

Call graph: (short form)




                Name                               Link     Load   Length Selector   Space Scale
/tmp/xcXIM6dc5.o
                stack                               A08      A08     15F8      A08       2
                init                                 AE       AE        8        4       0
                reset_vec                             0        0        4        0       0
                idloc                            200000   200000       10   200000       0
                config                           300000   300000        A   300000       0
dist/default/production/touch_v2.X.production.o
                temp                                  1        1       20        1       1
                mediumconst                        FA66     FA66      59A     7D33       0
                ivt0x8                                8        8       A6        4       0
                text176                           1BDA4    1BDA4        A     6F69       0
                text175                           1BD98    1BD98        A     6F66       0
                text174                           1BD8C    1BD8C        A     6F63       0
                text173                           1BD68    1BD68        E     6F5A       0
                text172                           1B012    1B012       4E     6B04       0
                text171                           1BAD4    1BAD4       24     6E6A       0
                text170                           1BC2C    1BC2C       1A     6F0B       0
                text169                           1BB5C    1BB5C       20     6E6A       0
                text168                           1B9F8    1B9F8       28     6E6A       0
                text167                           1B720    1B720       2C     6DBD       0
                text166                           1B9D0    1B9D0       28     6E6A       0
                text165                           1BBD6    1BBD6       1E     6E6A       0
                text164                           1B9A8    1B9A8       28     6E6A       0
                text163                           1AC10    1AC10       6A     6B04       0
                text162                           1BDFE    1BDFE        2     6F7C       0
                text161                           1BDFC    1BDFC        2     6F7C       0
                text160                           1AA40    1AA40       82     67C4       0
                text159                           1B6F4    1B6F4       2C     6DBD       0
                text158                           1BDF0    1BDF0        6     6F7C       0
                text157                           1BDFA    1BDFA        2     6F7C       0
                text156                           1BAB0    1BAB0       24     6E6A       0
                text155                           1BD58    1BD58        E     6F56       0
                text154                           1AAC2    1AAC2       78     67C4       0
                text153                           1BD80    1BD80        A     6F5A       0
                text152                           1AFC0    1AFC0       52     6B04       0
                text151                           14326    14326      77C     8000       0
                text150                           1BDF8    1BDF8        2     6F7C       0
                text149                           1BA8C    1BA8C       24     6E6A       0
                text148                           1B39C    1B39C       40     6B04       0
                text147                           18E64    18E64      162     B5C5       0
                text146                           1BD48    1BD48        E     6F0B       0
                text145                           1BD0E    1BD0E       10     6F0B       0
                text144                           18554    18554      1A0     B5C5       0
                text143                           1B4CC    1B4CC       38     6D07       0
                text142                           1BA68    1BA68       24     6E6A       0
                text141                           1B35C    1B35C       40     6B04       0
                text140                           19F10    19F10       E2     67C4       0
                text139                           19114    19114      146     B5C5       0
                text138                           1BDF6    1BDF6        2     6F7C       0
                text137                           1BA44    1BA44       24     6E6A       0
                text136                           1B41C    1B41C       3E     6D07       0
                text135                           1B97E    1B97E       28     6DBD       0
                text134                           1B956    1B956       28     6DBD       0
                text133                           1ABA4    1ABA4       6A     67C4       0
                text132                           1BD76    1BD76        A     6F5A       0
                text131                           1AB3A    1AB3A       6A     67C4       0
                text130                           1AEC2    1AEC2       5A     6B04       0
                text129                           1B92E    1B92E       28     6DBD       0
                text128                           1B906    1B906       28     6DBD       0
                text127                           1B5A4    1B5A4       34     6D07       0
                text126                           1BDCE    1BDCE        8     6F69       0
                text125                           1AC7A    1AC7A       66     6B04       0
                text124                           1BCA2    1BCA2       16     6F0B       0
                text123                           1A6FA    1A6FA       94     67C4       0
                text122                           1BCB8    1BCB8       14     6F0B       0
                text121                           1BC8C    1BC8C       16     6F0B       0
                text120                           1BC76    1BC76       16     6F0B       0
                text119                           1BC5E    1BC5E       18     6F0B       0
                text118                           1B8DE    1B8DE       28     6DBD       0
                text117                           1B182    1B182       48     6B04       0
                text116                           1B8B6    1B8B6       28     6DBD       0
                text115                           1B13A    1B13A       48     6B04       0
                text114                           1B88E    1B88E       28     6DBD       0
                text113                           1B74C    1B74C       2A     6DBD       0
                text112                           1B866    1B866       28     6DBD       0
                text111                           1B0F2    1B0F2       48     6B04       0
                text110                           1B83E    1B83E       28     6DBD       0
                text109                           1B816    1B816       28     6DBD       0
                text108                           1AE08    1AE08       60     6B04       0
                text107                           1B060    1B060       4A     6B04       0
                text106                           13340    13340      82A     8000       0
                text105                           13B6A    13B6A      7BC     8000       0
                text104                           1B210    1B210       46     6B04       0
                text103                           18398    18398      1BC     B5C5       0
                text102                           1BB1A    1BB1A       22     6E6A       0
                text101                           1BDE8    1BDE8        6     6F69       0
                text100                           159B0    159B0      44C     8000       0
                text99                            18D02    18D02      162     B5C5       0
                text98                            14AA2    14AA2      57A     8000       0
                text97                            18194    18194      204     B5C5       0
                text96                            1BAF8    1BAF8       22     6E6A       0
                text95                            1ADA6    1ADA6       62     6B04       0
                text94                            1501C    1501C      514     8000       0
                text93                            1A316    1A316       AE     67C4       0
                text92                            1888A    1888A      186     B5C5       0
                text91                            1B31C    1B31C       40     6B04       0
                text90                            1BDC6    1BDC6        8     6F69       0
                text89                            1BDBE    1BDBE        8     6F69       0
                text88                            1B2DC    1B2DC       40     6B04       0
                text87                            1B7EE    1B7EE       28     6DBD       0
                text86                            1B494    1B494       38     6D07       0
                text85                            1B29A    1B29A       42     6B04       0
                text84                            1BD3A    1BD3A        E     6F0B       0
                text83                            1BC46    1BC46       18     6F0B       0
                text82                            1BBB8    1BBB8       1E     6E6A       0
                text81                            1BCFE    1BCFE       10     6F0B       0
                text80                            1BB9A    1BB9A       1E     6E6A       0
                text79                            1B668    1B668       30     6D07       0
                text78                            1AF6E    1AF6E       52     6B04       0
                text77                            17684    17684      274     B5C5       0
                text76                            1A470    1A470       AA     67C4       0
                text75                            1BC10    1BC10       1A     6E6A       0
                text74                            194C8    194C8      124     B5C5       0
                text73                            1A662    1A662       98     67C4       0
                text72                            1A5C0    1A5C0       A2     67C4       0
                text71                            1981E    1981E      114     B5C5       0
                text70                            1A8B0    1A8B0       88     67C4       0
                text69                            17404    17404      280     B5C5       0
                text68                            178F8    178F8      240     B5C5       0
                text67                            1B1CA    1B1CA       46     6B04       0
                text66                            15530    15530      480     8000       0
                text65                            18FC6    18FC6      14E     B5C5       0
                text64                            19706    19706      118     B5C5       0
                text63                            1A19A    1A19A       C4     67C4       0
                text62                            1B0AA    1B0AA       48     6B04       0
                text61                            18B90    18B90      172     B5C5       0
                text60                            186F4    186F4      196     B5C5       0
                text59                            161B6    161B6      36C     8000       0
                text58                            1A0C6    1A0C6       D4     67C4       0
                text57                            1B638    1B638       30     6D07       0
                text56                            1A9BC    1A9BC       84     67C4       0
                text55                            10000    10000     1244     8000       0
                text54                            17146    17146      2BE     B5C5       0
                text53                            17D62    17D62      220     B5C5       0
                text52                            18A10    18A10      180     B5C5       0
                text51                            1925A    1925A      140     B5C5       0
                text50                            16522    16522      340     8000       0
                text49                            1B256    1B256       44     6B04       0
                text48                            1B608    1B608       30     6D07       0
                text47                            1A938    1A938       84     67C4       0
                text46                            15DFC    15DFC      3BA     8000       0
                text45                            12394    12394      FAC     8000       0
                text44                            1A3C4    1A3C4       AC     67C4       0
                text43                            1AD44    1AD44       62     6B04       0
                text42                            16B8A    16B8A      2EC     B5C5       0
                text41                            1A78E    1A78E       92     67C4       0
                text40                            1BDE2    1BDE2        6     6F69       0
                text39                            1BDDC    1BDDC        6     6F69       0
                text38                            1A51A    1A51A       A6     67C4       0
                text37                            1AE68    1AE68       5A     6B04       0
                text36                            1BBF4    1BBF4       1C     6E6A       0
                text35                            1AF1C    1AF1C       52     6B04       0
                text34                            1B53A    1B53A       36     6D07       0
                text33                            19932    19932      110     B5C5       0
                text32                            1B504    1B504       36     6D07       0
                text31                            1B698    1B698       2E     6D07       0
                text30                            19A42    19A42      10A     B5C5       0
                text29                            1939A    1939A      12E     B5C5       0
                text28                            17F82    17F82      212     B5C5       0
                text27                            1BA20    1BA20       24     6E6A       0
                text26                            1A25E    1A25E       B8     67C4       0
                text25                            1BD2C    1BD2C        E     6F0B       0
                text24                            1BCEE    1BCEE       10     6F0B       0
                text23                            1BCDE    1BCDE       10     6F0B       0
                text22                            1BDB6    1BDB6        8     6F69       0
                text21                            1BDD6    1BDD6        6     6F69       0
                text20                            1BDAE    1BDAE        8     6F69       0
                text19                            1BCCC    1BCCC       12     6F0B       0
                text18                            1ACE0    1ACE0       64     6B04       0
                text17                            1B45A    1B45A       3A     6D07       0
                text16                            16E76    16E76      2D0     B5C5       0
                text15                            1B6C6    1B6C6       2C     6D07       0
                text14                            1A820    1A820       90     67C4       0
                text13                            19B4C    19B4C      102     B5C5       0
                text12                            195EC    195EC      11A     B5C5       0
                text11                            17B38    17B38      22A     B5C5       0
                text10                            1B7C6    1B7C6       28     6DBD       0
                text9                             1BB7C    1BB7C       1E     6E6A       0
                text8                             1B79E    1B79E       28     6DBD       0
                text7                             1B776    1B776       28     6DBD       0
                text6                             19D3E    19D3E       EA     CE9F       0
                text5                             1B5D8    1B5D8       30     6D07       0
                text4                             19E28    19E28       E6     CE9F       0
                text3                             1B570    1B570       34     6D07       0
                text2                             1BB3C    1BB3C       20     6E6A       0
                text1                             1B3DC    1B3DC       3E     6B04       0
                text0                             11244    11244     1150     8000       0
                cstackCOMRAM                         21       21       19        1       1
                cstackBANK0                          D7       D7       19       60       1
                dataBIGRAM                          4FF      4FF      327      4FF       1
                bssBIGRAM                           826      826      1E2      4FF       1
                bssBANK4                            400      400       FF      400       1
                bssBANK3                            300      300       C6      300       1
                bssBANK2                            200      200       E7      200       1
                dataBANK1                           100      100       EF      100       1
                dataBANK0                            F0       F0        E       60       1
                bssBANK0                             60       60       77       60       1
                bssCOMRAM                            3A       3A        E        1       1
                cinit                             19FF2    19FF2       D4     67C4       0
                idataBANK1                        19C4E    19C4E       EF     B5C5       0
                idataBANK0                        1BD1E    1BD1E        E     6F0B       0
                idataBIGRAM                       16862    16862      327     8000       0

TOTAL           Name                               Link     Load   Length     Space
        CLASS   STACK          
                stack                               A08      A08     15F8         2

        CLASS   CODE           
                init                                 AE       AE        8         0
                reset_vec                             0        0        4         0
                ivt0x8                                8        8       A6         0
                text176                           1BDA4    1BDA4        A         0
                text175                           1BD98    1BD98        A         0
                text174                           1BD8C    1BD8C        A         0
                text173                           1BD68    1BD68        E         0
                text172                           1B012    1B012       4E         0
                text171                           1BAD4    1BAD4       24         0
                text170                           1BC2C    1BC2C       1A         0
                text169                           1BB5C    1BB5C       20         0
                text168                           1B9F8    1B9F8       28         0
                text167                           1B720    1B720       2C         0
                text166                           1B9D0    1B9D0       28         0
                text165                           1BBD6    1BBD6       1E         0
                text164                           1B9A8    1B9A8       28         0
                text163                           1AC10    1AC10       6A         0
                text162                           1BDFE    1BDFE        2         0
                text161                           1BDFC    1BDFC        2         0
                text160                           1AA40    1AA40       82         0
                text159                           1B6F4    1B6F4       2C         0
                text158                           1BDF0    1BDF0        6         0
                text157                           1BDFA    1BDFA        2         0
                text156                           1BAB0    1BAB0       24         0
                text155                           1BD58    1BD58        E         0
                text154                           1AAC2    1AAC2       78         0
                text153                           1BD80    1BD80        A         0
                text152                           1AFC0    1AFC0       52         0
                text151                           14326    14326      77C         0
                text150                           1BDF8    1BDF8        2         0
                text149                           1BA8C    1BA8C       24         0
                text148                           1B39C    1B39C       40         0
                text147                           18E64    18E64      162         0
                text146                           1BD48    1BD48        E         0
                text145                           1BD0E    1BD0E       10         0
                text144                           18554    18554      1A0         0
                text143                           1B4CC    1B4CC       38         0
                text142                           1BA68    1BA68       24         0
                text141                           1B35C    1B35C       40         0
                text140                           19F10    19F10       E2         0
                text139                           19114    19114      146         0
                text138                           1BDF6    1BDF6        2         0
                text137                           1BA44    1BA44       24         0
                text136                           1B41C    1B41C       3E         0
                text135                           1B97E    1B97E       28         0
                text134                           1B956    1B956       28         0
                text133                           1ABA4    1ABA4       6A         0
                text132                           1BD76    1BD76        A         0
                text131                           1AB3A    1AB3A       6A         0
                text130                           1AEC2    1AEC2       5A         0
                text129                           1B92E    1B92E       28         0
                text128                           1B906    1B906       28         0
                text127                           1B5A4    1B5A4       34         0
                text126                           1BDCE    1BDCE        8         0
                text125                           1AC7A    1AC7A       66         0
                text124                           1BCA2    1BCA2       16         0
                text123                           1A6FA    1A6FA       94         0
                text122                           1BCB8    1BCB8       14         0
                text121                           1BC8C    1BC8C       16         0
                text120                           1BC76    1BC76       16         0
                text119                           1BC5E    1BC5E       18         0
                text118                           1B8DE    1B8DE       28         0
                text117                           1B182    1B182       48         0
                text116                           1B8B6    1B8B6       28         0
                text115                           1B13A    1B13A       48         0
                text114                           1B88E    1B88E       28         0
                text113                           1B74C    1B74C       2A         0
                text112                           1B866    1B866       28         0
                text111                           1B0F2    1B0F2       48         0
                text110                           1B83E    1B83E       28         0
                text109                           1B816    1B816       28         0
                text108                           1AE08    1AE08       60         0
                text107                           1B060    1B060       4A         0
                text106                           13340    13340      82A         0
                text105                           13B6A    13B6A      7BC         0
                text104                           1B210    1B210       46         0
                text103                           18398    18398      1BC         0
                text102                           1BB1A    1BB1A       22         0
                text101                           1BDE8    1BDE8        6         0
                text100                           159B0    159B0      44C         0
                text99                            18D02    18D02      162         0
                text98                            14AA2    14AA2      57A         0
                text97                            18194    18194      204         0
                text96                            1BAF8    1BAF8       22         0
                text95                            1ADA6    1ADA6       62         0
                text94                            1501C    1501C      514         0
                text93                            1A316    1A316       AE         0
                text92                            1888A    1888A      186         0
                text91                            1B31C    1B31C       40         0
                text90                            1BDC6    1BDC6        8         0
                text89                            1BDBE    1BDBE        8         0
                text88                            1B2DC    1B2DC       40         0
                text87                            1B7EE    1B7EE       28         0
                text86                            1B494    1B494       38         0
                text85                            1B29A    1B29A       42         0
                text84                            1BD3A    1BD3A        E         0
                text83                            1BC46    1BC46       18         0
                text82                            1BBB8    1BBB8       1E         0
                text81                            1BCFE    1BCFE       10         0
                text80                            1BB9A    1BB9A       1E         0
                text79                            1B668    1B668       30         0
                text78                            1AF6E    1AF6E       52         0
                text77                            17684    17684      274         0
                text76                            1A470    1A470       AA         0
                text75                            1BC10    1BC10       1A         0
                text74                            194C8    194C8      124         0
                text73                            1A662    1A662       98         0
                text72                            1A5C0    1A5C0       A2         0
                text71                            1981E    1981E      114         0
                text70                            1A8B0    1A8B0       88         0
                text69                            17404    17404      280         0
                text68                            178F8    178F8      240         0
                text67                            1B1CA    1B1CA       46         0
                text66                            15530    15530      480         0
                text65                            18FC6    18FC6      14E         0
                text64                            19706    19706      118         0
                text63                            1A19A    1A19A       C4         0
                text62                            1B0AA    1B0AA       48         0
                text61                            18B90    18B90      172         0
                text60                            186F4    186F4      196         0
                text59                            161B6    161B6      36C         0
                text58                            1A0C6    1A0C6       D4         0
                text57                            1B638    1B638       30         0
                text56                            1A9BC    1A9BC       84         0
                text55                            10000    10000     1244         0
                text54                            17146    17146      2BE         0
                text53                            17D62    17D62      220         0
                text52                            18A10    18A10      180         0
                text51                            1925A    1925A      140         0
                text50                            16522    16522      340         0
                text49                            1B256    1B256       44         0
                text48                            1B608    1B608       30         0
                text47                            1A938    1A938       84         0
                text46                            15DFC    15DFC      3BA         0
                text45                            12394    12394      FAC         0
                text44                            1A3C4    1A3C4       AC         0
                text43                            1AD44    1AD44       62         0
                text42                            16B8A    16B8A      2EC         0
                text41                            1A78E    1A78E       92         0
                text40                            1BDE2    1BDE2        6         0
                text39                            1BDDC    1BDDC        6         0
                text38                            1A51A    1A51A       A6         0
                text37                            1AE68    1AE68       5A         0
                text36                            1BBF4    1BBF4       1C         0
                text35                            1AF1C    1AF1C       52         0
                text34                            1B53A    1B53A       36         0
                text33                            19932    19932      110         0
                text32                            1B504    1B504       36         0
                text31                            1B698    1B698       2E         0
                text30                            19A42    19A42      10A         0
                text29                            1939A    1939A      12E         0
                text28                            17F82    17F82      212         0
                text27                            1BA20    1BA20       24         0
                text26                            1A25E    1A25E       B8         0
                text25                            1BD2C    1BD2C        E         0
                text24                            1BCEE    1BCEE       10         0
                text23                            1BCDE    1BCDE       10         0
                text22                            1BDB6    1BDB6        8         0
                text21                            1BDD6    1BDD6        6         0
                text20                            1BDAE    1BDAE        8         0
                text19                            1BCCC    1BCCC       12         0
                text18                            1ACE0    1ACE0       64         0
                text17                            1B45A    1B45A       3A         0
                text16                            16E76    16E76      2D0         0
                text15                            1B6C6    1B6C6       2C         0
                text14                            1A820    1A820       90         0
                text13                            19B4C    19B4C      102         0
                text12                            195EC    195EC      11A         0
                text11                            17B38    17B38      22A         0
                text10                            1B7C6    1B7C6       28         0
                text9                             1BB7C    1BB7C       1E         0
                text8                             1B79E    1B79E       28         0
                text7                             1B776    1B776       28         0
                text6                             19D3E    19D3E       EA         0
                text5                             1B5D8    1B5D8       30         0
                text4                             19E28    19E28       E6         0
                text3                             1B570    1B570       34         0
                text2                             1BB3C    1BB3C       20         0
                text1                             1B3DC    1B3DC       3E         0
                text0                             11244    11244     1150         0
                cinit                             19FF2    19FF2       D4         0
                idataBANK1                        19C4E    19C4E       EF         0
                idataBANK0                        1BD1E    1BD1E        E         0
                idataBIGRAM                       16862    16862      327         0

        CLASS   CONST          

        CLASS   SMALLCONST     

        CLASS   MEDIUMCONST    
                mediumconst                        FA66     FA66      59A         0

        CLASS   COMRAM         
                temp                                  1        1       20         1
                cstackCOMRAM                         21       21       19         1
                bssCOMRAM                            3A       3A        E         1

        CLASS   ABS1           

        CLASS   BIGRAM         
                dataBIGRAM                          4FF      4FF      327         1
                bssBIGRAM                           826      826      1E2         1

        CLASS   RAM            

        CLASS   BANK0          
                cstackBANK0                          D7       D7       19         1
                dataBANK0                            F0       F0        E         1
                bssBANK0                             60       60       77         1

        CLASS   BANK1          
                dataBANK1                           100      100       EF         1

        CLASS   BANK2          
                bssBANK2                            200      200       E7         1

        CLASS   BANK3          
                bssBANK3                            300      300       C6         1

        CLASS   BANK4          
                bssBANK4                            400      400       FF         1

        CLASS   BANK5          

        CLASS   BANK6          

        CLASS   BANK7          

        CLASS   BANK8          

        CLASS   BANK9          

        CLASS   BANK10         

        CLASS   BANK11         

        CLASS   BANK12         

        CLASS   BANK13         

        CLASS   BANK14         

        CLASS   BANK15         

        CLASS   BANK16         

        CLASS   BANK17         

        CLASS   BANK18         

        CLASS   BANK19         

        CLASS   BANK20         

        CLASS   BANK21         

        CLASS   BANK22         

        CLASS   BANK23         

        CLASS   BANK24         

        CLASS   BANK25         

        CLASS   BANK26         

        CLASS   BANK27         

        CLASS   BANK28         

        CLASS   BANK29         

        CLASS   BANK30         

        CLASS   BANK31         

        CLASS   SFR            

        CLASS   FARRAM         

        CLASS   CONFIG         
                config                           300000   300000        A         0

        CLASS   IDLOC          
                idloc                            200000   200000       10         0

        CLASS   EEDATA         



SEGMENTS        Name                           Load    Length   Top    Selector   Space  Class

                reset_vec                      000000  000004  000004         0       0  CODE    
                temp                           000001  000047  000048         1       1  COMRAM  
                ivt0x8                         000008  0000AE  0000B6         4       0  CODE    
                bssBANK0                       000060  00009E  0000FE        60       1  BANK0   
                dataBANK1                      000100  0000EF  0001EF       100       1  BANK1   
                bssBANK2                       000200  0000E7  0002E7       200       1  BANK2   
                bssBANK3                       000300  0000C6  0003C6       300       1  BANK3   
                bssBANK4                       000400  0000FF  0004FF       400       1  BANK4   
                dataBIGRAM                     0004FF  000509  000A08       4FF       1  BIGRAM  
                stack                          000A08  0015F8  002000       A08       2  STACK   
                mediumconst                    00FA66  00059A  010000      7D33       0  MEDIUMCO
                text55                         010000  006B89  016B89      8000       0  CODE    
                text42                         016B8A  0031B3  019D3D      B5C5       0  CODE    
                text6                          019D3E  0001D0  019F0E      CE9F       0  CODE    
                text140                        019F10  000CFE  01AC0E      67C4       0  CODE    
                text163                        01AC10  00080A  01B41A      6B04       0  CODE    
                text136                        01B41C  0002D6  01B6F2      6D07       0  CODE    
                text159                        01B6F4  0002B2  01B9A6      6DBD       0  CODE    
                text164                        01B9A8  000282  01BC2A      6E6A       0  CODE    
                text170                        01BC2C  00012A  01BD56      6F0B       0  CODE    
                text155                        01BD58  00000E  01BD66      6F56       0  CODE    
                text173                        01BD68  000022  01BD8A      6F5A       0  CODE    
                text174                        01BD8C  00000A  01BD96      6F63       0  CODE    
                text175                        01BD98  00000A  01BDA2      6F66       0  CODE    
                text176                        01BDA4  00004A  01BDEE      6F69       0  CODE    
                text158                        01BDF0  000010  01BE00      6F7C       0  CODE    
                idloc                          200000  000010  200010    200000       0  IDLOC   
                config                         300000  00000A  30000A    300000       0  CONFIG  


UNUSED ADDRESS RANGES

        Name                Unused          Largest block    Delta
        BANK0            0000FE-0000FF                2
        BANK1            0001EF-0001FF               11
        BANK10           000A08-000AFF               F8
        BANK11           000B00-000BFF              100
        BANK12           000C00-000CFF              100
        BANK13           000D00-000DFF              100
        BANK14           000E00-000EFF              100
        BANK15           000F00-000FFF              100
        BANK16           001000-0010FF              100
        BANK17           001100-0011FF              100
        BANK18           001200-0012FF              100
        BANK19           001300-0013FF              100
        BANK2            0002E7-0002FF               19
        BANK20           001400-0014FF              100
        BANK21           001500-0015FF              100
        BANK22           001600-0016FF              100
        BANK23           001700-0017FF              100
        BANK24           001800-0018FF              100
        BANK25           001900-0019FF              100
        BANK26           001A00-001AFF              100
        BANK27           001B00-001BFF              100
        BANK28           001C00-001CFF              100
        BANK29           001D00-001DFF              100
        BANK3            0003C6-0003FF               3A
        BANK30           001E00-001EFF              100
        BANK31           001F00-001FFF              100
        BIGRAM           000048-00005F               18
                         0000FE-0000FF                2
                         0001EF-0001FF               11
                         0002E7-0002FF               19
                         0003C6-0003FF               3A
                         000A08-001FFF             15F8
        CODE             000004-000007                4
                         0000B6-00FA65             F9B0
                         016B89-016B89                1
                         019D3D-019D3D                1
                         019F0E-019F0F                2
                         01AC0E-01AC0F                2
                         01B41A-01B41B                2
                         01B6F2-01B6F3                2
                         01B9A6-01B9A7                2
                         01BC2A-01BC2B                2
                         01BD56-01BD57                2
                         01BD66-01BD67                2
                         01BD8A-01BD8B                2
                         01BD96-01BD97                2
                         01BDA2-01BDA3                2
                         01BDEE-01BDEF                2
                         01BE00-01FFFF             4200
        COMRAM           000048-00005F               18
        CONST            000004-000007                4
                         0000B6-00FA65             F9B0
                         016B89-016B89                1
                         019D3D-019D3D                1
                         019F0E-019F0F                2
                         01AC0E-01AC0F                2
                         01B41A-01B41B                2
                         01B6F2-01B6F3                2
                         01B9A6-01B9A7                2
                         01BC2A-01BC2B                2
                         01BD56-01BD57                2
                         01BD66-01BD67                2
                         01BD8A-01BD8B                2
                         01BD96-01BD97                2
                         01BDA2-01BDA3                2
                         01BDEE-01BDEF                2
                         01BE00-01FFFF             4200
        EEDATA           310000-3103FF              400
        MEDIUMCONST      002000-00FA65             DA66
                         016B89-016B89                1
                         019D3D-019D3D                1
                         019F0E-019F0F                2
                         01AC0E-01AC0F                2
                         01B41A-01B41B                2
                         01B6F2-01B6F3                2
                         01B9A6-01B9A7                2
                         01BC2A-01BC2B                2
                         01BD56-01BD57                2
                         01BD66-01BD67                2
                         01BD8A-01BD8B                2
                         01BD96-01BD97                2
                         01BDA2-01BDA3                2
                         01BDEE-01BDEF                2
                         01BE00-01FFFF             4200
        RAM              0000FE-0000FF                2
                         0001EF-0001FF               11
                         0002E7-0002FF               19
                         0003C6-0003FF               3A
                         000A08-001FFF              100
        SFR              003800-003FFF              100
        SMALLCONST       002000-00FA65              100
                         016B89-016B89                1
                         019D3D-019D3D                1
                         019F0E-019F0F                2
                         01AC0E-01AC0F                2
                         01B41A-01B41B                2
                         01B6F2-01B6F3                2
                         01B9A6-01B9A7                2
                         01BC2A-01BC2B                2
                         01BD56-01BD57                2
                         01BD66-01BD67                2
                         01BD8A-01BD8B                2
                         01BD96-01BD97                2
                         01BDA2-01BDA3                2
                         01BDEE-01BDEF                2
                         01BE00-01FFFF              100

                                  Symbol Table

IVTBASEH                                (abs)        003FD6
IVTBASEL                                (abs)        003FD5
IVTBASEU                                (abs)        003FD7
TMR3_ISR@CountCallBack                  bssBANK0     0000C2
TMR5_ISR@CountCallBack                  bssBANK0     0000C6
_ADACCU                                 (abs)        003EEA
_ADACQH                                 (abs)        003EF4
_ADACQL                                 (abs)        003EF3
_ADACT                                  (abs)        003EFE
_ADCAP                                  (abs)        003EF5
_ADCC_ADI_InterruptHandler              bssBANK0     0000AE
_ADCC_ADTI_InterruptHandler             bssBANK0     0000AB
_ADCC_DefaultInterruptHandler           text161      01BDFC
_ADCC_DischargeSampleCapacitor          text20       01BDAE
_ADCC_ISR                               text159      01B6F4
_ADCC_Initialize                        text133      01ABA4
_ADCC_SetADIInterruptHandler            text135      01B97E
_ADCC_SetADTIInterruptHandler           text134      01B956
_ADCC_StartConversion                   text19       01BCCC
_ADCC_ThresholdISR                      text163      01AC10
_ADCLK                                  (abs)        003EFF
_ADCON0                                 (abs)        003EF8
_ADCON0bits                             (abs)        003EF8
_ADCON1                                 (abs)        003EF9
_ADCON2                                 (abs)        003EFA
_ADCON3                                 (abs)        003EFB
_ADFLTRH                                (abs)        003EE7
_ADFLTRL                                (abs)        003EE6
_ADLTHH                                 (abs)        003EDF
_ADLTHL                                 (abs)        003EDE
_ADPCH                                  (abs)        003EF1
_ADPREH                                 (abs)        003EF7
_ADPREL                                 (abs)        003EF6
_ADREF                                  (abs)        003EFD
_ADRPT                                  (abs)        003EEC
_ADSTAT                                 (abs)        003EFC
_ADSTPTH                                (abs)        003EE5
_ADSTPTL                                (abs)        003EE4
_ADUTHH                                 (abs)        003EE1
_ADUTHL                                 (abs)        003EE0
_ANSELA                                 (abs)        003A40
_ANSELB                                 (abs)        003A50
_ANSELC                                 (abs)        003A60
_ANSELD                                 (abs)        003A70
_ANSELE                                 (abs)        003A80
_ANSELF                                 (abs)        003A90
_BVSOC_TABLE                            mediumconst  00FA67
_C                                      dataBIGRAM   0006FF
_CCPTMRS1bits                           (abs)        003F5F
_CLKRCLK                                (abs)        003CE6
_CLKRCON                                (abs)        003CE5
_CLKREF_Initialize                      text132      01BD76
_D                                      bssBIGRAM    000826
_DMA1AIRQ                               (abs)        003BFE
_DMA1CON0                               (abs)        003BFC
_DMA1CON0bits                           (abs)        003BFC
_DMA1CON1                               (abs)        003BFD
_DMA1CON1bits                           (abs)        003BFD
_DMA1DSA                                (abs)        003BF0
_DMA1DSZ                                (abs)        003BEE
_DMA1PR                                 (abs)        0039F3
_DMA1SIRQ                               (abs)        003BFF
_DMA1SSA                                (abs)        003BF9
_DMA1SSZ                                (abs)        003BF7
_DMA1_DMAA_ISR                          text175      01BD98
_DMA1_DMADCNT_ISR                       text174      01BD8C
_DMA1_DMAOR_ISR                         text176      01BDA4
_DMA1_DMASCNT_ISR                       text173      01BD68
_DMA1_Initialize                        text131      01AB3A
_DMA2AIRQ                               (abs)        003BDE
_DMA2CON0                               (abs)        003BDC
_DMA2CON0bits                           (abs)        003BDC
_DMA2CON1                               (abs)        003BDD
_DMA2CON1bits                           (abs)        003BDD
_DMA2DSA                                (abs)        003BD0
_DMA2DSZ                                (abs)        003BCE
_DMA2PR                                 (abs)        0039F4
_DMA2SIRQ                               (abs)        003BDF
_DMA2SSA                                (abs)        003BD9
_DMA2SSZ                                (abs)        003BD7
_DMA2_Initialize                        text130      01AEC2
_Default_ISR                            text158      01BDF0
_EXT_INT_Initialize                     text127      01B5A4
_FVRCON                                 (abs)        003EC1
_FVR_Initialize                         text126      01BDCE
_GIE                                    (abs)        01FE97
_H                                      dataBANK0    0000F7
_INT0PPS                                (abs)        003AC0
_INT0_CallBack                          text156      01BAB0
_INT0_DefaultInterruptHandler           text157      01BDFA
_INT0_ISR                               text155      01BD58
_INT0_InterruptHandler                  bssBANK0     0000BD
_INT0_SetInterruptHandler               text129      01B92E
_INT1PPS                                (abs)        003AC1
_INT1_CallBack                          text137      01BA44
_INT1_DefaultInterruptHandler           text138      01BDF6
_INT1_ISR                               text136      01B41C
_INT1_InterruptHandler                  bssBANK0     0000BA
_INT1_SetInterruptHandler               text128      01B906
_INTCON0bits                            (abs)        003FD2
_INTERRUPT_Initialize                   text125      01AC7A
_IPR1bits                               (abs)        003981
_IPR2bits                               (abs)        003982
_IPR3bits                               (abs)        003983
_IPR5bits                               (abs)        003985
_IPR6bits                               (abs)        003986
_IPR8bits                               (abs)        003988
_IPR9bits                               (abs)        003989
_ISRPR                                  (abs)        0039F1
_IVTADH                                 (abs)        00389E
_IVTADL                                 (abs)        00389D
_IVTADU                                 (abs)        00389F
_IVTLOCK                                (abs)        003FD4
_IVTLOCKbits                            (abs)        003FD4
_LATA                                   (abs)        003FBA
_LATB                                   (abs)        003FBB
_LATC                                   (abs)        003FBC
_LATCbits                               (abs)        003FBC
_LATD                                   (abs)        003FBD
_LATDbits                               (abs)        003FBD
_LATE                                   (abs)        003FBE
_LATEbits                               (abs)        003FBE
_LATF                                   (abs)        003FBF
_LATFbits                               (abs)        003FBF
_MAINPR                                 (abs)        0039F2
_ODCONA                                 (abs)        003A42
_ODCONB                                 (abs)        003A52
_ODCONC                                 (abs)        003A62
_ODCOND                                 (abs)        003A72
_ODCONE                                 (abs)        003A82
_ODCONF                                 (abs)        003A92
_OSCCON1                                (abs)        0039D9
_OSCCON3                                (abs)        0039DB
_OSCEN                                  (abs)        0039DD
_OSCFRQ                                 (abs)        0039DF
_OSCILLATOR_Initialize                  text124      01BCA2
_OSCTUNE                                (abs)        0039DE
_P                                      bssBANK0     00009E
_PIE1bits                               (abs)        003991
_PIE2bits                               (abs)        003992
_PIE3bits                               (abs)        003993
_PIE5bits                               (abs)        003995
_PIE6bits                               (abs)        003996
_PIE8bits                               (abs)        003998
_PIE9bits                               (abs)        003999
_PIN_MANAGER_Initialize                 text123      01A6FA
_PIR1bits                               (abs)        0039A1
_PIR2bits                               (abs)        0039A2
_PIR4bits                               (abs)        0039A4
_PIR5bits                               (abs)        0039A5
_PIR6bits                               (abs)        0039A6
_PIR8bits                               (abs)        0039A8
_PIR9bits                               (abs)        0039A9
_PLLR                                   (abs)        01CEE0
_PMD0                                   (abs)        0039C0
_PMD1                                   (abs)        0039C1
_PMD2                                   (abs)        0039C2
_PMD3                                   (abs)        0039C3
_PMD4                                   (abs)        0039C4
_PMD5                                   (abs)        0039C5
_PMD6                                   (abs)        0039C6
_PMD7                                   (abs)        0039C7
_PMD_Initialize                         text122      01BCB8
_PORTBbits                              (abs)        003FCB
_PORTFbits                              (abs)        003FCF
_PWM8CON                                (abs)        003F62
_PWM8DCH                                (abs)        003F61
_PWM8DCL                                (abs)        003F60
_PWM8_Initialize                        text121      01BC8C
_PWM8_LoadDutyValue                     text85       01B29A
_R                                      dataBANK1    000100
_RB6PPS                                 (abs)        003A0E
_RC3PPS                                 (abs)        003A13
_RC5PPS                                 (abs)        003A15
_RC6PPS                                 (abs)        003A16
_RD1PPS                                 (abs)        003A19
_S                                      bssBANK2     000254
_SCANPR                                 (abs)        0039F7
_SLRCONA                                (abs)        003A43
_SLRCONB                                (abs)        003A53
_SLRCONC                                (abs)        003A63
_SLRCOND                                (abs)        003A73
_SLRCONE                                (abs)        003A83
_SLRCONF                                (abs)        003A93
_SPI1BAUD                               (abs)        003D19
_SPI1CLK                                (abs)        003D1C
_SPI1CON0                               (abs)        003D14
_SPI1CON1                               (abs)        003D15
_SPI1CON2                               (abs)        003D16
_SPI1INTFbits                           (abs)        003D1A
_SPI1RXB                                (abs)        003D10
_SPI1SCKPPS                             (abs)        003ADE
_SPI1SDIPPS                             (abs)        003ADF
_SPI1TCNTL                              (abs)        003D12
_SPI1TXB                                (abs)        003D11
_SPI1_Exchange8bit                      text9        01BB7C
_SPI1_Initialize                        text120      01BC76
_SYSTEM_Initialize                      text107      01B060
_StartTimer                             text88       01B2DC
_T                                      mediumconst  00FB37
_T2CLKCON                               (abs)        003FAE
_T2CON                                  (abs)        003FAC
_T2HLT                                  (abs)        003FAD
_T2PR                                   (abs)        003FAB
_T2RST                                  (abs)        003FAF
_T2TMR                                  (abs)        003FAA
_T3CLK                                  (abs)        003FA9
_T3CON                                  (abs)        003FA6
_T3CONbits                              (abs)        003FA6
_T3GATE                                 (abs)        003FA8
_T3GCON                                 (abs)        003FA7
_T5CLK                                  (abs)        003F9D
_T5CON                                  (abs)        003F9A
_T5CONbits                              (abs)        003F9A
_T5GATE                                 (abs)        003F9C
_T5GCON                                 (abs)        003F9B
_T6CLKCON                               (abs)        003F96
_T6CON                                  (abs)        003F94
_T6HLT                                  (abs)        003F95
_T6PR                                   (abs)        003F93
_T6RST                                  (abs)        003F97
_T6TMR                                  (abs)        003F92
_TMR2_Initialize                        text119      01BC5E
_TMR3H                                  (abs)        003FA5
_TMR3L                                  (abs)        003FA4
_TMR3_CallBack                          text149      01BA8C
_TMR3_DefaultInterruptHandler           text150      01BDF8
_TMR3_ISR                               text147      018E64
_TMR3_Initialize                        text117      01B182
_TMR3_InterruptHandler                  bssBANK0     0000A2
_TMR3_SetInterruptHandler               text118      01B8DE
_TMR3_WriteTimer                        text148      01B39C
_TMR5H                                  (abs)        003F99
_TMR5L                                  (abs)        003F98
_TMR5_CallBack                          text142      01BA68
_TMR5_DefaultInterruptHandler           text143      01B4CC
_TMR5_ISR                               text140      019F10
_TMR5_Initialize                        text115      01B13A
_TMR5_InterruptHandler                  bssBANK0     0000A5
_TMR5_SetInterruptHandler               text116      01B8B6
_TMR5_WriteTimer                        text141      01B35C
_TMR6_CallBack                          text171      01BAD4
_TMR6_DefaultInterruptHandler           text172      01B012
_TMR6_ISR                               text170      01BC2C
_TMR6_Initialize                        text113      01B74C
_TMR6_InterruptHandler                  bssBANK0     0000A8
_TMR6_SetInterruptHandler               text114      01B88E
_TRISA                                  (abs)        003FC2
_TRISB                                  (abs)        003FC3
_TRISC                                  (abs)        003FC4
_TRISD                                  (abs)        003FC5
_TRISE                                  (abs)        003FC6
_TRISF                                  (abs)        003FC7
_TimerDone                              text87       01B7EE
_U1BRGH                                 (abs)        003DF6
_U1BRGL                                 (abs)        003DF5
_U1CON0                                 (abs)        003DF2
_U1CON1                                 (abs)        003DF3
_U1CON2                                 (abs)        003DF4
_U1ERRIE                                (abs)        003DFA
_U1ERRIR                                (abs)        003DF9
_U1FIFO                                 (abs)        003DF7
_U1P1H                                  (abs)        003DED
_U1P1L                                  (abs)        003DEC
_U1P2H                                  (abs)        003DEF
_U1P2L                                  (abs)        003DEE
_U1P3H                                  (abs)        003DF1
_U1P3L                                  (abs)        003DF0
_U1RXB                                  (abs)        003DE8
_U1RXPPS                                (abs)        003AE5
_U1UIR                                  (abs)        003DF8
_U2BRGH                                 (abs)        003DDE
_U2BRGL                                 (abs)        003DDD
_U2CON0                                 (abs)        003DDA
_U2CON1                                 (abs)        003DDB
_U2CON2                                 (abs)        003DDC
_U2ERRIE                                (abs)        003DE2
_U2ERRIR                                (abs)        003DE1
_U2FIFO                                 (abs)        003DDF
_U2P1L                                  (abs)        003DD4
_U2P2L                                  (abs)        003DD6
_U2P3L                                  (abs)        003DD8
_U2RXB                                  (abs)        003DD0
_U2RXPPS                                (abs)        003AE8
_U2TXB                                  (abs)        003DD2
_U2UIR                                  (abs)        003DE0
_UART1_Initialize                       text111      01B0F2
_UART1_Receive_ISR                      text165      01BBD6
_UART1_RxInterruptHandler               bssBANK0     0000B1
_UART1_SetRxInterruptHandler            text112      01B866
_UART1_rx_vect_isr                      text164      01B9A8
_UART2_Initialize                       text108      01AE08
_UART2_Receive_ISR                      text169      01BB5C
_UART2_RxInterruptHandler               bssBANK0     0000B7
_UART2_SetRxInterruptHandler            text110      01B83E
_UART2_SetTxInterruptHandler            text109      01B816
_UART2_Transmit_ISR                     text167      01B720
_UART2_TxInterruptHandler               bssBANK0     0000B4
_UART2_rx_vect_isr                      text168      01B9F8
_UART2_tx_vect_isr                      text166      01B9D0
_V                                      dataBANK1    000130
_Volts_to_SOC                           text12       0195EC
_WPUA                                   (abs)        003A41
_WPUB                                   (abs)        003A51
_WPUC                                   (abs)        003A61
_WPUD                                   (abs)        003A71
_WPUE                                   (abs)        003A81
_WPUF                                   (abs)        003A91
_WaitMs                                 text32       01B504
__CFG_BBEN$OFF                          (abs)        000000
__CFG_BBSIZE$BBSIZE_512                 (abs)        000000
__CFG_BOREN$SBORDIS                     (abs)        000000
__CFG_BORV$VBOR_2P45                    (abs)        000000
__CFG_CLKOUTEN$OFF                      (abs)        000000
__CFG_CP$OFF                            (abs)        000000
__CFG_CSWEN$ON                          (abs)        000000
__CFG_DEBUG$OFF                         (abs)        000000
__CFG_FCMEN$ON                          (abs)        000000
__CFG_FEXTOSC$ECH                       (abs)        000000
__CFG_IVT1WAY$ON                        (abs)        000000
__CFG_LPBOREN$OFF                       (abs)        000000
__CFG_LVP$ON                            (abs)        000000
__CFG_MCLRE$EXTMCLR                     (abs)        000000
__CFG_MVECEN$ON                         (abs)        000000
__CFG_PPS1WAY$ON                        (abs)        000000
__CFG_PR1WAY$OFF                        (abs)        000000
__CFG_PWRTS$PWRT_OFF                    (abs)        000000
__CFG_RSTOSC$EXTOSC_4PLL                (abs)        000000
__CFG_SAFEN$OFF                         (abs)        000000
__CFG_STVREN$ON                         (abs)        000000
__CFG_WDTCCS$SC                         (abs)        000000
__CFG_WDTCPS$WDTCPS_31                  (abs)        000000
__CFG_WDTCWS$WDTCWS_7                   (abs)        000000
__CFG_WDTE$OFF                          (abs)        000000
__CFG_WRTAPP$OFF                        (abs)        000000
__CFG_WRTB$OFF                          (abs)        000000
__CFG_WRTC$OFF                          (abs)        000000
__CFG_WRTD$OFF                          (abs)        000000
__CFG_WRTSAF$OFF                        (abs)        000000
__CFG_XINST$OFF                         (abs)        000000
__CFG_ZCD$OFF                           (abs)        000000
__HRAM                                  (abs)        000000
__Habs1                                 abs1         000000
__Hbank0                                bank0        000000
__Hbank1                                bank1        000000
__Hbank10                               bank10       000000
__Hbank11                               bank11       000000
__Hbank12                               bank12       000000
__Hbank13                               bank13       000000
__Hbank14                               bank14       000000
__Hbank15                               bank15       000000
__Hbank16                               bank16       000000
__Hbank17                               bank17       000000
__Hbank18                               bank18       000000
__Hbank19                               bank19       000000
__Hbank2                                bank2        000000
__Hbank20                               bank20       000000
__Hbank21                               bank21       000000
__Hbank22                               bank22       000000
__Hbank23                               bank23       000000
__Hbank24                               bank24       000000
__Hbank25                               bank25       000000
__Hbank26                               bank26       000000
__Hbank27                               bank27       000000
__Hbank28                               bank28       000000
__Hbank29                               bank29       000000
__Hbank3                                bank3        000000
__Hbank30                               bank30       000000
__Hbank31                               bank31       000000
__Hbank4                                bank4        000000
__Hbank5                                bank5        000000
__Hbank6                                bank6        000000
__Hbank7                                bank7        000000
__Hbank8                                bank8        000000
__Hbank9                                bank9        000000
__Hbigbss                               bigbss       000000
__Hbigdata                              bigdata      000000
__Hbigram                               bigram       000000
__Hbss                                  bss          000000
__HbssBANK0                             bssBANK0     000000
__HbssBANK2                             bssBANK2     000000
__HbssBANK3                             bssBANK3     000000
__HbssBANK4                             bssBANK4     000000
__HbssBIGRAM                            bssBIGRAM    000000
__HbssCOMRAM                            bssCOMRAM    000000
__Hcinit                                cinit        000000
__Hclrtext                              clrtext      000000
__Hcomram                               comram       000000
__Hconfig                               config       30000A
__Hconst                                const        000000
__HcstackBANK0                          cstackBANK0  000000
__HcstackCOMRAM                         cstackCOMRAM 000000
__Hdata                                 data         000000
__HdataBANK0                            dataBANK0    000000
__HdataBANK1                            dataBANK1    000000
__HdataBIGRAM                           dataBIGRAM   000000
__Heeprom_data                          eeprom_data  000000
__Hfarbss                               farbss       000000
__Hfardata                              fardata      000000
__Hibigdata                             ibigdata     000000
__Hidata                                idata        000000
__HidataBANK0                           idataBANK0   000000
__HidataBANK1                           idataBANK1   000000
__HidataBIGRAM                          idataBIGRAM  000000
__Hidloc                                idloc        200010
__Hifardata                             ifardata     000000
__Hinit                                 init         0000B6
__Hintsave_regs                         intsave_regs 000000
__Hirdata                               irdata       000000
__Hivt0x8                               ivt0x8       0000AE
__Hmediumconst                          mediumconst  010000
__HnvFARRAM                             nvFARRAM     000000
__Hnvbit                                nvbit        000000
__Hnvrram                               nvrram       000000
__Hparam                                rparam       000000
__Hpowerup                              powerup      000000
__Hram                                  ram          000000
__Hramtop                               ramtop       002000
__Hrbit                                 rbit         000000
__Hrbss                                 rbss         000000
__Hrdata                                rdata        000000
__Hreset_vec                            reset_vec    000004
__Hrparam                               rparam       000000
__Hsfr                                  sfr          000000
__Hsmallconst                           smallconst   000000
__Hspace_0                              (abs)        30000A
__Hspace_1                              (abs)        000A08
__Hspace_2                              (abs)        002000
__Hstack                                stack        002000
__Hstruct                               struct       000000
__Htemp                                 temp         000021
__Htext                                 text         000000
__Htext0                                text0        000000
__Htext1                                text1        000000
__Htext10                               text10       000000
__Htext100                              text100      000000
__Htext101                              text101      000000
__Htext102                              text102      000000
__Htext103                              text103      000000
__Htext104                              text104      000000
__Htext105                              text105      000000
__Htext106                              text106      000000
__Htext107                              text107      000000
__Htext108                              text108      000000
__Htext109                              text109      000000
__Htext11                               text11       000000
__Htext110                              text110      000000
__Htext111                              text111      000000
__Htext112                              text112      000000
__Htext113                              text113      000000
__Htext114                              text114      000000
__Htext115                              text115      000000
__Htext116                              text116      000000
__Htext117                              text117      000000
__Htext118                              text118      000000
__Htext119                              text119      000000
__Htext12                               text12       000000
__Htext120                              text120      000000
__Htext121                              text121      000000
__Htext122                              text122      000000
__Htext123                              text123      000000
__Htext124                              text124      000000
__Htext125                              text125      000000
__Htext126                              text126      000000
__Htext127                              text127      000000
__Htext128                              text128      000000
__Htext129                              text129      000000
__Htext13                               text13       000000
__Htext130                              text130      000000
__Htext131                              text131      000000
__Htext132                              text132      000000
__Htext133                              text133      000000
__Htext134                              text134      000000
__Htext135                              text135      000000
__Htext136                              text136      000000
__Htext137                              text137      000000
__Htext138                              text138      000000
__Htext139                              text139      000000
__Htext14                               text14       000000
__Htext140                              text140      000000
__Htext141                              text141      000000
__Htext142                              text142      000000
__Htext143                              text143      000000
__Htext144                              text144      000000
__Htext145                              text145      000000
__Htext146                              text146      000000
__Htext147                              text147      000000
__Htext148                              text148      000000
__Htext149                              text149      000000
__Htext15                               text15       000000
__Htext150                              text150      000000
__Htext151                              text151      000000
__Htext152                              text152      000000
__Htext153                              text153      000000
__Htext154                              text154      000000
__Htext155                              text155      000000
__Htext156                              text156      000000
__Htext157                              text157      000000
__Htext158                              text158      000000
__Htext159                              text159      000000
__Htext16                               text16       000000
__Htext160                              text160      000000
__Htext161                              text161      000000
__Htext162                              text162      000000
__Htext163                              text163      000000
__Htext164                              text164      000000
__Htext165                              text165      000000
__Htext166                              text166      000000
__Htext167                              text167      000000
__Htext168                              text168      000000
__Htext169                              text169      000000
__Htext17                               text17       000000
__Htext170                              text170      000000
__Htext171                              text171      000000
__Htext172                              text172      000000
__Htext173                              text173      000000
__Htext174                              text174      000000
__Htext175                              text175      000000
__Htext176                              text176      000000
__Htext177                              text177      000000
__Htext18                               text18       000000
__Htext19                               text19       000000
__Htext2                                text2        000000
__Htext20                               text20       000000
__Htext21                               text21       000000
__Htext22                               text22       000000
__Htext23                               text23       000000
__Htext24                               text24       000000
__Htext25                               text25       000000
__Htext26                               text26       000000
__Htext27                               text27       000000
__Htext28                               text28       000000
__Htext29                               text29       000000
__Htext3                                text3        000000
__Htext30                               text30       000000
__Htext31                               text31       000000
[...]
      Params:         0       0       0       0       0       0       0       0       0       0       0       0       0       0       0       0       0       0       0       0       0       0       0       0       0       0       0       0       0       0       0       0       0
      Locals:         0       0       0       0       0       0       0       0       0       0       0       0       0       0       0       0       0       0       0       0       0       0       0       0       0       0       0       0       0       0       0       0       0
      Temps:          0       0       0       0       0       0       0       0       0       0       0       0       0       0       0       0       0       0       0       0       0       0       0       0       0       0       0       0       0       0       0       0       0
      Totals:         0       0       0       0       0       0       0       0       0       0       0       0       0       0       0       0       0       0       0       0       0       0       0       0       0       0       0       0       0       0       0       0       0
Total ram usage:        0 bytes
 Hardware stack levels used:    1
 This function calls:
		Nothing
 This function is called by:
		Interrupt level 2
 This function uses a non-reentrant model


 *************** function _DMA1_DMAOR_ISR *****************
 Defined at:
		line 155 in file "mcc_generated_files/dma1.c"
 Parameters:    Size  Location     Type
		None
 Auto vars:     Size  Location     Type
		None
 Return value:  Size  Location     Type
                  1    wreg      void 
 Registers used:
		None
 Tracked objects:
		On entry : 
		On exit  : 
		Unchanged: 
 Data sizes:     COMRAM   BANK0   BANK1   BANK2   BANK3   BANK4   BANK5   BANK6   BANK7   BANK8   BANK9  BANK10  BANK11  BANK12  BANK13  BANK14  BANK15  BANK16  BANK17  BANK18  BANK19  BANK20  BANK21  BANK22  BANK23  BANK24  BANK25  BANK26  BANK27  BANK28  BANK29  BANK30  BANK31
      Params:         0       0       0       0       0       0       0       0       0       0       0       0       0       0       0       0       0       0       0       0       0       0       0       0       0       0       0       0       0       0       0       0       0
      Locals:         0       0       0       0       0       0       0       0       0       0       0       0       0       0       0       0       0       0       0       0       0       0       0       0       0       0       0       0       0       0       0       0       0
      Temps:          0       0       0       0       0       0       0       0       0       0       0       0       0       0       0       0       0       0       0       0       0       0       0       0       0       0       0       0       0       0       0       0       0
      Totals:         0       0       0       0       0       0       0       0       0       0       0       0       0       0       0       0       0       0       0       0       0       0       0       0       0       0       0       0       0       0       0       0       0
Total ram usage:        0 bytes
 Hardware stack levels used:    1
 This function calls:
		Nothing
 This function is called by:
		Interrupt level 2
 This function uses a non-reentrant model



MODULE INFORMATION

Module		Function		Class		Link	Load	Size
ringbufs.c
		_ringBufS_init 		CODE           	1B7C6	0000	41
		_ringBufS_flush		CODE           	1A78E	0000	147
		_ringBufS_put_dma		CODE           	1A470	0000	171

ringbufs.c estimated size: 359

mcc_generated_files/uart2.c
		_UART2_rx_vect_isr		CODE           	1B9F8	0000	41
		_UART2_tx_vect_isr		CODE           	1B9D0	0000	41
		_UART2_Receive_ISR		CODE           	1BB5C	0000	33
		_UART2_SetRxInterruptHandler		CODE           	1B83E	0000	41
		_UART2_SetTxInterruptHandler		CODE           	1B816	0000	41
		_UART2_Initialize		CODE           	1AE08	0000	97
		_UART2_Transmit_ISR		CODE           	1B720	0000	45

mcc_generated_files/uart2.c estimated size: 339

timers.c
		_WaitMs        		CODE           	1B504	0000	55
		_StartTimer    		CODE           	1B2DC	0000	65
		_TimerDone     		CODE           	1B7EE	0000	41

timers.c estimated size: 161

mcc_generated_files/pwm8.c
		_PWM8_LoadDutyValue		CODE           	1B29A	0000	67
		_PWM8_Initialize		CODE           	1BC8C	0000	23

mcc_generated_files/pwm8.c estimated size: 90

/opt/microchip/xc8/v2.10/pic/sources/c99/common/awmod.c
		___awmod       		CODE           	19706	0000	281

/opt/microchip/xc8/v2.10/pic/sources/c99/common/awmod.c estimated size: 281

mcc_generated_files/tmr6.c
		_TMR6_CallBack 		CODE           	1BAD4	0000	37
		_TMR6_ISR      		CODE           	1BC2C	0000	27
		_TMR6_Initialize		CODE           	1B74C	0000	43
		_TMR6_SetInterruptHandler		CODE           	1B88E	0000	41
		_TMR6_DefaultInterruptHandler		CODE           	1B012	0000	79

mcc_generated_files/tmr6.c estimated size: 227

/opt/microchip/xc8/v2.10/pic/sources/c99/common/flge.c
		___flge        		CODE           	18D02	0000	355

/opt/microchip/xc8/v2.10/pic/sources/c99/common/flge.c estimated size: 355

mcc_generated_files/fvr.c
		_FVR_Initialize		CODE           	1BDCE	0000	9

mcc_generated_files/fvr.c estimated size: 9

/opt/microchip/xc8/v2.10/pic/sources/c99/common/aomod.c
		___aomod       		CODE           	178F8	0000	577

/opt/microchip/xc8/v2.10/pic/sources/c99/common/aomod.c estimated size: 577

mcc_generated_files/tmr2.c
		_TMR2_Initialize		CODE           	1BC5E	0000	25

mcc_generated_files/tmr2.c estimated size: 25

mcc_generated_files/interrupt_manager.c
		_INTERRUPT_Initialize		CODE           	1AC7A	0000	103
		_Default_ISR   		CODE           	1BDF0	0000	7

mcc_generated_files/interrupt_manager.c estimated size: 110

/opt/microchip/xc8/v2.10/pic/sources/c99/common/xxtofl.c
		___xxtofl      		CODE           	18194	0000	517

/opt/microchip/xc8/v2.10/pic/sources/c99/common/xxtofl.c estimated size: 517

/opt/microchip/xc8/v2.10/pic/sources/c99/common/printf.c
		_printf        		CODE           	1AD44	0000	99

/opt/microchip/xc8/v2.10/pic/sources/c99/common/printf.c estimated size: 99

dio.c
		_start_switch_handler		CODE           	1BB3C	0000	33
		_get_switch    		CODE           	1B6C6	0000	45
		_switch_handler		CODE           	19114	0000	327

dio.c estimated size: 405

/opt/microchip/xc8/v2.10/pic/sources/c99/common/lodiv.c
		___lodiv       		CODE           	18A10	0000	385

/opt/microchip/xc8/v2.10/pic/sources/c99/common/lodiv.c estimated size: 385

eadog.c
		_init_display  		CODE           	19D3E	0000	235
		_eaDogM_WriteCommand		CODE           	1BD2C	0000	15
		_putch         		CODE           	1BC10	0000	27
		_wdtdelay      		CODE           	1AE68	0000	91
		_send_port_data_dma		CODE           	1AFC0	0000	83
		_init_port_dma 		CODE           	1B5D8	0000	49
		_port_data_dma_ptr		CODE           	1BD80	0000	11
		_send_lcd_cmd  		CODE           	1B79E	0000	41
		_send_lcd_cmd_dma		CODE           	1AF1C	0000	83
		_wait_lcd_set  		CODE           	1BDDC	0000	7
		_eaDogM_WriteStringAtPos		CODE           	1B53A	0000	55
		_wait_lcd_done 		CODE           	1BBF4	0000	29
		_send_lcd_cmd_long		CODE           	1B776	0000	41
		_start_lcd     		CODE           	1BDE2	0000	7
		_eaDogM_WriteString		CODE           	1A51A	0000	167

eadog.c estimated size: 941

mcc_generated_files/pin_manager.c
		_PIN_MANAGER_Initialize		CODE           	1A6FA	0000	149

mcc_generated_files/pin_manager.c estimated size: 149

/opt/microchip/xc8/v2.10/pic/sources/c99/common/strlen.c
		_strlen        		CODE           	1A5C0	0000	163

/opt/microchip/xc8/v2.10/pic/sources/c99/common/strlen.c estimated size: 163

/opt/microchip/xc8/v2.10/pic/sources/c99/common/nf_fputs.c
		_fputs         		CODE           	1A662	0000	153

/opt/microchip/xc8/v2.10/pic/sources/c99/common/nf_fputs.c estimated size: 153

/opt/microchip/xc8/v2.10/pic/sources/c99/common/floorf.c
		_floorf        		CODE           	161B6	0000	877

/opt/microchip/xc8/v2.10/pic/sources/c99/common/floorf.c estimated size: 877

mcc_generated_files/spi1.c
		_SPI1_Initialize		CODE           	1BC76	0000	23
		_SPI1_Exchange8bit		CODE           	1BB7C	0000	31

mcc_generated_files/spi1.c estimated size: 54

/opt/microchip/xc8/v2.10/pic/sources/c99/common/strcpy.c
		_strcpy        		CODE           	1A0C6	0000	213

/opt/microchip/xc8/v2.10/pic/sources/c99/common/strcpy.c estimated size: 213

/opt/microchip/xc8/v2.10/pic/sources/c99/common/isupper.c
		_isupper       		CODE           	1B638	0000	49

/opt/microchip/xc8/v2.10/pic/sources/c99/common/isupper.c estimated size: 49

/opt/microchip/xc8/v2.10/pic/sources/c99/common/nanf.c
		_nanf          		CODE           	1ADA6	0000	99

/opt/microchip/xc8/v2.10/pic/sources/c99/common/nanf.c estimated size: 99

/opt/microchip/xc8/v2.10/pic/sources/c99/common/memset.c
		_memset        		CODE           	16B8A	0000	749

/opt/microchip/xc8/v2.10/pic/sources/c99/common/memset.c estimated size: 749

/opt/microchip/xc8/v2.10/pic/sources/c99/common/awdiv.c
		___awdiv       		CODE           	18FC6	0000	335

/opt/microchip/xc8/v2.10/pic/sources/c99/common/awdiv.c estimated size: 335

mcc_generated_files/clkref.c
		_CLKREF_Initialize		CODE           	1BD76	0000	11

mcc_generated_files/clkref.c estimated size: 11

/opt/microchip/xc8/v2.10/pic/sources/c99/common/fltol.c
		___fltol       		CODE           	18B90	0000	371

/opt/microchip/xc8/v2.10/pic/sources/c99/common/fltol.c estimated size: 371

mbmc.c
		_calc_model_data		CODE           	159B0	0000	1101
		_check_day_time		CODE           	18554	0000	417
		_calc_ror_data 		CODE           	1888A	0000	391
		_static_soc    		CODE           	1B3DC	0000	63
		_lp_filter     		CODE           	18398	0000	445
		_set_load_relay_one		CODE           	1BCEE	0000	17
		_get_ac_charger_relay		CODE           	1BD48	0000	15
		_spinners      		CODE           	19E28	0000	231
		_set_ac_charger_relay		CODE           	1BD0E	0000	17
		_convert_adc_data		CODE           	1A25E	0000	185
		_set_load_relay_two		CODE           	1BCDE	0000	17

mbmc.c estimated size: 2899

/opt/microchip/xc8/v2.10/pic/sources/c99/common/abs.c
		_abs           		CODE           	1B1CA	0000	71

/opt/microchip/xc8/v2.10/pic/sources/c99/common/abs.c estimated size: 71

mcc_generated_files/dma1.c
		_DMA1_DMADCNT_ISR		CODE           	1BD8C	0000	11
		_DMA1_DMASCNT_ISR		CODE           	1BD68	0000	15
		_DMA1_Initialize		CODE           	1AB3A	0000	107
		_DMA1_DMAA_ISR 		CODE           	1BD98	0000	11
		_DMA1_DMAOR_ISR		CODE           	1BDA4	0000	11

mcc_generated_files/dma1.c estimated size: 155

/opt/microchip/xc8/v2.10/pic/sources/c99/common/__fpclassifyf.c
		___fpclassifyf 		CODE           	186F4	0000	407

/opt/microchip/xc8/v2.10/pic/sources/c99/common/__fpclassifyf.c estimated size: 407

/opt/microchip/xc8/v2.10/pic/sources/c99/common/rand.c
		_srand         		CODE           	1B570	0000	53

/opt/microchip/xc8/v2.10/pic/sources/c99/common/rand.c estimated size: 53

daq.c
		_conv_raw_result		CODE           	1501C	0000	1301
		_check_adc_scan		CODE           	1BDB6	0000	9
		_start_adc_scan		CODE           	1ACE0	0000	101
		_clear_adc_scan		CODE           	1BDD6	0000	7
		_get_raw_result		CODE           	1BAF8	0000	35
		_adc_int_t_handler		CODE           	1AA40	0000	131
		_update_adc_result		CODE           	1B45A	0000	59
		_adc_int_handler		CODE           	1BDFE	0000	3

daq.c estimated size: 1646

/opt/microchip/xc8/v2.10/pic/sources/c99/common/aodiv.c
		___aodiv       		CODE           	17404	0000	641

/opt/microchip/xc8/v2.10/pic/sources/c99/common/aodiv.c estimated size: 641

/opt/microchip/xc8/v2.10/pic/sources/c99/common/islower.c
		_islower       		CODE           	1B608	0000	49

/opt/microchip/xc8/v2.10/pic/sources/c99/common/islower.c estimated size: 49

mcc_generated_files/uart1.c
		_UART1_rx_vect_isr		CODE           	1B9A8	0000	41
		_UART1_Receive_ISR		CODE           	1BBD6	0000	31
		_UART1_SetRxInterruptHandler		CODE           	1B866	0000	41
		_UART1_Initialize		CODE           	1B0F2	0000	73

mcc_generated_files/uart1.c estimated size: 186

mcc_generated_files/ext_int.c
		_INT0_SetInterruptHandler		CODE           	1B92E	0000	41
		_INT1_SetInterruptHandler		CODE           	1B906	0000	41
		_EXT_INT_Initialize		CODE           	1B5A4	0000	53
		_INT0_DefaultInterruptHandler		CODE           	1BDFA	0000	3
		_INT0_CallBack 		CODE           	1BAB0	0000	37
		_INT1_DefaultInterruptHandler		CODE           	1BDF6	0000	3
		_INT1_CallBack 		CODE           	1BA44	0000	37
		_INT0_ISR      		CODE           	1BD58	0000	15
		_INT1_ISR      		CODE           	1B41C	0000	63

mcc_generated_files/ext_int.c estimated size: 293

/opt/microchip/xc8/v2.10/pic/sources/c99/common/sprcmul.c
		___flmul       		CODE           	13340	0000	2091

/opt/microchip/xc8/v2.10/pic/sources/c99/common/sprcmul.c estimated size: 2091

/opt/microchip/xc8/v2.10/pic/sources/c99/common/atoi.c
		_atoi          		CODE           	17684	0000	629

/opt/microchip/xc8/v2.10/pic/sources/c99/common/atoi.c estimated size: 629

/opt/microchip/xc8/v2.10/pic/sources/c99/common/nf_sprintf.c
		_sprintf       		CODE           	19A42	0000	267

/opt/microchip/xc8/v2.10/pic/sources/c99/common/nf_sprintf.c estimated size: 267

/opt/microchip/xc8/v2.10/pic/sources/c99/common/fleq.c
		___fleq        		CODE           	1A19A	0000	197

/opt/microchip/xc8/v2.10/pic/sources/c99/common/fleq.c estimated size: 197

mcc_generated_files/tmr5.c
		_TMR5_ISR      		CODE           	19F10	0000	227
		_TMR5_Initialize		CODE           	1B13A	0000	73
		_TMR5_SetInterruptHandler		CODE           	1B8B6	0000	41
		_TMR5_DefaultInterruptHandler		CODE           	1B4CC	0000	57
		_TMR5_CallBack 		CODE           	1BA68	0000	37
		_TMR5_WriteTimer		CODE           	1B35C	0000	65

mcc_generated_files/tmr5.c estimated size: 500

/opt/microchip/xc8/v2.10/pic/sources/c99/common/sprcdiv.c
		___fldiv       		CODE           	14AA2	0000	1403

/opt/microchip/xc8/v2.10/pic/sources/c99/common/sprcdiv.c estimated size: 1403

shared
		_BVSOC_TABLE   		MEDIUMCONST    	FA67	0000	209
		__initialization		CODE           	19FF2	0000	207
		_bp            		MEDIUMCONST    	0000	0000	0
		_cp_h          		MEDIUMCONST    	0000	0000	0
		_ivln2_h       		MEDIUMCONST    	0000	0000	0
		_spin          		MEDIUMCONST    	FBC7	0000	121
		_cp_l          		MEDIUMCONST    	0000	0000	0
		_T             		MEDIUMCONST    	FB37	0000	145

shared estimated size: 682

/opt/microchip/xc8/v2.10/pic/sources/c99/common/toupper.c
		_toupper       		CODE           	1A938	0000	133

/opt/microchip/xc8/v2.10/pic/sources/c99/common/toupper.c estimated size: 133

mcc_generated_files/mcc.c
		_PMD_Initialize		CODE           	1BCB8	0000	21
		_OSCILLATOR_Initialize		CODE           	1BCA2	0000	23
		_SYSTEM_Initialize		CODE           	1B060	0000	75

mcc_generated_files/mcc.c estimated size: 119

mcc_generated_files/tmr3.c
		_TMR3_ISR      		CODE           	18E64	0000	355
		_TMR3_Initialize		CODE           	1B182	0000	73
		_TMR3_SetInterruptHandler		CODE           	1B8DE	0000	41
		_TMR3_DefaultInterruptHandler		CODE           	1BDF8	0000	3
		_TMR3_CallBack 		CODE           	1BA8C	0000	37
		_TMR3_WriteTimer		CODE           	1B39C	0000	65

mcc_generated_files/tmr3.c estimated size: 574

/opt/microchip/xc8/v2.10/pic/sources/c99/common/isalpha.c
		_isalpha       		CODE           	1B256	0000	69

/opt/microchip/xc8/v2.10/pic/sources/c99/common/isalpha.c estimated size: 69

hid.c
		_clear_hid_pflags		CODE           	1BA20	0000	37
		_hid_display   		CODE           	19B4C	0000	259
		_check_enter_button		CODE           	1B31C	0000	65
		_hid_input     		CODE           	1A820	0000	145

hid.c estimated size: 506

/opt/microchip/xc8/v2.10/pic/sources/c99/common/isspace.c
		_isspace       		CODE           	1AF6E	0000	83

/opt/microchip/xc8/v2.10/pic/sources/c99/common/isspace.c estimated size: 83

mconfig.c
		_mode_lamp_bright		CODE           	1BD3A	0000	15
		_help_button   		CODE           	1B494	0000	57
		_vterm_dump    		CODE           	1939A	0000	303
		_set_display_info		CODE           	1BBB8	0000	31
		_display_info  		CODE           	1BDBE	0000	9
		_display_help  		CODE           	1BDC6	0000	9
		_set_vterm     		CODE           	1BB9A	0000	31
		_get_vterm_ptr 		CODE           	1B698	0000	47
		_update_lcd    		CODE           	19932	0000	273
		_set_temp_display_help		CODE           	1BCFE	0000	17
		_check_help    		CODE           	17F82	0000	531
		_mode_lamp_dim 		CODE           	1BC46	0000	25

mconfig.c estimated size: 1348

bsoc.c
		_init_bsoc     		CODE           	17B38	0000	555
		_Volts_to_SOC  		CODE           	195EC	0000	283
		_stop_bsoc     		CODE           	1BDE8	0000	7
		_calc_bsoc     		CODE           	14326	0000	1917
		_start_bsoc    		CODE           	1BB1A	0000	35
		_esr_check     		CODE           	16E76	0000	721

bsoc.c estimated size: 3518

/opt/microchip/xc8/v2.10/pic/sources/c99/common/doprnt.c
		_vfpfcnvrt     		CODE           	12394	0000	4013
		_efgtoa        		CODE           	10000	0000	4677
		_pad           		CODE           	1981E	0000	277
		_ctoa          		CODE           	1A8B0	0000	137
		_dtoa          		CODE           	15530	0000	1153
		_vfprintf      		CODE           	1A3C4	0000	173
		_stoa          		CODE           	17146	0000	703
		_utoa          		CODE           	16522	0000	833
		_xtoa          		CODE           	15DFC	0000	955

/opt/microchip/xc8/v2.10/pic/sources/c99/common/doprnt.c estimated size: 12921

/opt/microchip/xc8/v2.10/pic/sources/c99/common/strncmp.c
		_strncmp       		CODE           	17D62	0000	545

/opt/microchip/xc8/v2.10/pic/sources/c99/common/strncmp.c estimated size: 545

/opt/microchip/xc8/v2.10/pic/sources/c99/common/tolower.c
		_tolower       		CODE           	1A9BC	0000	133

/opt/microchip/xc8/v2.10/pic/sources/c99/common/tolower.c estimated size: 133

/opt/microchip/xc8/v2.10/pic/sources/c99/common/flneg.c
		___flneg       		CODE           	1B0AA	0000	73

/opt/microchip/xc8/v2.10/pic/sources/c99/common/flneg.c estimated size: 73

/opt/microchip/xc8/v2.10/pic/sources/c99/common/nf_fputc.c
		_fputc         		CODE           	194C8	0000	293

/opt/microchip/xc8/v2.10/pic/sources/c99/common/nf_fputc.c estimated size: 293

/opt/microchip/xc8/v2.10/pic/sources/c99/common/fabsf.c
		_fabsf         		CODE           	1A316	0000	175

/opt/microchip/xc8/v2.10/pic/sources/c99/common/fabsf.c estimated size: 175

/opt/microchip/xc8/v2.10/pic/sources/c99/pic18/asfladd.c
		___asfladd     		CODE           	1AAC2	0000	121

/opt/microchip/xc8/v2.10/pic/sources/c99/pic18/asfladd.c estimated size: 121

mcc_generated_files/adcc.c
		_ADCC_DefaultInterruptHandler		CODE           	1BDFC	0000	3
		_ADCC_SetADTIInterruptHandler		CODE           	1B956	0000	41
		_ADCC_SetADIInterruptHandler		CODE           	1B97E	0000	41
		_ADCC_ISR      		CODE           	1B6F4	0000	45
		_ADCC_ThresholdISR		CODE           	1AC10	0000	107
		_ADCC_StartConversion		CODE           	1BCCC	0000	19
		_ADCC_Initialize		CODE           	1ABA4	0000	107
		_ADCC_DischargeSampleCapacitor		CODE           	1BDAE	0000	9

mcc_generated_files/adcc.c estimated size: 372

main.c
		_main          		CODE           	11244	0000	4433

main.c estimated size: 4433

/opt/microchip/xc8/v2.10/pic/sources/c99/common/lomod.c
		___lomod       		CODE           	1925A	0000	321

/opt/microchip/xc8/v2.10/pic/sources/c99/common/lomod.c estimated size: 321

mcc_generated_files/dma2.c
		_DMA2_Initialize		CODE           	1AEC2	0000	91

mcc_generated_files/dma2.c estimated size: 91

/opt/microchip/xc8/v2.10/pic/sources/c99/common/isdigit.c
		_isdigit       		CODE           	1B668	0000	49

/opt/microchip/xc8/v2.10/pic/sources/c99/common/isdigit.c estimated size: 49

/opt/microchip/xc8/v2.10/pic/sources/c99/common/sprcadd.c
		___flsub       		CODE           	1B210	0000	71
		___fladd       		CODE           	13B6A	0000	1981

/opt/microchip/xc8/v2.10/pic/sources/c99/common/sprcadd.c estimated size: 2052

