Microchip MPLAB XC8 Compiler V2.10 ()

Linker command line:

-W-3 --edf=/opt/microchip/xc8/v2.10/pic/dat/en_msgs.txt -pivt0x8=08h -cs \
  -h+dist/default/production/touch_v2.X.production.sym \
  --cmf=dist/default/production/touch_v2.X.production.cmf -z -Q18F57K42 \
  -o/tmp/xcXy4mUu1 --defsym=__MPLAB_BUILD=1 \
  -Mdist/default/production/touch_v2.X.production.map -E1 -ver=XC8 \
  --acfsm=1493 -ASTACK=0CCDh-01FFFh -pstack=STACK -ACODE=00h-01FFFFh \
  -ACONST=00h-01FFFFh -ASMALLCONST=02000h-020FFhx480 \
  -AMEDIUMCONST=02000h-0FFFFh,012000h-01FFFFh -ACOMRAM=01h-05Fh \
  -AABS1=00h-01FFFh -ABIGRAM=01h-01FFFh -ARAM=060h-0FFh,0100h-01FFhx31 \
  -ABANK0=060h-0FFh -ABANK1=0100h-01FFh -ABANK2=0200h-02FFh \
  -ABANK3=0300h-03FFh -ABANK4=0400h-04FFh -ABANK5=0500h-05FFh \
  -ABANK6=0600h-06FFh -ABANK7=0700h-07FFh -ABANK8=0800h-08FFh \
  -ABANK9=0900h-09FFh -ABANK10=0A00h-0AFFh -ABANK11=0B00h-0BFFh \
  -ABANK12=0C00h-0CFFh -ABANK13=0D00h-0DFFh -ABANK14=0E00h-0EFFh \
  -ABANK15=0F00h-0FFFh -ABANK16=01000h-010FFh -ABANK17=01100h-011FFh \
  -ABANK18=01200h-012FFh -ABANK19=01300h-013FFh -ABANK20=01400h-014FFh \
  -ABANK21=01500h-015FFh -ABANK22=01600h-016FFh -ABANK23=01700h-017FFh \
  -ABANK24=01800h-018FFh -ABANK25=01900h-019FFh -ABANK26=01A00h-01AFFh \
  -ABANK27=01B00h-01BFFh -ABANK28=01C00h-01CFFh -ABANK29=01D00h-01DFFh \
  -ABANK30=01E00h-01EFFh -ABANK31=01F00h-01FFFh \
  -ASFR=03800h-038FFhx7,03F00h-03F5Fh,03F60h-03FFFh -preset_vec=00h \
  -ppowerup=CODE,init -pramtop=02000h -psmallconst=SMALLCONST \
  -pmediumconst=MEDIUMCONST -pconst=CONST -AFARRAM=00h-00h \
  -ACONFIG=0300000h-0300009h -pconfig=CONFIG -AIDLOC=0200000h-020000Fh \
  -pidloc=IDLOC -AEEDATA=0310000h-03103FFh -peeprom_data=EEDATA \
  -prdata=COMRAM,nvrram=COMRAM,nvbit=COMRAM,rbss=COMRAM,rbit=COMRAM \
  -pfarbss=FARRAM,fardata=FARRAM,nvFARRAM=FARRAM \
  -pintsave_regs=BIGRAM,bigbss=BIGRAM,bigdata=BIGRAM -pbss=RAM \
  -pidata=CODE,irdata=CODE,ibigdata=CODE,ifardata=CODE -prparam=COMRAM \
  /tmp/xcXbPmszh.o dist/default/production/touch_v2.X.production.o 

Object code version is 3.11

Machine type is 18F57K42

Call graph: (short form)




                Name                               Link     Load   Length Selector   Space Scale
/tmp/xcXbPmszh.o
                stack                               CCD      CCD     1333      CCD       2
                init                                 AE       AE        8        4       0
                reset_vec                             0        0        4        0       0
                idloc                            200000   200000       10   200000       0
                config                           300000   300000        A   300000       0
dist/default/production/touch_v2.X.production.o
                temp                                 2B       2B       20        1       1
                mediumconst                        F75A     F75A      8A6     7BAD       0
                ivt0x8                                8        8       A6        4       0
                text233                            3D4C     3D4C        A      F53       0
                text232                            3D40     3D40        A      F50       0
                text231                            3D34     3D34        A      F4D       0
                text230                            3D10     3D10        E      F44       0
                text229                            32FA     32FA       3E      A33       0
                text228                            3D86     3D86        8      F53       0
                text227                            1E62     1E62       A0      BB8       0
                text226                            3A9E     3A9E       24      E53       0
                text225                            39C4     39C4       26      E53       0
                text224                            3B24     3B24       20      E53       0
                text223                            399C     399C       28      E53       0
                text222                            373C     373C       2C      A33       0
                text221                            3974     3974       28      E53       0
                text220                            3B04     3B04       20      E53       0
                text219                            394C     394C       28      E53       0
                text218                            28CC     28CC       6A      A33       0
                text217                            3DC6     3DC6        2      F53       0
                text216                            3DC4     3DC4        2      F53       0
                text215                            24A6     24A6       82      BB8       0
                text214                            3710     3710       2C      A33       0
                text213                            3DB8     3DB8        6      F53       0
                text212                            3DC2     3DC2        2      F53       0
                text211                            3A7A     3A7A       24      E53       0
                text210                            3D00     3D00        E      E53       0
                text209                            3D28     3D28        A      F44       0
                text208                            2E18     2E18       52      A33       0
                text207                           14BDC    14BDC      BA6     8000       0
                text206                           1EB2A    1EB2A        2     8000       0
                text205                            3A56     3A56       24      E53       0
                text204                            327C     327C       40      A33       0
                text203                           1FBBC    1FBBC      162     7EEF       0
                text202                            3CF2     3CF2        E      E53       0
                text201                            3CB8     3CB8       10      E53       0
                text200                           19CDC    19CDC      500     8000       0
                text199                            33E6     33E6       38      A33       0
                text198                            3A32     3A32       24      E53       0
                text197                            323C     323C       40      A33       0
                text196                           1EB2C    1EB2C      1A2     7ACB       0
                text195                           1F30C    1F30C      182     7ACB       0
                text194                           1FBBA    1FBBA        2     7ACB       0
                text193                            3A0E     3A0E       24      E53       0
                text192                            32BC     32BC       3E      A33       0
                text191                            3922     3922       28      A33       0
                text190                            38FA     38FA       28      A33       0
                text189                            2860     2860       6A      BB8       0
                text188                            3D1E     3D1E        A      F44       0
                text187                            2284     2284       92      BB8       0
                text186                            27F6     27F6       6A      BB8       0
                text185                            2D6C     2D6C       5A      A33       0
                text184                            38D2     38D2       28      A33       0
                text183                            38AA     38AA       28      A33       0
                text182                            3590     3590       34      A33       0
                text181                            3D7E     3D7E        8      F53       0
                text180                            2A6C     2A6C       66      A33       0
                text179                            3C2A     3C2A       16      E53       0
                text178                            21F2     21F2       92      BB8       0
                text177                            3C40     3C40       14      E53       0
                text176                            3C14     3C14       16      E53       0
                text175                            3BFE     3BFE       16      E53       0
                text174                            3BD0     3BD0       18      E53       0
                text173                            3882     3882       28      A33       0
                text172                            2F96     2F96       48      A33       0
                text171                            385A     385A       28      A33       0
                text170                            2F4E     2F4E       48      A33       0
                text169                            3832     3832       28      A33       0
                text168                            3768     3768       2A      A33       0
                text167                            380A     380A       28      A33       0
                text166                            30B0     30B0       46      A33       0
                text165                            37E2     37E2       28      A33       0
                text164                            37BA     37BA       28      A33       0
                text163                            2BFA     2BFA       60      A33       0
                text162                            2EB8     2EB8       4E      A33       0
                text161                           1FA58    1FA58      162     7ACB       0
                text160                             C76      C76      112        4       0
                text159                           16996    16996      82A     8000       0
                text158                           171C0    171C0      7BC     8000       0
                text157                            306A     306A       46      A33       0
                text156                           1E96E    1E96E      1BC     8000       0
                text155                            3DB2     3DB2        6      F53       0
                text154                            3DAC     3DAC        6      F53       0
                text153                           197D2    197D2      50A     8000       0
                text152                           18D42    18D42      57A     8000       0
                text151                           1E5A0    1E5A0      204     8000       0
                text150                            355C     355C       34      A33       0
                text149                            2B98     2B98       62      A33       0
                text148                           1797C    1797C      73C     8000       0
                text147                            1A6C     1A6C       AE      BB8       0
                text146                           1F186    1F186      186     7ACB       0
                text145                           1AF2C    1AF2C      3D8     8000       0
                text144                            2716     2716       72      BB8       0
                text143                            3D76     3D76        8      F53       0
                text142                            3D6E     3D6E        8      F53       0
                text141                            31FC     31FC       40      A33       0
                text140                            3792     3792       28      A33       0
                text139                            33AE     33AE       38      A33       0
                text138                            313A     313A       42      A33       0
                text137                            3CE4     3CE4        E      E53       0
                text136                            3BB8     3BB8       18      E53       0
                text135                            3B80     3B80       1E      E53       0
                text134                            3CA8     3CA8       10      E53       0
                text133                            3B62     3B62       1E      E53       0
                text132                            3686     3686       30      A33       0
                text131                            2DC6     2DC6       52      A33       0
                text130                           1D846    1D846      274     8000       0
                text129                            1C70     1C70       AA      BB8       0
                text128                            3B9E     3B9E       1A      E53       0
                text127                             5DA      5DA      124        4       0
                text126                            2036     2036       98      BB8       0
                text125                            1DC0     1DC0       A2      BB8       0
                text124                             B62      B62      114        4       0
                text123                            2316     2316       88      BB8       0
                text122                           1D350    1D350      280     8000       0
                text121                           1DCFE    1DCFE      240     8000       0
                text120                            3024     3024       46      A33       0
                text119                           1A1DC    1A1DC      480     8000       0
                text118                             20E      20E      14E        4       0
                text117                             A4A      A4A      118        4       0
                text116                            1838     1838       C4      BB8       0
                text115                            2F06     2F06       48      A33       0
                text114                           1F780    1F780      172     7ACB       0
                text113                           1ECCE    1ECCE      196     7ACB       0
                text112                           1B6BE    1B6BE      36C     8000       0
                text111                            1430     1430       D4        4       0
                text110                            3656     3656       30      A33       0
                text109                            2422     2422       84      BB8       0
                text108                           1191A    1191A     1244     8000       0
                text107                           1C904    1C904      2BE     8000       0
                text106                           1E16E    1E16E      220     8000       0
                text105                           1F48E    1F48E      180     7ACB       0
                text104                             35C      35C      140        4       0
                text103                           1BA2A    1BA2A      340     8000       0
                text102                            30F6     30F6       44      A33       0
                text101                            3626     3626       30      A33       0
                text100                            239E     239E       84      BB8       0
                text99                            1B304    1B304      3BA     8000       0
                text98                            13C30    13C30      FAC     8000       0
                text97                             1B1A     1B1A       AC      BB8       0
                text96                             2B36     2B36       62      A33       0
                text95                            1C066    1C066      2EC     8000       0
                text94                             2160     2160       92      BB8       0
                text93                             3DA6     3DA6        6      F53       0
                text92                             3DA0     3DA0        6      F53       0
                text91                             1D1A     1D1A       A6      BB8       0
                text90                             2FDE     2FDE       46      A33       0
                text89                             3CD6     3CD6        E      E53       0
                text88                             3AC2     3AC2       22      E53       0
                text87                             20CE     20CE       92      BB8       0
                text86                            1FD1E    1FD1E      160     7EEF       0
                text85                             348A     348A       36      A33       0
                text84                             36B6     36B6       2E      A33       0
                text83                              D88      D88      10A        4       0
                text82                            1EFF8    1EFF8      18E     7ACB       0
                text81                            1E38E    1E38E      212     8000       0
                text80                             3D66     3D66        8      F53       0
                text79                             2A06     2A06       66      A33       0
                text78                              E92      E92       FE        4       0
                text77                             2528     2528       80      BB8       0
                text76                             1F9C     1F9C       9A      BB8       0
                text75                             3D9A     3D9A        6      F53       0
                text74                             36E4     36E4       2C      A33       0
                text73                             1086     1086       F6        4       0
                text72                             3D5E     3D5E        8      F53       0
                text71                             3C66     3C66       12      E53       0
                text70                             299E     299E       68      A33       0
                text69                             3C54     3C54       12      E53       0
                text68                             15D6     15D6       CE        4       0
                text67                            1F60E    1F60E      172     7ACB       0
                text66                             3C98     3C98       10      E53       0
                text65                             3D94     3D94        6      F53       0
                text64                             2936     2936       68      A33       0
                text63                               B6       B6      158        4       0
                text62                            1A65C    1A65C      474     8000       0
                text61                             1F02     1F02       9A      BB8       0
                text60                              818      818      11A        4       0
                text59                            192BC    192BC      516     8000       0
                text58                            1EE64    1EE64      194     7ACB       0
                text57                            1F8F2    1F8F2      166     7ACB       0
                text56                             135A     135A       D6        4       0
                text55                            1FE7E    1FE7E      15A     7EEF       0
                text54                            12B5E    12B5E     10D2     8000       0
                text53                            1BD6A    1BD6A      2FC     8000       0
                text52                             117C     117C       F2        4       0
                text51                            1DF3E    1DF3E      230     8000       0
                text50                            1D0D0    1D0D0      280     8000       0
                text49                            1CE50    1CE50      280     8000       0
                text48                             126E     126E       EC        4       0
                text47                            15782    15782      972     8000       0
                text46                             2AD2     2AD2       64      A33       0
                text45                            180B8    180B8      6BC     8000       0
                text44                              F90      F90       F6        4       0
                text43                             3338     3338       3C      A33       0
                text42                            160F4    160F4      8A2     8000       0
                text41                            1DABA    1DABA      244     8000       0
                text40                             3BE8     3BE8       16      E53       0
                text39                             2C5A     2C5A       5E      A33       0
                text38                            1C352    1C352      2DA     8000       0
                text37                             3CC8     3CC8        E      E53       0
                text36                             3C88     3C88       10      E53       0
                text35                             3C78     3C78       10      E53       0
                text34                             3D56     3D56        8      F53       0
                text33                             3374     3374       3A      A33       0
                text32                            1C62C    1C62C      2D8     8000       0
                text31                             2E6A     2E6A       4E      A33       0
                text30                             3454     3454       36      A33       0
                text29                              49C      49C      13E        4       0
                text28                            1CBC2    1CBC2      28E     8000       0
                text27                             18FC     18FC       BA      BB8       0
                text26                             269E     269E       78      BB8       0
                text25                            1D5D0    1D5D0      276     8000       0
                text24                            1FFD8    1FFD8       28     7EEF       0
                text23                             3B44     3B44       1E      E53       0
                text22                             2D12     2D12       5A      A33       0
                text21                             31BC     31BC       40      A33       0
                text20                             317C     317C       40      A33       0
                text19                             39EA     39EA       24      E53       0
                text18                             1504     1504       D2        4       0
                text17                             35F6     35F6       30      A33       0
                text16                            1AAD0    1AAD0      45C     8000       0
                text15                             35C4     35C4       32      A33       0
                text14                            1E7A4    1E7A4      1CA     8000       0
                text13                             1770     1770       C8      BB8       0
                text12                             2624     2624       7A      BB8       0
                text11                             19B6     19B6       B6      BB8       0
                text10                              932      932      118        4       0
                text9                              3528     3528       34      A33       0
                text8                              34F4     34F4       34      A33       0
                text7                              3D8E     3D8E        6      F53       0
                text6                              341E     341E       36      A33       0
                text5                              34C0     34C0       34      A33       0
                text4                              3AE4     3AE4       20      E53       0
                text3                              2CB8     2CB8       5A      A33       0
                text2                              2788     2788       6E      BB8       0
                text1                              25A8     25A8       7C      BB8       0
                text0                             10000    10000     191A     8000       0
                cstackCOMRAM                          1        1       2A        1       1
                cstackBANK0                          D9       D9       19       60       1
                dataBIGRAM                          6FF      6FF      5CE      6FF       1
                bssBANK6                            600      600       FF      600       1
                bssBANK5                            500      500       A1      500       1
                bssBANK4                            400      400       A3      400       1
                bssBANK3                            300      300       EB      300       1
                dataBANK2                           200      200       CB      200       1
                bssBANK2                            2CB      2CB       2E      200       1
                dataBANK1                           100      100       AA      100       1
                bssBANK1                            1AA      1AA       55      100       1
                dataBANK0                            F2       F2        4       60       1
                bssBANK0                             60       60       79       60       1
                dataCOMRAM                           5F       5F        1        1       1
                bssCOMRAM                            4B       4B       14        1       1
                cinit                               6FE      6FE      11A        4       0
                idataBANK2                         16A4     16A4       CB        4       0
                idataBANK1                         1BC6     1BC6       AA      BB8       0
                idataBANK0                         3DBE     3DBE        4      F53       0
                idataBIGRAM                       18774    18774      5CE     8000       0
                idataCOMRAM                        3DC8     3DC8        1      F53       0

TOTAL           Name                               Link     Load   Length     Space
        CLASS   STACK          
                stack                               CCD      CCD     1333         2

        CLASS   CODE           
                init                                 AE       AE        8         0
                reset_vec                             0        0        4         0
                ivt0x8                                8        8       A6         0
                text233                            3D4C     3D4C        A         0
                text232                            3D40     3D40        A         0
                text231                            3D34     3D34        A         0
                text230                            3D10     3D10        E         0
                text229                            32FA     32FA       3E         0
                text228                            3D86     3D86        8         0
                text227                            1E62     1E62       A0         0
                text226                            3A9E     3A9E       24         0
                text225                            39C4     39C4       26         0
                text224                            3B24     3B24       20         0
                text223                            399C     399C       28         0
                text222                            373C     373C       2C         0
                text221                            3974     3974       28         0
                text220                            3B04     3B04       20         0
                text219                            394C     394C       28         0
                text218                            28CC     28CC       6A         0
                text217                            3DC6     3DC6        2         0
                text216                            3DC4     3DC4        2         0
                text215                            24A6     24A6       82         0
                text214                            3710     3710       2C         0
                text213                            3DB8     3DB8        6         0
                text212                            3DC2     3DC2        2         0
                text211                            3A7A     3A7A       24         0
                text210                            3D00     3D00        E         0
                text209                            3D28     3D28        A         0
                text208                            2E18     2E18       52         0
                text207                           14BDC    14BDC      BA6         0
                text206                           1EB2A    1EB2A        2         0
                text205                            3A56     3A56       24         0
                text204                            327C     327C       40         0
                text203                           1FBBC    1FBBC      162         0
                text202                            3CF2     3CF2        E         0
                text201                            3CB8     3CB8       10         0
                text200                           19CDC    19CDC      500         0
                text199                            33E6     33E6       38         0
                text198                            3A32     3A32       24         0
                text197                            323C     323C       40         0
                text196                           1EB2C    1EB2C      1A2         0
                text195                           1F30C    1F30C      182         0
                text194                           1FBBA    1FBBA        2         0
                text193                            3A0E     3A0E       24         0
                text192                            32BC     32BC       3E         0
                text191                            3922     3922       28         0
                text190                            38FA     38FA       28         0
                text189                            2860     2860       6A         0
                text188                            3D1E     3D1E        A         0
                text187                            2284     2284       92         0
                text186                            27F6     27F6       6A         0
                text185                            2D6C     2D6C       5A         0
                text184                            38D2     38D2       28         0
                text183                            38AA     38AA       28         0
                text182                            3590     3590       34         0
                text181                            3D7E     3D7E        8         0
                text180                            2A6C     2A6C       66         0
                text179                            3C2A     3C2A       16         0
                text178                            21F2     21F2       92         0
                text177                            3C40     3C40       14         0
                text176                            3C14     3C14       16         0
                text175                            3BFE     3BFE       16         0
                text174                            3BD0     3BD0       18         0
                text173                            3882     3882       28         0
                text172                            2F96     2F96       48         0
                text171                            385A     385A       28         0
                text170                            2F4E     2F4E       48         0
                text169                            3832     3832       28         0
                text168                            3768     3768       2A         0
                text167                            380A     380A       28         0
                text166                            30B0     30B0       46         0
                text165                            37E2     37E2       28         0
                text164                            37BA     37BA       28         0
                text163                            2BFA     2BFA       60         0
                text162                            2EB8     2EB8       4E         0
                text161                           1FA58    1FA58      162         0
                text160                             C76      C76      112         0
                text159                           16996    16996      82A         0
                text158                           171C0    171C0      7BC         0
                text157                            306A     306A       46         0
                text156                           1E96E    1E96E      1BC         0
                text155                            3DB2     3DB2        6         0
                text154                            3DAC     3DAC        6         0
                text153                           197D2    197D2      50A         0
                text152                           18D42    18D42      57A         0
                text151                           1E5A0    1E5A0      204         0
                text150                            355C     355C       34         0
                text149                            2B98     2B98       62         0
                text148                           1797C    1797C      73C         0
                text147                            1A6C     1A6C       AE         0
                text146                           1F186    1F186      186         0
                text145                           1AF2C    1AF2C      3D8         0
                text144                            2716     2716       72         0
                text143                            3D76     3D76        8         0
                text142                            3D6E     3D6E        8         0
                text141                            31FC     31FC       40         0
                text140                            3792     3792       28         0
                text139                            33AE     33AE       38         0
                text138                            313A     313A       42         0
                text137                            3CE4     3CE4        E         0
                text136                            3BB8     3BB8       18         0
                text135                            3B80     3B80       1E         0
                text134                            3CA8     3CA8       10         0
                text133                            3B62     3B62       1E         0
                text132                            3686     3686       30         0
                text131                            2DC6     2DC6       52         0
                text130                           1D846    1D846      274         0
                text129                            1C70     1C70       AA         0
                text128                            3B9E     3B9E       1A         0
                text127                             5DA      5DA      124         0
                text126                            2036     2036       98         0
                text125                            1DC0     1DC0       A2         0
                text124                             B62      B62      114         0
                text123                            2316     2316       88         0
                text122                           1D350    1D350      280         0
                text121                           1DCFE    1DCFE      240         0
                text120                            3024     3024       46         0
                text119                           1A1DC    1A1DC      480         0
                text118                             20E      20E      14E         0
                text117                             A4A      A4A      118         0
                text116                            1838     1838       C4         0
                text115                            2F06     2F06       48         0
                text114                           1F780    1F780      172         0
                text113                           1ECCE    1ECCE      196         0
                text112                           1B6BE    1B6BE      36C         0
                text111                            1430     1430       D4         0
                text110                            3656     3656       30         0
                text109                            2422     2422       84         0
                text108                           1191A    1191A     1244         0
                text107                           1C904    1C904      2BE         0
                text106                           1E16E    1E16E      220         0
                text105                           1F48E    1F48E      180         0
                text104                             35C      35C      140         0
                text103                           1BA2A    1BA2A      340         0
                text102                            30F6     30F6       44         0
                text101                            3626     3626       30         0
                text100                            239E     239E       84         0
                text99                            1B304    1B304      3BA         0
                text98                            13C30    13C30      FAC         0
                text97                             1B1A     1B1A       AC         0
                text96                             2B36     2B36       62         0
                text95                            1C066    1C066      2EC         0
                text94                             2160     2160       92         0
                text93                             3DA6     3DA6        6         0
                text92                             3DA0     3DA0        6         0
                text91                             1D1A     1D1A       A6         0
                text90                             2FDE     2FDE       46         0
                text89                             3CD6     3CD6        E         0
                text88                             3AC2     3AC2       22         0
                text87                             20CE     20CE       92         0
                text86                            1FD1E    1FD1E      160         0
                text85                             348A     348A       36         0
                text84                             36B6     36B6       2E         0
                text83                              D88      D88      10A         0
                text82                            1EFF8    1EFF8      18E         0
                text81                            1E38E    1E38E      212         0
                text80                             3D66     3D66        8         0
                text79                             2A06     2A06       66         0
                text78                              E92      E92       FE         0
                text77                             2528     2528       80         0
                text76                             1F9C     1F9C       9A         0
                text75                             3D9A     3D9A        6         0
                text74                             36E4     36E4       2C         0
                text73                             1086     1086       F6         0
                text72                             3D5E     3D5E        8         0
                text71                             3C66     3C66       12         0
                text70                             299E     299E       68         0
                text69                             3C54     3C54       12         0
                text68                             15D6     15D6       CE         0
                text67                            1F60E    1F60E      172         0
                text66                             3C98     3C98       10         0
                text65                             3D94     3D94        6         0
                text64                             2936     2936       68         0
                text63                               B6       B6      158         0
                text62                            1A65C    1A65C      474         0
                text61                             1F02     1F02       9A         0
                text60                              818      818      11A         0
                text59                            192BC    192BC      516         0
                text58                            1EE64    1EE64      194         0
                text57                            1F8F2    1F8F2      166         0
                text56                             135A     135A       D6         0
                text55                            1FE7E    1FE7E      15A         0
                text54                            12B5E    12B5E     10D2         0
                text53                            1BD6A    1BD6A      2FC         0
                text52                             117C     117C       F2         0
                text51                            1DF3E    1DF3E      230         0
                text50                            1D0D0    1D0D0      280         0
                text49                            1CE50    1CE50      280         0
                text48                             126E     126E       EC         0
                text47                            15782    15782      972         0
                text46                             2AD2     2AD2       64         0
                text45                            180B8    180B8      6BC         0
                text44                              F90      F90       F6         0
                text43                             3338     3338       3C         0
                text42                            160F4    160F4      8A2         0
                text41                            1DABA    1DABA      244         0
                text40                             3BE8     3BE8       16         0
                text39                             2C5A     2C5A       5E         0
                text38                            1C352    1C352      2DA         0
                text37                             3CC8     3CC8        E         0
                text36                             3C88     3C88       10         0
                text35                             3C78     3C78       10         0
                text34                             3D56     3D56        8         0
                text33                             3374     3374       3A         0
                text32                            1C62C    1C62C      2D8         0
                text31                             2E6A     2E6A       4E         0
                text30                             3454     3454       36         0
                text29                              49C      49C      13E         0
                text28                            1CBC2    1CBC2      28E         0
                text27                             18FC     18FC       BA         0
                text26                             269E     269E       78         0
                text25                            1D5D0    1D5D0      276         0
                text24                            1FFD8    1FFD8       28         0
                text23                             3B44     3B44       1E         0
                text22                             2D12     2D12       5A         0
                text21                             31BC     31BC       40         0
                text20                             317C     317C       40         0
                text19                             39EA     39EA       24         0
                text18                             1504     1504       D2         0
                text17                             35F6     35F6       30         0
                text16                            1AAD0    1AAD0      45C         0
                text15                             35C4     35C4       32         0
                text14                            1E7A4    1E7A4      1CA         0
                text13                             1770     1770       C8         0
                text12                             2624     2624       7A         0
                text11                             19B6     19B6       B6         0
                text10                              932      932      118         0
                text9                              3528     3528       34         0
                text8                              34F4     34F4       34         0
                text7                              3D8E     3D8E        6         0
                text6                              341E     341E       36         0
                text5                              34C0     34C0       34         0
                text4                              3AE4     3AE4       20         0
                text3                              2CB8     2CB8       5A         0
                text2                              2788     2788       6E         0
                text1                              25A8     25A8       7C         0
                text0                             10000    10000     191A         0
                cinit                               6FE      6FE      11A         0
                idataBANK2                         16A4     16A4       CB         0
                idataBANK1                         1BC6     1BC6       AA         0
                idataBANK0                         3DBE     3DBE        4         0
                idataBIGRAM                       18774    18774      5CE         0
                idataCOMRAM                        3DC8     3DC8        1         0

        CLASS   CONST          

        CLASS   SMALLCONST     

        CLASS   MEDIUMCONST    
                mediumconst                        F75A     F75A      8A6         0

        CLASS   COMRAM         
                temp                                 2B       2B       20         1
                cstackCOMRAM                          1        1       2A         1
                dataCOMRAM                           5F       5F        1         1
                bssCOMRAM                            4B       4B       14         1

        CLASS   ABS1           

        CLASS   BIGRAM         
                dataBIGRAM                          6FF      6FF      5CE         1

        CLASS   RAM            

        CLASS   BANK0          
                cstackBANK0                          D9       D9       19         1
                dataBANK0                            F2       F2        4         1
                bssBANK0                             60       60       79         1

        CLASS   BANK1          
                dataBANK1                           100      100       AA         1
                bssBANK1                            1AA      1AA       55         1

        CLASS   BANK2          
                dataBANK2                           200      200       CB         1
                bssBANK2                            2CB      2CB       2E         1

        CLASS   BANK3          
                bssBANK3                            300      300       EB         1

        CLASS   BANK4          
                bssBANK4                            400      400       A3         1

        CLASS   BANK5          
                bssBANK5                            500      500       A1         1

        CLASS   BANK6          
                bssBANK6                            600      600       FF         1

        CLASS   BANK7          

        CLASS   BANK8          

        CLASS   BANK9          

        CLASS   BANK10         

        CLASS   BANK11         

        CLASS   BANK12         

        CLASS   BANK13         

        CLASS   BANK14         

        CLASS   BANK15         

        CLASS   BANK16         

        CLASS   BANK17         

        CLASS   BANK18         

        CLASS   BANK19         

        CLASS   BANK20         

        CLASS   BANK21         

        CLASS   BANK22         

        CLASS   BANK23         

        CLASS   BANK24         

        CLASS   BANK25         

        CLASS   BANK26         

        CLASS   BANK27         

        CLASS   BANK28         

        CLASS   BANK29         

        CLASS   BANK30         

        CLASS   BANK31         

        CLASS   SFR            

        CLASS   FARRAM         

        CLASS   CONFIG         
                config                           300000   300000        A         0

        CLASS   IDLOC          
                idloc                            200000   200000       10         0

        CLASS   EEDATA         



SEGMENTS        Name                           Load    Length   Top    Selector   Space  Class

                reset_vec                      000000  000004  000004         0       0  CODE    
                cstackCOMRAM                   000001  00005F  000060         1       1  COMRAM  
                ivt0x8                         000008  001767  00176F         4       0  CODE    
                bssBANK0                       000060  000096  0000F6        60       1  BANK0   
                dataBANK1                      000100  0000FF  0001FF       100       1  BANK1   
                dataBANK2                      000200  0000F9  0002F9       200       1  BANK2   
                bssBANK3                       000300  0000EB  0003EB       300       1  BANK3   
                bssBANK4                       000400  0000A3  0004A3       400       1  BANK4   
                bssBANK5                       000500  0000A1  0005A1       500       1  BANK5   
                bssBANK6                       000600  0000FF  0006FF       600       1  BANK6   
                dataBIGRAM                     0006FF  0005CE  000CCD       6FF       1  BIGRAM  
                stack                          000CCD  001333  002000       CCD       2  STACK   
                text13                         001770  00115A  0028CA       BB8       0  CODE    
                text218                        0028CC  00107E  00394A       A33       0  CODE    
                text219                        00394C  0003C2  003D0E       E53       0  CODE    
                text230                        003D10  000022  003D32       F44       0  CODE    
                text231                        003D34  00000A  003D3E       F4D       0  CODE    
                text232                        003D40  00000A  003D4A       F50       0  CODE    
                text233                        003D4C  00007D  003DC9       F53       0  CODE    
                mediumconst                    00F75A  0008A6  010000      7BAD       0  MEDIUMCO
                text0                          010000  00EB2C  01EB2C      8000       0  CODE    
                text196                        01EB2C  001090  01FBBC      7ACB       0  CODE    
                text203                        01FBBC  000444  020000      7EEF       0  CODE    
                idloc                          200000  000010  200010    200000       0  IDLOC   
                config                         300000  00000A  30000A    300000       0  CONFIG  


UNUSED ADDRESS RANGES

        Name                Unused          Largest block    Delta
        BANK0            0000F6-0000FF                A
        BANK1            0001FF-0001FF                1
        BANK12           000CCD-000CFF               33
        BANK13           000D00-000DFF              100
        BANK14           000E00-000EFF              100
        BANK15           000F00-000FFF              100
        BANK16           001000-0010FF              100
        BANK17           001100-0011FF              100
        BANK18           001200-0012FF              100
        BANK19           001300-0013FF              100
        BANK2            0002F9-0002FF                7
        BANK20           001400-0014FF              100
        BANK21           001500-0015FF              100
        BANK22           001600-0016FF              100
        BANK23           001700-0017FF              100
        BANK24           001800-0018FF              100
        BANK25           001900-0019FF              100
        BANK26           001A00-001AFF              100
        BANK27           001B00-001BFF              100
        BANK28           001C00-001CFF              100
        BANK29           001D00-001DFF              100
        BANK3            0003EB-0003FF               15
        BANK30           001E00-001EFF              100
        BANK31           001F00-001FFF              100
        BANK4            0004A3-0004FF               5D
        BANK5            0005A1-0005FF               5F
        BIGRAM           0000F6-0000FF                A
                         0001FF-0001FF                1
                         0002F9-0002FF                7
                         0003EB-0003FF               15
                         0004A3-0004FF               5D
                         0005A1-0005FF               5F
                         000CCD-001FFF             1333
        CODE             000004-000007                4
                         00176F-00176F                1
                         0028CA-0028CB                2
                         00394A-00394B                2
                         003D0E-003D0F                2
                         003D32-003D33                2
                         003D3E-003D3F                2
                         003D4A-003D4B                2
                         003DC9-00F759             B991
        CONST            000004-000007                4
                         00176F-00176F                1
                         0028CA-0028CB                2
                         00394A-00394B                2
                         003D0E-003D0F                2
                         003D32-003D33                2
                         003D3E-003D3F                2
                         003D4A-003D4B                2
                         003DC9-00F759             B991
        EEDATA           310000-3103FF              400
        MEDIUMCONST      0028CA-0028CB                2
                         00394A-00394B                2
                         003D0E-003D0F                2
                         003D32-003D33                2
                         003D3E-003D3F                2
                         003D4A-003D4B                2
                         003DC9-00F759             B991
        RAM              0000F6-0000FF                A
                         0001FF-0001FF                1
                         0002F9-0002FF                7
                         0003EB-0003FF               15
                         0004A3-0004FF               5D
                         0005A1-0005FF               5F
                         000CCD-001FFF              100
        SFR              003800-003FFF              100
        SMALLCONST       0028CA-0028CB                2
                         00394A-00394B                2
                         003D0E-003D0F                2
                         003D32-003D33                2
                         003D3E-003D3F                2
                         003D4A-003D4B                2
                         003DC9-00F759              100

                                  Symbol Table

IVTBASEH                                    (abs)        003FD6
IVTBASEL                                    (abs)        003FD5
IVTBASEU                                    (abs)        003FD7
TMR3_ISR@CountCallBack                      bssBANK0     0000B8
TMR5_ISR@CountCallBack                      bssBANK0     0000BC
_ADACCU                                     (abs)        003EEA
_ADACQH                                     (abs)        003EF4
_ADACQL                                     (abs)        003EF3
_ADACT                                      (abs)        003EFE
_ADCAP                                      (abs)        003EF5
_ADCC_ADI_InterruptHandler                  bssBANK0     00009C
_ADCC_ADTI_InterruptHandler                 bssBANK0     000099
_ADCC_DefaultInterruptHandler               text216      003DC4
_ADCC_DischargeSampleCapacitor              text72       003D5E
_ADCC_ISR                                   text214      003710
_ADCC_Initialize                            text189      002860
_ADCC_SetADIInterruptHandler                text191      003922
_ADCC_SetADTIInterruptHandler               text190      0038FA
_ADCC_StartConversion                       text71       003C66
_ADCC_ThresholdISR                          text218      0028CC
_ADCLK                                      (abs)        003EFF
_ADCON0                                     (abs)        003EF8
_ADCON0bits                                 (abs)        003EF8
_ADCON1                                     (abs)        003EF9
_ADCON2                                     (abs)        003EFA
_ADCON3                                     (abs)        003EFB
_ADFLTRH                                    (abs)        003EE7
_ADFLTRL                                    (abs)        003EE6
_ADLTHH                                     (abs)        003EDF
_ADLTHL                                     (abs)        003EDE
_ADPCH                                      (abs)        003EF1
_ADPREH                                     (abs)        003EF7
_ADPREL                                     (abs)        003EF6
_ADREF                                      (abs)        003EFD
_ADRPT                                      (abs)        003EEC
_ADSTAT                                     (abs)        003EFC
_ADSTPTH                                    (abs)        003EE5
_ADSTPTL                                    (abs)        003EE4
_ADUTHH                                     (abs)        003EE1
_ADUTHL                                     (abs)        003EE0
_ANSELA                                     (abs)        003A40
_ANSELB                                     (abs)        003A50
_ANSELC                                     (abs)        003A60
_ANSELD                                     (abs)        003A70
_ANSELE                                     (abs)        003A80
_ANSELF                                     (abs)        003A90
_BVSOC_TABLE                                mediumconst  00F75B
_C                                          dataBIGRAM   000B81
_CCPTMRS1bits                               (abs)        003F5F
_CLKRCLK                                    (abs)        003CE6
_CLKRCON                                    (abs)        003CE5
_CLKREF_Initialize                          text188      003D1E
_CRCACCH                                    (abs)        003963
_CRCACCL                                    (abs)        003962
_CRCCON0                                    (abs)        003968
_CRCCON0bits                                (abs)        003968
_CRCCON1                                    (abs)        003969
_CRCCON1bits                                (abs)        003969
_CRCDATH                                    (abs)        003961
_CRCDATL                                    (abs)        003960
_CRCXORH                                    (abs)        003967
_CRCXORL                                    (abs)        003966
_CRC_8BitDataWrite                          text69       003C54
_CRC_CalculatedResultGet                    text67       01F60E
_CRC_Initialize                             text187      002284
_CRC_IsBusy                                 text66       003C98
_CRC_ReverseValue                           text68       0015D6
_CRC_Start                                  text65       003D94
_D                                          dataBIGRAM   0006FF
_DATAEE_ReadByte                            text15       0035C4
_DATAEE_WriteByte                           text64       002936
_DMA1AIRQ                                   (abs)        003BFE
_DMA1CON0                                   (abs)        003BFC
_DMA1CON0bits                               (abs)        003BFC
_DMA1CON1                                   (abs)        003BFD
_DMA1CON1bits                               (abs)        003BFD
_DMA1DSA                                    (abs)        003BF0
_DMA1DSZ                                    (abs)        003BEE
_DMA1PR                                     (abs)        0039F3
_DMA1SIRQ                                   (abs)        003BFF
_DMA1SSA                                    (abs)        003BF9
_DMA1SSZ                                    (abs)        003BF7
_DMA1_DMAA_ISR                              text232      003D40
_DMA1_DMADCNT_ISR                           text231      003D34
_DMA1_DMAOR_ISR                             text233      003D4C
_DMA1_DMASCNT_ISR                           text230      003D10
_DMA1_Initialize                            text186      0027F6
_DMA2AIRQ                                   (abs)        003BDE
_DMA2CON0                                   (abs)        003BDC
_DMA2CON0bits                               (abs)        003BDC
_DMA2CON1                                   (abs)        003BDD
_DMA2CON1bits                               (abs)        003BDD
_DMA2DSA                                    (abs)        003BD0
_DMA2DSZ                                    (abs)        003BCE
_DMA2PR                                     (abs)        0039F4
_DMA2SIRQ                                   (abs)        003BDF
_DMA2SSA                                    (abs)        003BD9
_DMA2SSZ                                    (abs)        003BD7
_DMA2_Initialize                            text185      002D6C
_Default_ISR                                text213      003DB8
_EXT_INT_Initialize                         text182      003590
_FVRCON                                     (abs)        003EC1
_FVR_Initialize                             text181      003D7E
_GIE                                        (abs)        01FE97
_H                                          dataBANK1    0001A1
_INT0PPS                                    (abs)        003AC0
_INT0_CallBack                              text211      003A7A
_INT0_DefaultInterruptHandler               text212      003DC2
_INT0_ISR                                   text210      003D00
_INT0_InterruptHandler                      bssBANK0     0000AB
_INT0_SetInterruptHandler                   text184      0038D2
_INT1PPS                                    (abs)        003AC1
_INT1_CallBack                              text193      003A0E
_INT1_DefaultInterruptHandler               text194      01FBBA
_INT1_ISR                                   text192      0032BC
_INT1_InterruptHandler                      bssBANK0     0000A8
_INT1_SetInterruptHandler                   text183      0038AA
_INTCON0bits                                (abs)        003FD2
_INTERRUPT_Initialize                       text180      002A6C
_IPR1bits                                   (abs)        003981
_IPR2bits                                   (abs)        003982
_IPR3bits                                   (abs)        003983
_IPR5bits                                   (abs)        003985
_IPR6bits                                   (abs)        003986
_IPR8bits                                   (abs)        003988
_IPR9bits                                   (abs)        003989
_ISRPR                                      (abs)        0039F1
_IVTADH                                     (abs)        00389E
_IVTADL                                     (abs)        00389D
_IVTADU                                     (abs)        00389F
_IVTLOCK                                    (abs)        003FD4
_IVTLOCKbits                                (abs)        003FD4
_LATA                                       (abs)        003FBA
_LATB                                       (abs)        003FBB
_LATC                                       (abs)        003FBC
_LATCbits                                   (abs)        003FBC
_LATD                                       (abs)        003FBD
_LATDbits                                   (abs)        003FBD
_LATE                                       (abs)        003FBE
_LATEbits                                   (abs)        003FBE
_LATF                                       (abs)        003FBF
_LATFbits                                   (abs)        003FBF
_MAINPR                                     (abs)        0039F2
_NVMADRH                                    (abs)        0039E1
_NVMADRL                                    (abs)        0039E0
_NVMCON1bits                                (abs)        0039E5
_NVMCON2                                    (abs)        0039E6
_NVMDAT                                     (abs)        0039E3
_ODCONA                                     (abs)        003A42
_ODCONB                                     (abs)        003A52
_ODCONC                                     (abs)        003A62
_ODCOND                                     (abs)        003A72
_ODCONE                                     (abs)        003A82
_ODCONF                                     (abs)        003A92
_OSCCON1                                    (abs)        0039D9
_OSCCON3                                    (abs)        0039DB
_OSCEN                                      (abs)        0039DD
_OSCFRQ                                     (abs)        0039DF
_OSCILLATOR_Initialize                      text179      003C2A
_OSCTUNE                                    (abs)        0039DE
_P                                          bssBANK1     0001ED
_PIE1bits                                   (abs)        003991
_PIE2bits                                   (abs)        003992
_PIE3bits                                   (abs)        003993
_PIE5bits                                   (abs)        003995
_PIE6bits                                   (abs)        003996
_PIE8bits                                   (abs)        003998
_PIE9bits                                   (abs)        003999
_PIN_MANAGER_Initialize                     text178      0021F2
_PIR0bits                                   (abs)        0039A0
_PIR1bits                                   (abs)        0039A1
_PIR2bits                                   (abs)        0039A2
_PIR4bits                                   (abs)        0039A4
_PIR5bits                                   (abs)        0039A5
_PIR6bits                                   (abs)        0039A6
_PIR8bits                                   (abs)        0039A8
_PIR9bits                                   (abs)        0039A9
_PLLR                                       (abs)        01CEE0
_PMD0                                       (abs)        0039C0
_PMD1                                       (abs)        0039C1
_PMD2                                       (abs)        0039C2
_PMD3                                       (abs)        0039C3
_PMD4                                       (abs)        0039C4
_PMD5                                       (abs)        0039C5
_PMD6                                       (abs)        0039C6
_PMD7                                       (abs)        0039C7
_PMD_Initialize                             text177      003C40
_PORTBbits                                  (abs)        003FCB
_PORTDbits                                  (abs)        003FCD
_PORTFbits                                  (abs)        003FCF
_PWM8CON                                    (abs)        003F62
_PWM8DCH                                    (abs)        003F61
_PWM8DCL                                    (abs)        003F60
_PWM8_Initialize                            text176      003C14
_PWM8_LoadDutyValue                         text138      00313A
_R                                          dataBANK1    000100
_RB6PPS                                     (abs)        003A0E
_RC3PPS                                     (abs)        003A13
_RC5PPS                                     (abs)        003A15
_RC6PPS                                     (abs)        003A16
_RD1PPS                                     (abs)        003A19
_S                                          bssBANK1     0001AA
_SCANCON0                                   (abs)        00397C
_SCANHADRH                                  (abs)        00397A
_SCANHADRL                                  (abs)        003979
_SCANHADRU                                  (abs)        00397B
_SCANLADRH                                  (abs)        003977
_SCANLADRL                                  (abs)        003976
_SCANLADRU                                  (abs)        003978
_SCANPR                                     (abs)        0039F7
_SCANTRIG                                   (abs)        00397D
_SLRCONA                                    (abs)        003A43
_SLRCONB                                    (abs)        003A53
_SLRCONC                                    (abs)        003A63
_SLRCOND                                    (abs)        003A73
_SLRCONE                                    (abs)        003A83
_SLRCONF                                    (abs)        003A93
_SPI1BAUD                                   (abs)        003D19
_SPI1CLK                                    (abs)        003D1C
_SPI1CON0                                   (abs)        003D14
_SPI1CON0bits                               (abs)        003D14
_SPI1CON1                                   (abs)        003D15
_SPI1CON1bits                               (abs)        003D15
_SPI1CON2                                   (abs)        003D16
_SPI1INTFbits                               (abs)        003D1A
_SPI1RXB                                    (abs)        003D10
_SPI1SCKPPS                                 (abs)        003ADE
_SPI1SDIPPS                                 (abs)        003ADF
_SPI1STATUSbits                             (abs)        003D17
_SPI1TCNTL                                  (abs)        003D12
_SPI1TXB                                    (abs)        003D11
_SPI1_Exchange8bit                          text23       003B44
_SPI1_Initialize                            text175      003BFE
_SYSTEM_Initialize                          text162      002EB8
_StartTimer                                 text141      0031FC
_T                                          mediumconst  00F867
_T2CLKCON                                   (abs)        003FAE
_T2CON                                      (abs)        003FAC
_T2HLT                                      (abs)        003FAD
_T2PR                                       (abs)        003FAB
_T2RST                                      (abs)        003FAF
_T2TMR                                      (abs)        003FAA
_T3CLK                                      (abs)        003FA9
_T3CON                                      (abs)        003FA6
_T3CONbits                                  (abs)        003FA6
_T3GATE                                     (abs)        003FA8
_T3GCON                                     (abs)        003FA7
_T5CLK                                      (abs)        003F9D
_T5CON                                      (abs)        003F9A
_T5CONbits                                  (abs)        003F9A
_T5GATE                                     (abs)        003F9C
_T5GCON                                     (abs)        003F9B
_T6CLKCON                                   (abs)        003F96
_T6CON                                      (abs)        003F94
_T6HLT                                      (abs)        003F95
_T6PR                                       (abs)        003F93
_T6RST                                      (abs)        003F97
_T6TMR                                      (abs)        003F92
_TMR2_Initialize                            text174      003BD0
_TMR3H                                      (abs)        003FA5
_TMR3L                                      (abs)        003FA4
_TMR3_CallBack                              text205      003A56
_TMR3_DefaultInterruptHandler               text206      01EB2A
_TMR3_ISR                                   text203      01FBBC
_TMR3_Initialize                            text172      002F96
_TMR3_InterruptHandler                      bssBANK0     000090
_TMR3_SetInterruptHandler                   text173      003882
_TMR3_WriteTimer                            text204      00327C
_TMR5H                                      (abs)        003F99
_TMR5L                                      (abs)        003F98
_TMR5_CallBack                              text198      003A32
_TMR5_DefaultInterruptHandler               text199      0033E6
_TMR5_ISR                                   text196      01EB2C
_TMR5_Initialize                            text170      002F4E
_TMR5_InterruptHandler                      bssBANK0     000093
_TMR5_SetInterruptHandler                   text171      00385A
_TMR5_WriteTimer                            text197      00323C
_TMR6_CallBack                              text226      003A9E
_TMR6_DefaultInterruptHandler               text227      001E62
_TMR6_ISR                                   text225      0039C4
_TMR6_Initialize                            text168      003768
_TMR6_InterruptHandler                      bssBANK0     000096
_TMR6_SetInterruptHandler                   text169      003832
_TRISA                                      (abs)        003FC2
_TRISB                                      (abs)        003FC3
_TRISC                                      (abs)        003FC4
_TRISD                                      (abs)        003FC5
_TRISE                                      (abs)        003FC6
_TRISF                                      (abs)        003FC7
_TimerDone                                  text140      003792
_U1BRGH                                     (abs)        003DF6
_U1BRGL                                     (abs)        003DF5
_U1CON0                                     (abs)        003DF2
_U1CON1                                     (abs)        003DF3
_U1CON2                                     (abs)        003DF4
_U1ERRIE                                    (abs)        003DFA
_U1ERRIR                                    (abs)        003DF9
_U1FIFO                                     (abs)        003DF7
_U1P1H                                      (abs)        003DED
_U1P1L                                      (abs)        003DEC
_U1P2H                                      (abs)        003DEF
_U1P2L                                      (abs)        003DEE
_U1P3H                                      (abs)        003DF1
_U1P3L                                      (abs)        003DF0
_U1RXB                                      (abs)        003DE8
_U1RXPPS                                    (abs)        003AE5
_U1UIR                                      (abs)        003DF8
_U2BRGH                                     (abs)        003DDE
_U2BRGL                                     (abs)        003DDD
_U2CON0                                     (abs)        003DDA
_U2CON1                                     (abs)        003DDB
_U2CON2                                     (abs)        003DDC
_U2ERRIE                                    (abs)        003DE2
_U2ERRIR                                    (abs)        003DE1
_U2FIFO                                     (abs)        003DDF
_U2P1L                                      (abs)        003DD4
_U2P2L                                      (abs)        003DD6
_U2P3L                                      (abs)        003DD8
_U2RXB                                      (abs)        003DD0
_U2RXPPS                                    (abs)        003AE8
_U2TXB                                      (abs)        003DD2
_U2UIR                                      (abs)        003DE0
_UART1_Initialize                           text166      0030B0
_UART1_Read                                 text229      0032FA
_UART1_Receive_ISR                          text220      003B04
_UART1_RxInterruptHandler                   bssBANK0     00009F
_UART1_SetRxInterruptHandler                text167      00380A
_UART1_is_rx_ready                          text228      003D86
_UART1_rx_vect_isr                          text219      00394C
_UART2_Initialize                           text163      002BFA
_UART2_Receive_ISR                          text224      003B24
_UART2_RxInterruptHandler                   bssBANK0     0000A5
_UART2_SetRxInterruptHandler                text165      0037E2
_UART2_SetTxInterruptHandler                text164      0037BA
_UART2_Transmit_ISR                         text222      00373C
_UART2_TxInterruptHandler                   bssBANK0     0000A2
_UART2_rx_vect_isr                          text223      00399C
_UART2_tx_vect_isr                          text221      003974
_V                                          dataBANK2    000207
_Volts_to_SOC                               text27       0018FC
_WPUA                                       (abs)        003A41
_WPUB                                       (abs)        003A51
_WPUC                                       (abs)        003A61
_WPUD                                       (abs)        003A71
_WPUE                                       (abs)        003A81
_WPUF                                       (abs)        003A91
_WaitMs                                     text85       00348A
__CFG_BBEN$OFF                              (abs)        000000
__CFG_BBSIZE$BBSIZE_512                     (abs)        000000
__CFG_BOREN$SBORDIS                         (abs)        000000
__CFG_BORV$VBOR_2P45                        (abs)        000000
__CFG_CLKOUTEN$OFF                          (abs)        000000
__CFG_CP$OFF                                (abs)        000000
__CFG_CSWEN$ON                              (abs)        000000
__CFG_DEBUG$OFF                             (abs)        000000
__CFG_FCMEN$ON                              (abs)        000000
__CFG_FEXTOSC$ECH                           (abs)        000000
__CFG_IVT1WAY$ON                            (abs)        000000
__CFG_LPBOREN$OFF                           (abs)        000000
__CFG_LVP$ON                                (abs)        000000
__CFG_MCLRE$EXTMCLR                         (abs)        000000
__CFG_MVECEN$ON                             (abs)        000000
__CFG_PPS1WAY$ON                            (abs)        000000
[...]

mcc_generated_files/pwm8.c estimated size: 90

/opt/microchip/xc8/v2.10/pic/sources/c99/common/awmod.c
		___awmod       		CODE           	0A4A	0000	281

/opt/microchip/xc8/v2.10/pic/sources/c99/common/awmod.c estimated size: 281

/opt/microchip/xc8/v2.10/pic/sources/c99/common/localtime.c
		_localtime     		CODE           	3BE8	0000	23

/opt/microchip/xc8/v2.10/pic/sources/c99/common/localtime.c estimated size: 23

mcc_generated_files/tmr6.c
		_TMR6_CallBack 		CODE           	3A9E	0000	37
		_TMR6_ISR      		CODE           	39C4	0000	39
		_TMR6_Initialize		CODE           	3768	0000	43
		_TMR6_SetInterruptHandler		CODE           	3832	0000	41
		_TMR6_DefaultInterruptHandler		CODE           	1E62	0000	161

mcc_generated_files/tmr6.c estimated size: 321

/opt/microchip/xc8/v2.10/pic/sources/c99/common/__month_to_secs.c
		___month_to_secs		CODE           	126E	0000	237

/opt/microchip/xc8/v2.10/pic/sources/c99/common/__month_to_secs.c estimated size: 237

/opt/microchip/xc8/v2.10/pic/sources/c99/common/flge.c
		___flge        		CODE           	1FA58	0000	355

/opt/microchip/xc8/v2.10/pic/sources/c99/common/flge.c estimated size: 355

mcc_generated_files/fvr.c
		_FVR_Initialize		CODE           	3D7E	0000	9

mcc_generated_files/fvr.c estimated size: 9

/opt/microchip/xc8/v2.10/pic/sources/c99/common/aomod.c
		___aomod       		CODE           	1DCFE	0000	577

/opt/microchip/xc8/v2.10/pic/sources/c99/common/aomod.c estimated size: 577

/opt/microchip/xc8/v2.10/pic/sources/c99/common/Umul32.c
		___lmul        		CODE           	135A	0000	215

/opt/microchip/xc8/v2.10/pic/sources/c99/common/Umul32.c estimated size: 215

mcc_generated_files/tmr2.c
		_TMR2_Initialize		CODE           	3BD0	0000	25

mcc_generated_files/tmr2.c estimated size: 25

mcc_generated_files/interrupt_manager.c
		_INTERRUPT_Initialize		CODE           	2A6C	0000	103
		_Default_ISR   		CODE           	3DB8	0000	7

mcc_generated_files/interrupt_manager.c estimated size: 110

/opt/microchip/xc8/v2.10/pic/sources/c99/common/xxtofl.c
		___xxtofl      		CODE           	1E5A0	0000	517

/opt/microchip/xc8/v2.10/pic/sources/c99/common/xxtofl.c estimated size: 517

/opt/microchip/xc8/v2.10/pic/sources/c99/common/printf.c
		_printf        		CODE           	2B36	0000	99

/opt/microchip/xc8/v2.10/pic/sources/c99/common/printf.c estimated size: 99

dio.c
		_start_switch_handler		CODE           	3AE4	0000	33
		_get_switch    		CODE           	36E4	0000	45
		_get_switch_bm 		CODE           	3454	0000	55
		_clear_switch  		CODE           	2E6A	0000	79
		_check_switches		CODE           	3D66	0000	9
		_switch_handler		CODE           	1F30C	0000	387

dio.c estimated size: 608

/opt/microchip/xc8/v2.10/pic/sources/c99/common/lodiv.c
		___lodiv       		CODE           	1F48E	0000	385

/opt/microchip/xc8/v2.10/pic/sources/c99/common/lodiv.c estimated size: 385

eadog.c
		_init_display  		CODE           	1504	0000	211
		_eaDogM_WriteCommand		CODE           	3CC8	0000	15
		_putch         		CODE           	3B9E	0000	27
		_wdtdelay      		CODE           	2D12	0000	91
		_send_port_data_dma		CODE           	2E18	0000	83
		_init_port_dma 		CODE           	35F6	0000	49
		_port_data_dma_ptr		CODE           	3D28	0000	11
		_send_lcd_cmd  		CODE           	31BC	0000	65
		_send_lcd_cmd_dma		CODE           	3AC2	0000	35
		_send_lcd_data 		CODE           	39EA	0000	37
		_send_lcd_data_dma		CODE           	2FDE	0000	71
		_wait_lcd_set  		CODE           	3DA0	0000	7
		_eaDogM_WriteStringAtPos		CODE           	20CE	0000	147
		_wait_lcd_done 		CODE           	3CD6	0000	15
		_send_lcd_cmd_long		CODE           	317C	0000	65
		_start_lcd     		CODE           	3DA6	0000	7
		_eaDogM_WriteString		CODE           	1D1A	0000	167

eadog.c estimated size: 1103

mcc_generated_files/pin_manager.c
		_PIN_MANAGER_Initialize		CODE           	21F2	0000	147

mcc_generated_files/pin_manager.c estimated size: 147

/opt/microchip/xc8/v2.10/pic/sources/c99/common/strlen.c
		_strlen        		CODE           	1DC0	0000	163

/opt/microchip/xc8/v2.10/pic/sources/c99/common/strlen.c estimated size: 163

/opt/microchip/xc8/v2.10/pic/sources/c99/common/nf_fputs.c
		_fputs         		CODE           	2036	0000	153

/opt/microchip/xc8/v2.10/pic/sources/c99/common/nf_fputs.c estimated size: 153

/opt/microchip/xc8/v2.10/pic/sources/c99/common/floorf.c
		_floorf        		CODE           	1B6BE	0000	877

/opt/microchip/xc8/v2.10/pic/sources/c99/common/floorf.c estimated size: 877

/opt/microchip/xc8/v2.10/pic/sources/c99/common/almod.c
		___almod       		CODE           	1F8F2	0000	359

/opt/microchip/xc8/v2.10/pic/sources/c99/common/almod.c estimated size: 359

mcc_generated_files/spi1.c
		_SPI1_Initialize		CODE           	3BFE	0000	23
		_SPI1_Exchange8bit		CODE           	3B44	0000	31

mcc_generated_files/spi1.c estimated size: 54

/opt/microchip/xc8/v2.10/pic/sources/c99/common/strcpy.c
		_strcpy        		CODE           	1430	0000	213

/opt/microchip/xc8/v2.10/pic/sources/c99/common/strcpy.c estimated size: 213

/opt/microchip/xc8/v2.10/pic/sources/c99/common/isupper.c
		_isupper       		CODE           	3656	0000	49

/opt/microchip/xc8/v2.10/pic/sources/c99/common/isupper.c estimated size: 49

/opt/microchip/xc8/v2.10/pic/sources/c99/common/nanf.c
		_nanf          		CODE           	2B98	0000	99

/opt/microchip/xc8/v2.10/pic/sources/c99/common/nanf.c estimated size: 99

/opt/microchip/xc8/v2.10/pic/sources/c99/common/memset.c
		_memset        		CODE           	1C066	0000	749

/opt/microchip/xc8/v2.10/pic/sources/c99/common/memset.c estimated size: 749

/opt/microchip/xc8/v2.10/pic/sources/c99/common/awdiv.c
		___awdiv       		CODE           	020E	0000	335

/opt/microchip/xc8/v2.10/pic/sources/c99/common/awdiv.c estimated size: 335

mcc_generated_files/clkref.c
		_CLKREF_Initialize		CODE           	3D1E	0000	11

mcc_generated_files/clkref.c estimated size: 11

/opt/microchip/xc8/v2.10/pic/sources/c99/common/fltol.c
		___fltol       		CODE           	1F780	0000	371

/opt/microchip/xc8/v2.10/pic/sources/c99/common/fltol.c estimated size: 371

mbmc.c
		_load_hist_data		CODE           	1AAD0	0000	1117
		_calc_fixups   		CODE           	0C76	0000	275
		_calc_model_data		CODE           	197D2	0000	1291
		_check_day_time		CODE           	19CDC	0000	1281
		_calc_ror_data 		CODE           	1F186	0000	391
		_static_soc    		CODE           	2CB8	0000	91
		_lp_filter     		CODE           	1E96E	0000	445
		_set_load_relay_one		CODE           	3C88	0000	17
		_set_time      		CODE           	341E	0000	55
		_get_ac_charger_relay		CODE           	3CF2	0000	15
		_spinners      		CODE           	1086	0000	247
		_set_ac_charger_relay		CODE           	3CB8	0000	17
		_convert_adc_data		CODE           	0E92	0000	255
		_time          		CODE           	2C5A	0000	95
		_set_load_relay_two		CODE           	3C78	0000	17

mbmc.c estimated size: 5609

/opt/microchip/xc8/v2.10/pic/sources/c99/common/lbmod.c
		___lbmod       		CODE           	1F02	0000	155

/opt/microchip/xc8/v2.10/pic/sources/c99/common/lbmod.c estimated size: 155

mcc_generated_files/crc.c
		_CRC_IsBusy    		CODE           	3C98	0000	17
		_CRC_8BitDataWrite		CODE           	3C54	0000	19
		_CRC_Initialize		CODE           	2284	0000	147
		_CRC_Start     		CODE           	3D94	0000	7
		_CRC_ReverseValue		CODE           	15D6	0000	207
		_CRC_CalculatedResultGet		CODE           	1F60E	0000	371

mcc_generated_files/crc.c estimated size: 768

/opt/microchip/xc8/v2.10/pic/sources/c99/common/abs.c
		_abs           		CODE           	3024	0000	71

/opt/microchip/xc8/v2.10/pic/sources/c99/common/abs.c estimated size: 71

mcc_generated_files/dma1.c
		_DMA1_DMADCNT_ISR		CODE           	3D34	0000	11
		_DMA1_DMASCNT_ISR		CODE           	3D10	0000	15
		_DMA1_Initialize		CODE           	27F6	0000	107
		_DMA1_DMAA_ISR 		CODE           	3D40	0000	11
		_DMA1_DMAOR_ISR		CODE           	3D4C	0000	11

mcc_generated_files/dma1.c estimated size: 155

/opt/microchip/xc8/v2.10/pic/sources/c99/common/__fpclassifyf.c
		___fpclassifyf 		CODE           	1ECCE	0000	407

/opt/microchip/xc8/v2.10/pic/sources/c99/common/__fpclassifyf.c estimated size: 407

/opt/microchip/xc8/v2.10/pic/sources/c99/common/asctime.c
		_put2d         		CODE           	0818	0000	283
		_asctime       		CODE           	192BC	0000	1303

/opt/microchip/xc8/v2.10/pic/sources/c99/common/asctime.c estimated size: 1586

daq.c
		_conv_raw_result		CODE           	1797C	0000	1853
		_set_dac       		CODE           	19B6	0000	183
		_set_dac_a     		CODE           	3528	0000	53
		_set_dac_b     		CODE           	34F4	0000	53
		_check_adc_scan		CODE           	3D56	0000	9
		_convert_dac_raw		CODE           	0932	0000	281
		_start_adc_scan		CODE           	299E	0000	105
		_clear_adc_scan		CODE           	3D9A	0000	7
		_read_cal_data 		CODE           	1E7A4	0000	459
		_update_hist_data		CODE           	25A8	0000	125
		_get_raw_result		CODE           	355C	0000	53
		_write_cal_data		CODE           	00B6	0000	345
		_adc_int_t_handler		CODE           	24A6	0000	131
		_check_range   		CODE           	2528	0000	129
		_dac_spi_control		CODE           	2624	0000	123
		_update_adc_result		CODE           	3374	0000	59
		_set_hist_flag 		CODE           	3D8E	0000	7
		_cal_current_zero		CODE           	1F9C	0000	155
		_adc_int_handler		CODE           	3DC6	0000	3
		_update_cal_data		CODE           	2788	0000	111

daq.c estimated size: 4244

/opt/microchip/xc8/v2.10/pic/sources/c99/common/rand.c
		_srand         		CODE           	34C0	0000	53

/opt/microchip/xc8/v2.10/pic/sources/c99/common/rand.c estimated size: 53

/opt/microchip/xc8/v2.10/pic/sources/c99/common/aodiv.c
		___aodiv       		CODE           	1D350	0000	641

/opt/microchip/xc8/v2.10/pic/sources/c99/common/aodiv.c estimated size: 641

/opt/microchip/xc8/v2.10/pic/sources/c99/common/islower.c
		_islower       		CODE           	3626	0000	49

/opt/microchip/xc8/v2.10/pic/sources/c99/common/islower.c estimated size: 49

mcc_generated_files/uart1.c
		_UART1_rx_vect_isr		CODE           	394C	0000	41
		_UART1_Receive_ISR		CODE           	3B04	0000	33
		_UART1_SetRxInterruptHandler		CODE           	380A	0000	41
		_UART1_Initialize		CODE           	30B0	0000	71
		_UART1_Read    		CODE           	32FA	0000	63
		_UART1_is_rx_ready		CODE           	3D86	0000	9

mcc_generated_files/uart1.c estimated size: 258

mcc_generated_files/ext_int.c
		_INT0_SetInterruptHandler		CODE           	38D2	0000	41
		_INT1_SetInterruptHandler		CODE           	38AA	0000	41
		_EXT_INT_Initialize		CODE           	3590	0000	53
		_INT0_DefaultInterruptHandler		CODE           	3DC2	0000	3
		_INT0_CallBack 		CODE           	3A7A	0000	37
		_INT1_DefaultInterruptHandler		CODE           	1FBBA	0000	3
		_INT1_CallBack 		CODE           	3A0E	0000	37
		_INT0_ISR      		CODE           	3D00	0000	15
		_INT1_ISR      		CODE           	32BC	0000	63

mcc_generated_files/ext_int.c estimated size: 293

/opt/microchip/xc8/v2.10/pic/sources/c99/common/sprcmul.c
		___flmul       		CODE           	16996	0000	2091

/opt/microchip/xc8/v2.10/pic/sources/c99/common/sprcmul.c estimated size: 2091

/opt/microchip/xc8/v2.10/pic/sources/c99/common/__tz.c
		_zi_read32     		CODE           	0F90	0000	247
		_getint        		CODE           	117C	0000	243
		_getname       		CODE           	1BD6A	0000	765
		_getoff        		CODE           	1DF3E	0000	561
		_days_in_month 		CODE           	2AD2	0000	101
		_do_tzset      		CODE           	1CE50	0000	641
		_scan_trans    		CODE           	3338	0000	61
		_rule_to_secs  		CODE           	180B8	0000	1725
		_getrule       		CODE           	1D0D0	0000	641
		___secs_to_zone		CODE           	160F4	0000	2211

/opt/microchip/xc8/v2.10/pic/sources/c99/common/__tz.c estimated size: 7196

/opt/microchip/xc8/v2.10/pic/sources/c99/common/atoi.c
		_atoi          		CODE           	1D846	0000	629

/opt/microchip/xc8/v2.10/pic/sources/c99/common/atoi.c estimated size: 629

/opt/microchip/xc8/v2.10/pic/sources/c99/common/nf_sprintf.c
		_sprintf       		CODE           	0D88	0000	267

/opt/microchip/xc8/v2.10/pic/sources/c99/common/nf_sprintf.c estimated size: 267

/opt/microchip/xc8/v2.10/pic/sources/c99/common/fleq.c
		___fleq        		CODE           	1838	0000	197

/opt/microchip/xc8/v2.10/pic/sources/c99/common/fleq.c estimated size: 197

mcc_generated_files/tmr5.c
		_TMR5_ISR      		CODE           	1EB2C	0000	419
		_TMR5_Initialize		CODE           	2F4E	0000	73
		_TMR5_SetInterruptHandler		CODE           	385A	0000	41
		_TMR5_DefaultInterruptHandler		CODE           	33E6	0000	57
		_TMR5_CallBack 		CODE           	3A32	0000	37
		_TMR5_WriteTimer		CODE           	323C	0000	65

mcc_generated_files/tmr5.c estimated size: 692

/opt/microchip/xc8/v2.10/pic/sources/c99/common/sprcdiv.c
		___fldiv       		CODE           	18D42	0000	1403

/opt/microchip/xc8/v2.10/pic/sources/c99/common/sprcdiv.c estimated size: 1403

shared
		_BVSOC_TABLE   		MEDIUMCONST    	F75B	0000	209
		___secs_to_tm@days_in_month		MEDIUMCONST    	F85B	0000	13
		__initialization		CODE           	06FE	0000	277
		_bp            		MEDIUMCONST    	0000	0000	0
		_cp_h          		MEDIUMCONST    	0000	0000	0
		___month_to_secs@secs_through_month		MEDIUMCONST    	F82B	0000	49
		_ivln2_h       		MEDIUMCONST    	0000	0000	0
		_spin          		MEDIUMCONST    	F917	0000	121
		___gmt         		MEDIUMCONST    	F997	0000	5
		_cp_l          		MEDIUMCONST    	0000	0000	0
		_T             		MEDIUMCONST    	F867	0000	177

shared estimated size: 851

/opt/microchip/xc8/v2.10/pic/sources/c99/common/toupper.c
		_toupper       		CODE           	239E	0000	133

/opt/microchip/xc8/v2.10/pic/sources/c99/common/toupper.c estimated size: 133

mcc_generated_files/mcc.c
		_PMD_Initialize		CODE           	3C40	0000	21
		_OSCILLATOR_Initialize		CODE           	3C2A	0000	23
		_SYSTEM_Initialize		CODE           	2EB8	0000	79

mcc_generated_files/mcc.c estimated size: 123

mcc_generated_files/tmr3.c
		_TMR3_ISR      		CODE           	1FBBC	0000	355
		_TMR3_Initialize		CODE           	2F96	0000	73
		_TMR3_SetInterruptHandler		CODE           	3882	0000	41
		_TMR3_DefaultInterruptHandler		CODE           	1EB2A	0000	3
		_TMR3_CallBack 		CODE           	3A56	0000	37
		_TMR3_WriteTimer		CODE           	327C	0000	65

mcc_generated_files/tmr3.c estimated size: 574

/opt/microchip/xc8/v2.10/pic/sources/c99/common/isalpha.c
		_isalpha       		CODE           	30F6	0000	69

/opt/microchip/xc8/v2.10/pic/sources/c99/common/isalpha.c estimated size: 69

hid.c
		_clear_hid_pflags		CODE           	2A06	0000	103
		_hid_display   		CODE           	1CBC2	0000	655
		_check_enter_button		CODE           	2716	0000	115
		_hid_input     		CODE           	049C	0000	319

hid.c estimated size: 1192

/opt/microchip/xc8/v2.10/pic/sources/c99/common/isspace.c
		_isspace       		CODE           	2DC6	0000	83

/opt/microchip/xc8/v2.10/pic/sources/c99/common/isspace.c estimated size: 83

/opt/microchip/xc8/v2.10/pic/sources/c99/common/aldiv.c
		___aldiv       		CODE           	1EE64	0000	405

/opt/microchip/xc8/v2.10/pic/sources/c99/common/aldiv.c estimated size: 405

mconfig.c
		_mode_lamp_bright		CODE           	3CE4	0000	15
		_help_button   		CODE           	33AE	0000	57
		_vterm_dump    		CODE           	1EFF8	0000	399
		_set_display_info		CODE           	3B80	0000	31
		_display_info  		CODE           	3D6E	0000	9
		_display_help  		CODE           	3D76	0000	9
		_set_vterm     		CODE           	3B62	0000	31
		_get_vterm_ptr 		CODE           	36B6	0000	47
		_set_back_light_off		CODE           	1770	0000	201
		_update_lcd    		CODE           	1FD1E	0000	353
		_set_temp_display_help		CODE           	3CA8	0000	17
		_check_help    		CODE           	1E38E	0000	531
		_mode_lamp_dim 		CODE           	3BB8	0000	25

mconfig.c estimated size: 1725

bsoc.c
		_init_bsoc     		CODE           	1D5D0	0000	631
		_Volts_to_SOC  		CODE           	18FC	0000	187
		_cc_state      		CODE           	1AF2C	0000	985
		_stop_bsoc     		CODE           	3DAC	0000	7
		_calc_bsoc     		CODE           	14BDC	0000	2983
		_start_bsoc    		CODE           	3DB2	0000	7
		_esr_check     		CODE           	1C62C	0000	729

bsoc.c estimated size: 5529

/opt/microchip/xc8/v2.10/pic/sources/c99/common/localtime_r.c
		___localtime_r 		CODE           	1DABA	0000	581

/opt/microchip/xc8/v2.10/pic/sources/c99/common/localtime_r.c estimated size: 581

/opt/microchip/xc8/v2.10/pic/sources/c99/common/doprnt.c
		_vfpfcnvrt     		CODE           	13C30	0000	4013
		_efgtoa        		CODE           	1191A	0000	4677
		_pad           		CODE           	0B62	0000	277
		_ctoa          		CODE           	2316	0000	137
		_dtoa          		CODE           	1A1DC	0000	1153
		_vfprintf      		CODE           	1B1A	0000	173
		_stoa          		CODE           	1C904	0000	703
		_utoa          		CODE           	1BA2A	0000	833
		_xtoa          		CODE           	1B304	0000	955

/opt/microchip/xc8/v2.10/pic/sources/c99/common/doprnt.c estimated size: 12921

mcc_generated_files/memory.c
		_DATAEE_WriteByte		CODE           	2936	0000	105
		_DATAEE_ReadByte		CODE           	35C4	0000	51

mcc_generated_files/memory.c estimated size: 156

/opt/microchip/xc8/v2.10/pic/sources/c99/common/strncmp.c
		_strncmp       		CODE           	1E16E	0000	545

/opt/microchip/xc8/v2.10/pic/sources/c99/common/strncmp.c estimated size: 545

/opt/microchip/xc8/v2.10/pic/sources/c99/common/tolower.c
		_tolower       		CODE           	2422	0000	133

/opt/microchip/xc8/v2.10/pic/sources/c99/common/tolower.c estimated size: 133

/opt/microchip/xc8/v2.10/pic/sources/c99/common/flneg.c
		___flneg       		CODE           	2F06	0000	73

/opt/microchip/xc8/v2.10/pic/sources/c99/common/flneg.c estimated size: 73

/opt/microchip/xc8/v2.10/pic/sources/c99/common/nf_fputc.c
		_fputc         		CODE           	05DA	0000	293

/opt/microchip/xc8/v2.10/pic/sources/c99/common/nf_fputc.c estimated size: 293

/opt/microchip/xc8/v2.10/pic/sources/c99/common/fabsf.c
		_fabsf         		CODE           	1A6C	0000	175

/opt/microchip/xc8/v2.10/pic/sources/c99/common/fabsf.c estimated size: 175

/opt/microchip/xc8/v2.10/pic/sources/c99/pic18/asfladd.c
		___asfladd     		CODE           	269E	0000	121

/opt/microchip/xc8/v2.10/pic/sources/c99/pic18/asfladd.c estimated size: 121

mcc_generated_files/adcc.c
		_ADCC_DefaultInterruptHandler		CODE           	3DC4	0000	3
		_ADCC_SetADTIInterruptHandler		CODE           	38FA	0000	41
		_ADCC_SetADIInterruptHandler		CODE           	3922	0000	41
		_ADCC_ISR      		CODE           	3710	0000	45
		_ADCC_ThresholdISR		CODE           	28CC	0000	107
		_ADCC_StartConversion		CODE           	3C66	0000	19
		_ADCC_Initialize		CODE           	2860	0000	107
		_ADCC_DischargeSampleCapacitor		CODE           	3D5E	0000	9

mcc_generated_files/adcc.c estimated size: 372

/opt/microchip/xc8/v2.10/pic/sources/c99/common/Umul64.c
		___omul        		CODE           	1FE7E	0000	347

/opt/microchip/xc8/v2.10/pic/sources/c99/common/Umul64.c estimated size: 347

main.c
		_main          		CODE           	10000	0000	6427
		_display_history		CODE           	1C352	0000	731
		_current_sensor_cal		CODE           	1A65C	0000	1141

main.c estimated size: 8299

/opt/microchip/xc8/v2.10/pic/sources/c99/common/lomod.c
		___lomod       		CODE           	035C	0000	321

/opt/microchip/xc8/v2.10/pic/sources/c99/common/lomod.c estimated size: 321

/opt/microchip/xc8/v2.10/pic/sources/c99/common/__secs_to_tm.c
		___secs_to_tm  		CODE           	12B5E	0000	4307

/opt/microchip/xc8/v2.10/pic/sources/c99/common/__secs_to_tm.c estimated size: 4307

mcc_generated_files/dma2.c
		_DMA2_Initialize		CODE           	2D6C	0000	91

mcc_generated_files/dma2.c estimated size: 91

/opt/microchip/xc8/v2.10/pic/sources/c99/common/isdigit.c
		_isdigit       		CODE           	3686	0000	49

/opt/microchip/xc8/v2.10/pic/sources/c99/common/isdigit.c estimated size: 49

/opt/microchip/xc8/v2.10/pic/sources/c99/common/sprcadd.c
		___flsub       		CODE           	306A	0000	71
		___fladd       		CODE           	171C0	0000	1981

/opt/microchip/xc8/v2.10/pic/sources/c99/common/sprcadd.c estimated size: 2052

