Microchip MPLAB XC8 Compiler V2.10 ()

Linker command line:

-W-3 --edf=/opt/microchip/xc8/v2.10/pic/dat/en_msgs.txt -pivt0x8=08h -cs \
  -h+dist/default/production/touch_v2.X.production.sym \
  --cmf=dist/default/production/touch_v2.X.production.cmf -z -Q18F57K42 \
  -o/tmp/xcXJZMZRs --defsym=__MPLAB_BUILD=1 \
  -Mdist/default/production/touch_v2.X.production.map -E1 -ver=XC8 \
  --acfsm=1493 -ASTACK=0A08h-01FFFh -pstack=STACK -ACODE=00h-01FFFFh \
  -ACONST=00h-01FFFFh -ASMALLCONST=02000h-020FFhx480 \
  -AMEDIUMCONST=02000h-0FFFFh,012000h-01FFFFh -ACOMRAM=01h-05Fh \
  -AABS1=00h-01FFFh -ABIGRAM=01h-01FFFh -ARAM=060h-0FFh,0100h-01FFhx31 \
  -ABANK0=060h-0FFh -ABANK1=0100h-01FFh -ABANK2=0200h-02FFh \
  -ABANK3=0300h-03FFh -ABANK4=0400h-04FFh -ABANK5=0500h-05FFh \
  -ABANK6=0600h-06FFh -ABANK7=0700h-07FFh -ABANK8=0800h-08FFh \
  -ABANK9=0900h-09FFh -ABANK10=0A00h-0AFFh -ABANK11=0B00h-0BFFh \
  -ABANK12=0C00h-0CFFh -ABANK13=0D00h-0DFFh -ABANK14=0E00h-0EFFh \
  -ABANK15=0F00h-0FFFh -ABANK16=01000h-010FFh -ABANK17=01100h-011FFh \
  -ABANK18=01200h-012FFh -ABANK19=01300h-013FFh -ABANK20=01400h-014FFh \
  -ABANK21=01500h-015FFh -ABANK22=01600h-016FFh -ABANK23=01700h-017FFh \
  -ABANK24=01800h-018FFh -ABANK25=01900h-019FFh -ABANK26=01A00h-01AFFh \
  -ABANK27=01B00h-01BFFh -ABANK28=01C00h-01CFFh -ABANK29=01D00h-01DFFh \
  -ABANK30=01E00h-01EFFh -ABANK31=01F00h-01FFFh \
  -ASFR=03800h-038FFhx7,03F00h-03F5Fh,03F60h-03FFFh -preset_vec=00h \
  -ppowerup=CODE,init -pramtop=02000h -psmallconst=SMALLCONST \
  -pmediumconst=MEDIUMCONST -pconst=CONST -AFARRAM=00h-00h \
  -ACONFIG=0300000h-0300009h -pconfig=CONFIG -AIDLOC=0200000h-020000Fh \
  -pidloc=IDLOC -AEEDATA=0310000h-03103FFh -peeprom_data=EEDATA \
  -prdata=COMRAM,nvrram=COMRAM,nvbit=COMRAM,rbss=COMRAM,rbit=COMRAM \
  -pfarbss=FARRAM,fardata=FARRAM,nvFARRAM=FARRAM \
  -pintsave_regs=BIGRAM,bigbss=BIGRAM,bigdata=BIGRAM -pbss=RAM \
  -pidata=CODE,irdata=CODE,ibigdata=CODE,ifardata=CODE -prparam=COMRAM \
  /tmp/xcXhgBs0X.o dist/default/production/touch_v2.X.production.o 

Object code version is 3.11

Machine type is 18F57K42

Call graph: (short form)




                Name                               Link     Load   Length Selector   Space Scale
/tmp/xcXhgBs0X.o
                stack                               A08      A08     15F8      A08       2
                init                                 AE       AE        8        4       0
                reset_vec                             0        0        4        0       0
                idloc                            200000   200000       10   200000       0
                config                           300000   300000        A   300000       0
dist/default/production/touch_v2.X.production.o
                temp                                  1        1       20        1       1
                mediumconst                        FA66     FA66      59A     7D33       0
                ivt0x8                                8        8       A6        4       0
                text176                           1BEC8    1BEC8        A     6FB2       0
                text175                           1BEBC    1BEBC        A     6FAF       0
                text174                           1BEB0    1BEB0        A     6FAC       0
                text173                           1BE8C    1BE8C        E     6FA3       0
                text172                           1B13E    1B13E       4E     63F6       0
                text171                           1BC08    1BC08       24     6EC0       0
                text170                           1BD60    1BD60       1A     6F58       0
                text169                           1BC90    1BC90       20     6EC0       0
                text168                           1BB50    1BB50       28     6EC0       0
                text167                           1B850    1B850       2C     6E09       0
                text166                           1BB28    1BB28       28     6EC0       0
                text165                           1BC4E    1BC4E       22     6EC0       0
                text164                           1BB00    1BB00       28     6EC0       0
                text163                           1AD3C    1AD3C       6A     63F6       0
                text162                           1BF2A    1BF2A        2     6FC7       0
                text161                           1BF28    1BF28        2     6FC7       0
                text160                           1AB00    1AB00       7E     63F6       0
                text159                           1B824    1B824       2C     6E09       0
                text158                           1BF1C    1BF1C        6     6FC7       0
                text157                           1BF26    1BF26        2     6FC7       0
                text156                           1BBE4    1BBE4       24     6EC0       0
                text155                           1BE7C    1BE7C        E     6F58       0
                text154                           1AB7E    1AB7E       78     63F6       0
                text153                           1BEA4    1BEA4        A     6FA3       0
                text152                           1B0EC    1B0EC       52     63F6       0
                text151                           14324    14324      77C     8000       0
                text150                           1BF24    1BF24        2     6FC7       0
                text149                           1BBC0    1BBC0       24     6EC0       0
                text148                           1B4CE    1B4CE       40     63F6       0
                text147                           18FD8    18FD8      162     63F6       0
                text146                           1BE6E    1BE6E        E     6F58       0
                text145                           1BE42    1BE42       10     6F58       0
                text144                           186C6    186C6      1A0     B590       0
                text143                           1B5FC    1B5FC       38     63F6       0
                text142                           1BB9C    1BB9C       24     6EC0       0
                text141                           1B48E    1B48E       40     63F6       0
                text140                           19F9C    19F9C       E2     63F6       0
                text139                           193C8    193C8      140     63F6       0
                text138                           1BF22    1BF22        2     6FC7       0
                text137                           1BB78    1BB78       24     6EC0       0
                text136                           1B54C    1B54C       3E     63F6       0
                text135                           1BAD6    1BAD6       28     6E09       0
                text134                           1BAAE    1BAAE       28     6E09       0
                text133                           1ACD2    1ACD2       6A     63F6       0
                text132                           1BE9A    1BE9A        A     6FA3       0
                text131                           1AC68    1AC68       6A     63F6       0
                text130                           1AFEE    1AFEE       5A     63F6       0
                text129                           1BA86    1BA86       28     6E09       0
                text128                           1BA5E    1BA5E       28     6E09       0
                text127                           1B6D4    1B6D4       34     63F6       0
                text126                           1BEF2    1BEF2        8     6FB2       0
                text125                           1ADA6    1ADA6       66     63F6       0
                text124                           1BDD6    1BDD6       16     6F58       0
                text123                           1A84A    1A84A       94     63F6       0
                text122                           1BDEC    1BDEC       14     6F58       0
                text121                           1BDC0    1BDC0       16     6F58       0
                text120                           1BDAA    1BDAA       16     6F58       0
                text119                           1BD92    1BD92       18     6F58       0
                text118                           1BA36    1BA36       28     6E09       0
                text117                           1B2AE    1B2AE       48     63F6       0
                text116                           1BA0E    1BA0E       28     6E09       0
                text115                           1B266    1B266       48     63F6       0
                text114                           1B9E6    1B9E6       28     6E09       0
                text113                           1B87C    1B87C       2A     6E09       0
                text112                           1B9BE    1B9BE       28     6E09       0
                text111                           1B21E    1B21E       48     63F6       0
                text110                           1B996    1B996       28     6E09       0
                text109                           1B96E    1B96E       28     6E09       0
                text108                           1AF34    1AF34       60     63F6       0
                text107                           1B18C    1B18C       4A     63F6       0
                text106                           1333E    1333E      82A     8000       0
                text105                           13B68    13B68      7BC     8000       0
                text104                           1B382    1B382       46     63F6       0
                text103                           1850A    1850A      1BC     B590       0
                text102                           1BC2C    1BC2C       22     6EC0       0
                text101                           1BF14    1BF14        6     DF81       0
                text100                           15946    15946      44C     8000       0
                text99                            18E74    18E74      162     B590       0
                text98                            14AA0    14AA0      57A     8000       0
                text97                            1812A    1812A      204     B590       0
                text96                            1BD0A    1BD0A       1E     6EC0       0
                text95                            1AED2    1AED2       62     63F6       0
                text94                            1501A    1501A      4AC     8000       0
                text93                            1A466    1A466       AE     63F6       0
                text92                            189FC    189FC      186     B590       0
                text91                            1ABF6    1ABF6       72     63F6       0
                text90                            1BEEA    1BEEA        8     6FB2       0
                text89                            1BEE2    1BEE2        8     6FB2       0
                text88                            1B44E    1B44E       40     63F6       0
                text87                            1B946    1B946       28     6E09       0
                text86                            1B5C4    1B5C4       38     63F6       0
                text85                            1B40C    1B40C       42     63F6       0
                text84                            1BE60    1BE60        E     6F58       0
                text83                            1BD7A    1BD7A       18     6F58       0
                text82                            1BCEC    1BCEC       1E     6EC0       0
                text81                            1BE32    1BE32       10     6F58       0
                text80                            1BCCE    1BCCE       1E     6EC0       0
                text79                            1B798    1B798       30     63F6       0
                text78                            1B09A    1B09A       52     63F6       0
                text77                            1761A    1761A      274     B590       0
                text76                            1A5C0    1A5C0       AA     63F6       0
                text75                            1BD44    1BD44       1A     6EC0       0
                text74                            19636    19636      124     63F6       0
                text73                            1A7B2    1A7B2       98     63F6       0
                text72                            1A710    1A710       A2     63F6       0
                text71                            1998C    1998C      114     63F6       0
                text70                            1A970    1A970       88     63F6       0
                text69                            1739A    1739A      280     B590       0
                text68                            1788E    1788E      240     B590       0
                text67                            1B33C    1B33C       46     63F6       0
                text66                            154C6    154C6      480     8000       0
                text65                            1913A    1913A      14E     63F6       0
                text64                            19874    19874      118     63F6       0
                text63                            1A2EA    1A2EA       C4     63F6       0
                text62                            1B1D6    1B1D6       48     63F6       0
                text61                            18D02    18D02      172     B590       0
                text60                            18866    18866      196     B590       0
                text59                            1614C    1614C      36C     8000       0
                text58                            1A07E    1A07E       D4     63F6       0
                text57                            1B768    1B768       30     63F6       0
                text56                            1AA7C    1AA7C       84     63F6       0
                text55                            10000    10000     1244     8000       0
                text54                            170DC    170DC      2BE     B590       0
                text53                            17CF8    17CF8      220     B590       0
                text52                            18B82    18B82      180     B590       0
                text51                            19288    19288      140     63F6       0
                text50                            164B8    164B8      340     8000       0
                text49                            1B3C8    1B3C8       44     63F6       0
                text48                            1B738    1B738       30     63F6       0
                text47                            1A9F8    1A9F8       84     63F6       0
                text46                            15D92    15D92      3BA     8000       0
                text45                            12392    12392      FAC     8000       0
                text44                            1A514    1A514       AC     63F6       0
                text43                            1AE70    1AE70       62     63F6       0
                text42                            16B20    16B20      2EC     B590       0
                text41                            1A8DE    1A8DE       92     63F6       0
                text40                            1BF0E    1BF0E        6     DF81       0
                text39                            1BF08    1BF08        6     DF81       0
                text38                            1A66A    1A66A       A6     63F6       0
                text37                            1AF94    1AF94       5A     63F6       0
                text36                            1BD28    1BD28       1C     6EC0       0
                text35                            1B048    1B048       52     63F6       0
                text34                            1B66A    1B66A       36     63F6       0
                text33                            19AA0    19AA0      110     63F6       0
                text32                            1B634    1B634       36     63F6       0
                text31                            1B7C8    1B7C8       2E     63F6       0
                text30                            19BB0    19BB0      10A     63F6       0
                text29                            19508    19508      12E     63F6       0
                text28                            17F18    17F18      212     B590       0
                text27                            1B2F6    1B2F6       46     63F6       0
                text26                            1A3AE    1A3AE       B8     63F6       0
                text25                            1BE52    1BE52        E     6F58       0
                text24                            1BE22    1BE22       10     6F58       0
                text23                            1BE12    1BE12       10     6F58       0
                text22                            1BEDA    1BEDA        8     6FB2       0
                text21                            1BF02    1BF02        6     DF81       0
                text20                            1BED2    1BED2        8     6FB2       0
                text19                            1BE00    1BE00       12     6F58       0
                text18                            1AE0C    1AE0C       64     63F6       0
                text17                            1B58A    1B58A       3A     63F6       0
                text16                            16E0C    16E0C      2D0     B590       0
                text15                            1B7F6    1B7F6       2C     63F6       0
                text14                            1A152    1A152       D2     63F6       0
                text13                            1832E    1832E      1DC     B590       0
                text12                            1975A    1975A      11A     63F6       0
                text11                            17ACE    17ACE      22A     B590       0
                text10                            1B91E    1B91E       28     6E09       0
                text9                             1BCB0    1BCB0       1E     6EC0       0
                text8                             1B8F6    1B8F6       28     6E09       0
                text7                             1B8CE    1B8CE       28     6E09       0
                text6                             19EB2    19EB2       EA     63F6       0
                text5                             1B708    1B708       30     63F6       0
                text4                             19DBC    19DBC       F6     63F6       0
                text3                             1B6A0    1B6A0       34     63F6       0
                text2                             1BC70    1BC70       20     6EC0       0
                text1                             1B50E    1B50E       3E     63F6       0
                text0                             11244    11244     114E     8000       0
                cstackCOMRAM                         21       21       19        1       1
                cstackBANK0                          E5       E5       19       60       1
                dataBIGRAM                          4FF      4FF      327      4FF       1
                bssBIGRAM                           826      826      1E2      4FF       1
                bssBANK4                            400      400       FF      400       1
                bssBANK3                            300      300       C6      300       1
                dataBANK2                           2CE      2CE        7      200       1
                bssBANK2                            200      200       CE      200       1
                dataBANK1                           100      100       C6      100       1
                bssBANK1                            1C6      1C6       33      100       1
                dataBANK0                            BD       BD       28       60       1
                bssBANK0                             60       60       5D       60       1
                bssCOMRAM                            3A       3A        E        1       1
                cinit                             19CBA    19CBA      102     63F6       0
                idataBANK2                        1BEFA    1BEFA        7     6FB2       0
                idataBANK1                        1A224    1A224       C6     63F6       0
                idataBANK0                        1B8A6    1B8A6       28     6E09       0
                idataBIGRAM                       167F8    167F8      327     8000       0

TOTAL           Name                               Link     Load   Length     Space
        CLASS   STACK          
                stack                               A08      A08     15F8         2

        CLASS   CODE           
                init                                 AE       AE        8         0
                reset_vec                             0        0        4         0
                ivt0x8                                8        8       A6         0
                text176                           1BEC8    1BEC8        A         0
                text175                           1BEBC    1BEBC        A         0
                text174                           1BEB0    1BEB0        A         0
                text173                           1BE8C    1BE8C        E         0
                text172                           1B13E    1B13E       4E         0
                text171                           1BC08    1BC08       24         0
                text170                           1BD60    1BD60       1A         0
                text169                           1BC90    1BC90       20         0
                text168                           1BB50    1BB50       28         0
                text167                           1B850    1B850       2C         0
                text166                           1BB28    1BB28       28         0
                text165                           1BC4E    1BC4E       22         0
                text164                           1BB00    1BB00       28         0
                text163                           1AD3C    1AD3C       6A         0
                text162                           1BF2A    1BF2A        2         0
                text161                           1BF28    1BF28        2         0
                text160                           1AB00    1AB00       7E         0
                text159                           1B824    1B824       2C         0
                text158                           1BF1C    1BF1C        6         0
                text157                           1BF26    1BF26        2         0
                text156                           1BBE4    1BBE4       24         0
                text155                           1BE7C    1BE7C        E         0
                text154                           1AB7E    1AB7E       78         0
                text153                           1BEA4    1BEA4        A         0
                text152                           1B0EC    1B0EC       52         0
                text151                           14324    14324      77C         0
                text150                           1BF24    1BF24        2         0
                text149                           1BBC0    1BBC0       24         0
                text148                           1B4CE    1B4CE       40         0
                text147                           18FD8    18FD8      162         0
                text146                           1BE6E    1BE6E        E         0
                text145                           1BE42    1BE42       10         0
                text144                           186C6    186C6      1A0         0
                text143                           1B5FC    1B5FC       38         0
                text142                           1BB9C    1BB9C       24         0
                text141                           1B48E    1B48E       40         0
                text140                           19F9C    19F9C       E2         0
                text139                           193C8    193C8      140         0
                text138                           1BF22    1BF22        2         0
                text137                           1BB78    1BB78       24         0
                text136                           1B54C    1B54C       3E         0
                text135                           1BAD6    1BAD6       28         0
                text134                           1BAAE    1BAAE       28         0
                text133                           1ACD2    1ACD2       6A         0
                text132                           1BE9A    1BE9A        A         0
                text131                           1AC68    1AC68       6A         0
                text130                           1AFEE    1AFEE       5A         0
                text129                           1BA86    1BA86       28         0
                text128                           1BA5E    1BA5E       28         0
                text127                           1B6D4    1B6D4       34         0
                text126                           1BEF2    1BEF2        8         0
                text125                           1ADA6    1ADA6       66         0
                text124                           1BDD6    1BDD6       16         0
                text123                           1A84A    1A84A       94         0
                text122                           1BDEC    1BDEC       14         0
                text121                           1BDC0    1BDC0       16         0
                text120                           1BDAA    1BDAA       16         0
                text119                           1BD92    1BD92       18         0
                text118                           1BA36    1BA36       28         0
                text117                           1B2AE    1B2AE       48         0
                text116                           1BA0E    1BA0E       28         0
                text115                           1B266    1B266       48         0
                text114                           1B9E6    1B9E6       28         0
                text113                           1B87C    1B87C       2A         0
                text112                           1B9BE    1B9BE       28         0
                text111                           1B21E    1B21E       48         0
                text110                           1B996    1B996       28         0
                text109                           1B96E    1B96E       28         0
                text108                           1AF34    1AF34       60         0
                text107                           1B18C    1B18C       4A         0
                text106                           1333E    1333E      82A         0
                text105                           13B68    13B68      7BC         0
                text104                           1B382    1B382       46         0
                text103                           1850A    1850A      1BC         0
                text102                           1BC2C    1BC2C       22         0
                text101                           1BF14    1BF14        6         0
                text100                           15946    15946      44C         0
                text99                            18E74    18E74      162         0
                text98                            14AA0    14AA0      57A         0
                text97                            1812A    1812A      204         0
                text96                            1BD0A    1BD0A       1E         0
                text95                            1AED2    1AED2       62         0
                text94                            1501A    1501A      4AC         0
                text93                            1A466    1A466       AE         0
                text92                            189FC    189FC      186         0
                text91                            1ABF6    1ABF6       72         0
                text90                            1BEEA    1BEEA        8         0
                text89                            1BEE2    1BEE2        8         0
                text88                            1B44E    1B44E       40         0
                text87                            1B946    1B946       28         0
                text86                            1B5C4    1B5C4       38         0
                text85                            1B40C    1B40C       42         0
                text84                            1BE60    1BE60        E         0
                text83                            1BD7A    1BD7A       18         0
                text82                            1BCEC    1BCEC       1E         0
                text81                            1BE32    1BE32       10         0
                text80                            1BCCE    1BCCE       1E         0
                text79                            1B798    1B798       30         0
                text78                            1B09A    1B09A       52         0
                text77                            1761A    1761A      274         0
                text76                            1A5C0    1A5C0       AA         0
                text75                            1BD44    1BD44       1A         0
                text74                            19636    19636      124         0
                text73                            1A7B2    1A7B2       98         0
                text72                            1A710    1A710       A2         0
                text71                            1998C    1998C      114         0
                text70                            1A970    1A970       88         0
                text69                            1739A    1739A      280         0
                text68                            1788E    1788E      240         0
                text67                            1B33C    1B33C       46         0
                text66                            154C6    154C6      480         0
                text65                            1913A    1913A      14E         0
                text64                            19874    19874      118         0
                text63                            1A2EA    1A2EA       C4         0
                text62                            1B1D6    1B1D6       48         0
                text61                            18D02    18D02      172         0
                text60                            18866    18866      196         0
                text59                            1614C    1614C      36C         0
                text58                            1A07E    1A07E       D4         0
                text57                            1B768    1B768       30         0
                text56                            1AA7C    1AA7C       84         0
                text55                            10000    10000     1244         0
                text54                            170DC    170DC      2BE         0
                text53                            17CF8    17CF8      220         0
                text52                            18B82    18B82      180         0
                text51                            19288    19288      140         0
                text50                            164B8    164B8      340         0
                text49                            1B3C8    1B3C8       44         0
                text48                            1B738    1B738       30         0
                text47                            1A9F8    1A9F8       84         0
                text46                            15D92    15D92      3BA         0
                text45                            12392    12392      FAC         0
                text44                            1A514    1A514       AC         0
                text43                            1AE70    1AE70       62         0
                text42                            16B20    16B20      2EC         0
                text41                            1A8DE    1A8DE       92         0
                text40                            1BF0E    1BF0E        6         0
                text39                            1BF08    1BF08        6         0
                text38                            1A66A    1A66A       A6         0
                text37                            1AF94    1AF94       5A         0
                text36                            1BD28    1BD28       1C         0
                text35                            1B048    1B048       52         0
                text34                            1B66A    1B66A       36         0
                text33                            19AA0    19AA0      110         0
                text32                            1B634    1B634       36         0
                text31                            1B7C8    1B7C8       2E         0
                text30                            19BB0    19BB0      10A         0
                text29                            19508    19508      12E         0
                text28                            17F18    17F18      212         0
                text27                            1B2F6    1B2F6       46         0
                text26                            1A3AE    1A3AE       B8         0
                text25                            1BE52    1BE52        E         0
                text24                            1BE22    1BE22       10         0
                text23                            1BE12    1BE12       10         0
                text22                            1BEDA    1BEDA        8         0
                text21                            1BF02    1BF02        6         0
                text20                            1BED2    1BED2        8         0
                text19                            1BE00    1BE00       12         0
                text18                            1AE0C    1AE0C       64         0
                text17                            1B58A    1B58A       3A         0
                text16                            16E0C    16E0C      2D0         0
                text15                            1B7F6    1B7F6       2C         0
                text14                            1A152    1A152       D2         0
                text13                            1832E    1832E      1DC         0
                text12                            1975A    1975A      11A         0
                text11                            17ACE    17ACE      22A         0
                text10                            1B91E    1B91E       28         0
                text9                             1BCB0    1BCB0       1E         0
                text8                             1B8F6    1B8F6       28         0
                text7                             1B8CE    1B8CE       28         0
                text6                             19EB2    19EB2       EA         0
                text5                             1B708    1B708       30         0
                text4                             19DBC    19DBC       F6         0
                text3                             1B6A0    1B6A0       34         0
                text2                             1BC70    1BC70       20         0
                text1                             1B50E    1B50E       3E         0
                text0                             11244    11244     114E         0
                cinit                             19CBA    19CBA      102         0
                idataBANK2                        1BEFA    1BEFA        7         0
                idataBANK1                        1A224    1A224       C6         0
                idataBANK0                        1B8A6    1B8A6       28         0
                idataBIGRAM                       167F8    167F8      327         0

        CLASS   CONST          

        CLASS   SMALLCONST     

        CLASS   MEDIUMCONST    
                mediumconst                        FA66     FA66      59A         0

        CLASS   COMRAM         
                temp                                  1        1       20         1
                cstackCOMRAM                         21       21       19         1
                bssCOMRAM                            3A       3A        E         1

        CLASS   ABS1           

        CLASS   BIGRAM         
                dataBIGRAM                          4FF      4FF      327         1
                bssBIGRAM                           826      826      1E2         1

        CLASS   RAM            

        CLASS   BANK0          
                cstackBANK0                          E5       E5       19         1
                dataBANK0                            BD       BD       28         1
                bssBANK0                             60       60       5D         1

        CLASS   BANK1          
                dataBANK1                           100      100       C6         1
                bssBANK1                            1C6      1C6       33         1

        CLASS   BANK2          
                dataBANK2                           2CE      2CE        7         1
                bssBANK2                            200      200       CE         1

        CLASS   BANK3          
                bssBANK3                            300      300       C6         1

        CLASS   BANK4          
                bssBANK4                            400      400       FF         1

        CLASS   BANK5          

        CLASS   BANK6          

        CLASS   BANK7          

        CLASS   BANK8          

        CLASS   BANK9          

        CLASS   BANK10         

        CLASS   BANK11         

        CLASS   BANK12         

        CLASS   BANK13         

        CLASS   BANK14         

        CLASS   BANK15         

        CLASS   BANK16         

        CLASS   BANK17         

        CLASS   BANK18         

        CLASS   BANK19         

        CLASS   BANK20         

        CLASS   BANK21         

        CLASS   BANK22         

        CLASS   BANK23         

        CLASS   BANK24         

        CLASS   BANK25         

        CLASS   BANK26         

        CLASS   BANK27         

        CLASS   BANK28         

        CLASS   BANK29         

        CLASS   BANK30         

        CLASS   BANK31         

        CLASS   SFR            

        CLASS   FARRAM         

        CLASS   CONFIG         
                config                           300000   300000        A         0

        CLASS   IDLOC          
                idloc                            200000   200000       10         0

        CLASS   EEDATA         



SEGMENTS        Name                           Load    Length   Top    Selector   Space  Class

                reset_vec                      000000  000004  000004         0       0  CODE    
                temp                           000001  000047  000048         1       1  COMRAM  
                ivt0x8                         000008  0000AE  0000B6         4       0  CODE    
                bssBANK0                       000060  00009E  0000FE        60       1  BANK0   
                dataBANK1                      000100  0000F9  0001F9       100       1  BANK1   
                bssBANK2                       000200  0000D5  0002D5       200       1  BANK2   
                bssBANK3                       000300  0000C6  0003C6       300       1  BANK3   
                bssBANK4                       000400  0000FF  0004FF       400       1  BANK4   
                dataBIGRAM                     0004FF  000509  000A08       4FF       1  BIGRAM  
                stack                          000A08  0015F8  002000       A08       2  STACK   
                mediumconst                    00FA66  00059A  010000      7D33       0  MEDIUMCO
                text55                         010000  006B1F  016B1F      8000       0  CODE    
                text42                         016B20  0024B6  018FD6      B590       0  CODE    
                text147                        018FD8  00284A  01B822      63F6       0  CODE    
                text159                        01B824  0002DA  01BAFE      6E09       0  CODE    
                text164                        01BB00  00025E  01BD5E      6EC0       0  CODE    
                text170                        01BD60  00012A  01BE8A      6F58       0  CODE    
                text173                        01BE8C  000022  01BEAE      6FA3       0  CODE    
                text174                        01BEB0  00000A  01BEBA      6FAC       0  CODE    
                text175                        01BEBC  00000A  01BEC6      6FAF       0  CODE    
                text176                        01BEC8  000039  01BF01      6FB2       0  CODE    
                text21                         01BF02  000018  01BF1A      DF81       0  CODE    
                text158                        01BF1C  000010  01BF2C      6FC7       0  CODE    
                idloc                          200000  000010  200010    200000       0  IDLOC   
                config                         300000  00000A  30000A    300000       0  CONFIG  


UNUSED ADDRESS RANGES

        Name                Unused          Largest block    Delta
        BANK0            0000FE-0000FF                2
        BANK1            0001F9-0001FF                7
        BANK10           000A08-000AFF               F8
        BANK11           000B00-000BFF              100
        BANK12           000C00-000CFF              100
        BANK13           000D00-000DFF              100
        BANK14           000E00-000EFF              100
        BANK15           000F00-000FFF              100
        BANK16           001000-0010FF              100
        BANK17           001100-0011FF              100
        BANK18           001200-0012FF              100
        BANK19           001300-0013FF              100
        BANK2            0002D5-0002FF               2B
        BANK20           001400-0014FF              100
        BANK21           001500-0015FF              100
        BANK22           001600-0016FF              100
        BANK23           001700-0017FF              100
        BANK24           001800-0018FF              100
        BANK25           001900-0019FF              100
        BANK26           001A00-001AFF              100
        BANK27           001B00-001BFF              100
        BANK28           001C00-001CFF              100
        BANK29           001D00-001DFF              100
        BANK3            0003C6-0003FF               3A
        BANK30           001E00-001EFF              100
        BANK31           001F00-001FFF              100
        BIGRAM           000048-00005F               18
                         0000FE-0000FF                2
                         0001F9-0001FF                7
                         0002D5-0002FF               2B
                         0003C6-0003FF               3A
                         000A08-001FFF             15F8
        CODE             000004-000007                4
                         0000B6-00FA65             F9B0
                         016B1F-016B1F                1
                         018FD6-018FD7                2
                         01B822-01B823                2
                         01BAFE-01BAFF                2
                         01BD5E-01BD5F                2
                         01BE8A-01BE8B                2
                         01BEAE-01BEAF                2
                         01BEBA-01BEBB                2
                         01BEC6-01BEC7                2
                         01BF01-01BF01                1
                         01BF1A-01BF1B                2
                         01BF2C-01FFFF             40D4
        COMRAM           000048-00005F               18
        CONST            000004-000007                4
                         0000B6-00FA65             F9B0
                         016B1F-016B1F                1
                         018FD6-018FD7                2
                         01B822-01B823                2
                         01BAFE-01BAFF                2
                         01BD5E-01BD5F                2
                         01BE8A-01BE8B                2
                         01BEAE-01BEAF                2
                         01BEBA-01BEBB                2
                         01BEC6-01BEC7                2
                         01BF01-01BF01                1
                         01BF1A-01BF1B                2
                         01BF2C-01FFFF             40D4
        EEDATA           310000-3103FF              400
        MEDIUMCONST      002000-00FA65             DA66
                         016B1F-016B1F                1
                         018FD6-018FD7                2
                         01B822-01B823                2
                         01BAFE-01BAFF                2
                         01BD5E-01BD5F                2
                         01BE8A-01BE8B                2
                         01BEAE-01BEAF                2
                         01BEBA-01BEBB                2
                         01BEC6-01BEC7                2
                         01BF01-01BF01                1
                         01BF1A-01BF1B                2
                         01BF2C-01FFFF             40D4
        RAM              0000FE-0000FF                2
                         0001F9-0001FF                7
                         0002D5-0002FF               2B
                         0003C6-0003FF               3A
                         000A08-001FFF              100
        SFR              003800-003FFF              100
        SMALLCONST       002000-00FA65              100
                         016B1F-016B1F                1
                         018FD6-018FD7                2
                         01B822-01B823                2
                         01BAFE-01BAFF                2
                         01BD5E-01BD5F                2
                         01BE8A-01BE8B                2
                         01BEAE-01BEAF                2
                         01BEBA-01BEBB                2
                         01BEC6-01BEC7                2
                         01BF01-01BF01                1
                         01BF1A-01BF1B                2
                         01BF2C-01FFFF              100

                                  Symbol Table

IVTBASEH                                (abs)        003FD6
IVTBASEL                                (abs)        003FD5
IVTBASEU                                (abs)        003FD7
TMR3_ISR@CountCallBack                  bssBANK0     0000B0
TMR5_ISR@CountCallBack                  bssBANK0     0000B4
_ADACCU                                 (abs)        003EEA
_ADACQH                                 (abs)        003EF4
_ADACQL                                 (abs)        003EF3
_ADACT                                  (abs)        003EFE
_ADCAP                                  (abs)        003EF5
_ADCC_ADI_InterruptHandler              bssBANK0     00009C
_ADCC_ADTI_InterruptHandler             bssBANK0     000099
_ADCC_DefaultInterruptHandler           text161      01BF28
_ADCC_DischargeSampleCapacitor          text20       01BED2
_ADCC_ISR                               text159      01B824
_ADCC_Initialize                        text133      01ACD2
_ADCC_SetADIInterruptHandler            text135      01BAD6
_ADCC_SetADTIInterruptHandler           text134      01BAAE
_ADCC_StartConversion                   text19       01BE00
_ADCC_ThresholdISR                      text163      01AD3C
_ADCLK                                  (abs)        003EFF
_ADCON0                                 (abs)        003EF8
_ADCON0bits                             (abs)        003EF8
_ADCON1                                 (abs)        003EF9
_ADCON2                                 (abs)        003EFA
_ADCON3                                 (abs)        003EFB
_ADFLTRH                                (abs)        003EE7
_ADFLTRL                                (abs)        003EE6
_ADLTHH                                 (abs)        003EDF
_ADLTHL                                 (abs)        003EDE
_ADPCH                                  (abs)        003EF1
_ADPREH                                 (abs)        003EF7
_ADPREL                                 (abs)        003EF6
_ADREF                                  (abs)        003EFD
_ADRPT                                  (abs)        003EEC
_ADSTAT                                 (abs)        003EFC
_ADSTPTH                                (abs)        003EE5
_ADSTPTL                                (abs)        003EE4
_ADUTHH                                 (abs)        003EE1
_ADUTHL                                 (abs)        003EE0
_ANSELA                                 (abs)        003A40
_ANSELB                                 (abs)        003A50
_ANSELC                                 (abs)        003A60
_ANSELD                                 (abs)        003A70
_ANSELE                                 (abs)        003A80
_ANSELF                                 (abs)        003A90
_BVSOC_TABLE                            mediumconst  00FA67
_C                                      dataBIGRAM   0006FF
_CCPTMRS1bits                           (abs)        003F5F
_CLKRCLK                                (abs)        003CE6
_CLKRCON                                (abs)        003CE5
_CLKREF_Initialize                      text132      01BE9A
_D                                      bssBIGRAM    000826
_DMA1AIRQ                               (abs)        003BFE
_DMA1CON0                               (abs)        003BFC
_DMA1CON0bits                           (abs)        003BFC
_DMA1CON1                               (abs)        003BFD
_DMA1CON1bits                           (abs)        003BFD
_DMA1DSA                                (abs)        003BF0
_DMA1DSZ                                (abs)        003BEE
_DMA1PR                                 (abs)        0039F3
_DMA1SIRQ                               (abs)        003BFF
_DMA1SSA                                (abs)        003BF9
_DMA1SSZ                                (abs)        003BF7
_DMA1_DMAA_ISR                          text175      01BEBC
_DMA1_DMADCNT_ISR                       text174      01BEB0
_DMA1_DMAOR_ISR                         text176      01BEC8
_DMA1_DMASCNT_ISR                       text173      01BE8C
_DMA1_Initialize                        text131      01AC68
_DMA2AIRQ                               (abs)        003BDE
_DMA2CON0                               (abs)        003BDC
_DMA2CON0bits                           (abs)        003BDC
_DMA2CON1                               (abs)        003BDD
_DMA2CON1bits                           (abs)        003BDD
_DMA2DSA                                (abs)        003BD0
_DMA2DSZ                                (abs)        003BCE
_DMA2PR                                 (abs)        0039F4
_DMA2SIRQ                               (abs)        003BDF
_DMA2SSA                                (abs)        003BD9
_DMA2SSZ                                (abs)        003BD7
_DMA2_Initialize                        text130      01AFEE
_Default_ISR                            text158      01BF1C
_EXT_INT_Initialize                     text127      01B6D4
_FVRCON                                 (abs)        003EC1
_FVR_Initialize                         text126      01BEF2
_GIE                                    (abs)        01FE97
_H                                      dataBANK1    0001BF
_INT0PPS                                (abs)        003AC0
_INT0_CallBack                          text156      01BBE4
_INT0_DefaultInterruptHandler           text157      01BF26
_INT0_ISR                               text155      01BE7C
_INT0_InterruptHandler                  bssBANK0     0000AB
_INT0_SetInterruptHandler               text129      01BA86
_INT1PPS                                (abs)        003AC1
_INT1_CallBack                          text137      01BB78
_INT1_DefaultInterruptHandler           text138      01BF22
_INT1_ISR                               text136      01B54C
_INT1_InterruptHandler                  bssBANK0     0000A8
_INT1_SetInterruptHandler               text128      01BA5E
_INTCON0bits                            (abs)        003FD2
_INTERRUPT_Initialize                   text125      01ADA6
_IPR1bits                               (abs)        003981
_IPR2bits                               (abs)        003982
_IPR3bits                               (abs)        003983
_IPR5bits                               (abs)        003985
_IPR6bits                               (abs)        003986
_IPR8bits                               (abs)        003988
_IPR9bits                               (abs)        003989
_ISRPR                                  (abs)        0039F1
_IVTADH                                 (abs)        00389E
_IVTADL                                 (abs)        00389D
_IVTADU                                 (abs)        00389F
_IVTLOCK                                (abs)        003FD4
_IVTLOCKbits                            (abs)        003FD4
_LATA                                   (abs)        003FBA
_LATB                                   (abs)        003FBB
_LATC                                   (abs)        003FBC
_LATCbits                               (abs)        003FBC
_LATD                                   (abs)        003FBD
_LATDbits                               (abs)        003FBD
_LATE                                   (abs)        003FBE
_LATEbits                               (abs)        003FBE
_LATF                                   (abs)        003FBF
_LATFbits                               (abs)        003FBF
_MAINPR                                 (abs)        0039F2
_ODCONA                                 (abs)        003A42
_ODCONB                                 (abs)        003A52
_ODCONC                                 (abs)        003A62
_ODCOND                                 (abs)        003A72
_ODCONE                                 (abs)        003A82
_ODCONF                                 (abs)        003A92
_OSCCON1                                (abs)        0039D9
_OSCCON3                                (abs)        0039DB
_OSCEN                                  (abs)        0039DD
_OSCFRQ                                 (abs)        0039DF
_OSCILLATOR_Initialize                  text124      01BDD6
_OSCTUNE                                (abs)        0039DE
_P                                      bssBANK0     00008C
_PIE1bits                               (abs)        003991
_PIE2bits                               (abs)        003992
_PIE3bits                               (abs)        003993
_PIE5bits                               (abs)        003995
_PIE6bits                               (abs)        003996
_PIE8bits                               (abs)        003998
_PIE9bits                               (abs)        003999
_PIN_MANAGER_Initialize                 text123      01A84A
_PIR1bits                               (abs)        0039A1
_PIR2bits                               (abs)        0039A2
_PIR4bits                               (abs)        0039A4
_PIR5bits                               (abs)        0039A5
_PIR6bits                               (abs)        0039A6
_PIR8bits                               (abs)        0039A8
_PIR9bits                               (abs)        0039A9
_PLLR                                   (abs)        01CEE0
_PMD0                                   (abs)        0039C0
_PMD1                                   (abs)        0039C1
_PMD2                                   (abs)        0039C2
_PMD3                                   (abs)        0039C3
_PMD4                                   (abs)        0039C4
_PMD5                                   (abs)        0039C5
_PMD6                                   (abs)        0039C6
_PMD7                                   (abs)        0039C7
_PMD_Initialize                         text122      01BDEC
_PORTBbits                              (abs)        003FCB
_PORTFbits                              (abs)        003FCF
_PWM8CON                                (abs)        003F62
_PWM8DCH                                (abs)        003F61
_PWM8DCL                                (abs)        003F60
_PWM8_Initialize                        text121      01BDC0
_PWM8_LoadDutyValue                     text85       01B40C
_R                                      dataBANK0    0000BD
_RB6PPS                                 (abs)        003A0E
_RC3PPS                                 (abs)        003A13
_RC5PPS                                 (abs)        003A15
_RC6PPS                                 (abs)        003A16
_RD1PPS                                 (abs)        003A19
_S                                      bssBANK1     0001C6
_SCANPR                                 (abs)        0039F7
_SLRCONA                                (abs)        003A43
_SLRCONB                                (abs)        003A53
_SLRCONC                                (abs)        003A63
_SLRCOND                                (abs)        003A73
_SLRCONE                                (abs)        003A83
_SLRCONF                                (abs)        003A93
_SPI1BAUD                               (abs)        003D19
_SPI1CLK                                (abs)        003D1C
_SPI1CON0                               (abs)        003D14
_SPI1CON1                               (abs)        003D15
_SPI1CON2                               (abs)        003D16
_SPI1INTFbits                           (abs)        003D1A
_SPI1RXB                                (abs)        003D10
_SPI1SCKPPS                             (abs)        003ADE
_SPI1SDIPPS                             (abs)        003ADF
_SPI1TCNTL                              (abs)        003D12
_SPI1TXB                                (abs)        003D11
_SPI1_Exchange8bit                      text9        01BCB0
_SPI1_Initialize                        text120      01BDAA
_SYSTEM_Initialize                      text107      01B18C
_StartTimer                             text88       01B44E
_T                                      mediumconst  00FB37
_T2CLKCON                               (abs)        003FAE
_T2CON                                  (abs)        003FAC
_T2HLT                                  (abs)        003FAD
_T2PR                                   (abs)        003FAB
_T2RST                                  (abs)        003FAF
_T2TMR                                  (abs)        003FAA
_T3CLK                                  (abs)        003FA9
_T3CON                                  (abs)        003FA6
_T3CONbits                              (abs)        003FA6
_T3GATE                                 (abs)        003FA8
_T3GCON                                 (abs)        003FA7
_T5CLK                                  (abs)        003F9D
_T5CON                                  (abs)        003F9A
_T5CONbits                              (abs)        003F9A
_T5GATE                                 (abs)        003F9C
_T5GCON                                 (abs)        003F9B
_T6CLKCON                               (abs)        003F96
_T6CON                                  (abs)        003F94
_T6HLT                                  (abs)        003F95
_T6PR                                   (abs)        003F93
_T6RST                                  (abs)        003F97
_T6TMR                                  (abs)        003F92
_TMR2_Initialize                        text119      01BD92
_TMR3H                                  (abs)        003FA5
_TMR3L                                  (abs)        003FA4
_TMR3_CallBack                          text149      01BBC0
_TMR3_DefaultInterruptHandler           text150      01BF24
_TMR3_ISR                               text147      018FD8
_TMR3_Initialize                        text117      01B2AE
_TMR3_InterruptHandler                  bssBANK0     000090
_TMR3_SetInterruptHandler               text118      01BA36
_TMR3_WriteTimer                        text148      01B4CE
_TMR5H                                  (abs)        003F99
_TMR5L                                  (abs)        003F98
_TMR5_CallBack                          text142      01BB9C
_TMR5_DefaultInterruptHandler           text143      01B5FC
_TMR5_ISR                               text140      019F9C
_TMR5_Initialize                        text115      01B266
_TMR5_InterruptHandler                  bssBANK0     000093
_TMR5_SetInterruptHandler               text116      01BA0E
_TMR5_WriteTimer                        text141      01B48E
_TMR6_CallBack                          text171      01BC08
_TMR6_DefaultInterruptHandler           text172      01B13E
_TMR6_ISR                               text170      01BD60
_TMR6_Initialize                        text113      01B87C
_TMR6_InterruptHandler                  bssBANK0     000096
_TMR6_SetInterruptHandler               text114      01B9E6
_TRISA                                  (abs)        003FC2
_TRISB                                  (abs)        003FC3
_TRISC                                  (abs)        003FC4
_TRISD                                  (abs)        003FC5
_TRISE                                  (abs)        003FC6
_TRISF                                  (abs)        003FC7
_TimerDone                              text87       01B946
_U1BRGH                                 (abs)        003DF6
_U1BRGL                                 (abs)        003DF5
_U1CON0                                 (abs)        003DF2
_U1CON1                                 (abs)        003DF3
_U1CON2                                 (abs)        003DF4
_U1ERRIE                                (abs)        003DFA
_U1ERRIR                                (abs)        003DF9
_U1FIFO                                 (abs)        003DF7
_U1P1H                                  (abs)        003DED
_U1P1L                                  (abs)        003DEC
_U1P2H                                  (abs)        003DEF
_U1P2L                                  (abs)        003DEE
_U1P3H                                  (abs)        003DF1
_U1P3L                                  (abs)        003DF0
_U1RXB                                  (abs)        003DE8
_U1RXPPS                                (abs)        003AE5
_U1UIR                                  (abs)        003DF8
_U2BRGH                                 (abs)        003DDE
_U2BRGL                                 (abs)        003DDD
_U2CON0                                 (abs)        003DDA
_U2CON1                                 (abs)        003DDB
_U2CON2                                 (abs)        003DDC
_U2ERRIE                                (abs)        003DE2
_U2ERRIR                                (abs)        003DE1
_U2FIFO                                 (abs)        003DDF
_U2P1L                                  (abs)        003DD4
_U2P2L                                  (abs)        003DD6
_U2P3L                                  (abs)        003DD8
_U2RXB                                  (abs)        003DD0
_U2RXPPS                                (abs)        003AE8
_U2TXB                                  (abs)        003DD2
_U2UIR                                  (abs)        003DE0
_UART1_Initialize                       text111      01B21E
_UART1_Receive_ISR                      text165      01BC4E
_UART1_RxInterruptHandler               bssBANK0     00009F
_UART1_SetRxInterruptHandler            text112      01B9BE
_UART1_rx_vect_isr                      text164      01BB00
_UART2_Initialize                       text108      01AF34
_UART2_Receive_ISR                      text169      01BC90
_UART2_RxInterruptHandler               bssBANK0     0000A5
_UART2_SetRxInterruptHandler            text110      01B996
_UART2_SetTxInterruptHandler            text109      01B96E
_UART2_Transmit_ISR                     text167      01B850
_UART2_TxInterruptHandler               bssBANK0     0000A2
_UART2_rx_vect_isr                      text168      01BB50
_UART2_tx_vect_isr                      text166      01BB28
_V                                      dataBANK1    000100
_Volts_to_SOC                           text12       01975A
_WPUA                                   (abs)        003A41
_WPUB                                   (abs)        003A51
_WPUC                                   (abs)        003A61
_WPUD                                   (abs)        003A71
_WPUE                                   (abs)        003A81
_WPUF                                   (abs)        003A91
_WaitMs                                 text32       01B634
__CFG_BBEN$OFF                          (abs)        000000
__CFG_BBSIZE$BBSIZE_512                 (abs)        000000
__CFG_BOREN$SBORDIS                     (abs)        000000
__CFG_BORV$VBOR_2P45                    (abs)        000000
__CFG_CLKOUTEN$OFF                      (abs)        000000
__CFG_CP$OFF                            (abs)        000000
__CFG_CSWEN$ON                          (abs)        000000
__CFG_DEBUG$OFF                         (abs)        000000
__CFG_FCMEN$ON                          (abs)        000000
__CFG_FEXTOSC$ECH                       (abs)        000000
__CFG_IVT1WAY$ON                        (abs)        000000
__CFG_LPBOREN$OFF                       (abs)        000000
__CFG_LVP$ON                            (abs)        000000
__CFG_MCLRE$EXTMCLR                     (abs)        000000
__CFG_MVECEN$ON                         (abs)        000000
__CFG_PPS1WAY$ON                        (abs)        000000
__CFG_PR1WAY$OFF                        (abs)        000000
__CFG_PWRTS$PWRT_OFF                    (abs)        000000
__CFG_RSTOSC$EXTOSC_4PLL                (abs)        000000
__CFG_SAFEN$OFF                         (abs)        000000
__CFG_STVREN$ON                         (abs)        000000
__CFG_WDTCCS$SC                         (abs)        000000
__CFG_WDTCPS$WDTCPS_31                  (abs)        000000
__CFG_WDTCWS$WDTCWS_7                   (abs)        000000
__CFG_WDTE$OFF                          (abs)        000000
__CFG_WRTAPP$OFF                        (abs)        000000
__CFG_WRTB$OFF                          (abs)        000000
__CFG_WRTC$OFF                          (abs)        000000
__CFG_WRTD$OFF                          (abs)        000000
__CFG_WRTSAF$OFF                        (abs)        000000
__CFG_XINST$OFF                         (abs)        000000
__CFG_ZCD$OFF                           (abs)        000000
__HRAM                                  (abs)        000000
__Habs1                                 abs1         000000
__Hbank0                                bank0        000000
__Hbank1                                bank1        000000
__Hbank10                               bank10       000000
__Hbank11                               bank11       000000
__Hbank12                               bank12       000000
__Hbank13                               bank13       000000
__Hbank14                               bank14       000000
__Hbank15                               bank15       000000
__Hbank16                               bank16       000000
__Hbank17                               bank17       000000
__Hbank18                               bank18       000000
__Hbank19                               bank19       000000
__Hbank2                                bank2        000000
__Hbank20                               bank20       000000
__Hbank21                               bank21       000000
__Hbank22                               bank22       000000
__Hbank23                               bank23       000000
__Hbank24                               bank24       000000
__Hbank25                               bank25       000000
__Hbank26                               bank26       000000
__Hbank27                               bank27       000000
__Hbank28                               bank28       000000
__Hbank29                               bank29       000000
__Hbank3                                bank3        000000
__Hbank30                               bank30       000000
__Hbank31                               bank31       000000
__Hbank4                                bank4        000000
__Hbank5                                bank5        000000
__Hbank6                                bank6        000000
__Hbank7                                bank7        000000
__Hbank8                                bank8        000000
__Hbank9                                bank9        000000
__Hbigbss                               bigbss       000000
__Hbigdata                              bigdata      000000
__Hbigram                               bigram       000000
__Hbss                                  bss          000000
__HbssBANK0                             bssBANK0     000000
__HbssBANK1                             bssBANK1     000000
__HbssBANK2                             bssBANK2     000000
__HbssBANK3                             bssBANK3     000000
__HbssBANK4                             bssBANK4     000000
__HbssBIGRAM                            bssBIGRAM    000000
__HbssCOMRAM                            bssCOMRAM    000000
__Hcinit                                cinit        000000
__Hclrtext                              clrtext      000000
__Hcomram                               comram       000000
__Hconfig                               config       30000A
__Hconst                                const        000000
__HcstackBANK0                          cstackBANK0  000000
__HcstackCOMRAM                         cstackCOMRAM 000000
__Hdata                                 data         000000
__HdataBANK0                            dataBANK0    000000
__HdataBANK1                            dataBANK1    000000
__HdataBANK2                            dataBANK2    000000
__HdataBIGRAM                           dataBIGRAM   000000
__Heeprom_data                          eeprom_data  000000
__Hfarbss                               farbss       000000
__Hfardata                              fardata      000000
__Hibigdata                             ibigdata     000000
__Hidata                                idata        000000
__HidataBANK0                           idataBANK0   000000
__HidataBANK1                           idataBANK1   000000
__HidataBANK2                           idataBANK2   000000
__HidataBIGRAM                          idataBIGRAM  000000
__Hidloc                                idloc        200010
__Hifardata                             ifardata     000000
__Hinit                                 init         0000B6
__Hintsave_regs                         intsave_regs 000000
__Hirdata                               irdata       000000
__Hivt0x8                               ivt0x8       0000AE
__Hmediumconst                          mediumconst  010000
__HnvFARRAM                             nvFARRAM     000000
__Hnvbit                                nvbit        000000
__Hnvrram                               nvrram       000000
__Hparam                                rparam       000000
__Hpowerup                              powerup      000000
__Hram                                  ram          000000
__Hramtop                               ramtop       002000
__Hrbit                                 rbit         000000
__Hrbss                                 rbss         000000
__Hrdata                                rdata        000000
__Hreset_vec                            reset_vec    000004
__Hrparam                               rparam       000000
__Hsfr                                  sfr          000000
__Hsmallconst                           smallconst   000000
__Hspace_0                              (abs)        30000A
__Hspace_1                              (abs)        000A08
__Hspace_2                              (abs)        002000
__Hstack                                stack        002000
__Hstruct                               struct       000000
__Htemp                                 temp         000021
__Htext                                 text         000000
__Htext0                                text0        000000
__Htext1                                text1        000000
__Htext10                               text10       000000
__Htext100                              text100      000000
__Htext101                              text101      000000
__Htext102                              text102      000000
__Htext103                              text103      000000
__Htext104                              text104      000000
__Htext105                              text105      000000
__Htext106                              text106      000000
__Htext107                              text107      000000
__Htext108                              text108      000000
__Htext109                              text109      000000
__Htext11                               text11       000000
__Htext110                              text110      000000
__Htext111                              text111      000000
__Htext112                              text112      000000
__Htext113                              text113      000000
__Htext114                              text114      000000
__Htext115                              text115      000000
__Htext116                              text116      000000
__Htext117                              text117      000000
__Htext118                              text118      000000
__Htext119                              text119      000000
__Htext12                               text12       000000
__Htext120                              text120      000000
__Htext121                              text121      000000
__Htext122                              text122      000000
__Htext123                              text123      000000
__Htext124                              text124      000000
__Htext125                              text125      000000
__Htext126                              text126      000000
__Htext127                              text127      000000
__Htext128                              text128      000000
__Htext129                              text129      000000
__Htext13                               text13       000000
__Htext130                              text130      000000
__Htext131                              text131      000000
__Htext132                              text132      000000
__Htext133                              text133      000000
__Htext134                              text134      000000
__Htext135                              text135      000000
__Htext136                              text136      000000
__Htext137                              text137      000000
__Htext138                              text138      000000
__Htext139                              text139      000000
__Htext14                               text14       000000
__Htext140                              text140      000000
__Htext141                              text141      000000
__Htext142                              text142      000000
__Htext143                              text143      000000
__Htext144                              text144      000000
__Htext145                              text145      000000
__Htext146                              text146      000000
__Htext147                              text147      000000
__Htext148                              text148      000000
__Htext149                              text149      000000
__Htext15                               text15       000000
__Htext150                              text150      000000
__Htext151                              text151      000000
__Htext152                              text152      000000
__Htext153                              text153      000000
__Htext154                              text154      000000
__Htext155                              text155      000000
__Htext156                              text156      000000
__Htext157                              text157      000000
__Htext158                              text158      000000
__Htext159                              text159      000000
__Htext16                               text16       000000
__Htext160                              text160      000000
__Htext161                              text161      000000
__Htext162                              text162      000000
__Htext163                              text163      000000
__Htext164                              text164      000000
__Htext165                              text165      000000
__Htext166                              text166      000000
__Htext167                              text167      000000
__Htext168                              text168      000000
__Htext169                              text169      000000
__Htext17                               text17       000000
__Htext170                              text170      000000
__Htext171                              text171      000000
__Htext172                              text172      000000
__Htext173                              text173      000000
__Htext174                              text174      000000
__Htext175                              text175      000000
__Htext176                              text176      000000
__Htext177                              text177      000000
__Htext18                               text18       000000
__Htext19                               text19       000000
__Htext2                                text2        000000
__Htext20                               text20       000000
__Htext21                               text21       000000
__Htext22                               text22       000000
__Htext23                               text23       000000
__Htext24                               text24       000000
__Htext25                               text25       000000
__Htext26                               text26       000000
__Htext27                               text27       000000
__Htext28                               text28       000000
__Htext29                               text29       000000
__Htext3                                text3        000000
__Htext30                               text30       000000
__Htext31                               text31       000000
__Htext32                               text32       000000
__Htext33                               text33       000000
__Htext34                               text34       000000
__Htext35                               text35       000000
[...]
      Params:         0       0       0       0       0       0       0       0       0       0       0       0       0       0       0       0       0       0       0       0       0       0       0       0       0       0       0       0       0       0       0       0       0
      Locals:         0       0       0       0       0       0       0       0       0       0       0       0       0       0       0       0       0       0       0       0       0       0       0       0       0       0       0       0       0       0       0       0       0
      Temps:          0       0       0       0       0       0       0       0       0       0       0       0       0       0       0       0       0       0       0       0       0       0       0       0       0       0       0       0       0       0       0       0       0
      Totals:         0       0       0       0       0       0       0       0       0       0       0       0       0       0       0       0       0       0       0       0       0       0       0       0       0       0       0       0       0       0       0       0       0
Total ram usage:        0 bytes
 Hardware stack levels used:    1
 This function calls:
		Nothing
 This function is called by:
		Interrupt level 2
 This function uses a non-reentrant model


 *************** function _DMA1_DMAOR_ISR *****************
 Defined at:
		line 155 in file "mcc_generated_files/dma1.c"
 Parameters:    Size  Location     Type
		None
 Auto vars:     Size  Location     Type
		None
 Return value:  Size  Location     Type
                  1    wreg      void 
 Registers used:
		None
 Tracked objects:
		On entry : 
		On exit  : 
		Unchanged: 
 Data sizes:     COMRAM   BANK0   BANK1   BANK2   BANK3   BANK4   BANK5   BANK6   BANK7   BANK8   BANK9  BANK10  BANK11  BANK12  BANK13  BANK14  BANK15  BANK16  BANK17  BANK18  BANK19  BANK20  BANK21  BANK22  BANK23  BANK24  BANK25  BANK26  BANK27  BANK28  BANK29  BANK30  BANK31
      Params:         0       0       0       0       0       0       0       0       0       0       0       0       0       0       0       0       0       0       0       0       0       0       0       0       0       0       0       0       0       0       0       0       0
      Locals:         0       0       0       0       0       0       0       0       0       0       0       0       0       0       0       0       0       0       0       0       0       0       0       0       0       0       0       0       0       0       0       0       0
      Temps:          0       0       0       0       0       0       0       0       0       0       0       0       0       0       0       0       0       0       0       0       0       0       0       0       0       0       0       0       0       0       0       0       0
      Totals:         0       0       0       0       0       0       0       0       0       0       0       0       0       0       0       0       0       0       0       0       0       0       0       0       0       0       0       0       0       0       0       0       0
Total ram usage:        0 bytes
 Hardware stack levels used:    1
 This function calls:
		Nothing
 This function is called by:
		Interrupt level 2
 This function uses a non-reentrant model



MODULE INFORMATION

Module		Function		Class		Link	Load	Size
ringbufs.c
		_ringBufS_init 		CODE           	1B91E	0000	41
		_ringBufS_flush		CODE           	1A8DE	0000	147
		_ringBufS_put_dma		CODE           	1A5C0	0000	171

ringbufs.c estimated size: 359

mcc_generated_files/uart2.c
		_UART2_rx_vect_isr		CODE           	1BB50	0000	41
		_UART2_tx_vect_isr		CODE           	1BB28	0000	41
		_UART2_Receive_ISR		CODE           	1BC90	0000	33
		_UART2_SetRxInterruptHandler		CODE           	1B996	0000	41
		_UART2_SetTxInterruptHandler		CODE           	1B96E	0000	41
		_UART2_Initialize		CODE           	1AF34	0000	97
		_UART2_Transmit_ISR		CODE           	1B850	0000	45

mcc_generated_files/uart2.c estimated size: 339

timers.c
		_WaitMs        		CODE           	1B634	0000	55
		_StartTimer    		CODE           	1B44E	0000	65
		_TimerDone     		CODE           	1B946	0000	41

timers.c estimated size: 161

mcc_generated_files/pwm8.c
		_PWM8_LoadDutyValue		CODE           	1B40C	0000	67
		_PWM8_Initialize		CODE           	1BDC0	0000	23

mcc_generated_files/pwm8.c estimated size: 90

/opt/microchip/xc8/v2.10/pic/sources/c99/common/awmod.c
		___awmod       		CODE           	19874	0000	281

/opt/microchip/xc8/v2.10/pic/sources/c99/common/awmod.c estimated size: 281

mcc_generated_files/tmr6.c
		_TMR6_CallBack 		CODE           	1BC08	0000	37
		_TMR6_ISR      		CODE           	1BD60	0000	27
		_TMR6_Initialize		CODE           	1B87C	0000	43
		_TMR6_SetInterruptHandler		CODE           	1B9E6	0000	41
		_TMR6_DefaultInterruptHandler		CODE           	1B13E	0000	79

mcc_generated_files/tmr6.c estimated size: 227

/opt/microchip/xc8/v2.10/pic/sources/c99/common/flge.c
		___flge        		CODE           	18E74	0000	355

/opt/microchip/xc8/v2.10/pic/sources/c99/common/flge.c estimated size: 355

mcc_generated_files/fvr.c
		_FVR_Initialize		CODE           	1BEF2	0000	9

mcc_generated_files/fvr.c estimated size: 9

/opt/microchip/xc8/v2.10/pic/sources/c99/common/aomod.c
		___aomod       		CODE           	1788E	0000	577

/opt/microchip/xc8/v2.10/pic/sources/c99/common/aomod.c estimated size: 577

mcc_generated_files/tmr2.c
		_TMR2_Initialize		CODE           	1BD92	0000	25

mcc_generated_files/tmr2.c estimated size: 25

mcc_generated_files/interrupt_manager.c
		_INTERRUPT_Initialize		CODE           	1ADA6	0000	103
		_Default_ISR   		CODE           	1BF1C	0000	7

mcc_generated_files/interrupt_manager.c estimated size: 110

/opt/microchip/xc8/v2.10/pic/sources/c99/common/xxtofl.c
		___xxtofl      		CODE           	1812A	0000	517

/opt/microchip/xc8/v2.10/pic/sources/c99/common/xxtofl.c estimated size: 517

/opt/microchip/xc8/v2.10/pic/sources/c99/common/printf.c
		_printf        		CODE           	1AE70	0000	99

/opt/microchip/xc8/v2.10/pic/sources/c99/common/printf.c estimated size: 99

dio.c
		_start_switch_handler		CODE           	1BC70	0000	33
		_get_switch    		CODE           	1B7F6	0000	45
		_switch_handler		CODE           	193C8	0000	321

dio.c estimated size: 399

/opt/microchip/xc8/v2.10/pic/sources/c99/common/lodiv.c
		___lodiv       		CODE           	18B82	0000	385

/opt/microchip/xc8/v2.10/pic/sources/c99/common/lodiv.c estimated size: 385

eadog.c
		_init_display  		CODE           	19EB2	0000	235
		_eaDogM_WriteCommand		CODE           	1BE52	0000	15
		_putch         		CODE           	1BD44	0000	27
		_wdtdelay      		CODE           	1AF94	0000	91
		_send_port_data_dma		CODE           	1B0EC	0000	83
		_init_port_dma 		CODE           	1B708	0000	49
		_port_data_dma_ptr		CODE           	1BEA4	0000	11
		_send_lcd_cmd  		CODE           	1B8F6	0000	41
		_send_lcd_cmd_dma		CODE           	1B048	0000	83
		_wait_lcd_set  		CODE           	1BF08	0000	7
		_eaDogM_WriteStringAtPos		CODE           	1B66A	0000	55
		_wait_lcd_done 		CODE           	1BD28	0000	29
		_send_lcd_cmd_long		CODE           	1B8CE	0000	41
		_start_lcd     		CODE           	1BF0E	0000	7
		_eaDogM_WriteString		CODE           	1A66A	0000	167

eadog.c estimated size: 941

mcc_generated_files/pin_manager.c
		_PIN_MANAGER_Initialize		CODE           	1A84A	0000	149

mcc_generated_files/pin_manager.c estimated size: 149

/opt/microchip/xc8/v2.10/pic/sources/c99/common/strlen.c
		_strlen        		CODE           	1A710	0000	163

/opt/microchip/xc8/v2.10/pic/sources/c99/common/strlen.c estimated size: 163

/opt/microchip/xc8/v2.10/pic/sources/c99/common/nf_fputs.c
		_fputs         		CODE           	1A7B2	0000	153

/opt/microchip/xc8/v2.10/pic/sources/c99/common/nf_fputs.c estimated size: 153

/opt/microchip/xc8/v2.10/pic/sources/c99/common/floorf.c
		_floorf        		CODE           	1614C	0000	877

/opt/microchip/xc8/v2.10/pic/sources/c99/common/floorf.c estimated size: 877

mcc_generated_files/spi1.c
		_SPI1_Initialize		CODE           	1BDAA	0000	23
		_SPI1_Exchange8bit		CODE           	1BCB0	0000	31

mcc_generated_files/spi1.c estimated size: 54

/opt/microchip/xc8/v2.10/pic/sources/c99/common/strcpy.c
		_strcpy        		CODE           	1A07E	0000	213

/opt/microchip/xc8/v2.10/pic/sources/c99/common/strcpy.c estimated size: 213

/opt/microchip/xc8/v2.10/pic/sources/c99/common/isupper.c
		_isupper       		CODE           	1B768	0000	49

/opt/microchip/xc8/v2.10/pic/sources/c99/common/isupper.c estimated size: 49

/opt/microchip/xc8/v2.10/pic/sources/c99/common/nanf.c
		_nanf          		CODE           	1AED2	0000	99

/opt/microchip/xc8/v2.10/pic/sources/c99/common/nanf.c estimated size: 99

/opt/microchip/xc8/v2.10/pic/sources/c99/common/memset.c
		_memset        		CODE           	16B20	0000	749

/opt/microchip/xc8/v2.10/pic/sources/c99/common/memset.c estimated size: 749

/opt/microchip/xc8/v2.10/pic/sources/c99/common/awdiv.c
		___awdiv       		CODE           	1913A	0000	335

/opt/microchip/xc8/v2.10/pic/sources/c99/common/awdiv.c estimated size: 335

mcc_generated_files/clkref.c
		_CLKREF_Initialize		CODE           	1BE9A	0000	11

mcc_generated_files/clkref.c estimated size: 11

/opt/microchip/xc8/v2.10/pic/sources/c99/common/fltol.c
		___fltol       		CODE           	18D02	0000	371

/opt/microchip/xc8/v2.10/pic/sources/c99/common/fltol.c estimated size: 371

mbmc.c
		_calc_model_data		CODE           	15946	0000	1101
		_check_day_time		CODE           	186C6	0000	417
		_calc_ror_data 		CODE           	189FC	0000	391
		_static_soc    		CODE           	1B50E	0000	63
		_lp_filter     		CODE           	1850A	0000	445
		_set_load_relay_one		CODE           	1BE22	0000	17
		_get_ac_charger_relay		CODE           	1BE6E	0000	15
		_spinners      		CODE           	19DBC	0000	247
		_set_ac_charger_relay		CODE           	1BE42	0000	17
		_convert_adc_data		CODE           	1A3AE	0000	185
		_set_load_relay_two		CODE           	1BE12	0000	17

mbmc.c estimated size: 2915

/opt/microchip/xc8/v2.10/pic/sources/c99/common/abs.c
		_abs           		CODE           	1B33C	0000	71

/opt/microchip/xc8/v2.10/pic/sources/c99/common/abs.c estimated size: 71

mcc_generated_files/dma1.c
		_DMA1_DMADCNT_ISR		CODE           	1BEB0	0000	11
		_DMA1_DMASCNT_ISR		CODE           	1BE8C	0000	15
		_DMA1_Initialize		CODE           	1AC68	0000	107
		_DMA1_DMAA_ISR 		CODE           	1BEBC	0000	11
		_DMA1_DMAOR_ISR		CODE           	1BEC8	0000	11

mcc_generated_files/dma1.c estimated size: 155

/opt/microchip/xc8/v2.10/pic/sources/c99/common/__fpclassifyf.c
		___fpclassifyf 		CODE           	18866	0000	407

/opt/microchip/xc8/v2.10/pic/sources/c99/common/__fpclassifyf.c estimated size: 407

/opt/microchip/xc8/v2.10/pic/sources/c99/common/rand.c
		_srand         		CODE           	1B6A0	0000	53

/opt/microchip/xc8/v2.10/pic/sources/c99/common/rand.c estimated size: 53

daq.c
		_conv_raw_result		CODE           	1501A	0000	1197
		_check_adc_scan		CODE           	1BEDA	0000	9
		_start_adc_scan		CODE           	1AE0C	0000	101
		_clear_adc_scan		CODE           	1BF02	0000	7
		_get_raw_result		CODE           	1BD0A	0000	31
		_adc_int_t_handler		CODE           	1AB00	0000	127
		_update_adc_result		CODE           	1B58A	0000	59
		_adc_int_handler		CODE           	1BF2A	0000	3

daq.c estimated size: 1534

/opt/microchip/xc8/v2.10/pic/sources/c99/common/aodiv.c
		___aodiv       		CODE           	1739A	0000	641

/opt/microchip/xc8/v2.10/pic/sources/c99/common/aodiv.c estimated size: 641

/opt/microchip/xc8/v2.10/pic/sources/c99/common/islower.c
		_islower       		CODE           	1B738	0000	49

/opt/microchip/xc8/v2.10/pic/sources/c99/common/islower.c estimated size: 49

mcc_generated_files/uart1.c
		_UART1_rx_vect_isr		CODE           	1BB00	0000	41
		_UART1_Receive_ISR		CODE           	1BC4E	0000	35
		_UART1_SetRxInterruptHandler		CODE           	1B9BE	0000	41
		_UART1_Initialize		CODE           	1B21E	0000	73

mcc_generated_files/uart1.c estimated size: 190

mcc_generated_files/ext_int.c
		_INT0_SetInterruptHandler		CODE           	1BA86	0000	41
		_INT1_SetInterruptHandler		CODE           	1BA5E	0000	41
		_EXT_INT_Initialize		CODE           	1B6D4	0000	53
		_INT0_DefaultInterruptHandler		CODE           	1BF26	0000	3
		_INT0_CallBack 		CODE           	1BBE4	0000	37
		_INT1_DefaultInterruptHandler		CODE           	1BF22	0000	3
		_INT1_CallBack 		CODE           	1BB78	0000	37
		_INT0_ISR      		CODE           	1BE7C	0000	15
		_INT1_ISR      		CODE           	1B54C	0000	63

mcc_generated_files/ext_int.c estimated size: 293

/opt/microchip/xc8/v2.10/pic/sources/c99/common/sprcmul.c
		___flmul       		CODE           	1333E	0000	2091

/opt/microchip/xc8/v2.10/pic/sources/c99/common/sprcmul.c estimated size: 2091

/opt/microchip/xc8/v2.10/pic/sources/c99/common/atoi.c
		_atoi          		CODE           	1761A	0000	629

/opt/microchip/xc8/v2.10/pic/sources/c99/common/atoi.c estimated size: 629

/opt/microchip/xc8/v2.10/pic/sources/c99/common/nf_sprintf.c
		_sprintf       		CODE           	19BB0	0000	267

/opt/microchip/xc8/v2.10/pic/sources/c99/common/nf_sprintf.c estimated size: 267

/opt/microchip/xc8/v2.10/pic/sources/c99/common/fleq.c
		___fleq        		CODE           	1A2EA	0000	197

/opt/microchip/xc8/v2.10/pic/sources/c99/common/fleq.c estimated size: 197

mcc_generated_files/tmr5.c
		_TMR5_ISR      		CODE           	19F9C	0000	227
		_TMR5_Initialize		CODE           	1B266	0000	73
		_TMR5_SetInterruptHandler		CODE           	1BA0E	0000	41
		_TMR5_DefaultInterruptHandler		CODE           	1B5FC	0000	57
		_TMR5_CallBack 		CODE           	1BB9C	0000	37
		_TMR5_WriteTimer		CODE           	1B48E	0000	65

mcc_generated_files/tmr5.c estimated size: 500

/opt/microchip/xc8/v2.10/pic/sources/c99/common/sprcdiv.c
		___fldiv       		CODE           	14AA0	0000	1403

/opt/microchip/xc8/v2.10/pic/sources/c99/common/sprcdiv.c estimated size: 1403

shared
		_BVSOC_TABLE   		MEDIUMCONST    	FA67	0000	209
		__initialization		CODE           	19CBA	0000	253
		_bp            		MEDIUMCONST    	0000	0000	0
		_cp_h          		MEDIUMCONST    	0000	0000	0
		_ivln2_h       		MEDIUMCONST    	0000	0000	0
		_spin          		MEDIUMCONST    	FBC7	0000	121
		_cp_l          		MEDIUMCONST    	0000	0000	0
		_T             		MEDIUMCONST    	FB37	0000	145

shared estimated size: 728

/opt/microchip/xc8/v2.10/pic/sources/c99/common/toupper.c
		_toupper       		CODE           	1A9F8	0000	133

/opt/microchip/xc8/v2.10/pic/sources/c99/common/toupper.c estimated size: 133

mcc_generated_files/mcc.c
		_PMD_Initialize		CODE           	1BDEC	0000	21
		_OSCILLATOR_Initialize		CODE           	1BDD6	0000	23
		_SYSTEM_Initialize		CODE           	1B18C	0000	75

mcc_generated_files/mcc.c estimated size: 119

mcc_generated_files/tmr3.c
		_TMR3_ISR      		CODE           	18FD8	0000	355
		_TMR3_Initialize		CODE           	1B2AE	0000	73
		_TMR3_SetInterruptHandler		CODE           	1BA36	0000	41
		_TMR3_DefaultInterruptHandler		CODE           	1BF24	0000	3
		_TMR3_CallBack 		CODE           	1BBC0	0000	37
		_TMR3_WriteTimer		CODE           	1B4CE	0000	65

mcc_generated_files/tmr3.c estimated size: 574

/opt/microchip/xc8/v2.10/pic/sources/c99/common/isalpha.c
		_isalpha       		CODE           	1B3C8	0000	69

/opt/microchip/xc8/v2.10/pic/sources/c99/common/isalpha.c estimated size: 69

hid.c
		_clear_hid_pflags		CODE           	1B2F6	0000	71
		_hid_display   		CODE           	1832E	0000	477
		_check_enter_button		CODE           	1ABF6	0000	115
		_hid_input     		CODE           	1A152	0000	211

hid.c estimated size: 874

/opt/microchip/xc8/v2.10/pic/sources/c99/common/isspace.c
		_isspace       		CODE           	1B09A	0000	83

/opt/microchip/xc8/v2.10/pic/sources/c99/common/isspace.c estimated size: 83

mconfig.c
		_mode_lamp_bright		CODE           	1BE60	0000	15
		_help_button   		CODE           	1B5C4	0000	57
		_vterm_dump    		CODE           	19508	0000	303
		_set_display_info		CODE           	1BCEC	0000	31
		_display_info  		CODE           	1BEE2	0000	9
		_display_help  		CODE           	1BEEA	0000	9
		_set_vterm     		CODE           	1BCCE	0000	31
		_get_vterm_ptr 		CODE           	1B7C8	0000	47
		_update_lcd    		CODE           	19AA0	0000	273
		_set_temp_display_help		CODE           	1BE32	0000	17
		_check_help    		CODE           	17F18	0000	531
		_mode_lamp_dim 		CODE           	1BD7A	0000	25

mconfig.c estimated size: 1348

bsoc.c
		_init_bsoc     		CODE           	17ACE	0000	555
		_Volts_to_SOC  		CODE           	1975A	0000	283
		_stop_bsoc     		CODE           	1BF14	0000	7
		_calc_bsoc     		CODE           	14324	0000	1917
		_start_bsoc    		CODE           	1BC2C	0000	35
		_esr_check     		CODE           	16E0C	0000	721

bsoc.c estimated size: 3518

/opt/microchip/xc8/v2.10/pic/sources/c99/common/doprnt.c
		_vfpfcnvrt     		CODE           	12392	0000	4013
		_efgtoa        		CODE           	10000	0000	4677
		_pad           		CODE           	1998C	0000	277
		_ctoa          		CODE           	1A970	0000	137
		_dtoa          		CODE           	154C6	0000	1153
		_vfprintf      		CODE           	1A514	0000	173
		_stoa          		CODE           	170DC	0000	703
		_utoa          		CODE           	164B8	0000	833
		_xtoa          		CODE           	15D92	0000	955

/opt/microchip/xc8/v2.10/pic/sources/c99/common/doprnt.c estimated size: 12921

/opt/microchip/xc8/v2.10/pic/sources/c99/common/strncmp.c
		_strncmp       		CODE           	17CF8	0000	545

/opt/microchip/xc8/v2.10/pic/sources/c99/common/strncmp.c estimated size: 545

/opt/microchip/xc8/v2.10/pic/sources/c99/common/tolower.c
		_tolower       		CODE           	1AA7C	0000	133

/opt/microchip/xc8/v2.10/pic/sources/c99/common/tolower.c estimated size: 133

/opt/microchip/xc8/v2.10/pic/sources/c99/common/flneg.c
		___flneg       		CODE           	1B1D6	0000	73

/opt/microchip/xc8/v2.10/pic/sources/c99/common/flneg.c estimated size: 73

/opt/microchip/xc8/v2.10/pic/sources/c99/common/nf_fputc.c
		_fputc         		CODE           	19636	0000	293

/opt/microchip/xc8/v2.10/pic/sources/c99/common/nf_fputc.c estimated size: 293

/opt/microchip/xc8/v2.10/pic/sources/c99/common/fabsf.c
		_fabsf         		CODE           	1A466	0000	175

/opt/microchip/xc8/v2.10/pic/sources/c99/common/fabsf.c estimated size: 175

/opt/microchip/xc8/v2.10/pic/sources/c99/pic18/asfladd.c
		___asfladd     		CODE           	1AB7E	0000	121

/opt/microchip/xc8/v2.10/pic/sources/c99/pic18/asfladd.c estimated size: 121

mcc_generated_files/adcc.c
		_ADCC_DefaultInterruptHandler		CODE           	1BF28	0000	3
		_ADCC_SetADTIInterruptHandler		CODE           	1BAAE	0000	41
		_ADCC_SetADIInterruptHandler		CODE           	1BAD6	0000	41
		_ADCC_ISR      		CODE           	1B824	0000	45
		_ADCC_ThresholdISR		CODE           	1AD3C	0000	107
		_ADCC_StartConversion		CODE           	1BE00	0000	19
		_ADCC_Initialize		CODE           	1ACD2	0000	107
		_ADCC_DischargeSampleCapacitor		CODE           	1BED2	0000	9

mcc_generated_files/adcc.c estimated size: 372

main.c
		_main          		CODE           	11244	0000	4431

main.c estimated size: 4431

/opt/microchip/xc8/v2.10/pic/sources/c99/common/lomod.c
		___lomod       		CODE           	19288	0000	321

/opt/microchip/xc8/v2.10/pic/sources/c99/common/lomod.c estimated size: 321

mcc_generated_files/dma2.c
		_DMA2_Initialize		CODE           	1AFEE	0000	91

mcc_generated_files/dma2.c estimated size: 91

/opt/microchip/xc8/v2.10/pic/sources/c99/common/isdigit.c
		_isdigit       		CODE           	1B798	0000	49

/opt/microchip/xc8/v2.10/pic/sources/c99/common/isdigit.c estimated size: 49

/opt/microchip/xc8/v2.10/pic/sources/c99/common/sprcadd.c
		___flsub       		CODE           	1B382	0000	71
		___fladd       		CODE           	13B68	0000	1981

/opt/microchip/xc8/v2.10/pic/sources/c99/common/sprcadd.c estimated size: 2052

