Microchip MPLAB XC8 Compiler V2.10 ()

Linker command line:

-W-3 --edf=/opt/microchip/xc8/v2.10/pic/dat/en_msgs.txt -pivt0x8=08h -cs \
  -h+dist/default/production/touch_v2.X.production.sym \
  --cmf=dist/default/production/touch_v2.X.production.cmf -z -Q18F57K42 \
  -o/tmp/xcXRhpU9u --defsym=__MPLAB_BUILD=1 \
  -Mdist/default/production/touch_v2.X.production.map -E1 -ver=XC8 \
  --acfsm=1493 -ASTACK=0CD1h-01FFFh -pstack=STACK -ACODE=00h-01FFFFh \
  -ACONST=00h-01FFFFh -ASMALLCONST=02000h-020FFhx480 \
  -AMEDIUMCONST=02000h-0FFFFh,012000h-01FFFFh -ACOMRAM=01h-05Fh \
  -AABS1=00h-01FFFh -ABIGRAM=01h-01FFFh -ARAM=060h-0FFh,0100h-01FFhx31 \
  -ABANK0=060h-0FFh -ABANK1=0100h-01FFh -ABANK2=0200h-02FFh \
  -ABANK3=0300h-03FFh -ABANK4=0400h-04FFh -ABANK5=0500h-05FFh \
  -ABANK6=0600h-06FFh -ABANK7=0700h-07FFh -ABANK8=0800h-08FFh \
  -ABANK9=0900h-09FFh -ABANK10=0A00h-0AFFh -ABANK11=0B00h-0BFFh \
  -ABANK12=0C00h-0CFFh -ABANK13=0D00h-0DFFh -ABANK14=0E00h-0EFFh \
  -ABANK15=0F00h-0FFFh -ABANK16=01000h-010FFh -ABANK17=01100h-011FFh \
  -ABANK18=01200h-012FFh -ABANK19=01300h-013FFh -ABANK20=01400h-014FFh \
  -ABANK21=01500h-015FFh -ABANK22=01600h-016FFh -ABANK23=01700h-017FFh \
  -ABANK24=01800h-018FFh -ABANK25=01900h-019FFh -ABANK26=01A00h-01AFFh \
  -ABANK27=01B00h-01BFFh -ABANK28=01C00h-01CFFh -ABANK29=01D00h-01DFFh \
  -ABANK30=01E00h-01EFFh -ABANK31=01F00h-01FFFh \
  -ASFR=03800h-038FFhx7,03F00h-03F5Fh,03F60h-03FFFh -preset_vec=00h \
  -ppowerup=CODE,init -pramtop=02000h -psmallconst=SMALLCONST \
  -pmediumconst=MEDIUMCONST -pconst=CONST -AFARRAM=00h-00h \
  -ACONFIG=0300000h-0300009h -pconfig=CONFIG -AIDLOC=0200000h-020000Fh \
  -pidloc=IDLOC -AEEDATA=0310000h-03103FFh -peeprom_data=EEDATA \
  -prdata=COMRAM,nvrram=COMRAM,nvbit=COMRAM,rbss=COMRAM,rbit=COMRAM \
  -pfarbss=FARRAM,fardata=FARRAM,nvFARRAM=FARRAM \
  -pintsave_regs=BIGRAM,bigbss=BIGRAM,bigdata=BIGRAM -pbss=RAM \
  -pidata=CODE,irdata=CODE,ibigdata=CODE,ifardata=CODE -prparam=COMRAM \
  /tmp/xcX5Pqkvk.o dist/default/production/touch_v2.X.production.o 

Object code version is 3.11

Machine type is 18F57K42

Call graph: (short form)




                Name                               Link     Load   Length Selector   Space Scale
/tmp/xcX5Pqkvk.o
                stack                               CD1      CD1     132F      CD1       2
                init                                 AE       AE        8        4       0
                reset_vec                             0        0        4        0       0
                idloc                            200000   200000       10   200000       0
                config                           300000   300000        A   300000       0
dist/default/production/touch_v2.X.production.o
                temp                                  1        1       20        1       1
                mediumconst                        F812     F812      7EE     7C09       0
                ivt0x8                                8        8       A6        4       0
                text223                            2010     2010        A      804       0
                text222                            2004     2004        A      801       0
                text221                            1FF8     1FF8        A      7FE       0
                text220                            1FD4     1FD4        E      7F5       0
                text219                            11BA     11BA       4E      2DF       0
                text218                            1CCC     1CCC       24      6E8       0
                text217                            1E6C     1E6C       1A      79B       0
                text216                            1DB8     1DB8       20      6E8       0
                text215                            1BF0     1BF0       28      6E8       0
                text214                            1968     1968       2C      64F       0
                text213                            1BC8     1BC8       28      6E8       0
                text212                            1D56     1D56       22      6E8       0
                text211                            1BA0     1BA0       28      6E8       0
                text210                             B7C      B7C       6A      2DF       0
                text209                            206E     206E        2      804       0
                text208                            206C     206C        2      804       0
                text207                             7D2      7D2       82        4       0
                text206                            193C     193C       2C      64F       0
                text205                            2060     2060        6      804       0
                text204                            206A     206A        2      804       0
                text203                            1CA8     1CA8       24      6E8       0
                text202                            1FC4     1FC4        E      7F1       0
                text201                             94E      94E       78        4       0
                text200                            1FEC     1FEC        A      7F5       0
                text199                            111A     111A       52      2DF       0
                text198                           14690    14690      A6E     8000       0
                text197                            2068     2068        2      804       0
                text196                            1C84     1C84       24      6E8       0
                text195                            1584     1584       40      2DF       0
                text194                           1DFB8    1DFB8      162     8000       0
                text193                            1FB4     1FB4        E      79B       0
                text192                            1F88     1F88       10      79B       0
                text191                           1C292    1C292      226     8000       0
                text190                            16B0     16B0       38      2DF       0
                text189                            1C60     1C60       24      6E8       0
                text188                            1544     1544       40      2DF       0
                text187                           1F65C    1F65C       E2     8000       0
                text186                           1E67A    1E67A      142     8000       0
                text185                            2066     2066        2      804       0
                text184                            1C3C     1C3C       24      6E8       0
                text183                            15C4     15C4       3E      2DF       0
                text182                            1B76     1B76       28      64F       0
                text181                            1B4E     1B4E       28      64F       0
                text180                             B10      B10       6A        4       0
                text179                            1FE2     1FE2        A      7F5       0
                text178                             638      638       92        4       0
                text177                             AA6      AA6       6A        4       0
                text176                            1018     1018       5A      2DF       0
                text175                            1B26     1B26       28      64F       0
                text174                            1AFE     1AFE       28      64F       0
                text173                            17BA     17BA       34      2DF       0
                text172                            203A     203A        8      804       0
                text171                             CB4      CB4       66      2DF       0
                text170                            1EFA     1EFA       16      79B       0
                text169                             5A6      5A6       92        4       0
                text168                            1F10     1F10       14      79B       0
                text167                            1EE4     1EE4       16      79B       0
                text166                            1ECE     1ECE       16      79B       0
                text165                            1EB6     1EB6       18      79B       0
                text164                            1AD6     1AD6       28      64F       0
                text163                            132A     132A       48      2DF       0
                text162                            1AAE     1AAE       28      64F       0
                text161                            12E2     12E2       48      2DF       0
                text160                            1A86     1A86       28      64F       0
                text159                            1994     1994       2A      64F       0
                text158                            1A5E     1A5E       28      64F       0
                text157                            129A     129A       48      2DF       0
                text156                            1A36     1A36       28      64F       0
                text155                            1A0E     1A0E       28      64F       0
                text154                             EA6      EA6       60      2DF       0
                text153                            116C     116C       4E      2DF       0
                text152                           16312    16312      82A     8000       0
                text151                           16B3C    16B3C      7BC     8000       0
                text150                            13B8     13B8       46      2DF       0
                text149                           1D092    1D092      1BC     8000       0
                text148                            1D34     1D34       22      6E8       0
                text147                            205A     205A        6      804       0
                text146                           191F4    191F4      45A     8000       0
                text145                           1DE56    1DE56      162     8000       0
                text144                           179B4    179B4      57A     8000       0
                text143                           1CB06    1CB06      204     8000       0
                text142                            1D12     1D12       22      6E8       0
                text141                             E44      E44       62      2DF       0
                text140                           18444    18444      4BC     8000       0
                text139                           1FD72    1FD72       AE     8000       0
                text138                           1D706    1D706      186     8000       0
                text137                             9C6      9C6       72        4       0
                text136                            2032     2032        8      804       0
                text135                            202A     202A        8      804       0
                text134                            1504     1504       40      2DF       0
                text133                            19E6     19E6       28      64F       0
                text132                            1678     1678       38      2DF       0
                text131                            1442     1442       42      2DF       0
                text130                            1FA6     1FA6        E      79B       0
                text129                            1E9E     1E9E       18      79B       0
                text128                            1E32     1E32       1E      6E8       0
                text127                            1F78     1F78       10      79B       0
                text126                            1E14     1E14       1E      6E8       0
                text125                            18B0     18B0       30      2DF       0
                text124                            10C8     10C8       52      2DF       0
                text123                           1B702    1B702      274     8000       0
                text122                              B6       B6       AA        4       0
                text121                            1E50     1E50       1A      6E8       0
                text120                           1EA34    1EA34      124     8000       0
                text119                             3EA      3EA       98        4       0
                text118                             2AE      2AE       A2        4       0
                text117                           1EEA2    1EEA2      114     8000       0
                text116                           1FF78    1FF78       88     FFBC       0
                text115                           1B482    1B482      280     8000       0
                text114                           1BE22    1BE22      240     8000       0
                text113                            1372     1372       46      2DF       0
                text112                           18900    18900      480     8000       0
                text111                           1E52C    1E52C      14E     8000       0
                text110                           1ED8A    1ED8A      118     8000       0
                text109                           1FA86    1FA86       C4     8000       0
                text108                            1252     1252       48      2DF       0
                text107                           1DB7E    1DB7E      172     8000       0
                text106                           1D24E    1D24E      196     8000       0
                text105                           19A08    19A08      36C     8000       0
                text104                           1F814    1F814       D4     8000       0
                text103                            1880     1880       30      2DF       0
                text102                             74E      74E       84        4       0
                text101                           113CE    113CE     1244     8000       0
                text100                           1ACC4    1ACC4      2BE     8000       0
                text99                            1C4B8    1C4B8      220     8000       0
                text98                            1D88C    1D88C      180     8000       0
                text97                            1E7BC    1E7BC      140     8000       0
                text96                            1A0C4    1A0C4      340     8000       0
                text95                             13FE     13FE       44      2DF       0
                text94                             1850     1850       30      2DF       0
                text93                              6CA      6CA       84        4       0
                text92                            1964E    1964E      3BA     8000       0
                text91                            136E4    136E4      FAC     8000       0
                text90                            1FE20    1FE20       AC     8000       0
                text89                              DE2      DE2       62      2DF       0
                text88                            1A700    1A700      2EC     8000       0
                text87                              514      514       92        4       0
                text86                             2054     2054        6      804       0
                text85                             204E     204E        6      804       0
                text84                              208      208       A6        4       0
                text83                             1208     1208       4A      2DF       0
                text82                              FBE      FBE       5A      2DF       0
                text81                             1CF0     1CF0       22      6E8       0
                text80                             1DF6     1DF6       1E      6E8       0
                text79                              160      160       A8        4       0
                text78                            1E11A    1E11A      160     8000       0
                text77                             16E8     16E8       36      2DF       0
                text76                             18E0     18E0       2E      2DF       0
                text75                            1EFB6    1EFB6      10A     8000       0
                text74                            1D578    1D578      18E     8000       0
                text73                            1C8F4    1C8F4      212     8000       0
                text72                              C4E      C4E       66      2DF       0
                text71                            1FC04    1FC04       B8     8000       0
                text70                              854      854       80        4       0
                text69                              482      482       92        4       0
                text68                             2048     2048        6      804       0
                text67                             190E     190E       2C      2DF       0
                text66                            1F576    1F576       E6     8000       0
                text65                             2022     2022        8      804       0
                text64                             1F36     1F36       12      79B       0
                text63                              D7E      D7E       64      2DF       0
                text62                             1F24     1F24       12      79B       0
                text61                            1F9B8    1F9B8       CE     8000       0
                text60                            1DA0C    1DA0C      172     8000       0
                text59                             1F68     1F68       10      79B       0
                text58                             2042     2042        6      804       0
                text57                              BE6      BE6       68      2DF       0
                text56                            1E3D4    1E3D4      158     8000       0
                text55                            18D80    18D80      474     8000       0
                text54                              350      350       9A        4       0
                text53                            1EB58    1EB58      11A     8000       0
                text52                            17F2E    17F2E      516     8000       0
                text51                            1D3E4    1D3E4      194     8000       0
                text50                            1DCF0    1DCF0      166     8000       0
                text49                            1F73E    1F73E       D6     8000       0
                text48                            1E27A    1E27A      15A     8000       0
                text47                            12612    12612     10D2     8000       0
                text46                            1A404    1A404      2FC     8000       0
                text45                            1F2AE    1F2AE       F2     8000       0
                text44                            1C062    1C062      230     8000       0
                text43                            1B202    1B202      280     8000       0
                text42                            1AF82    1AF82      280     8000       0
                text41                            1F3A0    1F3A0       EC     8000       0
                text40                            150FE    150FE      972     8000       0
                text39                              D1A      D1A       64      2DF       0
                text38                            172F8    172F8      6BC     8000       0
                text37                            1F1B8    1F1B8       F6     8000       0
                text36                             1602     1602       3C      2DF       0
                text35                            15A70    15A70      8A2     8000       0
                text34                            1B976    1B976      266     8000       0
                text33                             1D98     1D98       20      6E8       0
                text32                              F06      F06       5E      2DF       0
                text31                            1CED4    1CED4      1BE     8000       0
                text30                             1F98     1F98        E      79B       0
                text29                             1F58     1F58       10      79B       0
                text28                             1F48     1F48       10      79B       0
                text27                             201A     201A        8      804       0
                text26                             163E     163E       3A      2DF       0
                text25                            1A9EC    1A9EC      2D8     8000       0
                text24                            1E8FC    1E8FC      138     8000       0
                text23                            1C6D8    1C6D8      21C     8000       0
                text22                            1FB4A    1FB4A       BA     8000       0
                text21                            1BBDC    1BBDC      246     8000       0
                text20                             19BE     19BE       28      64F       0
                text19                             1DD8     1DD8       1E      6E8       0
                text18                             14C4     14C4       40      2DF       0
                text17                             1484     1484       40      2DF       0
                text16                             1C18     1C18       24      6E8       0
                text15                            1F48C    1F48C       EA     8000       0
                text14                             1820     1820       30      2DF       0
                text13                             1E86     1E86       18      79B       0
                text12                             17EE     17EE       32      2DF       0
                text11                            1CD0A    1CD0A      1CA     8000       0
                text10                              8D4      8D4       7A        4       0
                text9                             1FCBC    1FCBC       B6     8000       0
                text8                             1EC72    1EC72      118     8000       0
                text7                              1786     1786       34      2DF       0
                text6                              1752     1752       34      2DF       0
                text5                              171E     171E       34      2DF       0
                text4                              1D78     1D78       20      6E8       0
                text3                               F64      F64       5A      2DF       0
                text2                              1072     1072       56      2DF       0
                text1                               A38      A38       6E        4       0
                text0                             10000    10000     13CE     8000       0
                cstackCOMRAM                         21       21       19        1       1
                cstackBANK0                          E7       E7       19       60       1
                dataBIGRAM                          6FF      6FF      350      6FF       1
                bssBIGRAM                           A4F      A4F      282      6FF       1
                bssBANK6                            600      600       FF      600       1
                bssBANK5                            500      500       AB      500       1
                bssBANK4                            400      400       C6      400       1
                bssBANK3                            300      300       F7      300       1
                dataBANK2                           200      200       AB      200       1
                bssBANK2                            2AB      2AB       4B      200       1
                dataBANK1                           100      100       D0      100       1
                bssBANK1                            1D0      1D0       2E      100       1
                bssBANK0                             60       60       87       60       1
                bssCOMRAM                            3A       3A        E        1       1
                cinit                             1F0C0    1F0C0       F8     8000       0
                idataBANK2                        1FECC    1FECC       AB     8000       0
                idataBANK1                        1F8E8    1F8E8       D0     8000       0
                idataBIGRAM                       19D74    19D74      350     8000       0

TOTAL           Name                               Link     Load   Length     Space
        CLASS   STACK          
                stack                               CD1      CD1     132F         2

        CLASS   CODE           
                init                                 AE       AE        8         0
                reset_vec                             0        0        4         0
                ivt0x8                                8        8       A6         0
                text223                            2010     2010        A         0
                text222                            2004     2004        A         0
                text221                            1FF8     1FF8        A         0
                text220                            1FD4     1FD4        E         0
                text219                            11BA     11BA       4E         0
                text218                            1CCC     1CCC       24         0
                text217                            1E6C     1E6C       1A         0
                text216                            1DB8     1DB8       20         0
                text215                            1BF0     1BF0       28         0
                text214                            1968     1968       2C         0
                text213                            1BC8     1BC8       28         0
                text212                            1D56     1D56       22         0
                text211                            1BA0     1BA0       28         0
                text210                             B7C      B7C       6A         0
                text209                            206E     206E        2         0
                text208                            206C     206C        2         0
                text207                             7D2      7D2       82         0
                text206                            193C     193C       2C         0
                text205                            2060     2060        6         0
                text204                            206A     206A        2         0
                text203                            1CA8     1CA8       24         0
                text202                            1FC4     1FC4        E         0
                text201                             94E      94E       78         0
                text200                            1FEC     1FEC        A         0
                text199                            111A     111A       52         0
                text198                           14690    14690      A6E         0
                text197                            2068     2068        2         0
                text196                            1C84     1C84       24         0
                text195                            1584     1584       40         0
                text194                           1DFB8    1DFB8      162         0
                text193                            1FB4     1FB4        E         0
                text192                            1F88     1F88       10         0
                text191                           1C292    1C292      226         0
                text190                            16B0     16B0       38         0
                text189                            1C60     1C60       24         0
                text188                            1544     1544       40         0
                text187                           1F65C    1F65C       E2         0
                text186                           1E67A    1E67A      142         0
                text185                            2066     2066        2         0
                text184                            1C3C     1C3C       24         0
                text183                            15C4     15C4       3E         0
                text182                            1B76     1B76       28         0
                text181                            1B4E     1B4E       28         0
                text180                             B10      B10       6A         0
                text179                            1FE2     1FE2        A         0
                text178                             638      638       92         0
                text177                             AA6      AA6       6A         0
                text176                            1018     1018       5A         0
                text175                            1B26     1B26       28         0
                text174                            1AFE     1AFE       28         0
                text173                            17BA     17BA       34         0
                text172                            203A     203A        8         0
                text171                             CB4      CB4       66         0
                text170                            1EFA     1EFA       16         0
                text169                             5A6      5A6       92         0
                text168                            1F10     1F10       14         0
                text167                            1EE4     1EE4       16         0
                text166                            1ECE     1ECE       16         0
                text165                            1EB6     1EB6       18         0
                text164                            1AD6     1AD6       28         0
                text163                            132A     132A       48         0
                text162                            1AAE     1AAE       28         0
                text161                            12E2     12E2       48         0
                text160                            1A86     1A86       28         0
                text159                            1994     1994       2A         0
                text158                            1A5E     1A5E       28         0
                text157                            129A     129A       48         0
                text156                            1A36     1A36       28         0
                text155                            1A0E     1A0E       28         0
                text154                             EA6      EA6       60         0
                text153                            116C     116C       4E         0
                text152                           16312    16312      82A         0
                text151                           16B3C    16B3C      7BC         0
                text150                            13B8     13B8       46         0
                text149                           1D092    1D092      1BC         0
                text148                            1D34     1D34       22         0
                text147                            205A     205A        6         0
                text146                           191F4    191F4      45A         0
                text145                           1DE56    1DE56      162         0
                text144                           179B4    179B4      57A         0
                text143                           1CB06    1CB06      204         0
                text142                            1D12     1D12       22         0
                text141                             E44      E44       62         0
                text140                           18444    18444      4BC         0
                text139                           1FD72    1FD72       AE         0
                text138                           1D706    1D706      186         0
                text137                             9C6      9C6       72         0
                text136                            2032     2032        8         0
                text135                            202A     202A        8         0
                text134                            1504     1504       40         0
                text133                            19E6     19E6       28         0
                text132                            1678     1678       38         0
                text131                            1442     1442       42         0
                text130                            1FA6     1FA6        E         0
                text129                            1E9E     1E9E       18         0
                text128                            1E32     1E32       1E         0
                text127                            1F78     1F78       10         0
                text126                            1E14     1E14       1E         0
                text125                            18B0     18B0       30         0
                text124                            10C8     10C8       52         0
                text123                           1B702    1B702      274         0
                text122                              B6       B6       AA         0
                text121                            1E50     1E50       1A         0
                text120                           1EA34    1EA34      124         0
                text119                             3EA      3EA       98         0
                text118                             2AE      2AE       A2         0
                text117                           1EEA2    1EEA2      114         0
                text116                           1FF78    1FF78       88         0
                text115                           1B482    1B482      280         0
                text114                           1BE22    1BE22      240         0
                text113                            1372     1372       46         0
                text112                           18900    18900      480         0
                text111                           1E52C    1E52C      14E         0
                text110                           1ED8A    1ED8A      118         0
                text109                           1FA86    1FA86       C4         0
                text108                            1252     1252       48         0
                text107                           1DB7E    1DB7E      172         0
                text106                           1D24E    1D24E      196         0
                text105                           19A08    19A08      36C         0
                text104                           1F814    1F814       D4         0
                text103                            1880     1880       30         0
                text102                             74E      74E       84         0
                text101                           113CE    113CE     1244         0
                text100                           1ACC4    1ACC4      2BE         0
                text99                            1C4B8    1C4B8      220         0
                text98                            1D88C    1D88C      180         0
                text97                            1E7BC    1E7BC      140         0
                text96                            1A0C4    1A0C4      340         0
                text95                             13FE     13FE       44         0
                text94                             1850     1850       30         0
                text93                              6CA      6CA       84         0
                text92                            1964E    1964E      3BA         0
                text91                            136E4    136E4      FAC         0
                text90                            1FE20    1FE20       AC         0
                text89                              DE2      DE2       62         0
                text88                            1A700    1A700      2EC         0
                text87                              514      514       92         0
                text86                             2054     2054        6         0
                text85                             204E     204E        6         0
                text84                              208      208       A6         0
                text83                             1208     1208       4A         0
                text82                              FBE      FBE       5A         0
                text81                             1CF0     1CF0       22         0
                text80                             1DF6     1DF6       1E         0
                text79                              160      160       A8         0
                text78                            1E11A    1E11A      160         0
                text77                             16E8     16E8       36         0
                text76                             18E0     18E0       2E         0
                text75                            1EFB6    1EFB6      10A         0
                text74                            1D578    1D578      18E         0
                text73                            1C8F4    1C8F4      212         0
                text72                              C4E      C4E       66         0
                text71                            1FC04    1FC04       B8         0
                text70                              854      854       80         0
                text69                              482      482       92         0
                text68                             2048     2048        6         0
                text67                             190E     190E       2C         0
                text66                            1F576    1F576       E6         0
                text65                             2022     2022        8         0
                text64                             1F36     1F36       12         0
                text63                              D7E      D7E       64         0
                text62                             1F24     1F24       12         0
                text61                            1F9B8    1F9B8       CE         0
                text60                            1DA0C    1DA0C      172         0
                text59                             1F68     1F68       10         0
                text58                             2042     2042        6         0
                text57                              BE6      BE6       68         0
                text56                            1E3D4    1E3D4      158         0
                text55                            18D80    18D80      474         0
                text54                              350      350       9A         0
                text53                            1EB58    1EB58      11A         0
                text52                            17F2E    17F2E      516         0
                text51                            1D3E4    1D3E4      194         0
                text50                            1DCF0    1DCF0      166         0
                text49                            1F73E    1F73E       D6         0
                text48                            1E27A    1E27A      15A         0
                text47                            12612    12612     10D2         0
                text46                            1A404    1A404      2FC         0
                text45                            1F2AE    1F2AE       F2         0
                text44                            1C062    1C062      230         0
                text43                            1B202    1B202      280         0
                text42                            1AF82    1AF82      280         0
                text41                            1F3A0    1F3A0       EC         0
                text40                            150FE    150FE      972         0
                text39                              D1A      D1A       64         0
                text38                            172F8    172F8      6BC         0
                text37                            1F1B8    1F1B8       F6         0
                text36                             1602     1602       3C         0
                text35                            15A70    15A70      8A2         0
                text34                            1B976    1B976      266         0
                text33                             1D98     1D98       20         0
                text32                              F06      F06       5E         0
                text31                            1CED4    1CED4      1BE         0
                text30                             1F98     1F98        E         0
                text29                             1F58     1F58       10         0
                text28                             1F48     1F48       10         0
                text27                             201A     201A        8         0
                text26                             163E     163E       3A         0
                text25                            1A9EC    1A9EC      2D8         0
                text24                            1E8FC    1E8FC      138         0
                text23                            1C6D8    1C6D8      21C         0
                text22                            1FB4A    1FB4A       BA         0
                text21                            1BBDC    1BBDC      246         0
                text20                             19BE     19BE       28         0
                text19                             1DD8     1DD8       1E         0
                text18                             14C4     14C4       40         0
                text17                             1484     1484       40         0
                text16                             1C18     1C18       24         0
                text15                            1F48C    1F48C       EA         0
                text14                             1820     1820       30         0
                text13                             1E86     1E86       18         0
                text12                             17EE     17EE       32         0
                text11                            1CD0A    1CD0A      1CA         0
                text10                              8D4      8D4       7A         0
                text9                             1FCBC    1FCBC       B6         0
                text8                             1EC72    1EC72      118         0
                text7                              1786     1786       34         0
                text6                              1752     1752       34         0
                text5                              171E     171E       34         0
                text4                              1D78     1D78       20         0
                text3                               F64      F64       5A         0
                text2                              1072     1072       56         0
                text1                               A38      A38       6E         0
                text0                             10000    10000     13CE         0
                cinit                             1F0C0    1F0C0       F8         0
                idataBANK2                        1FECC    1FECC       AB         0
                idataBANK1                        1F8E8    1F8E8       D0         0
                idataBIGRAM                       19D74    19D74      350         0

        CLASS   CONST          

        CLASS   SMALLCONST     

        CLASS   MEDIUMCONST    
                mediumconst                        F812     F812      7EE         0

        CLASS   COMRAM         
                temp                                  1        1       20         1
                cstackCOMRAM                         21       21       19         1
                bssCOMRAM                            3A       3A        E         1

        CLASS   ABS1           

        CLASS   BIGRAM         
                dataBIGRAM                          6FF      6FF      350         1
                bssBIGRAM                           A4F      A4F      282         1

        CLASS   RAM            

        CLASS   BANK0          
                cstackBANK0                          E7       E7       19         1
                bssBANK0                             60       60       87         1

        CLASS   BANK1          
                dataBANK1                           100      100       D0         1
                bssBANK1                            1D0      1D0       2E         1

        CLASS   BANK2          
                dataBANK2                           200      200       AB         1
                bssBANK2                            2AB      2AB       4B         1

        CLASS   BANK3          
                bssBANK3                            300      300       F7         1

        CLASS   BANK4          
                bssBANK4                            400      400       C6         1

        CLASS   BANK5          
                bssBANK5                            500      500       AB         1

        CLASS   BANK6          
                bssBANK6                            600      600       FF         1

        CLASS   BANK7          

        CLASS   BANK8          

        CLASS   BANK9          

        CLASS   BANK10         

        CLASS   BANK11         

        CLASS   BANK12         

        CLASS   BANK13         

        CLASS   BANK14         

        CLASS   BANK15         

        CLASS   BANK16         

        CLASS   BANK17         

        CLASS   BANK18         

        CLASS   BANK19         

        CLASS   BANK20         

        CLASS   BANK21         

        CLASS   BANK22         

        CLASS   BANK23         

        CLASS   BANK24         

        CLASS   BANK25         

        CLASS   BANK26         

        CLASS   BANK27         

        CLASS   BANK28         

        CLASS   BANK29         

        CLASS   BANK30         

        CLASS   BANK31         

        CLASS   SFR            

        CLASS   FARRAM         

        CLASS   CONFIG         
                config                           300000   300000        A         0

        CLASS   IDLOC          
                idloc                            200000   200000       10         0

        CLASS   EEDATA         



SEGMENTS        Name                           Load    Length   Top    Selector   Space  Class

                reset_vec                      000000  000004  000004         0       0  CODE    
                temp                           000001  000047  000048         1       1  COMRAM  
                ivt0x8                         000008  000B72  000B7A         4       0  CODE    
                bssBANK0                       000060  0000A0  000100        60       1  BANK0   
                dataBANK1                      000100  0000FE  0001FE       100       1  BANK1   
                dataBANK2                      000200  0000F6  0002F6       200       1  BANK2   
                bssBANK3                       000300  0000F7  0003F7       300       1  BANK3   
                bssBANK4                       000400  0000C6  0004C6       400       1  BANK4   
                bssBANK5                       000500  0000AB  0005AB       500       1  BANK5   
                bssBANK6                       000600  0000FF  0006FF       600       1  BANK6   
                dataBIGRAM                     0006FF  0005D2  000CD1       6FF       1  BIGRAM  
                text210                        000B7C  000DBE  00193A       2DF       0  CODE    
                stack                          000CD1  00132F  002000       CD1       2  STACK   
                text206                        00193C  000262  001B9E       64F       0  CODE    
                text211                        001BA0  0002CA  001E6A       6E8       0  CODE    
                text217                        001E6C  000156  001FC2       79B       0  CODE    
                text202                        001FC4  00000E  001FD2       7F1       0  CODE    
                text220                        001FD4  000022  001FF6       7F5       0  CODE    
                text221                        001FF8  00000A  002002       7FE       0  CODE    
                text222                        002004  00000A  00200E       801       0  CODE    
                text223                        002010  000060  002070       804       0  CODE    
                mediumconst                    00F812  0007EE  010000      7C09       0  MEDIUMCO
                text0                          010000  00FF77  01FF77      8000       0  CODE    
                text116                        01FF78  000088  020000      FFBC       0  CODE    
                idloc                          200000  000010  200010    200000       0  IDLOC   
                config                         300000  00000A  30000A    300000       0  CONFIG  


UNUSED ADDRESS RANGES

        Name                Unused          Largest block    Delta
        BANK1            0001FE-0001FF                2
        BANK12           000CD1-000CFF               2F
        BANK13           000D00-000DFF              100
        BANK14           000E00-000EFF              100
        BANK15           000F00-000FFF              100
        BANK16           001000-0010FF              100
        BANK17           001100-0011FF              100
        BANK18           001200-0012FF              100
        BANK19           001300-0013FF              100
        BANK2            0002F6-0002FF                A
        BANK20           001400-0014FF              100
        BANK21           001500-0015FF              100
        BANK22           001600-0016FF              100
        BANK23           001700-0017FF              100
        BANK24           001800-0018FF              100
        BANK25           001900-0019FF              100
        BANK26           001A00-001AFF              100
        BANK27           001B00-001BFF              100
        BANK28           001C00-001CFF              100
        BANK29           001D00-001DFF              100
        BANK3            0003F7-0003FF                9
        BANK30           001E00-001EFF              100
        BANK31           001F00-001FFF              100
        BANK4            0004C6-0004FF               3A
        BANK5            0005AB-0005FF               55
        BIGRAM           000048-00005F               18
                         0001FE-0001FF                2
                         0002F6-0002FF                A
                         0003F7-0003FF                9
                         0004C6-0004FF               3A
                         0005AB-0005FF               55
                         000CD1-001FFF             132F
        CODE             000004-000007                4
                         000B7A-000B7B                2
                         00193A-00193B                2
                         001B9E-001B9F                2
                         001E6A-001E6B                2
                         001FC2-001FC3                2
                         001FD2-001FD3                2
                         001FF6-001FF7                2
                         002002-002003                2
                         00200E-00200F                2
                         002070-00F811             D7A2
                         01FF77-01FF77                1
        COMRAM           000048-00005F               18
        CONST            000004-000007                4
                         000B7A-000B7B                2
                         00193A-00193B                2
                         001B9E-001B9F                2
                         001E6A-001E6B                2
                         001FC2-001FC3                2
                         001FD2-001FD3                2
                         001FF6-001FF7                2
                         002002-002003                2
                         00200E-00200F                2
                         002070-00F811             D7A2
                         01FF77-01FF77                1
        EEDATA           310000-3103FF              400
        MEDIUMCONST      002002-002003                2
                         00200E-00200F                2
                         002070-00F811             D7A2
                         01FF77-01FF77                1
        RAM              0001FE-0001FF                2
                         0002F6-0002FF                A
                         0003F7-0003FF                9
                         0004C6-0004FF               3A
                         0005AB-0005FF               55
                         000CD1-001FFF              100
        SFR              003800-003FFF              100
        SMALLCONST       002002-002003                2
                         00200E-00200F                2
                         002070-00F811              100
                         01FF77-01FF77                1

                                  Symbol Table

IVTBASEH                                    (abs)        003FD6
IVTBASEL                                    (abs)        003FD5
IVTBASEU                                    (abs)        003FD7
TMR3_ISR@CountCallBack                      bssBANK0     0000C8
TMR5_ISR@CountCallBack                      bssBANK0     0000CC
_ADACCU                                     (abs)        003EEA
_ADACQH                                     (abs)        003EF4
_ADACQL                                     (abs)        003EF3
_ADACT                                      (abs)        003EFE
_ADCAP                                      (abs)        003EF5
_ADCC_ADI_InterruptHandler                  bssBANK0     0000AE
_ADCC_ADTI_InterruptHandler                 bssBANK0     0000AB
_ADCC_DefaultInterruptHandler               text208      00206C
_ADCC_DischargeSampleCapacitor              text65       002022
_ADCC_ISR                                   text206      00193C
_ADCC_Initialize                            text180      000B10
_ADCC_SetADIInterruptHandler                text182      001B76
_ADCC_SetADTIInterruptHandler               text181      001B4E
_ADCC_StartConversion                       text64       001F36
_ADCC_ThresholdISR                          text210      000B7C
_ADCLK                                      (abs)        003EFF
_ADCON0                                     (abs)        003EF8
_ADCON0bits                                 (abs)        003EF8
_ADCON1                                     (abs)        003EF9
_ADCON2                                     (abs)        003EFA
_ADCON3                                     (abs)        003EFB
_ADFLTRH                                    (abs)        003EE7
_ADFLTRL                                    (abs)        003EE6
_ADLTHH                                     (abs)        003EDF
_ADLTHL                                     (abs)        003EDE
_ADPCH                                      (abs)        003EF1
_ADPREH                                     (abs)        003EF7
_ADPREL                                     (abs)        003EF6
_ADREF                                      (abs)        003EFD
_ADRPT                                      (abs)        003EEC
_ADSTAT                                     (abs)        003EFC
_ADSTPTH                                    (abs)        003EE5
_ADSTPTL                                    (abs)        003EE4
_ADUTHH                                     (abs)        003EE1
_ADUTHL                                     (abs)        003EE0
_ANSELA                                     (abs)        003A40
_ANSELB                                     (abs)        003A50
_ANSELC                                     (abs)        003A60
_ANSELD                                     (abs)        003A70
_ANSELE                                     (abs)        003A80
_ANSELF                                     (abs)        003A90
_BVSOC_TABLE                                mediumconst  00F813
_C                                          dataBIGRAM   0008FF
_CCPTMRS1bits                               (abs)        003F5F
_CLKRCLK                                    (abs)        003CE6
_CLKRCON                                    (abs)        003CE5
_CLKREF_Initialize                          text179      001FE2
_CRCACCH                                    (abs)        003963
_CRCACCL                                    (abs)        003962
_CRCCON0                                    (abs)        003968
_CRCCON0bits                                (abs)        003968
_CRCCON1                                    (abs)        003969
_CRCCON1bits                                (abs)        003969
_CRCDATH                                    (abs)        003961
_CRCDATL                                    (abs)        003960
_CRCXORH                                    (abs)        003967
_CRCXORL                                    (abs)        003966
_CRC_8BitDataWrite                          text62       001F24
_CRC_CalculatedResultGet                    text60       01DA0C
_CRC_Initialize                             text178      000638
_CRC_IsBusy                                 text59       001F68
_CRC_ReverseValue                           text61       01F9B8
_CRC_Start                                  text58       002042
_D                                          bssBIGRAM    000A4F
_DATAEE_ReadByte                            text12       0017EE
_DATAEE_WriteByte                           text57       000BE6
_DMA1AIRQ                                   (abs)        003BFE
_DMA1CON0                                   (abs)        003BFC
_DMA1CON0bits                               (abs)        003BFC
_DMA1CON1                                   (abs)        003BFD
_DMA1CON1bits                               (abs)        003BFD
_DMA1DSA                                    (abs)        003BF0
_DMA1DSZ                                    (abs)        003BEE
_DMA1PR                                     (abs)        0039F3
_DMA1SIRQ                                   (abs)        003BFF
_DMA1SSA                                    (abs)        003BF9
_DMA1SSZ                                    (abs)        003BF7
_DMA1_DMAA_ISR                              text222      002004
_DMA1_DMADCNT_ISR                           text221      001FF8
_DMA1_DMAOR_ISR                             text223      002010
_DMA1_DMASCNT_ISR                           text220      001FD4
_DMA1_Initialize                            text177      000AA6
_DMA2AIRQ                                   (abs)        003BDE
_DMA2CON0                                   (abs)        003BDC
_DMA2CON0bits                               (abs)        003BDC
_DMA2CON1                                   (abs)        003BDD
_DMA2CON1bits                               (abs)        003BDD
_DMA2DSA                                    (abs)        003BD0
_DMA2DSZ                                    (abs)        003BCE
_DMA2PR                                     (abs)        0039F4
_DMA2SIRQ                                   (abs)        003BDF
_DMA2SSA                                    (abs)        003BD9
_DMA2SSZ                                    (abs)        003BD7
_DMA2_Initialize                            text176      001018
_Default_ISR                                text205      002060
_EXT_INT_Initialize                         text173      0017BA
_FVRCON                                     (abs)        003EC1
_FVR_Initialize                             text172      00203A
_GIE                                        (abs)        01FE97
_H                                          dataBANK1    0001C7
_INT0PPS                                    (abs)        003AC0
_INT0_CallBack                              text203      001CA8
_INT0_DefaultInterruptHandler               text204      00206A
_INT0_ISR                                   text202      001FC4
_INT0_InterruptHandler                      bssBANK0     0000BD
_INT0_SetInterruptHandler                   text175      001B26
_INT1PPS                                    (abs)        003AC1
_INT1_CallBack                              text184      001C3C
_INT1_DefaultInterruptHandler               text185      002066
_INT1_ISR                                   text183      0015C4
_INT1_InterruptHandler                      bssBANK0     0000BA
_INT1_SetInterruptHandler                   text174      001AFE
_INTCON0bits                                (abs)        003FD2
_INTERRUPT_Initialize                       text171      000CB4
_IPR1bits                                   (abs)        003981
_IPR2bits                                   (abs)        003982
_IPR3bits                                   (abs)        003983
_IPR5bits                                   (abs)        003985
_IPR6bits                                   (abs)        003986
_IPR8bits                                   (abs)        003988
_IPR9bits                                   (abs)        003989
_ISRPR                                      (abs)        0039F1
_IVTADH                                     (abs)        00389E
_IVTADL                                     (abs)        00389D
_IVTADU                                     (abs)        00389F
_IVTLOCK                                    (abs)        003FD4
_IVTLOCKbits                                (abs)        003FD4
_LATA                                       (abs)        003FBA
_LATB                                       (abs)        003FBB
_LATC                                       (abs)        003FBC
_LATCbits                                   (abs)        003FBC
_LATD                                       (abs)        003FBD
_LATDbits                                   (abs)        003FBD
_LATE                                       (abs)        003FBE
_LATEbits                                   (abs)        003FBE
_LATF                                       (abs)        003FBF
_LATFbits                                   (abs)        003FBF
_MAINPR                                     (abs)        0039F2
_NVMADRH                                    (abs)        0039E1
_NVMADRL                                    (abs)        0039E0
_NVMCON1bits                                (abs)        0039E5
_NVMCON2                                    (abs)        0039E6
_NVMDAT                                     (abs)        0039E3
_ODCONA                                     (abs)        003A42
_ODCONB                                     (abs)        003A52
_ODCONC                                     (abs)        003A62
_ODCOND                                     (abs)        003A72
_ODCONE                                     (abs)        003A82
_ODCONF                                     (abs)        003A92
_OSCCON1                                    (abs)        0039D9
_OSCCON3                                    (abs)        0039DB
_OSCEN                                      (abs)        0039DD
_OSCFRQ                                     (abs)        0039DF
_OSCILLATOR_Initialize                      text170      001EFA
_OSCTUNE                                    (abs)        0039DE
_P                                          bssBANK0     00009E
_PIE1bits                                   (abs)        003991
_PIE2bits                                   (abs)        003992
_PIE3bits                                   (abs)        003993
_PIE5bits                                   (abs)        003995
_PIE6bits                                   (abs)        003996
_PIE8bits                                   (abs)        003998
_PIE9bits                                   (abs)        003999
_PIN_MANAGER_Initialize                     text169      0005A6
_PIR0bits                                   (abs)        0039A0
_PIR1bits                                   (abs)        0039A1
_PIR2bits                                   (abs)        0039A2
_PIR4bits                                   (abs)        0039A4
_PIR5bits                                   (abs)        0039A5
_PIR6bits                                   (abs)        0039A6
_PIR8bits                                   (abs)        0039A8
_PIR9bits                                   (abs)        0039A9
_PLLR                                       (abs)        01CEE0
_PMD0                                       (abs)        0039C0
_PMD1                                       (abs)        0039C1
_PMD2                                       (abs)        0039C2
_PMD3                                       (abs)        0039C3
_PMD4                                       (abs)        0039C4
_PMD5                                       (abs)        0039C5
_PMD6                                       (abs)        0039C6
_PMD7                                       (abs)        0039C7
_PMD_Initialize                             text168      001F10
_PORTBbits                                  (abs)        003FCB
_PORTDbits                                  (abs)        003FCD
_PORTFbits                                  (abs)        003FCF
_PWM8CON                                    (abs)        003F62
_PWM8DCH                                    (abs)        003F61
_PWM8DCL                                    (abs)        003F60
_PWM8_Initialize                            text167      001EE4
_PWM8_LoadDutyValue                         text131      001442
_R                                          dataBANK2    000200
_RB6PPS                                     (abs)        003A0E
_RC3PPS                                     (abs)        003A13
_RC5PPS                                     (abs)        003A15
_RC6PPS                                     (abs)        003A16
_RD1PPS                                     (abs)        003A19
_S                                          bssBANK2     0002AB
_SCANCON0                                   (abs)        00397C
_SCANHADRH                                  (abs)        00397A
_SCANHADRL                                  (abs)        003979
_SCANHADRU                                  (abs)        00397B
_SCANLADRH                                  (abs)        003977
_SCANLADRL                                  (abs)        003976
_SCANLADRU                                  (abs)        003978
_SCANPR                                     (abs)        0039F7
_SCANTRIG                                   (abs)        00397D
_SLRCONA                                    (abs)        003A43
_SLRCONB                                    (abs)        003A53
_SLRCONC                                    (abs)        003A63
_SLRCOND                                    (abs)        003A73
_SLRCONE                                    (abs)        003A83
_SLRCONF                                    (abs)        003A93
_SPI1BAUD                                   (abs)        003D19
_SPI1CLK                                    (abs)        003D1C
_SPI1CON0                                   (abs)        003D14
_SPI1CON0bits                               (abs)        003D14
_SPI1CON1                                   (abs)        003D15
_SPI1CON1bits                               (abs)        003D15
_SPI1CON2                                   (abs)        003D16
_SPI1INTFbits                               (abs)        003D1A
_SPI1RXB                                    (abs)        003D10
_SPI1SCKPPS                                 (abs)        003ADE
_SPI1SDIPPS                                 (abs)        003ADF
_SPI1STATUSbits                             (abs)        003D17
_SPI1TCNTL                                  (abs)        003D12
_SPI1TXB                                    (abs)        003D11
_SPI1_Exchange8bit                          text19       001DD8
_SPI1_Initialize                            text166      001ECE
_SYSTEM_Initialize                          text153      00116C
_StartTimer                                 text134      001504
_T                                          mediumconst  00F91F
_T2CLKCON                                   (abs)        003FAE
_T2CON                                      (abs)        003FAC
_T2HLT                                      (abs)        003FAD
_T2PR                                       (abs)        003FAB
_T2RST                                      (abs)        003FAF
_T2TMR                                      (abs)        003FAA
_T3CLK                                      (abs)        003FA9
_T3CON                                      (abs)        003FA6
_T3CONbits                                  (abs)        003FA6
_T3GATE                                     (abs)        003FA8
_T3GCON                                     (abs)        003FA7
_T5CLK                                      (abs)        003F9D
_T5CON                                      (abs)        003F9A
_T5CONbits                                  (abs)        003F9A
_T5GATE                                     (abs)        003F9C
_T5GCON                                     (abs)        003F9B
_T6CLKCON                                   (abs)        003F96
_T6CON                                      (abs)        003F94
_T6HLT                                      (abs)        003F95
_T6PR                                       (abs)        003F93
_T6RST                                      (abs)        003F97
_T6TMR                                      (abs)        003F92
_TMR2_Initialize                            text165      001EB6
_TMR3H                                      (abs)        003FA5
_TMR3L                                      (abs)        003FA4
_TMR3_CallBack                              text196      001C84
_TMR3_DefaultInterruptHandler               text197      002068
_TMR3_ISR                                   text194      01DFB8
_TMR3_Initialize                            text163      00132A
_TMR3_InterruptHandler                      bssBANK0     0000A2
_TMR3_SetInterruptHandler                   text164      001AD6
_TMR3_WriteTimer                            text195      001584
_TMR5H                                      (abs)        003F99
_TMR5L                                      (abs)        003F98
_TMR5_CallBack                              text189      001C60
_TMR5_DefaultInterruptHandler               text190      0016B0
_TMR5_ISR                                   text187      01F65C
_TMR5_Initialize                            text161      0012E2
_TMR5_InterruptHandler                      bssBANK0     0000A5
_TMR5_SetInterruptHandler                   text162      001AAE
_TMR5_WriteTimer                            text188      001544
_TMR6_CallBack                              text218      001CCC
_TMR6_DefaultInterruptHandler               text219      0011BA
_TMR6_ISR                                   text217      001E6C
_TMR6_Initialize                            text159      001994
_TMR6_InterruptHandler                      bssBANK0     0000A8
_TMR6_SetInterruptHandler                   text160      001A86
_TRISA                                      (abs)        003FC2
_TRISB                                      (abs)        003FC3
_TRISC                                      (abs)        003FC4
_TRISD                                      (abs)        003FC5
_TRISE                                      (abs)        003FC6
_TRISF                                      (abs)        003FC7
_TimerDone                                  text133      0019E6
_U1BRGH                                     (abs)        003DF6
_U1BRGL                                     (abs)        003DF5
_U1CON0                                     (abs)        003DF2
_U1CON1                                     (abs)        003DF3
_U1CON2                                     (abs)        003DF4
_U1ERRIE                                    (abs)        003DFA
_U1ERRIR                                    (abs)        003DF9
_U1FIFO                                     (abs)        003DF7
_U1P1H                                      (abs)        003DED
_U1P1L                                      (abs)        003DEC
_U1P2H                                      (abs)        003DEF
_U1P2L                                      (abs)        003DEE
_U1P3H                                      (abs)        003DF1
_U1P3L                                      (abs)        003DF0
_U1RXB                                      (abs)        003DE8
_U1RXPPS                                    (abs)        003AE5
_U1UIR                                      (abs)        003DF8
_U2BRGH                                     (abs)        003DDE
_U2BRGL                                     (abs)        003DDD
_U2CON0                                     (abs)        003DDA
_U2CON1                                     (abs)        003DDB
_U2CON2                                     (abs)        003DDC
_U2ERRIE                                    (abs)        003DE2
_U2ERRIR                                    (abs)        003DE1
_U2FIFO                                     (abs)        003DDF
_U2P1L                                      (abs)        003DD4
_U2P2L                                      (abs)        003DD6
_U2P3L                                      (abs)        003DD8
_U2RXB                                      (abs)        003DD0
_U2RXPPS                                    (abs)        003AE8
_U2TXB                                      (abs)        003DD2
_U2UIR                                      (abs)        003DE0
_UART1_Initialize                           text157      00129A
_UART1_Receive_ISR                          text212      001D56
_UART1_RxInterruptHandler                   bssBANK0     0000B1
_UART1_SetRxInterruptHandler                text158      001A5E
_UART1_rx_vect_isr                          text211      001BA0
_UART2_Initialize                           text154      000EA6
_UART2_Receive_ISR                          text216      001DB8
_UART2_RxInterruptHandler                   bssBANK0     0000B7
_UART2_SetRxInterruptHandler                text156      001A36
_UART2_SetTxInterruptHandler                text155      001A0E
_UART2_Transmit_ISR                         text214      001968
_UART2_TxInterruptHandler                   bssBANK0     0000B4
_UART2_rx_vect_isr                          text215      001BF0
_UART2_tx_vect_isr                          text213      001BC8
_V                                          dataBANK1    000107
_Volts_to_SOC                               text22       01FB4A
_WPUA                                       (abs)        003A41
_WPUB                                       (abs)        003A51
_WPUC                                       (abs)        003A61
_WPUD                                       (abs)        003A71
_WPUE                                       (abs)        003A81
_WPUF                                       (abs)        003A91
_WaitMs                                     text77       0016E8
__CFG_BBEN$OFF                              (abs)        000000
__CFG_BBSIZE$BBSIZE_512                     (abs)        000000
__CFG_BOREN$SBORDIS                         (abs)        000000
__CFG_BORV$VBOR_2P45                        (abs)        000000
__CFG_CLKOUTEN$OFF                          (abs)        000000
__CFG_CP$OFF                                (abs)        000000
__CFG_CSWEN$ON                              (abs)        000000
__CFG_DEBUG$OFF                             (abs)        000000
__CFG_FCMEN$ON                              (abs)        000000
__CFG_FEXTOSC$ECH                           (abs)        000000
__CFG_IVT1WAY$ON                            (abs)        000000
__CFG_LPBOREN$OFF                           (abs)        000000
__CFG_LVP$ON                                (abs)        000000
__CFG_MCLRE$EXTMCLR                         (abs)        000000
__CFG_MVECEN$ON                             (abs)        000000
__CFG_PPS1WAY$ON                            (abs)        000000
__CFG_PR1WAY$OFF                            (abs)        000000
__CFG_PWRTS$PWRT_OFF                        (abs)        000000
__CFG_RSTOSC$EXTOSC_4PLL                    (abs)        000000
__CFG_SAFEN$OFF                             (abs)        000000
__CFG_STVREN$ON                             (abs)        000000
__CFG_WDTCCS$SC                             (abs)        000000
__CFG_WDTCPS$WDTCPS_31                      (abs)        000000
__CFG_WDTCWS$WDTCWS_7                       (abs)        000000
__CFG_WDTE$OFF                              (abs)        000000
__CFG_WRTAPP$OFF                            (abs)        000000
__CFG_WRTB$OFF                              (abs)        000000
__CFG_WRTC$OFF                              (abs)        000000
__CFG_WRTD$OFF                              (abs)        000000
__CFG_WRTSAF$OFF                            (abs)        000000
__CFG_XINST$OFF                             (abs)        000000
__CFG_ZCD$OFF                               (abs)        000000
__HRAM                                      (abs)        000000
__Habs1                                     abs1         000000
__Hbank0                                    bank0        000000
__Hbank1                                    bank1        000000
__Hbank10                                   bank10       000000
__Hbank11                                   bank11       000000
__Hbank12                                   bank12       000000
__Hbank13                                   bank13       000000
__Hbank14                                   bank14       000000
__Hbank15                                   bank15       000000
__Hbank16                                   bank16       000000
__Hbank17                                   bank17       000000
__Hbank18                                   bank18       000000
__Hbank19                                   bank19       000000
__Hbank2                                    bank2        000000
__Hbank20                                   bank20       000000
__Hbank21                                   bank21       000000
__Hbank22                                   bank22       000000
__Hbank23                                   bank23       000000
__Hbank24                                   bank24       000000
__Hbank25                                   bank25       000000
[...]
		_UART2_Initialize		CODE           	0EA6	0000	97
		_UART2_Transmit_ISR		CODE           	1968	0000	45

mcc_generated_files/uart2.c estimated size: 339

timers.c
		_WaitMs        		CODE           	16E8	0000	55
		_StartTimer    		CODE           	1504	0000	65
		_TimerDone     		CODE           	19E6	0000	41

timers.c estimated size: 161

mcc_generated_files/pwm8.c
		_PWM8_LoadDutyValue		CODE           	1442	0000	67
		_PWM8_Initialize		CODE           	1EE4	0000	23

mcc_generated_files/pwm8.c estimated size: 90

/opt/microchip/xc8/v2.10/pic/sources/c99/common/awmod.c
		___awmod       		CODE           	1ED8A	0000	281

/opt/microchip/xc8/v2.10/pic/sources/c99/common/awmod.c estimated size: 281

/opt/microchip/xc8/v2.10/pic/sources/c99/common/localtime.c
		_localtime     		CODE           	1D98	0000	33

/opt/microchip/xc8/v2.10/pic/sources/c99/common/localtime.c estimated size: 33

mcc_generated_files/tmr6.c
		_TMR6_CallBack 		CODE           	1CCC	0000	37
		_TMR6_ISR      		CODE           	1E6C	0000	27
		_TMR6_Initialize		CODE           	1994	0000	43
		_TMR6_SetInterruptHandler		CODE           	1A86	0000	41
		_TMR6_DefaultInterruptHandler		CODE           	11BA	0000	79

mcc_generated_files/tmr6.c estimated size: 227

/opt/microchip/xc8/v2.10/pic/sources/c99/common/__month_to_secs.c
		___month_to_secs		CODE           	1F3A0	0000	237

/opt/microchip/xc8/v2.10/pic/sources/c99/common/__month_to_secs.c estimated size: 237

/opt/microchip/xc8/v2.10/pic/sources/c99/common/flge.c
		___flge        		CODE           	1DE56	0000	355

/opt/microchip/xc8/v2.10/pic/sources/c99/common/flge.c estimated size: 355

mcc_generated_files/fvr.c
		_FVR_Initialize		CODE           	203A	0000	9

mcc_generated_files/fvr.c estimated size: 9

/opt/microchip/xc8/v2.10/pic/sources/c99/common/aomod.c
		___aomod       		CODE           	1BE22	0000	577

/opt/microchip/xc8/v2.10/pic/sources/c99/common/aomod.c estimated size: 577

/opt/microchip/xc8/v2.10/pic/sources/c99/common/Umul32.c
		___lmul        		CODE           	1F73E	0000	215

/opt/microchip/xc8/v2.10/pic/sources/c99/common/Umul32.c estimated size: 215

mcc_generated_files/tmr2.c
		_TMR2_Initialize		CODE           	1EB6	0000	25

mcc_generated_files/tmr2.c estimated size: 25

mcc_generated_files/interrupt_manager.c
		_INTERRUPT_Initialize		CODE           	0CB4	0000	103
		_Default_ISR   		CODE           	2060	0000	7

mcc_generated_files/interrupt_manager.c estimated size: 110

/opt/microchip/xc8/v2.10/pic/sources/c99/common/xxtofl.c
		___xxtofl      		CODE           	1CB06	0000	517

/opt/microchip/xc8/v2.10/pic/sources/c99/common/xxtofl.c estimated size: 517

/opt/microchip/xc8/v2.10/pic/sources/c99/common/printf.c
		_printf        		CODE           	0DE2	0000	99

/opt/microchip/xc8/v2.10/pic/sources/c99/common/printf.c estimated size: 99

dio.c
		_start_switch_handler		CODE           	1D78	0000	33
		_get_switch    		CODE           	190E	0000	45
		_switch_handler		CODE           	1E67A	0000	323

dio.c estimated size: 401

/opt/microchip/xc8/v2.10/pic/sources/c99/common/lodiv.c
		___lodiv       		CODE           	1D88C	0000	385

/opt/microchip/xc8/v2.10/pic/sources/c99/common/lodiv.c estimated size: 385

eadog.c
		_init_display  		CODE           	1F48C	0000	235
		_eaDogM_WriteCommand		CODE           	1F98	0000	15
		_putch         		CODE           	1E50	0000	27
		_wdtdelay      		CODE           	0FBE	0000	91
		_send_port_data_dma		CODE           	111A	0000	83
		_init_port_dma 		CODE           	1820	0000	49
		_port_data_dma_ptr		CODE           	1FEC	0000	11
		_send_lcd_cmd  		CODE           	14C4	0000	65
		_send_lcd_cmd_dma		CODE           	1DF6	0000	31
		_send_lcd_data 		CODE           	1C18	0000	37
		_send_lcd_data_dma		CODE           	1208	0000	75
		_wait_lcd_set  		CODE           	204E	0000	7
		_eaDogM_WriteStringAtPos		CODE           	0160	0000	169
		_wait_lcd_done 		CODE           	1CF0	0000	35
		_send_lcd_cmd_long		CODE           	1484	0000	65
		_start_lcd     		CODE           	2054	0000	7
		_eaDogM_WriteString		CODE           	0208	0000	167

eadog.c estimated size: 1169

mcc_generated_files/pin_manager.c
		_PIN_MANAGER_Initialize		CODE           	05A6	0000	147

mcc_generated_files/pin_manager.c estimated size: 147

/opt/microchip/xc8/v2.10/pic/sources/c99/common/strlen.c
		_strlen        		CODE           	02AE	0000	163

/opt/microchip/xc8/v2.10/pic/sources/c99/common/strlen.c estimated size: 163

/opt/microchip/xc8/v2.10/pic/sources/c99/common/nf_fputs.c
		_fputs         		CODE           	03EA	0000	153

/opt/microchip/xc8/v2.10/pic/sources/c99/common/nf_fputs.c estimated size: 153

/opt/microchip/xc8/v2.10/pic/sources/c99/common/floorf.c
		_floorf        		CODE           	19A08	0000	877

/opt/microchip/xc8/v2.10/pic/sources/c99/common/floorf.c estimated size: 877

/opt/microchip/xc8/v2.10/pic/sources/c99/common/almod.c
		___almod       		CODE           	1DCF0	0000	359

/opt/microchip/xc8/v2.10/pic/sources/c99/common/almod.c estimated size: 359

mcc_generated_files/spi1.c
		_SPI1_Initialize		CODE           	1ECE	0000	23
		_SPI1_Exchange8bit		CODE           	1DD8	0000	31

mcc_generated_files/spi1.c estimated size: 54

/opt/microchip/xc8/v2.10/pic/sources/c99/common/strcpy.c
		_strcpy        		CODE           	1F814	0000	213

/opt/microchip/xc8/v2.10/pic/sources/c99/common/strcpy.c estimated size: 213

/opt/microchip/xc8/v2.10/pic/sources/c99/common/isupper.c
		_isupper       		CODE           	1880	0000	49

/opt/microchip/xc8/v2.10/pic/sources/c99/common/isupper.c estimated size: 49

/opt/microchip/xc8/v2.10/pic/sources/c99/common/nanf.c
		_nanf          		CODE           	0E44	0000	99

/opt/microchip/xc8/v2.10/pic/sources/c99/common/nanf.c estimated size: 99

/opt/microchip/xc8/v2.10/pic/sources/c99/common/memset.c
		_memset        		CODE           	1A700	0000	749

/opt/microchip/xc8/v2.10/pic/sources/c99/common/memset.c estimated size: 749

/opt/microchip/xc8/v2.10/pic/sources/c99/common/awdiv.c
		___awdiv       		CODE           	1E52C	0000	335

/opt/microchip/xc8/v2.10/pic/sources/c99/common/awdiv.c estimated size: 335

mcc_generated_files/clkref.c
		_CLKREF_Initialize		CODE           	1FE2	0000	11

mcc_generated_files/clkref.c estimated size: 11

/opt/microchip/xc8/v2.10/pic/sources/c99/common/fltol.c
		___fltol       		CODE           	1DB7E	0000	371

/opt/microchip/xc8/v2.10/pic/sources/c99/common/fltol.c estimated size: 371

mbmc.c
		_load_hist_data		CODE           	1E86	0000	25
		_calc_model_data		CODE           	191F4	0000	1115
		_check_day_time		CODE           	1C292	0000	551
		_calc_ror_data 		CODE           	1D706	0000	391
		_static_soc    		CODE           	0F64	0000	91
		_lp_filter     		CODE           	1D092	0000	445
		_set_load_relay_one		CODE           	1F58	0000	17
		_get_ac_charger_relay		CODE           	1FB4	0000	15
		_spinners      		CODE           	1F576	0000	231
		_set_ac_charger_relay		CODE           	1F88	0000	17
		_convert_adc_data		CODE           	1FC04	0000	185
		_time          		CODE           	0F06	0000	95
		_set_load_relay_two		CODE           	1F48	0000	17

mbmc.c estimated size: 3195

/opt/microchip/xc8/v2.10/pic/sources/c99/common/lbmod.c
		___lbmod       		CODE           	0350	0000	155

/opt/microchip/xc8/v2.10/pic/sources/c99/common/lbmod.c estimated size: 155

mcc_generated_files/crc.c
		_CRC_IsBusy    		CODE           	1F68	0000	17
		_CRC_8BitDataWrite		CODE           	1F24	0000	19
		_CRC_Initialize		CODE           	0638	0000	147
		_CRC_Start     		CODE           	2042	0000	7
		_CRC_ReverseValue		CODE           	1F9B8	0000	207
		_CRC_CalculatedResultGet		CODE           	1DA0C	0000	371

mcc_generated_files/crc.c estimated size: 768

/opt/microchip/xc8/v2.10/pic/sources/c99/common/abs.c
		_abs           		CODE           	1372	0000	71

/opt/microchip/xc8/v2.10/pic/sources/c99/common/abs.c estimated size: 71

mcc_generated_files/dma1.c
		_DMA1_DMADCNT_ISR		CODE           	1FF8	0000	11
		_DMA1_DMASCNT_ISR		CODE           	1FD4	0000	15
		_DMA1_Initialize		CODE           	0AA6	0000	107
		_DMA1_DMAA_ISR 		CODE           	2004	0000	11
		_DMA1_DMAOR_ISR		CODE           	2010	0000	11

mcc_generated_files/dma1.c estimated size: 155

/opt/microchip/xc8/v2.10/pic/sources/c99/common/__fpclassifyf.c
		___fpclassifyf 		CODE           	1D24E	0000	407

/opt/microchip/xc8/v2.10/pic/sources/c99/common/__fpclassifyf.c estimated size: 407

/opt/microchip/xc8/v2.10/pic/sources/c99/common/asctime.c
		_put2d         		CODE           	1EB58	0000	283
		_asctime       		CODE           	17F2E	0000	1303

/opt/microchip/xc8/v2.10/pic/sources/c99/common/asctime.c estimated size: 1586

daq.c
		_conv_raw_result		CODE           	18444	0000	1213
		_set_dac       		CODE           	1FCBC	0000	183
		_set_dac_a     		CODE           	1786	0000	53
		_set_dac_b     		CODE           	1752	0000	53
		_check_adc_scan		CODE           	201A	0000	9
		_convert_dac_raw		CODE           	1EC72	0000	281
		_start_adc_scan		CODE           	0D7E	0000	101
		_clear_adc_scan		CODE           	2048	0000	7
		_read_cal_data 		CODE           	1CD0A	0000	459
		_update_hist_data		CODE           	0A38	0000	111
		_get_raw_result		CODE           	1D12	0000	35
		_write_cal_data		CODE           	1E3D4	0000	345
		_adc_int_t_handler		CODE           	07D2	0000	131
		_check_range   		CODE           	0854	0000	129
		_dac_spi_control		CODE           	08D4	0000	123
		_update_adc_result		CODE           	163E	0000	59
		_cal_current_zero		CODE           	0482	0000	147
		_adc_int_handler		CODE           	206E	0000	3
		_update_cal_data		CODE           	1072	0000	87

daq.c estimated size: 3529

/opt/microchip/xc8/v2.10/pic/sources/c99/common/rand.c
		_srand         		CODE           	171E	0000	53

/opt/microchip/xc8/v2.10/pic/sources/c99/common/rand.c estimated size: 53

/opt/microchip/xc8/v2.10/pic/sources/c99/common/aodiv.c
		___aodiv       		CODE           	1B482	0000	641

/opt/microchip/xc8/v2.10/pic/sources/c99/common/aodiv.c estimated size: 641

/opt/microchip/xc8/v2.10/pic/sources/c99/common/islower.c
		_islower       		CODE           	1850	0000	49

/opt/microchip/xc8/v2.10/pic/sources/c99/common/islower.c estimated size: 49

mcc_generated_files/uart1.c
		_UART1_rx_vect_isr		CODE           	1BA0	0000	41
		_UART1_Receive_ISR		CODE           	1D56	0000	35
		_UART1_SetRxInterruptHandler		CODE           	1A5E	0000	41
		_UART1_Initialize		CODE           	129A	0000	73

mcc_generated_files/uart1.c estimated size: 190

mcc_generated_files/ext_int.c
		_INT0_SetInterruptHandler		CODE           	1B26	0000	41
		_INT1_SetInterruptHandler		CODE           	1AFE	0000	41
		_EXT_INT_Initialize		CODE           	17BA	0000	53
		_INT0_DefaultInterruptHandler		CODE           	206A	0000	3
		_INT0_CallBack 		CODE           	1CA8	0000	37
		_INT1_DefaultInterruptHandler		CODE           	2066	0000	3
		_INT1_CallBack 		CODE           	1C3C	0000	37
		_INT0_ISR      		CODE           	1FC4	0000	15
		_INT1_ISR      		CODE           	15C4	0000	63

mcc_generated_files/ext_int.c estimated size: 293

/opt/microchip/xc8/v2.10/pic/sources/c99/common/sprcmul.c
		___flmul       		CODE           	16312	0000	2091

/opt/microchip/xc8/v2.10/pic/sources/c99/common/sprcmul.c estimated size: 2091

/opt/microchip/xc8/v2.10/pic/sources/c99/common/__tz.c
		_zi_read32     		CODE           	1F1B8	0000	247
		_getint        		CODE           	1F2AE	0000	243
		_getname       		CODE           	1A404	0000	765
		_getoff        		CODE           	1C062	0000	561
		_days_in_month 		CODE           	0D1A	0000	101
		_do_tzset      		CODE           	1AF82	0000	641
		_scan_trans    		CODE           	1602	0000	61
		_rule_to_secs  		CODE           	172F8	0000	1725
		_getrule       		CODE           	1B202	0000	641
		___secs_to_zone		CODE           	15A70	0000	2211

/opt/microchip/xc8/v2.10/pic/sources/c99/common/__tz.c estimated size: 7196

/opt/microchip/xc8/v2.10/pic/sources/c99/common/atoi.c
		_atoi          		CODE           	1B702	0000	629

/opt/microchip/xc8/v2.10/pic/sources/c99/common/atoi.c estimated size: 629

/opt/microchip/xc8/v2.10/pic/sources/c99/common/nf_sprintf.c
		_sprintf       		CODE           	1EFB6	0000	267

/opt/microchip/xc8/v2.10/pic/sources/c99/common/nf_sprintf.c estimated size: 267

/opt/microchip/xc8/v2.10/pic/sources/c99/common/fleq.c
		___fleq        		CODE           	1FA86	0000	197

/opt/microchip/xc8/v2.10/pic/sources/c99/common/fleq.c estimated size: 197

mcc_generated_files/tmr5.c
		_TMR5_ISR      		CODE           	1F65C	0000	227
		_TMR5_Initialize		CODE           	12E2	0000	73
		_TMR5_SetInterruptHandler		CODE           	1AAE	0000	41
		_TMR5_DefaultInterruptHandler		CODE           	16B0	0000	57
		_TMR5_CallBack 		CODE           	1C60	0000	37
		_TMR5_WriteTimer		CODE           	1544	0000	65

mcc_generated_files/tmr5.c estimated size: 500

/opt/microchip/xc8/v2.10/pic/sources/c99/common/sprcdiv.c
		___fldiv       		CODE           	179B4	0000	1403

/opt/microchip/xc8/v2.10/pic/sources/c99/common/sprcdiv.c estimated size: 1403

shared
		_BVSOC_TABLE   		MEDIUMCONST    	F813	0000	209
		___secs_to_tm@days_in_month		MEDIUMCONST    	F913	0000	13
		__initialization		CODE           	1F0C0	0000	243
		_bp            		MEDIUMCONST    	0000	0000	0
		_cp_h          		MEDIUMCONST    	0000	0000	0
		___month_to_secs@secs_through_month		MEDIUMCONST    	F8E3	0000	49
		_ivln2_h       		MEDIUMCONST    	0000	0000	0
		_spin          		MEDIUMCONST    	F9AF	0000	121
		___gmt         		MEDIUMCONST    	FA2F	0000	5
		_cp_l          		MEDIUMCONST    	0000	0000	0
		_T             		MEDIUMCONST    	F91F	0000	145

shared estimated size: 785

/opt/microchip/xc8/v2.10/pic/sources/c99/common/toupper.c
		_toupper       		CODE           	06CA	0000	133

/opt/microchip/xc8/v2.10/pic/sources/c99/common/toupper.c estimated size: 133

mcc_generated_files/mcc.c
		_PMD_Initialize		CODE           	1F10	0000	21
		_OSCILLATOR_Initialize		CODE           	1EFA	0000	23
		_SYSTEM_Initialize		CODE           	116C	0000	79

mcc_generated_files/mcc.c estimated size: 123

mcc_generated_files/tmr3.c
		_TMR3_ISR      		CODE           	1DFB8	0000	355
		_TMR3_Initialize		CODE           	132A	0000	73
		_TMR3_SetInterruptHandler		CODE           	1AD6	0000	41
		_TMR3_DefaultInterruptHandler		CODE           	2068	0000	3
		_TMR3_CallBack 		CODE           	1C84	0000	37
		_TMR3_WriteTimer		CODE           	1584	0000	65

mcc_generated_files/tmr3.c estimated size: 574

/opt/microchip/xc8/v2.10/pic/sources/c99/common/isalpha.c
		_isalpha       		CODE           	13FE	0000	69

/opt/microchip/xc8/v2.10/pic/sources/c99/common/isalpha.c estimated size: 69

hid.c
		_clear_hid_pflags		CODE           	0C4E	0000	103
		_hid_display   		CODE           	1C6D8	0000	541
		_check_enter_button		CODE           	09C6	0000	115
		_hid_input     		CODE           	1E8FC	0000	313

hid.c estimated size: 1072

/opt/microchip/xc8/v2.10/pic/sources/c99/common/isspace.c
		_isspace       		CODE           	10C8	0000	83

/opt/microchip/xc8/v2.10/pic/sources/c99/common/isspace.c estimated size: 83

/opt/microchip/xc8/v2.10/pic/sources/c99/common/aldiv.c
		___aldiv       		CODE           	1D3E4	0000	405

/opt/microchip/xc8/v2.10/pic/sources/c99/common/aldiv.c estimated size: 405

mconfig.c
		_mode_lamp_bright		CODE           	1FA6	0000	15
		_help_button   		CODE           	1678	0000	57
		_vterm_dump    		CODE           	1D578	0000	399
		_set_display_info		CODE           	1E32	0000	31
		_display_info  		CODE           	202A	0000	9
		_display_help  		CODE           	2032	0000	9
		_set_vterm     		CODE           	1E14	0000	31
		_get_vterm_ptr 		CODE           	18E0	0000	47
		_update_lcd    		CODE           	1E11A	0000	353
		_set_temp_display_help		CODE           	1F78	0000	17
		_check_help    		CODE           	1C8F4	0000	531
		_mode_lamp_dim 		CODE           	1E9E	0000	25

mconfig.c estimated size: 1524

bsoc.c
		_init_bsoc     		CODE           	1BBDC	0000	583
		_Volts_to_SOC  		CODE           	1FB4A	0000	187
		_stop_bsoc     		CODE           	205A	0000	7
		_calc_bsoc     		CODE           	14690	0000	2671
		_start_bsoc    		CODE           	1D34	0000	35
		_esr_check     		CODE           	1A9EC	0000	729

bsoc.c estimated size: 4212

/opt/microchip/xc8/v2.10/pic/sources/c99/common/localtime_r.c
		___localtime_r 		CODE           	1B976	0000	615

/opt/microchip/xc8/v2.10/pic/sources/c99/common/localtime_r.c estimated size: 615

/opt/microchip/xc8/v2.10/pic/sources/c99/common/doprnt.c
		_vfpfcnvrt     		CODE           	136E4	0000	4013
		_efgtoa        		CODE           	113CE	0000	4677
		_pad           		CODE           	1EEA2	0000	277
		_ctoa          		CODE           	1FF78	0000	137
		_dtoa          		CODE           	18900	0000	1153
		_vfprintf      		CODE           	1FE20	0000	173
		_stoa          		CODE           	1ACC4	0000	703
		_utoa          		CODE           	1A0C4	0000	833
		_xtoa          		CODE           	1964E	0000	955

/opt/microchip/xc8/v2.10/pic/sources/c99/common/doprnt.c estimated size: 12921

mcc_generated_files/memory.c
		_DATAEE_WriteByte		CODE           	0BE6	0000	105
		_DATAEE_ReadByte		CODE           	17EE	0000	51

mcc_generated_files/memory.c estimated size: 156

/opt/microchip/xc8/v2.10/pic/sources/c99/common/strncmp.c
		_strncmp       		CODE           	1C4B8	0000	545

/opt/microchip/xc8/v2.10/pic/sources/c99/common/strncmp.c estimated size: 545

/opt/microchip/xc8/v2.10/pic/sources/c99/common/tolower.c
		_tolower       		CODE           	074E	0000	133

/opt/microchip/xc8/v2.10/pic/sources/c99/common/tolower.c estimated size: 133

/opt/microchip/xc8/v2.10/pic/sources/c99/common/flneg.c
		___flneg       		CODE           	1252	0000	73

/opt/microchip/xc8/v2.10/pic/sources/c99/common/flneg.c estimated size: 73

/opt/microchip/xc8/v2.10/pic/sources/c99/common/nf_fputc.c
		_fputc         		CODE           	1EA34	0000	293

/opt/microchip/xc8/v2.10/pic/sources/c99/common/nf_fputc.c estimated size: 293

/opt/microchip/xc8/v2.10/pic/sources/c99/common/fabsf.c
		_fabsf         		CODE           	1FD72	0000	175

/opt/microchip/xc8/v2.10/pic/sources/c99/common/fabsf.c estimated size: 175

/opt/microchip/xc8/v2.10/pic/sources/c99/pic18/asfladd.c
		___asfladd     		CODE           	094E	0000	121

/opt/microchip/xc8/v2.10/pic/sources/c99/pic18/asfladd.c estimated size: 121

mcc_generated_files/adcc.c
		_ADCC_DefaultInterruptHandler		CODE           	206C	0000	3
		_ADCC_SetADTIInterruptHandler		CODE           	1B4E	0000	41
		_ADCC_SetADIInterruptHandler		CODE           	1B76	0000	41
		_ADCC_ISR      		CODE           	193C	0000	45
		_ADCC_ThresholdISR		CODE           	0B7C	0000	107
		_ADCC_StartConversion		CODE           	1F36	0000	19
		_ADCC_Initialize		CODE           	0B10	0000	107
		_ADCC_DischargeSampleCapacitor		CODE           	2022	0000	9

mcc_generated_files/adcc.c estimated size: 372

/opt/microchip/xc8/v2.10/pic/sources/c99/common/Umul64.c
		___omul        		CODE           	1E27A	0000	347

/opt/microchip/xc8/v2.10/pic/sources/c99/common/Umul64.c estimated size: 347

main.c
		_main          		CODE           	10000	0000	5071
		_display_history		CODE           	1CED4	0000	447
		_current_sensor_cal		CODE           	18D80	0000	1141

main.c estimated size: 6659

/opt/microchip/xc8/v2.10/pic/sources/c99/common/lomod.c
		___lomod       		CODE           	1E7BC	0000	321

/opt/microchip/xc8/v2.10/pic/sources/c99/common/lomod.c estimated size: 321

/opt/microchip/xc8/v2.10/pic/sources/c99/common/__secs_to_tm.c
		___secs_to_tm  		CODE           	12612	0000	4307

/opt/microchip/xc8/v2.10/pic/sources/c99/common/__secs_to_tm.c estimated size: 4307

mcc_generated_files/dma2.c
		_DMA2_Initialize		CODE           	1018	0000	91

mcc_generated_files/dma2.c estimated size: 91

/opt/microchip/xc8/v2.10/pic/sources/c99/common/isdigit.c
		_isdigit       		CODE           	18B0	0000	49

/opt/microchip/xc8/v2.10/pic/sources/c99/common/isdigit.c estimated size: 49

/opt/microchip/xc8/v2.10/pic/sources/c99/common/sprcadd.c
		___flsub       		CODE           	13B8	0000	71
		___fladd       		CODE           	16B3C	0000	1981

/opt/microchip/xc8/v2.10/pic/sources/c99/common/sprcadd.c estimated size: 2052

