Microchip MPLAB XC8 Compiler V2.10 ()

Linker command line:

-W-3 --edf=/opt/microchip/xc8/v2.10/pic/dat/en_msgs.txt -pivt0x8=08h -cs \
  -h+dist/default/production/touch_v2.X.production.sym \
  --cmf=dist/default/production/touch_v2.X.production.cmf -z -Q18F57K42 \
  -o/tmp/xcX04Cjkf --defsym=__MPLAB_BUILD=1 \
  -Mdist/default/production/touch_v2.X.production.map -E1 -ver=XC8 \
  --acfsm=1493 -ASTACK=0DBEh-01FFFh -pstack=STACK -ACODE=00h-01FFFFh \
  -ACONST=00h-01FFFFh -ASMALLCONST=02000h-020FFhx480 \
  -AMEDIUMCONST=02000h-0FFFFh,012000h-01FFFFh -ACOMRAM=01h-05Fh \
  -AABS1=00h-01FFFh -ABIGRAM=01h-01FFFh -ARAM=060h-0FFh,0100h-01FFhx31 \
  -ABANK0=060h-0FFh -ABANK1=0100h-01FFh -ABANK2=0200h-02FFh \
  -ABANK3=0300h-03FFh -ABANK4=0400h-04FFh -ABANK5=0500h-05FFh \
  -ABANK6=0600h-06FFh -ABANK7=0700h-07FFh -ABANK8=0800h-08FFh \
  -ABANK9=0900h-09FFh -ABANK10=0A00h-0AFFh -ABANK11=0B00h-0BFFh \
  -ABANK12=0C00h-0CFFh -ABANK13=0D00h-0DFFh -ABANK14=0E00h-0EFFh \
  -ABANK15=0F00h-0FFFh -ABANK16=01000h-010FFh -ABANK17=01100h-011FFh \
  -ABANK18=01200h-012FFh -ABANK19=01300h-013FFh -ABANK20=01400h-014FFh \
  -ABANK21=01500h-015FFh -ABANK22=01600h-016FFh -ABANK23=01700h-017FFh \
  -ABANK24=01800h-018FFh -ABANK25=01900h-019FFh -ABANK26=01A00h-01AFFh \
  -ABANK27=01B00h-01BFFh -ABANK28=01C00h-01CFFh -ABANK29=01D00h-01DFFh \
  -ABANK30=01E00h-01EFFh -ABANK31=01F00h-01FFFh \
  -ASFR=03800h-038FFhx7,03F00h-03F5Fh,03F60h-03FFFh -preset_vec=00h \
  -ppowerup=CODE,init -pramtop=02000h -psmallconst=SMALLCONST \
  -pmediumconst=MEDIUMCONST -pconst=CONST -AFARRAM=00h-00h \
  -ACONFIG=0300000h-0300009h -pconfig=CONFIG -AIDLOC=0200000h-020000Fh \
  -pidloc=IDLOC -AEEDATA=0310000h-03103FFh -peeprom_data=EEDATA \
  -prdata=COMRAM,nvrram=COMRAM,nvbit=COMRAM,rbss=COMRAM,rbit=COMRAM \
  -pfarbss=FARRAM,fardata=FARRAM,nvFARRAM=FARRAM \
  -pintsave_regs=BIGRAM,bigbss=BIGRAM,bigdata=BIGRAM -pbss=RAM \
  -pidata=CODE,irdata=CODE,ibigdata=CODE,ifardata=CODE -prparam=COMRAM \
  /tmp/xcX9O8rp5.o dist/default/production/touch_v2.X.production.o 

Object code version is 3.11

Machine type is 18F57K42

Call graph: (short form)




                Name                               Link     Load   Length Selector   Space Scale
/tmp/xcX9O8rp5.o
                stack                               DBE      DBE     1242      DBE       2
                init                                 AE       AE        8        4       0
                reset_vec                             0        0        4        0       0
                idloc                            200000   200000       10   200000       0
                config                           300000   300000        A   300000       0
dist/default/production/touch_v2.X.production.o
                temp                                 2B       2B       20        1       1
                mediumconst                        F512     F512      AEE     7A89       0
                ivt0x8                                8        8       A6        4       0
                text240                            5698     5698        A     15A6       0
                text239                            568C     568C        A     15A3       0
                text238                            5680     5680        A     15A0       0
                text237                            5650     5650        E     1594       0
                text236                            4A8E     4A8E       42     109F       0
                text235                            56CA     56CA        8     15A6       0
                text234                            28C2     28C2       F4       2E       0
                text233                            5402     5402       24     14AC       0
                text232                            5328     5328       26     14AC       0
                text231                            5448     5448       22     14AC       0
                text230                            5300     5300       28     14AC       0
                text229                            5078     5078       2C     109F       0
                text228                            52D8     52D8       28     14AC       0
                text227                            4FF2     4FF2       2E     109F       0
                text226                            52B0     52B0       28     14AC       0
                text225                            427C     427C       6A     109F       0
                text224                            5720     5720        2     15C3       0
                text223                            571E     571E        2     15C3       0
                text222                            3C44     3C44       90     15CA       0
                text221                            504C     504C       2C     109F       0
                text220                            570C     570C        6     15C3       0
                text219                            571C     571C        2     15C3       0
                text218                            53DE     53DE       24     14AC       0
                text217                            5640     5640        E     14AC       0
                text216                            5674     5674        A     1594       0
                text215                             25A      25A      19E       2E       0
                text214                            4052     4052       74     15CA       0
                text213                           13E90    13E90     1018     8000       0
                text212                            571A     571A        2     15C3       0
                text211                            53BA     53BA       24     14AC       0
                text210                            4BD0     4BD0       40     109F       0
                text209                            12D0     12D0      162       2E       0
                text208                            5632     5632        E     14AC       0
                text207                            5606     5606       10     14AC       0
                text206                           1A29A    1A29A      58E     8000       0
                text205                            378A     378A       A2     15CA       0
                text204                            5396     5396       24     14AC       0
                text203                            4B90     4B90       40     109F       0
                text202                              B8       B8      1A2       2E       0
                text201                             E9A      E9A      16E       2E       0
                text200                           1FFFE    1FFFE        2     8000       0
                text199                            5372     5372       24     14AC       0
                text198                            4C10     4C10       3E     109F       0
                text197                            5286     5286       28     109F       0
                text196                            525E     525E       28     109F       0
                text195                            4210     4210       6A     15CA       0
                text194                            566A     566A        A     1594       0
                text193                            3BB2     3BB2       92     15CA       0
                text192                            41A6     41A6       6A     15CA       0
                text191                            46BA     46BA       5A     109F       0
                text190                            5236     5236       28     109F       0
                text189                            520E     520E       28     109F       0
                text188                            4E6E     4E6E       34     109F       0
                text187                            56C2     56C2        8     15A6       0
                text186                            441C     441C       66     109F       0
                text185                            5568     5568       16     14AC       0
                text184                            3B20     3B20       92     15CA       0
                text183                            557E     557E       14     14AC       0
                text182                            5552     5552       16     14AC       0
                text181                            553C     553C       16     14AC       0
                text180                            54F8     54F8       18     14AC       0
                text179                            51E6     51E6       28     109F       0
                text178                            48EE     48EE       48     109F       0
                text177                            51BE     51BE       28     109F       0
                text176                            48A6     48A6       48     109F       0
                text175                            5196     5196       28     109F       0
                text174                            50A4     50A4       2A     109F       0
                text173                            516E     516E       28     109F       0
                text172                            49C2     49C2       46     109F       0
                text171                            5146     5146       28     109F       0
                text170                            511E     511E       28     109F       0
                text169                            4548     4548       60     109F       0
                text168                            565E     565E        C     1594       0
                text167                            47BE     47BE       52     109F       0
                text166                            5526     5526       16     14AC       0
                text165                            5704     5704        6     2B6D       0
                text164                            2C78     2C78       D6     15CA       0
                text163                            4F94     4F94       30     109F       0
                text162                            476C     476C       52     109F       0
                text161                           1DFC2    1DFC2      282     8000       0
                text160                            116E     116E      162       2E       0
                text159                            22BA     22BA      112       2E       0
                text158                           17CE2    17CE2      82A     8000       0
                text157                           18CE6    18CE6      7BC     8000       0
                text156                            497C     497C       46     109F       0
                text155                           1FD56    1FD56      1BC     8000       0
                text154                            56FE     56FE        6     2B6D       0
                text153                            56F8     56F8        6     2B6D       0
                text152                           1B2B8    1B2B8      50A     8000       0
                text151                           1A828    1A828      57A     8000       0
                text150                           1F988    1F988      204     8000       0
                text149                            4E3A     4E3A       34     109F       0
                text148                            44E6     44E6       62     109F       0
                text147                           194A2    194A2      73C     8000       0
                text146                            343A     343A       AE     15CA       0
                text145                             8B0      8B0      186       2E       0
                text144                           1C09E    1C09E      3D8     8000       0
                text143                            40C6     40C6       72     15CA       0
                text142                            56BA     56BA        8     15A6       0
                text141                            56B2     56B2        8     15A6       0
                text140                            4B50     4B50       40     109F       0
                text139                            50F6     50F6       28     109F       0
                text138                            4CC4     4CC4       38     109F       0
                text137                            54A8     54A8       1E     14AC       0
                text136                            55F6     55F6       10     14AC       0
                text135                            548A     548A       1E     14AC       0
                text134                           1D1D8    1D1D8      2EC     8000       0
                text133                            3A8E     3A8E       92     15CA       0
                text132                            24D6     24D6      102       2E       0
                text131                            382C     382C       9E     15CA       0
                text130                            56F2     56F2        6     2B6D       0
                text129                            36E8     36E8       A2     15CA       0
                text128                            56EC     56EC        6     2B6D       0
                text127                            3388     3388       B2     15CA       0
                text126                            363E     363E       AA     15CA       0
                text125                            4714     4714       58     109F       0
                text124                            5624     5624        E     14AC       0
                text123                            5426     5426       22     14AC       0
                text122                            39FC     39FC       92     15CA       0
                text121                            1432     1432      160       2E       0
                text120                            4D68     4D68       36     109F       0
                text119                            4FC4     4FC4       2E     109F       0
                text118                           1EC3A    1EC3A      274     8000       0
                text117                            54C6     54C6       1A     14AC       0
                text116                            1D38     1D38      124       2E       0
                text115                            3964     3964       98     15CA       0
                text114                            21A6     21A6      114       2E       0
                text113                            3CD4     3CD4       88     15CA       0
                text112                           1E744    1E744      280     8000       0
                text111                           1F0F2    1F0F2      240     8000       0
                text110                            4936     4936       46     109F       0
                text109                           1B7C2    1B7C2      480     8000       0
                text108                            1844     1844      14E       2E       0
                text107                            208E     208E      118       2E       0
                text106                            3154     3154       C4     15CA       0
                text105                            485E     485E       48     109F       0
                text104                             D28      D28      172       2E       0
                text103                             3F8      3F8      196       2E       0
                text102                           1C830    1C830      36C     8000       0
                text101                            2D4E     2D4E       D4     15CA       0
                text100                            4F64     4F64       30     109F       0
                text99                             3DE0     3DE0       84     15CA       0
                text98                            11B7A    11B7A     1244     8000       0
                text97                            1DA76    1DA76      2BE     8000       0
                text96                            1F562    1F562      220     8000       0
                text95                              A36      A36      180       2E       0
                text94                             1992     1992      140       2E       0
                text93                            1CB9C    1CB9C      340     8000       0
                text92                             4A08     4A08       44     109F       0
                text91                             4F34     4F34       30     109F       0
                text90                             3D5C     3D5C       84     15CA       0
                text89                            1C476    1C476      3BA     8000       0
                text88                            14EA8    14EA8      FAC     8000       0
                text87                             34E8     34E8       AC     15CA       0
                text86                             23CC     23CC      10A       2E       0
                text85                              722      722      18E       2E       0
                text84                            1F782    1F782      206     8000       0
                text83                             43B6     43B6       66     109F       0
                text82                             25D8     25D8       FE       2E       0
                text81                             3E64     3E64       80     15CA       0
                text80                             2B94     2B94       E4     15CA       0
                text79                             2FC2     2FC2       CA     15CA       0
                text78                             56E6     56E6        6     2B6D       0
                text77                             4810     4810       4E     109F       0
                text76                             5020     5020       2C     109F       0
                text75                             27CC     27CC       F6       2E       0
                text74                             56AA     56AA        8     15A6       0
                text73                             55A4     55A4       12     14AC       0
                text72                             434E     434E       68     109F       0
                text71                             5592     5592       12     14AC       0
                text70                             2EF4     2EF4       CE     15CA       0
                text69                              BB6      BB6      172       2E       0
                text68                             55E6     55E6       10     14AC       0
                text67                             56E0     56E0        6     2B6D       0
                text66                             42E6     42E6       68     109F       0
                text65                             16EC     16EC      158       2E       0
                text64                            15E54    15E54      C7A     8000       0
                text63                             38CA     38CA       9A     15CA       0
                text62                             1E5C     1E5C      11A       2E       0
                text61                            1ADA2    1ADA2      516     8000       0
                text60                              58E      58E      194       2E       0
                text59                             1008     1008      166       2E       0
                text58                             1592     1592      15A       2E       0
                text57                            12DBE    12DBE     10D2     8000       0
                text56                            1CEDC    1CEDC      2FC     8000       0
                text55                             29B6     29B6       F2       2E       0
                text54                            1F332    1F332      230     8000       0
                text53                            1E4C4    1E4C4      280     8000       0
                text52                            1E244    1E244      280     8000       0
                text51                            1FF12    1FF12       EC     8000       0
                text50                            16ACE    16ACE      972     8000       0
                text49                             4482     4482       64     109F       0
                text48                            19BDE    19BDE      6BC     8000       0
                text47                             26D6     26D6       F6       2E       0
                text46                             4C4E     4C4E       3C     109F       0
                text45                            17440    17440      8A2     8000       0
                text44                            1EEAE    1EEAE      244     8000       0
                text43                             5510     5510       16     14AC       0
                text42                             45A8     45A8       5E     109F       0
                text41                            1D4C4    1D4C4      2DA     8000       0
                text40                             4A4C     4A4C       42     109F       0
                text39                             54E0     54E0       18     14AC       0
                text38                             5616     5616        E     14AC       0
                text37                             55D6     55D6       10     14AC       0
                text36                             55C6     55C6       10     14AC       0
                text35                             56A2     56A2        8     15A6       0
                text34                             4C8A     4C8A       3A     109F       0
                text33                            1D79E    1D79E      2D8     8000       0
                text32                             4D32     4D32       36     109F       0
                text31                             1AD2     1AD2      13E       2E       0
                text30                            1DD34    1DD34      28E     8000       0
                text29                             3218     3218       BA     15CA       0
                text28                             3FDA     3FDA       78     15CA       0
                text27                            1E9C4    1E9C4      276     8000       0
                text26                             50CE     50CE       28     109F       0
                text25                             4F04     4F04       30     109F       0
                text24                             4660     4660       5A     109F       0
                text23                             4B10     4B10       40     109F       0
                text22                             4AD0     4AD0       40     109F       0
                text21                             534E     534E       24     14AC       0
                text20                             2E22     2E22       D2     15CA       0
                text19                             4ED4     4ED4       30     109F       0
                text18                            1BC42    1BC42      45C     8000       0
                text17                             4EA2     4EA2       32     109F       0
                text16                            1FB8C    1FB8C      1CA     8000       0
                text15                             308C     308C       C8     15CA       0
                text14                             3F60     3F60       7A     15CA       0
                text13                             32D2     32D2       B6     15CA       0
                text12                             1F76     1F76      118       2E       0
                text11                             4E06     4E06       34     109F       0
                text10                             4DD2     4DD2       34     109F       0
                text9                              56DA     56DA        6     2B6D       0
                text8                              55B6     55B6       10     14AC       0
                text7                              4CFC     4CFC       36     109F       0
                text6                              4D9E     4D9E       34     109F       0
                text5                              546A     546A       20     14AC       0
                text4                              4606     4606       5A     109F       0
                text3                              4138     4138       6E     15CA       0
                text2                              3EE4     3EE4       7C     15CA       0
                text1                              5716     5716        4     15C3       0
                text0                             10000    10000     1B7A     8000       0
                cstackCOMRAM                          1        1       2A        1       1
                cstackBANK0                          D7       D7       19       60       1
                dataBIGRAM                          5E4      5E4      7DA      5E4       1
                bssBANK5                            500      500       E4      500       1
                bssBANK4                            400      400       E0      400       1
                dataBANK3                           3D1      3D1        7      300       1
                bssBANK3                            300      300       D1      300       1
                dataBANK2                           200      200       AA      200       1
                bssBANK2                            2AA      2AA       51      200       1
                dataBANK1                           100      100       EB      100       1
                bssBANK1                            1EB      1EB       12      100       1
                dataBANK0                            F0       F0        4       60       1
                bssBANK0                             60       60       77       60       1
                dataCOMRAM                           5F       5F        1        1       1
                bssCOMRAM                            4B       4B       14        1       1
                cinit                              1C10     1C10      128       2E       0
                idataBANK3                         56D2     56D2        7     15A6       0
                idataBANK2                         3594     3594       AA     15CA       0
                idataBANK1                         2AA8     2AA8       EB       2E       0
                idataBANK0                         5712     5712        4     15C3       0
                idataBIGRAM                       1850C    1850C      7DA     8000       0
                idataCOMRAM                        5722     5722        1     15C3       0

TOTAL           Name                               Link     Load   Length     Space
        CLASS   STACK          
                stack                               DBE      DBE     1242         2

        CLASS   CODE           
                init                                 AE       AE        8         0
                reset_vec                             0        0        4         0
                ivt0x8                                8        8       A6         0
                text240                            5698     5698        A         0
                text239                            568C     568C        A         0
                text238                            5680     5680        A         0
                text237                            5650     5650        E         0
                text236                            4A8E     4A8E       42         0
                text235                            56CA     56CA        8         0
                text234                            28C2     28C2       F4         0
                text233                            5402     5402       24         0
                text232                            5328     5328       26         0
                text231                            5448     5448       22         0
                text230                            5300     5300       28         0
                text229                            5078     5078       2C         0
                text228                            52D8     52D8       28         0
                text227                            4FF2     4FF2       2E         0
                text226                            52B0     52B0       28         0
                text225                            427C     427C       6A         0
                text224                            5720     5720        2         0
                text223                            571E     571E        2         0
                text222                            3C44     3C44       90         0
                text221                            504C     504C       2C         0
                text220                            570C     570C        6         0
                text219                            571C     571C        2         0
                text218                            53DE     53DE       24         0
                text217                            5640     5640        E         0
                text216                            5674     5674        A         0
                text215                             25A      25A      19E         0
                text214                            4052     4052       74         0
                text213                           13E90    13E90     1018         0
                text212                            571A     571A        2         0
                text211                            53BA     53BA       24         0
                text210                            4BD0     4BD0       40         0
                text209                            12D0     12D0      162         0
                text208                            5632     5632        E         0
                text207                            5606     5606       10         0
                text206                           1A29A    1A29A      58E         0
                text205                            378A     378A       A2         0
                text204                            5396     5396       24         0
                text203                            4B90     4B90       40         0
                text202                              B8       B8      1A2         0
                text201                             E9A      E9A      16E         0
                text200                           1FFFE    1FFFE        2         0
                text199                            5372     5372       24         0
                text198                            4C10     4C10       3E         0
                text197                            5286     5286       28         0
                text196                            525E     525E       28         0
                text195                            4210     4210       6A         0
                text194                            566A     566A        A         0
                text193                            3BB2     3BB2       92         0
                text192                            41A6     41A6       6A         0
                text191                            46BA     46BA       5A         0
                text190                            5236     5236       28         0
                text189                            520E     520E       28         0
                text188                            4E6E     4E6E       34         0
                text187                            56C2     56C2        8         0
                text186                            441C     441C       66         0
                text185                            5568     5568       16         0
                text184                            3B20     3B20       92         0
                text183                            557E     557E       14         0
                text182                            5552     5552       16         0
                text181                            553C     553C       16         0
                text180                            54F8     54F8       18         0
                text179                            51E6     51E6       28         0
                text178                            48EE     48EE       48         0
                text177                            51BE     51BE       28         0
                text176                            48A6     48A6       48         0
                text175                            5196     5196       28         0
                text174                            50A4     50A4       2A         0
                text173                            516E     516E       28         0
                text172                            49C2     49C2       46         0
                text171                            5146     5146       28         0
                text170                            511E     511E       28         0
                text169                            4548     4548       60         0
                text168                            565E     565E        C         0
                text167                            47BE     47BE       52         0
                text166                            5526     5526       16         0
                text165                            5704     5704        6         0
                text164                            2C78     2C78       D6         0
                text163                            4F94     4F94       30         0
                text162                            476C     476C       52         0
                text161                           1DFC2    1DFC2      282         0
                text160                            116E     116E      162         0
                text159                            22BA     22BA      112         0
                text158                           17CE2    17CE2      82A         0
                text157                           18CE6    18CE6      7BC         0
                text156                            497C     497C       46         0
                text155                           1FD56    1FD56      1BC         0
                text154                            56FE     56FE        6         0
                text153                            56F8     56F8        6         0
                text152                           1B2B8    1B2B8      50A         0
                text151                           1A828    1A828      57A         0
                text150                           1F988    1F988      204         0
                text149                            4E3A     4E3A       34         0
                text148                            44E6     44E6       62         0
                text147                           194A2    194A2      73C         0
                text146                            343A     343A       AE         0
                text145                             8B0      8B0      186         0
                text144                           1C09E    1C09E      3D8         0
                text143                            40C6     40C6       72         0
                text142                            56BA     56BA        8         0
                text141                            56B2     56B2        8         0
                text140                            4B50     4B50       40         0
                text139                            50F6     50F6       28         0
                text138                            4CC4     4CC4       38         0
                text137                            54A8     54A8       1E         0
                text136                            55F6     55F6       10         0
                text135                            548A     548A       1E         0
                text134                           1D1D8    1D1D8      2EC         0
                text133                            3A8E     3A8E       92         0
                text132                            24D6     24D6      102         0
                text131                            382C     382C       9E         0
                text130                            56F2     56F2        6         0
                text129                            36E8     36E8       A2         0
                text128                            56EC     56EC        6         0
                text127                            3388     3388       B2         0
                text126                            363E     363E       AA         0
                text125                            4714     4714       58         0
                text124                            5624     5624        E         0
                text123                            5426     5426       22         0
                text122                            39FC     39FC       92         0
                text121                            1432     1432      160         0
                text120                            4D68     4D68       36         0
                text119                            4FC4     4FC4       2E         0
                text118                           1EC3A    1EC3A      274         0
                text117                            54C6     54C6       1A         0
                text116                            1D38     1D38      124         0
                text115                            3964     3964       98         0
                text114                            21A6     21A6      114         0
                text113                            3CD4     3CD4       88         0
                text112                           1E744    1E744      280         0
                text111                           1F0F2    1F0F2      240         0
                text110                            4936     4936       46         0
                text109                           1B7C2    1B7C2      480         0
                text108                            1844     1844      14E         0
                text107                            208E     208E      118         0
                text106                            3154     3154       C4         0
                text105                            485E     485E       48         0
                text104                             D28      D28      172         0
                text103                             3F8      3F8      196         0
                text102                           1C830    1C830      36C         0
                text101                            2D4E     2D4E       D4         0
                text100                            4F64     4F64       30         0
                text99                             3DE0     3DE0       84         0
                text98                            11B7A    11B7A     1244         0
                text97                            1DA76    1DA76      2BE         0
                text96                            1F562    1F562      220         0
                text95                              A36      A36      180         0
                text94                             1992     1992      140         0
                text93                            1CB9C    1CB9C      340         0
                text92                             4A08     4A08       44         0
                text91                             4F34     4F34       30         0
                text90                             3D5C     3D5C       84         0
                text89                            1C476    1C476      3BA         0
                text88                            14EA8    14EA8      FAC         0
                text87                             34E8     34E8       AC         0
                text86                             23CC     23CC      10A         0
                text85                              722      722      18E         0
                text84                            1F782    1F782      206         0
                text83                             43B6     43B6       66         0
                text82                             25D8     25D8       FE         0
                text81                             3E64     3E64       80         0
                text80                             2B94     2B94       E4         0
                text79                             2FC2     2FC2       CA         0
                text78                             56E6     56E6        6         0
                text77                             4810     4810       4E         0
                text76                             5020     5020       2C         0
                text75                             27CC     27CC       F6         0
                text74                             56AA     56AA        8         0
                text73                             55A4     55A4       12         0
                text72                             434E     434E       68         0
                text71                             5592     5592       12         0
                text70                             2EF4     2EF4       CE         0
                text69                              BB6      BB6      172         0
                text68                             55E6     55E6       10         0
                text67                             56E0     56E0        6         0
                text66                             42E6     42E6       68         0
                text65                             16EC     16EC      158         0
                text64                            15E54    15E54      C7A         0
                text63                             38CA     38CA       9A         0
                text62                             1E5C     1E5C      11A         0
                text61                            1ADA2    1ADA2      516         0
                text60                              58E      58E      194         0
                text59                             1008     1008      166         0
                text58                             1592     1592      15A         0
                text57                            12DBE    12DBE     10D2         0
                text56                            1CEDC    1CEDC      2FC         0
                text55                             29B6     29B6       F2         0
                text54                            1F332    1F332      230         0
                text53                            1E4C4    1E4C4      280         0
                text52                            1E244    1E244      280         0
                text51                            1FF12    1FF12       EC         0
                text50                            16ACE    16ACE      972         0
                text49                             4482     4482       64         0
                text48                            19BDE    19BDE      6BC         0
                text47                             26D6     26D6       F6         0
                text46                             4C4E     4C4E       3C         0
                text45                            17440    17440      8A2         0
                text44                            1EEAE    1EEAE      244         0
                text43                             5510     5510       16         0
                text42                             45A8     45A8       5E         0
                text41                            1D4C4    1D4C4      2DA         0
                text40                             4A4C     4A4C       42         0
                text39                             54E0     54E0       18         0
                text38                             5616     5616        E         0
                text37                             55D6     55D6       10         0
                text36                             55C6     55C6       10         0
                text35                             56A2     56A2        8         0
                text34                             4C8A     4C8A       3A         0
                text33                            1D79E    1D79E      2D8         0
                text32                             4D32     4D32       36         0
                text31                             1AD2     1AD2      13E         0
                text30                            1DD34    1DD34      28E         0
                text29                             3218     3218       BA         0
                text28                             3FDA     3FDA       78         0
                text27                            1E9C4    1E9C4      276         0
                text26                             50CE     50CE       28         0
                text25                             4F04     4F04       30         0
                text24                             4660     4660       5A         0
                text23                             4B10     4B10       40         0
                text22                             4AD0     4AD0       40         0
                text21                             534E     534E       24         0
                text20                             2E22     2E22       D2         0
                text19                             4ED4     4ED4       30         0
                text18                            1BC42    1BC42      45C         0
                text17                             4EA2     4EA2       32         0
                text16                            1FB8C    1FB8C      1CA         0
                text15                             308C     308C       C8         0
                text14                             3F60     3F60       7A         0
                text13                             32D2     32D2       B6         0
                text12                             1F76     1F76      118         0
                text11                             4E06     4E06       34         0
                text10                             4DD2     4DD2       34         0
                text9                              56DA     56DA        6         0
                text8                              55B6     55B6       10         0
                text7                              4CFC     4CFC       36         0
                text6                              4D9E     4D9E       34         0
                text5                              546A     546A       20         0
                text4                              4606     4606       5A         0
                text3                              4138     4138       6E         0
                text2                              3EE4     3EE4       7C         0
                text1                              5716     5716        4         0
                text0                             10000    10000     1B7A         0
                cinit                              1C10     1C10      128         0
                idataBANK3                         56D2     56D2        7         0
                idataBANK2                         3594     3594       AA         0
                idataBANK1                         2AA8     2AA8       EB         0
                idataBANK0                         5712     5712        4         0
                idataBIGRAM                       1850C    1850C      7DA         0
                idataCOMRAM                        5722     5722        1         0

        CLASS   CONST          

        CLASS   SMALLCONST     

        CLASS   MEDIUMCONST    
                mediumconst                        F512     F512      AEE         0

        CLASS   COMRAM         
                temp                                 2B       2B       20         1
                cstackCOMRAM                          1        1       2A         1
                dataCOMRAM                           5F       5F        1         1
                bssCOMRAM                            4B       4B       14         1

        CLASS   ABS1           

        CLASS   BIGRAM         
                dataBIGRAM                          5E4      5E4      7DA         1

        CLASS   RAM            

        CLASS   BANK0          
                cstackBANK0                          D7       D7       19         1
                dataBANK0                            F0       F0        4         1
                bssBANK0                             60       60       77         1

        CLASS   BANK1          
                dataBANK1                           100      100       EB         1
                bssBANK1                            1EB      1EB       12         1

        CLASS   BANK2          
                dataBANK2                           200      200       AA         1
                bssBANK2                            2AA      2AA       51         1

        CLASS   BANK3          
                dataBANK3                           3D1      3D1        7         1
                bssBANK3                            300      300       D1         1

        CLASS   BANK4          
                bssBANK4                            400      400       E0         1

        CLASS   BANK5          
                bssBANK5                            500      500       E4         1

        CLASS   BANK6          

        CLASS   BANK7          

        CLASS   BANK8          

        CLASS   BANK9          

        CLASS   BANK10         

        CLASS   BANK11         

        CLASS   BANK12         

        CLASS   BANK13         

        CLASS   BANK14         

        CLASS   BANK15         

        CLASS   BANK16         

        CLASS   BANK17         

        CLASS   BANK18         

        CLASS   BANK19         

        CLASS   BANK20         

        CLASS   BANK21         

        CLASS   BANK22         

        CLASS   BANK23         

        CLASS   BANK24         

        CLASS   BANK25         

        CLASS   BANK26         

        CLASS   BANK27         

        CLASS   BANK28         

        CLASS   BANK29         

        CLASS   BANK30         

        CLASS   BANK31         

        CLASS   SFR            

        CLASS   FARRAM         

        CLASS   CONFIG         
                config                           300000   300000        A         0

        CLASS   IDLOC          
                idloc                            200000   200000       10         0

        CLASS   EEDATA         



SEGMENTS        Name                           Load    Length   Top    Selector   Space  Class

                reset_vec                      000000  000004  000004         0       0  CODE    
                cstackCOMRAM                   000001  00005F  000060         1       1  COMRAM  
                ivt0x8                         000008  0000AE  0000B6         4       0  CODE    
                bssBANK0                       000060  000094  0000F4        60       1  BANK0   
                text202                        0000B8  002ADB  002B93        2E       0  CODE    
                dataBANK1                      000100  0000FD  0001FD       100       1  BANK1   
                dataBANK2                      000200  0000FB  0002FB       200       1  BANK2   
                bssBANK3                       000300  0000D8  0003D8       300       1  BANK3   
                bssBANK4                       000400  0000E0  0004E0       400       1  BANK4   
                bssBANK5                       000500  0000E4  0005E4       500       1  BANK5   
                dataBIGRAM                     0005E4  0007DA  000DBE       5E4       1  BIGRAM  
                stack                          000DBE  001242  002000       DBE       2  STACK   
                text80                         002B94  0016E6  00427A      15CA       0  CODE    
                text225                        00427C  001032  0052AE      109F       0  CODE    
                text226                        0052B0  00039E  00564E      14AC       0  CODE    
                text237                        005650  00002E  00567E      1594       0  CODE    
                text238                        005680  00000A  00568A      15A0       0  CODE    
                text239                        00568C  00000A  005696      15A3       0  CODE    
                text240                        005698  000041  0056D9      15A6       0  CODE    
                text9                          0056DA  000030  00570A      2B6D       0  CODE    
                text220                        00570C  000017  005723      15C3       0  CODE    
                mediumconst                    00F512  000AEE  010000      7A89       0  MEDIUMCO
                text0                          010000  010000  020000      8000       0  CODE    
                idloc                          200000  000010  200010    200000       0  IDLOC   
                config                         300000  00000A  30000A    300000       0  CONFIG  


UNUSED ADDRESS RANGES

        Name                Unused          Largest block    Delta
        BANK0            0000F4-0000FF                C
        BANK1            0001FD-0001FF                3
        BANK13           000DBE-000DFF               42
        BANK14           000E00-000EFF              100
        BANK15           000F00-000FFF              100
        BANK16           001000-0010FF              100
        BANK17           001100-0011FF              100
        BANK18           001200-0012FF              100
        BANK19           001300-0013FF              100
        BANK2            0002FB-0002FF                5
        BANK20           001400-0014FF              100
        BANK21           001500-0015FF              100
        BANK22           001600-0016FF              100
        BANK23           001700-0017FF              100
        BANK24           001800-0018FF              100
        BANK25           001900-0019FF              100
        BANK26           001A00-001AFF              100
        BANK27           001B00-001BFF              100
        BANK28           001C00-001CFF              100
        BANK29           001D00-001DFF              100
        BANK3            0003D8-0003FF               28
        BANK30           001E00-001EFF              100
        BANK31           001F00-001FFF              100
        BANK4            0004E0-0004FF               20
        BIGRAM           0000F4-0000FF                C
                         0001FD-0001FF                3
                         0002FB-0002FF                5
                         0003D8-0003FF               28
                         0004E0-0004FF               20
                         000DBE-001FFF             1242
        CODE             000004-000007                4
                         0000B6-0000B7                2
                         002B93-002B93                1
                         00427A-00427B                2
                         0052AE-0052AF                2
                         00564E-00564F                2
                         00567E-00567F                2
                         00568A-00568B                2
                         005696-005697                2
                         0056D9-0056D9                1
                         00570A-00570B                2
                         005723-00F511             9DEF
        CONST            000004-000007                4
                         0000B6-0000B7                2
                         002B93-002B93                1
                         00427A-00427B                2
                         0052AE-0052AF                2
                         00564E-00564F                2
                         00567E-00567F                2
                         00568A-00568B                2
                         005696-005697                2
                         0056D9-0056D9                1
                         00570A-00570B                2
                         005723-00F511             9DEF
        EEDATA           310000-3103FF              400
        MEDIUMCONST      002B93-002B93                1
                         00427A-00427B                2
                         0052AE-0052AF                2
                         00564E-00564F                2
                         00567E-00567F                2
                         00568A-00568B                2
                         005696-005697                2
                         0056D9-0056D9                1
                         00570A-00570B                2
                         005723-00F511             9DEF
        RAM              0000F4-0000FF                C
                         0001FD-0001FF                3
                         0002FB-0002FF                5
                         0003D8-0003FF               28
                         0004E0-0004FF               20
                         000DBE-001FFF              100
        SFR              003800-003FFF              100
        SMALLCONST       002B93-002B93                1
                         00427A-00427B                2
                         0052AE-0052AF                2
                         00564E-00564F                2
                         00567E-00567F                2
                         00568A-00568B                2
                         005696-005697                2
                         0056D9-0056D9                1
                         00570A-00570B                2
                         005723-00F511              100

                                  Symbol Table

IVTBASEH                                    (abs)        003FD6
IVTBASEL                                    (abs)        003FD5
IVTBASEU                                    (abs)        003FD7
TMR3_ISR@CountCallBack                      bssBANK0     0000B2
TMR5_ISR@CountCallBack                      bssBANK0     0000B6
TMR6_DefaultInterruptHandler@i              bssCOMRAM    000058
TMR6_DefaultInterruptHandler@j              bssCOMRAM    000057
_ADACCU                                     (abs)        003EEA
_ADACQH                                     (abs)        003EF4
_ADACQL                                     (abs)        003EF3
_ADACT                                      (abs)        003EFE
_ADCAP                                      (abs)        003EF5
_ADCC_ADI_InterruptHandler                  bssBANK0     000094
_ADCC_ADTI_InterruptHandler                 bssBANK0     000091
_ADCC_DefaultInterruptHandler               text223      00571E
_ADCC_DischargeSampleCapacitor              text74       0056AA
_ADCC_ISR                                   text221      00504C
_ADCC_Initialize                            text195      004210
_ADCC_SetADIInterruptHandler                text197      005286
_ADCC_SetADTIInterruptHandler               text196      00525E
_ADCC_StartConversion                       text73       0055A4
_ADCC_ThresholdISR                          text225      00427C
_ADCLK                                      (abs)        003EFF
_ADCON0                                     (abs)        003EF8
_ADCON0bits                                 (abs)        003EF8
_ADCON1                                     (abs)        003EF9
_ADCON2                                     (abs)        003EFA
_ADCON3                                     (abs)        003EFB
_ADFLTRH                                    (abs)        003EE7
_ADFLTRL                                    (abs)        003EE6
_ADLTHH                                     (abs)        003EDF
_ADLTHL                                     (abs)        003EDE
_ADPCH                                      (abs)        003EF1
_ADPREH                                     (abs)        003EF7
_ADPREL                                     (abs)        003EF6
_ADREF                                      (abs)        003EFD
_ADRPT                                      (abs)        003EEC
_ADSTAT                                     (abs)        003EFC
_ADSTPTH                                    (abs)        003EE5
_ADSTPTL                                    (abs)        003EE4
_ADUTHH                                     (abs)        003EE1
_ADUTHL                                     (abs)        003EE0
_ANSELA                                     (abs)        003A40
_ANSELB                                     (abs)        003A50
_ANSELC                                     (abs)        003A60
_ANSELD                                     (abs)        003A70
_ANSELE                                     (abs)        003A80
_ANSELF                                     (abs)        003A90
_BVSOC_TABLE                                mediumconst  00F513
_C                                          dataBIGRAM   000C66
_CCPTMRS1bits                               (abs)        003F5F
_CLKRCLK                                    (abs)        003CE6
_CLKRCON                                    (abs)        003CE5
_CLKREF_Initialize                          text194      00566A
_CRCACCH                                    (abs)        003963
_CRCACCL                                    (abs)        003962
_CRCCON0                                    (abs)        003968
_CRCCON0bits                                (abs)        003968
_CRCCON1                                    (abs)        003969
_CRCCON1bits                                (abs)        003969
_CRCDATH                                    (abs)        003961
_CRCDATL                                    (abs)        003960
_CRCXORH                                    (abs)        003967
_CRCXORL                                    (abs)        003966
_CRC_8BitDataWrite                          text71       005592
_CRC_CalculatedResultGet                    text69       000BB6
_CRC_Initialize                             text193      003BB2
_CRC_IsBusy                                 text68       0055E6
_CRC_ReverseValue                           text70       002EF4
_CRC_Start                                  text67       0056E0
_D                                          dataBIGRAM   0009E4
_DATAEE_ReadByte                            text17       004EA2
_DATAEE_WriteByte                           text66       0042E6
_DMA1AIRQ                                   (abs)        003BFE
_DMA1CON0                                   (abs)        003BFC
_DMA1CON0bits                               (abs)        003BFC
_DMA1CON1                                   (abs)        003BFD
_DMA1CON1bits                               (abs)        003BFD
_DMA1DSA                                    (abs)        003BF0
_DMA1DSZ                                    (abs)        003BEE
_DMA1PR                                     (abs)        0039F3
_DMA1SIRQ                                   (abs)        003BFF
_DMA1SSA                                    (abs)        003BF9
_DMA1SSZ                                    (abs)        003BF7
_DMA1_DMAA_ISR                              text239      00568C
_DMA1_DMADCNT_ISR                           text238      005680
_DMA1_DMAOR_ISR                             text240      005698
_DMA1_DMASCNT_ISR                           text237      005650
_DMA1_Initialize                            text192      0041A6
_DMA2AIRQ                                   (abs)        003BDE
_DMA2CON0                                   (abs)        003BDC
_DMA2CON0bits                               (abs)        003BDC
_DMA2CON1                                   (abs)        003BDD
_DMA2CON1bits                               (abs)        003BDD
_DMA2DSA                                    (abs)        003BD0
_DMA2DSZ                                    (abs)        003BCE
_DMA2PR                                     (abs)        0039F4
_DMA2SIRQ                                   (abs)        003BDF
_DMA2SSA                                    (abs)        003BD9
_DMA2SSZ                                    (abs)        003BD7
_DMA2_Initialize                            text191      0046BA
_Default_ISR                                text220      00570C
_EXT_INT_Initialize                         text188      004E6E
_FVRCON                                     (abs)        003EC1
_FVR_Initialize                             text187      0056C2
_GIE                                        (abs)        01FE97
_H                                          dataBANK2    0002A1
_INT0PPS                                    (abs)        003AC0
_INT0_CallBack                              text218      0053DE
_INT0_DefaultInterruptHandler               text219      00571C
_INT0_ISR                                   text217      005640
_INT0_InterruptHandler                      bssBANK0     0000A3
_INT0_SetInterruptHandler                   text190      005236
_INT1PPS                                    (abs)        003AC1
_INT1_CallBack                              text199      005372
_INT1_DefaultInterruptHandler               text200      01FFFE
_INT1_ISR                                   text198      004C10
_INT1_InterruptHandler                      bssBANK0     0000A0
_INT1_SetInterruptHandler                   text189      00520E
_INTCON0bits                                (abs)        003FD2
_INTERRUPT_Initialize                       text186      00441C
_IPR1bits                                   (abs)        003981
_IPR2bits                                   (abs)        003982
_IPR3bits                                   (abs)        003983
_IPR5bits                                   (abs)        003985
_IPR6bits                                   (abs)        003986
_IPR8bits                                   (abs)        003988
_IPR9bits                                   (abs)        003989
_ISRPR                                      (abs)        0039F1
_IVTADH                                     (abs)        00389E
_IVTADL                                     (abs)        00389D
_IVTADU                                     (abs)        00389F
_IVTLOCK                                    (abs)        003FD4
_IVTLOCKbits                                (abs)        003FD4
_LATA                                       (abs)        003FBA
_LATB                                       (abs)        003FBB
_LATC                                       (abs)        003FBC
_LATCbits                                   (abs)        003FBC
_LATD                                       (abs)        003FBD
_LATDbits                                   (abs)        003FBD
_LATE                                       (abs)        003FBE
_LATEbits                                   (abs)        003FBE
_LATF                                       (abs)        003FBF
_LATFbits                                   (abs)        003FBF
_MAINPR                                     (abs)        0039F2
_NVMADRH                                    (abs)        0039E1
_NVMADRL                                    (abs)        0039E0
_NVMCON1bits                                (abs)        0039E5
_NVMCON2                                    (abs)        0039E6
_NVMDAT                                     (abs)        0039E3
_ODCONA                                     (abs)        003A42
_ODCONB                                     (abs)        003A52
_ODCONC                                     (abs)        003A62
_ODCOND                                     (abs)        003A72
_ODCONE                                     (abs)        003A82
_ODCONF                                     (abs)        003A92
_OSCCON1                                    (abs)        0039D9
_OSCCON3                                    (abs)        0039DB
_OSCEN                                      (abs)        0039DD
_OSCFRQ                                     (abs)        0039DF
_OSCILLATOR_Initialize                      text185      005568
_OSCTUNE                                    (abs)        0039DE
_PIE1bits                                   (abs)        003991
_PIE2bits                                   (abs)        003992
_PIE3bits                                   (abs)        003993
_PIE5bits                                   (abs)        003995
_PIE6bits                                   (abs)        003996
_PIE8bits                                   (abs)        003998
_PIE9bits                                   (abs)        003999
_PIN_MANAGER_Initialize                     text184      003B20
_PIR0bits                                   (abs)        0039A0
_PIR1bits                                   (abs)        0039A1
_PIR2bits                                   (abs)        0039A2
_PIR3bits                                   (abs)        0039A3
_PIR4bits                                   (abs)        0039A4
_PIR5bits                                   (abs)        0039A5
_PIR6bits                                   (abs)        0039A6
_PIR8bits                                   (abs)        0039A8
_PIR9bits                                   (abs)        0039A9
_PLLR                                       (abs)        01CEE0
_PMD0                                       (abs)        0039C0
_PMD1                                       (abs)        0039C1
_PMD2                                       (abs)        0039C2
_PMD3                                       (abs)        0039C3
_PMD4                                       (abs)        0039C4
_PMD5                                       (abs)        0039C5
_PMD6                                       (abs)        0039C6
_PMD7                                       (abs)        0039C7
_PMD_Initialize                             text183      00557E
_PORTBbits                                  (abs)        003FCB
_PORTDbits                                  (abs)        003FCD
_PORTFbits                                  (abs)        003FCF
_PWM8CON                                    (abs)        003F62
_PWM8DCH                                    (abs)        003F61
_PWM8DCL                                    (abs)        003F60
_PWM8_Initialize                            text182      005552
_PWM8_LoadDutyValue                         text40       004A4C
_R                                          dataBANK2    000200
_RB6PPS                                     (abs)        003A0E
_RC3PPS                                     (abs)        003A13
_RC5PPS                                     (abs)        003A15
_RC6PPS                                     (abs)        003A16
_RD1PPS                                     (abs)        003A19
_S                                          bssBANK2     0002AA
_SCANCON0                                   (abs)        00397C
_SCANHADRH                                  (abs)        00397A
_SCANHADRL                                  (abs)        003979
_SCANHADRU                                  (abs)        00397B
_SCANLADRH                                  (abs)        003977
_SCANLADRL                                  (abs)        003976
_SCANLADRU                                  (abs)        003978
_SCANPR                                     (abs)        0039F7
_SCANTRIG                                   (abs)        00397D
_SLRCONA                                    (abs)        003A43
_SLRCONB                                    (abs)        003A53
_SLRCONC                                    (abs)        003A63
_SLRCOND                                    (abs)        003A73
_SLRCONE                                    (abs)        003A83
_SLRCONF                                    (abs)        003A93
_SPI1BAUD                                   (abs)        003D19
_SPI1CLK                                    (abs)        003D1C
_SPI1CON0                                   (abs)        003D14
_SPI1CON0bits                               (abs)        003D14
_SPI1CON1                                   (abs)        003D15
_SPI1CON1bits                               (abs)        003D15
_SPI1CON2                                   (abs)        003D16
_SPI1INTFbits                               (abs)        003D1A
_SPI1RXB                                    (abs)        003D10
_SPI1SCKPPS                                 (abs)        003ADE
_SPI1SDIPPS                                 (abs)        003ADF
_SPI1STATUSbits                             (abs)        003D17
_SPI1TCNTL                                  (abs)        003D12
_SPI1TXB                                    (abs)        003D11
_SPI1_Exchange8bit                          text25       004F04
_SPI1_Initialize                            text181      00553C
_STATUSbits                                 (abs)        003FD8
_SYSTEM_Initialize                          text167      0047BE
_StartTimer                                 text140      004B50
_T                                          mediumconst  00F61F
_T2CLKCON                                   (abs)        003FAE
_T2CON                                      (abs)        003FAC
_T2HLT                                      (abs)        003FAD
_T2PR                                       (abs)        003FAB
_T2RST                                      (abs)        003FAF
_T2TMR                                      (abs)        003FAA
_T3CLK                                      (abs)        003FA9
_T3CON                                      (abs)        003FA6
_T3CONbits                                  (abs)        003FA6
_T3GATE                                     (abs)        003FA8
_T3GCON                                     (abs)        003FA7
_T5CLK                                      (abs)        003F9D
_T5CON                                      (abs)        003F9A
_T5CONbits                                  (abs)        003F9A
_T5GATE                                     (abs)        003F9C
_T5GCON                                     (abs)        003F9B
_T6CLKCON                                   (abs)        003F96
_T6CON                                      (abs)        003F94
_T6HLT                                      (abs)        003F95
_T6PR                                       (abs)        003F93
_T6RST                                      (abs)        003F97
_T6TMR                                      (abs)        003F92
_TMR2_Initialize                            text180      0054F8
_TMR3H                                      (abs)        003FA5
_TMR3L                                      (abs)        003FA4
_TMR3_CallBack                              text211      0053BA
_TMR3_DefaultInterruptHandler               text212      00571A
_TMR3_ISR                                   text209      0012D0
_TMR3_Initialize                            text178      0048EE
_TMR3_InterruptHandler                      bssBANK0     000088
_TMR3_SetInterruptHandler                   text179      0051E6
_TMR3_WriteTimer                            text210      004BD0
_TMR5H                                      (abs)        003F99
_TMR5L                                      (abs)        003F98
_TMR5_CallBack                              text204      005396
_TMR5_DefaultInterruptHandler               text205      00378A
_TMR5_ISR                                   text202      0000B8
_TMR5_Initialize                            text176      0048A6
_TMR5_InterruptHandler                      bssBANK0     00008B
_TMR5_SetInterruptHandler                   text177      0051BE
_TMR5_WriteTimer                            text203      004B90
_TMR6_CallBack                              text233      005402
_TMR6_DefaultInterruptHandler               text234      0028C2
_TMR6_ISR                                   text232      005328
_TMR6_Initialize                            text174      0050A4
_TMR6_InterruptHandler                      bssBANK0     00008E
_TMR6_SetInterruptHandler                   text175      005196
_TRISA                                      (abs)        003FC2
_TRISB                                      (abs)        003FC3
_TRISC                                      (abs)        003FC4
_TRISD                                      (abs)        003FC5
_TRISE                                      (abs)        003FC6
_TRISF                                      (abs)        003FC7
_TimerDone                                  text139      0050F6
_U1BRGH                                     (abs)        003DF6
_U1BRGL                                     (abs)        003DF5
_U1CON0                                     (abs)        003DF2
_U1CON1                                     (abs)        003DF3
_U1CON2                                     (abs)        003DF4
_U1ERRIE                                    (abs)        003DFA
_U1ERRIR                                    (abs)        003DF9
_U1FIFO                                     (abs)        003DF7
_U1P1H                                      (abs)        003DED
_U1P1L                                      (abs)        003DEC
_U1P2H                                      (abs)        003DEF
_U1P2L                                      (abs)        003DEE
_U1P3H                                      (abs)        003DF1
_U1P3L                                      (abs)        003DF0
_U1RXB                                      (abs)        003DE8
_U1RXPPS                                    (abs)        003AE5
_U1TXB                                      (abs)        003DEA
_U1UIR                                      (abs)        003DF8
_U2BRGH                                     (abs)        003DDE
_U2BRGL                                     (abs)        003DDD
_U2CON0                                     (abs)        003DDA
_U2CON1                                     (abs)        003DDB
_U2CON2                                     (abs)        003DDC
_U2ERRIE                                    (abs)        003DE2
_U2ERRIR                                    (abs)        003DE1
_U2FIFO                                     (abs)        003DDF
_U2P1L                                      (abs)        003DD4
_U2P2L                                      (abs)        003DD6
_U2P3L                                      (abs)        003DD8
_U2RXB                                      (abs)        003DD0
_U2RXPPS                                    (abs)        003AE8
_U2TXB                                      (abs)        003DD2
_U2UIR                                      (abs)        003DE0
_UART1_Initialize                           text172      0049C2
_UART1_Read                                 text236      004A8E
_UART1_Receive_ISR                          text227      004FF2
_UART1_RxInterruptHandler                   bssBANK0     000097
_UART1_SetRxInterruptHandler                text173      00516E
_UART1_Write                                text166      005526
_UART1_is_rx_ready                          text235      0056CA
_UART1_rx_vect_isr                          text226      0052B0
[...]

/opt/microchip/xc8/v2.10/pic/sources/c99/common/localtime.c estimated size: 23

mcc_generated_files/tmr6.c
		_TMR6_CallBack 		CODE           	5402	0000	37
		_TMR6_ISR      		CODE           	5328	0000	39
		_TMR6_Initialize		CODE           	50A4	0000	43
		_TMR6_SetInterruptHandler		CODE           	5196	0000	41
		_TMR6_DefaultInterruptHandler		CODE           	28C2	0000	245

mcc_generated_files/tmr6.c estimated size: 405

/opt/microchip/xc8/v2.10/pic/sources/c99/common/__month_to_secs.c
		___month_to_secs		CODE           	1FF12	0000	237

/opt/microchip/xc8/v2.10/pic/sources/c99/common/__month_to_secs.c estimated size: 237

/opt/microchip/xc8/v2.10/pic/sources/c99/common/flge.c
		___flge        		CODE           	116E	0000	355

/opt/microchip/xc8/v2.10/pic/sources/c99/common/flge.c estimated size: 355

mcc_generated_files/fvr.c
		_FVR_Initialize		CODE           	56C2	0000	9

mcc_generated_files/fvr.c estimated size: 9

/opt/microchip/xc8/v2.10/pic/sources/c99/common/aomod.c
		___aomod       		CODE           	1F0F2	0000	577

/opt/microchip/xc8/v2.10/pic/sources/c99/common/aomod.c estimated size: 577

/opt/microchip/xc8/v2.10/pic/sources/c99/common/Umul32.c
		___lmul        		CODE           	2C78	0000	215

/opt/microchip/xc8/v2.10/pic/sources/c99/common/Umul32.c estimated size: 215

mcc_generated_files/tmr2.c
		_TMR2_Initialize		CODE           	54F8	0000	25

mcc_generated_files/tmr2.c estimated size: 25

mcc_generated_files/interrupt_manager.c
		_INTERRUPT_Initialize		CODE           	441C	0000	103
		_Default_ISR   		CODE           	570C	0000	7

mcc_generated_files/interrupt_manager.c estimated size: 110

/opt/microchip/xc8/v2.10/pic/sources/c99/common/xxtofl.c
		___xxtofl      		CODE           	1F988	0000	517

/opt/microchip/xc8/v2.10/pic/sources/c99/common/xxtofl.c estimated size: 517

dio.c
		_start_switch_handler		CODE           	546A	0000	33
		_get_switch    		CODE           	5020	0000	45
		_get_switch_bm 		CODE           	4D32	0000	55
		_clear_switch  		CODE           	4810	0000	79
		_switch_handler		CODE           	0E9A	0000	367

dio.c estimated size: 579

/opt/microchip/xc8/v2.10/pic/sources/c99/common/lodiv.c
		___lodiv       		CODE           	0A36	0000	385

/opt/microchip/xc8/v2.10/pic/sources/c99/common/lodiv.c estimated size: 385

eadog.c
		_init_display  		CODE           	2E22	0000	211
		_eaDogM_WriteCommand		CODE           	5616	0000	15
		_putch         		CODE           	54C6	0000	27
		_wdtdelay      		CODE           	4660	0000	91
		_send_port_data_dma		CODE           	4052	0000	117
		_init_port_dma 		CODE           	4ED4	0000	49
		_port_data_dma_ptr		CODE           	5674	0000	11
		_send_lcd_cmd  		CODE           	4B10	0000	65
		_send_lcd_cmd_dma		CODE           	5426	0000	35
		_send_lcd_data 		CODE           	534E	0000	37
		_send_lcd_data_dma		CODE           	4714	0000	89
		_wait_lcd_set  		CODE           	56EC	0000	7
		_eaDogM_WriteStringAtPos		CODE           	39FC	0000	147
		_wait_lcd_done 		CODE           	5624	0000	15
		_send_lcd_cmd_long		CODE           	4AD0	0000	65
		_start_lcd     		CODE           	56F2	0000	7
		_eaDogM_WriteString		CODE           	3388	0000	179

eadog.c estimated size: 1167

mcc_generated_files/pin_manager.c
		_PIN_MANAGER_Initialize		CODE           	3B20	0000	147

mcc_generated_files/pin_manager.c estimated size: 147

/opt/microchip/xc8/v2.10/pic/sources/c99/common/strlen.c
		_strlen        		CODE           	36E8	0000	163

/opt/microchip/xc8/v2.10/pic/sources/c99/common/strlen.c estimated size: 163

/opt/microchip/xc8/v2.10/pic/sources/c99/common/nf_fputs.c
		_fputs         		CODE           	3964	0000	153

/opt/microchip/xc8/v2.10/pic/sources/c99/common/nf_fputs.c estimated size: 153

/opt/microchip/xc8/v2.10/pic/sources/c99/common/floorf.c
		_floorf        		CODE           	1C830	0000	877

/opt/microchip/xc8/v2.10/pic/sources/c99/common/floorf.c estimated size: 877

/opt/microchip/xc8/v2.10/pic/sources/c99/common/almod.c
		___almod       		CODE           	1008	0000	359

/opt/microchip/xc8/v2.10/pic/sources/c99/common/almod.c estimated size: 359

mcc_generated_files/spi1.c
		_SPI1_Initialize		CODE           	553C	0000	23
		_SPI1_Exchange8bit		CODE           	4F04	0000	49

mcc_generated_files/spi1.c estimated size: 72

/opt/microchip/xc8/v2.10/pic/sources/c99/common/strcpy.c
		_strcpy        		CODE           	2D4E	0000	213

/opt/microchip/xc8/v2.10/pic/sources/c99/common/strcpy.c estimated size: 213

/opt/microchip/xc8/v2.10/pic/sources/c99/common/isupper.c
		_isupper       		CODE           	4F64	0000	49

/opt/microchip/xc8/v2.10/pic/sources/c99/common/isupper.c estimated size: 49

/opt/microchip/xc8/v2.10/pic/sources/c99/common/nanf.c
		_nanf          		CODE           	44E6	0000	99

/opt/microchip/xc8/v2.10/pic/sources/c99/common/nanf.c estimated size: 99

/opt/microchip/xc8/v2.10/pic/sources/c99/common/memset.c
		_memset        		CODE           	1D1D8	0000	749

/opt/microchip/xc8/v2.10/pic/sources/c99/common/memset.c estimated size: 749

/opt/microchip/xc8/v2.10/pic/sources/c99/common/awdiv.c
		___awdiv       		CODE           	1844	0000	335

/opt/microchip/xc8/v2.10/pic/sources/c99/common/awdiv.c estimated size: 335

mcc_generated_files/clkref.c
		_CLKREF_Initialize		CODE           	566A	0000	11

mcc_generated_files/clkref.c estimated size: 11

/opt/microchip/xc8/v2.10/pic/sources/c99/common/fltol.c
		___fltol       		CODE           	0D28	0000	371

/opt/microchip/xc8/v2.10/pic/sources/c99/common/fltol.c estimated size: 371

mbmc.c
		_load_hist_data		CODE           	1BC42	0000	1117
		_calc_fixups   		CODE           	22BA	0000	275
		_calc_model_data		CODE           	1B2B8	0000	1291
		_check_day_time		CODE           	1A29A	0000	1423
		_calc_ror_data 		CODE           	08B0	0000	391
		_static_soc    		CODE           	4606	0000	91
		_lp_filter     		CODE           	1FD56	0000	445
		_set_load_relay_one		CODE           	55D6	0000	17
		_set_load_relay_zero		CODE           	55B6	0000	17
		_set_time      		CODE           	4CFC	0000	55
		_get_ac_charger_relay		CODE           	5632	0000	15
		_spinners      		CODE           	27CC	0000	247
		_set_ac_charger_relay		CODE           	5606	0000	17
		_convert_adc_data		CODE           	25D8	0000	255
		_time          		CODE           	45A8	0000	95
		_set_load_relay_two		CODE           	55C6	0000	17

mbmc.c estimated size: 5768

/opt/microchip/xc8/v2.10/pic/sources/c99/common/lbmod.c
		___lbmod       		CODE           	38CA	0000	155

/opt/microchip/xc8/v2.10/pic/sources/c99/common/lbmod.c estimated size: 155

mcc_generated_files/crc.c
		_CRC_IsBusy    		CODE           	55E6	0000	17
		_CRC_8BitDataWrite		CODE           	5592	0000	19
		_CRC_Initialize		CODE           	3BB2	0000	147
		_CRC_Start     		CODE           	56E0	0000	7
		_CRC_ReverseValue		CODE           	2EF4	0000	207
		_CRC_CalculatedResultGet		CODE           	0BB6	0000	371

mcc_generated_files/crc.c estimated size: 768

/opt/microchip/xc8/v2.10/pic/sources/c99/common/abs.c
		_abs           		CODE           	4936	0000	71

/opt/microchip/xc8/v2.10/pic/sources/c99/common/abs.c estimated size: 71

mcc_generated_files/dma1.c
		_DMA1_DMADCNT_ISR		CODE           	5680	0000	11
		_DMA1_DMASCNT_ISR		CODE           	5650	0000	15
		_DMA1_Initialize		CODE           	41A6	0000	107
		_DMA1_DMAA_ISR 		CODE           	568C	0000	11
		_DMA1_DMAOR_ISR		CODE           	5698	0000	11

mcc_generated_files/dma1.c estimated size: 155

/opt/microchip/xc8/v2.10/pic/sources/c99/common/__fpclassifyf.c
		___fpclassifyf 		CODE           	03F8	0000	407

/opt/microchip/xc8/v2.10/pic/sources/c99/common/__fpclassifyf.c estimated size: 407

/opt/microchip/xc8/v2.10/pic/sources/c99/common/asctime.c
		_put2d         		CODE           	1E5C	0000	283
		_asctime       		CODE           	1ADA2	0000	1303

/opt/microchip/xc8/v2.10/pic/sources/c99/common/asctime.c estimated size: 1586

daq.c
		_cal_current_10A		CODE           	2B94	0000	229
		_conv_raw_result		CODE           	194A2	0000	1853
		_set_dac       		CODE           	32D2	0000	183
		_set_dac_a     		CODE           	4E06	0000	53
		_set_dac_b     		CODE           	4DD2	0000	53
		_check_adc_scan		CODE           	56A2	0000	9
		_convert_dac_raw		CODE           	1F76	0000	281
		_start_adc_scan		CODE           	434E	0000	105
		_clear_adc_scan		CODE           	56E6	0000	7
		_read_cal_data 		CODE           	1FB8C	0000	459
		_update_hist_data		CODE           	3EE4	0000	125
		_get_raw_result		CODE           	4E3A	0000	53
		_write_cal_data		CODE           	16EC	0000	345
		_adc_int_t_handler		CODE           	3C44	0000	145
		_check_range   		CODE           	3E64	0000	129
		_dac_spi_control		CODE           	3F60	0000	123
		_update_adc_result		CODE           	4C8A	0000	59
		_set_hist_flag 		CODE           	56DA	0000	7
		_cal_current_zero		CODE           	2FC2	0000	203
		_adc_int_handler		CODE           	5720	0000	3
		_update_cal_data		CODE           	4138	0000	111

daq.c estimated size: 4535

/opt/microchip/xc8/v2.10/pic/sources/c99/common/rand.c
		_srand         		CODE           	4D9E	0000	53

/opt/microchip/xc8/v2.10/pic/sources/c99/common/rand.c estimated size: 53

/opt/microchip/xc8/v2.10/pic/sources/c99/common/aodiv.c
		___aodiv       		CODE           	1E744	0000	641

/opt/microchip/xc8/v2.10/pic/sources/c99/common/aodiv.c estimated size: 641

/opt/microchip/xc8/v2.10/pic/sources/c99/common/islower.c
		_islower       		CODE           	4F34	0000	49

/opt/microchip/xc8/v2.10/pic/sources/c99/common/islower.c estimated size: 49

mcc_generated_files/uart1.c
		_UART1_rx_vect_isr		CODE           	52B0	0000	41
		_UART1_Write   		CODE           	5526	0000	23
		_UART1_Receive_ISR		CODE           	4FF2	0000	47
		_UART1_SetRxInterruptHandler		CODE           	516E	0000	41
		_UART1_Initialize		CODE           	49C2	0000	71
		_UART1_Read    		CODE           	4A8E	0000	67
		_UART1_is_rx_ready		CODE           	56CA	0000	9

mcc_generated_files/uart1.c estimated size: 299

mcc_generated_files/ext_int.c
		_INT0_SetInterruptHandler		CODE           	5236	0000	41
		_INT1_SetInterruptHandler		CODE           	520E	0000	41
		_EXT_INT_Initialize		CODE           	4E6E	0000	53
		_INT0_DefaultInterruptHandler		CODE           	571C	0000	3
		_INT0_CallBack 		CODE           	53DE	0000	37
		_INT1_DefaultInterruptHandler		CODE           	1FFFE	0000	3
		_INT1_CallBack 		CODE           	5372	0000	37
		_INT0_ISR      		CODE           	5640	0000	15
		_INT1_ISR      		CODE           	4C10	0000	63

mcc_generated_files/ext_int.c estimated size: 293

/opt/microchip/xc8/v2.10/pic/sources/c99/common/sprcmul.c
		___flmul       		CODE           	17CE2	0000	2091

/opt/microchip/xc8/v2.10/pic/sources/c99/common/sprcmul.c estimated size: 2091

/opt/microchip/xc8/v2.10/pic/sources/c99/common/__tz.c
		_zi_read32     		CODE           	26D6	0000	247
		_getint        		CODE           	29B6	0000	243
		_getname       		CODE           	1CEDC	0000	765
		_getoff        		CODE           	1F332	0000	561
		_days_in_month 		CODE           	4482	0000	101
		_do_tzset      		CODE           	1E244	0000	641
		_scan_trans    		CODE           	4C4E	0000	61
		_rule_to_secs  		CODE           	19BDE	0000	1725
		_getrule       		CODE           	1E4C4	0000	641
		___secs_to_zone		CODE           	17440	0000	2211

/opt/microchip/xc8/v2.10/pic/sources/c99/common/__tz.c estimated size: 7196

/opt/microchip/xc8/v2.10/pic/sources/c99/common/atoi.c
		_atoi          		CODE           	1EC3A	0000	629

/opt/microchip/xc8/v2.10/pic/sources/c99/common/atoi.c estimated size: 629

/opt/microchip/xc8/v2.10/pic/sources/c99/common/nf_sprintf.c
		_sprintf       		CODE           	23CC	0000	267

/opt/microchip/xc8/v2.10/pic/sources/c99/common/nf_sprintf.c estimated size: 267

/opt/microchip/xc8/v2.10/pic/sources/c99/common/fleq.c
		___fleq        		CODE           	3154	0000	197

/opt/microchip/xc8/v2.10/pic/sources/c99/common/fleq.c estimated size: 197

mcc_generated_files/tmr5.c
		_TMR5_ISR      		CODE           	00B8	0000	419
		_TMR5_Initialize		CODE           	48A6	0000	73
		_TMR5_SetInterruptHandler		CODE           	51BE	0000	41
		_TMR5_DefaultInterruptHandler		CODE           	378A	0000	163
		_TMR5_CallBack 		CODE           	5396	0000	37
		_TMR5_WriteTimer		CODE           	4B90	0000	65

mcc_generated_files/tmr5.c estimated size: 798

/opt/microchip/xc8/v2.10/pic/sources/c99/common/sprcdiv.c
		___fldiv       		CODE           	1A828	0000	1403

/opt/microchip/xc8/v2.10/pic/sources/c99/common/sprcdiv.c estimated size: 1403

shared
		_BVSOC_TABLE   		MEDIUMCONST    	F513	0000	209
		___secs_to_tm@days_in_month		MEDIUMCONST    	F613	0000	13
		__initialization		CODE           	1C10	0000	291
		_bp            		MEDIUMCONST    	0000	0000	0
		_cp_h          		MEDIUMCONST    	0000	0000	0
		___month_to_secs@secs_through_month		MEDIUMCONST    	F5E3	0000	49
		_ivln2_h       		MEDIUMCONST    	0000	0000	0
		_spin          		MEDIUMCONST    	F747	0000	121
		_infoline1     		MEDIUMCONST    	F7BF	0000	86
		_infoline2     		MEDIUMCONST    	F6CF	0000	121
		___gmt         		MEDIUMCONST    	F81C	0000	5
		_cp_l          		MEDIUMCONST    	0000	0000	0
		_T             		MEDIUMCONST    	F61F	0000	177

shared estimated size: 1072

/opt/microchip/xc8/v2.10/pic/sources/c99/common/toupper.c
		_toupper       		CODE           	3D5C	0000	133

/opt/microchip/xc8/v2.10/pic/sources/c99/common/toupper.c estimated size: 133

mcc_generated_files/mcc.c
		_PMD_Initialize		CODE           	557E	0000	21
		_OSCILLATOR_Initialize		CODE           	5568	0000	23
		_SYSTEM_Initialize		CODE           	47BE	0000	83
		_WWDT_Initialize		CODE           	565E	0000	13
		_WWDT_SoftEnable		CODE           	5704	0000	7

mcc_generated_files/mcc.c estimated size: 147

mcc_generated_files/tmr3.c
		_TMR3_ISR      		CODE           	12D0	0000	355
		_TMR3_Initialize		CODE           	48EE	0000	73
		_TMR3_SetInterruptHandler		CODE           	51E6	0000	41
		_TMR3_DefaultInterruptHandler		CODE           	571A	0000	3
		_TMR3_CallBack 		CODE           	53BA	0000	37
		_TMR3_WriteTimer		CODE           	4BD0	0000	65

mcc_generated_files/tmr3.c estimated size: 574

/opt/microchip/xc8/v2.10/pic/sources/c99/common/isalpha.c
		_isalpha       		CODE           	4A08	0000	69

/opt/microchip/xc8/v2.10/pic/sources/c99/common/isalpha.c estimated size: 69

hid.c
		_clear_hid_pflags		CODE           	43B6	0000	103
		_hid_display   		CODE           	1DD34	0000	655
		_check_enter_button		CODE           	40C6	0000	115
		_hid_input     		CODE           	1AD2	0000	319

hid.c estimated size: 1192

/opt/microchip/xc8/v2.10/pic/sources/c99/common/isspace.c
		_isspace       		CODE           	476C	0000	83

/opt/microchip/xc8/v2.10/pic/sources/c99/common/isspace.c estimated size: 83

/opt/microchip/xc8/v2.10/pic/sources/c99/common/aldiv.c
		___aldiv       		CODE           	058E	0000	405

/opt/microchip/xc8/v2.10/pic/sources/c99/common/aldiv.c estimated size: 405

mconfig.c
		_help_button   		CODE           	4CC4	0000	57
		_vterm_dump    		CODE           	0722	0000	399
		_set_display_info		CODE           	54A8	0000	31
		_display_info  		CODE           	56B2	0000	9
		_display_help  		CODE           	56BA	0000	9
		_set_vterm     		CODE           	548A	0000	31
		_get_vterm_ptr 		CODE           	4FC4	0000	47
		_set_back_light_off		CODE           	308C	0000	201
		_update_lcd    		CODE           	1432	0000	353
		_set_temp_display_help		CODE           	55F6	0000	17
		_check_help    		CODE           	1F782	0000	519
		_diversion_pwm_set		CODE           	54E0	0000	25

mconfig.c estimated size: 1698

bsoc.c
		_init_bsoc     		CODE           	1E9C4	0000	631
		_Volts_to_SOC  		CODE           	3218	0000	187
		_cc_state      		CODE           	1C09E	0000	985
		_stop_bsoc     		CODE           	56F8	0000	7
		_calc_bsoc     		CODE           	13E90	0000	4121
		_pv_diversion  		CODE           	025A	0000	415
		_start_bsoc    		CODE           	56FE	0000	7
		_esr_check     		CODE           	1D79E	0000	729

bsoc.c estimated size: 7082

/opt/microchip/xc8/v2.10/pic/sources/c99/common/localtime_r.c
		___localtime_r 		CODE           	1EEAE	0000	581

/opt/microchip/xc8/v2.10/pic/sources/c99/common/localtime_r.c estimated size: 581

/opt/microchip/xc8/v2.10/pic/sources/c99/common/doprnt.c
		_vfpfcnvrt     		CODE           	14EA8	0000	4013
		_efgtoa        		CODE           	11B7A	0000	4677
		_pad           		CODE           	21A6	0000	277
		_ctoa          		CODE           	3CD4	0000	137
		_dtoa          		CODE           	1B7C2	0000	1153
		_vfprintf      		CODE           	34E8	0000	173
		_stoa          		CODE           	1DA76	0000	703
		_utoa          		CODE           	1CB9C	0000	833
		_xtoa          		CODE           	1C476	0000	955

/opt/microchip/xc8/v2.10/pic/sources/c99/common/doprnt.c estimated size: 12921

mcc_generated_files/memory.c
		_DATAEE_WriteByte		CODE           	42E6	0000	105
		_DATAEE_ReadByte		CODE           	4EA2	0000	51

mcc_generated_files/memory.c estimated size: 156

/opt/microchip/xc8/v2.10/pic/sources/c99/common/strncmp.c
		_strncmp       		CODE           	1F562	0000	545

/opt/microchip/xc8/v2.10/pic/sources/c99/common/strncmp.c estimated size: 545

/opt/microchip/xc8/v2.10/pic/sources/c99/common/tolower.c
		_tolower       		CODE           	3DE0	0000	133

/opt/microchip/xc8/v2.10/pic/sources/c99/common/tolower.c estimated size: 133

/opt/microchip/xc8/v2.10/pic/sources/c99/common/flneg.c
		___flneg       		CODE           	485E	0000	73

/opt/microchip/xc8/v2.10/pic/sources/c99/common/flneg.c estimated size: 73

/opt/microchip/xc8/v2.10/pic/sources/c99/common/nf_fputc.c
		_fputc         		CODE           	1D38	0000	293

/opt/microchip/xc8/v2.10/pic/sources/c99/common/nf_fputc.c estimated size: 293

/opt/microchip/xc8/v2.10/pic/sources/c99/common/fabsf.c
		_fabsf         		CODE           	343A	0000	175

/opt/microchip/xc8/v2.10/pic/sources/c99/common/fabsf.c estimated size: 175

/opt/microchip/xc8/v2.10/pic/sources/c99/common/memcpy.c
		_memcpy        		CODE           	24D6	0000	259

/opt/microchip/xc8/v2.10/pic/sources/c99/common/memcpy.c estimated size: 259

/opt/microchip/xc8/v2.10/pic/sources/c99/pic18/asfladd.c
		___asfladd     		CODE           	3FDA	0000	121

/opt/microchip/xc8/v2.10/pic/sources/c99/pic18/asfladd.c estimated size: 121

mcc_generated_files/adcc.c
		_ADCC_DefaultInterruptHandler		CODE           	571E	0000	3
		_ADCC_SetADTIInterruptHandler		CODE           	525E	0000	41
		_ADCC_SetADIInterruptHandler		CODE           	5286	0000	41
		_ADCC_ISR      		CODE           	504C	0000	45
		_ADCC_ThresholdISR		CODE           	427C	0000	107
		_ADCC_StartConversion		CODE           	55A4	0000	19
		_ADCC_Initialize		CODE           	4210	0000	107
		_ADCC_DischargeSampleCapacitor		CODE           	56AA	0000	9

mcc_generated_files/adcc.c estimated size: 372

/opt/microchip/xc8/v2.10/pic/sources/c99/common/Umul64.c
		___omul        		CODE           	1592	0000	347

/opt/microchip/xc8/v2.10/pic/sources/c99/common/Umul64.c estimated size: 347

main.c
		_wdt_reset     		CODE           	5716	0000	5
		_main          		CODE           	10000	0000	7035
		_display_history		CODE           	1D4C4	0000	731
		_current_sensor_cal		CODE           	15E54	0000	3195

main.c estimated size: 10966

/opt/microchip/xc8/v2.10/pic/sources/c99/common/lomod.c
		___lomod       		CODE           	1992	0000	321

/opt/microchip/xc8/v2.10/pic/sources/c99/common/lomod.c estimated size: 321

/opt/microchip/xc8/v2.10/pic/sources/c99/common/__secs_to_tm.c
		___secs_to_tm  		CODE           	12DBE	0000	4307

/opt/microchip/xc8/v2.10/pic/sources/c99/common/__secs_to_tm.c estimated size: 4307

mcc_generated_files/dma2.c
		_DMA2_Initialize		CODE           	46BA	0000	91

mcc_generated_files/dma2.c estimated size: 91

/opt/microchip/xc8/v2.10/pic/sources/c99/common/isdigit.c
		_isdigit       		CODE           	4F94	0000	49

/opt/microchip/xc8/v2.10/pic/sources/c99/common/isdigit.c estimated size: 49

/opt/microchip/xc8/v2.10/pic/sources/c99/common/sprcadd.c
		___flsub       		CODE           	497C	0000	71
		___fladd       		CODE           	18CE6	0000	1981

/opt/microchip/xc8/v2.10/pic/sources/c99/common/sprcadd.c estimated size: 2052

