Microchip MPLAB XC8 Compiler V2.46

Linker command line:

-W-3 --edf=/opt/microchip/xc8/v2.46/pic/dat/20240104201356_en.msgs \
  -pivt0x8=08h -cn -h+dist/default/production/secs_gem.X.production.sym \
  --cmf=dist/default/production/secs_gem.X.production.cmf -z -Q18F57K42 \
  -o/tmp/xcXGfJnfn/driver_tmp_3.o --defsym=__MPLAB_BUILD=1 \
  --fixupoverflow=error -Mdist/default/production/secs_gem.X.production.map \
  --md=/tmp/xcXGfJnfn/driver_tmp_0.dat -E1 -ver=XC8 Compiler --acfsm=1493 \
  -ASTACK=0FD6h-01FFFh -pstack=STACK -ACODE=00h-01FFFFh -ACONST=00h-01FFFFh \
  -ASMALLCONST=02000h-020FFhx480 \
  -AMEDIUMCONST=02000h-0FFFFh,012000h-01FFFFh -ACOMRAM=01h-05Fh \
  -AABS1=00h-01FFFh -ABIGRAM=01h-01FFFh -ARAM=060h-0FFh,0100h-01FFhx31 \
  -ABANK0=060h-0FFh -ABANK1=0100h-01FFh -ABANK2=0200h-02FFh \
  -ABANK3=0300h-03FFh -ABANK4=0400h-04FFh -ABANK5=0500h-05FFh \
  -ABANK6=0600h-06FFh -ABANK7=0700h-07FFh -ABANK8=0800h-08FFh \
  -ABANK9=0900h-09FFh -ABANK10=0A00h-0AFFh -ABANK11=0B00h-0BFFh \
  -ABANK12=0C00h-0CFFh -ABANK13=0D00h-0DFFh -ABANK14=0E00h-0EFFh \
  -ABANK15=0F00h-0FFFh -ABANK16=01000h-010FFh -ABANK17=01100h-011FFh \
  -ABANK18=01200h-012FFh -ABANK19=01300h-013FFh -ABANK20=01400h-014FFh \
  -ABANK21=01500h-015FFh -ABANK22=01600h-016FFh -ABANK23=01700h-017FFh \
  -ABANK24=01800h-018FFh -ABANK25=01900h-019FFh -ABANK26=01A00h-01AFFh \
  -ABANK27=01B00h-01BFFh -ABANK28=01C00h-01CFFh -ABANK29=01D00h-01DFFh \
  -ABANK30=01E00h-01EFFh -ABANK31=01F00h-01FFFh \
  -ASFR=03800h-038FFhx7,03F00h-03F5Fh,03F60h-03FFFh -ABIGSFR=03800h-03FFFh \
  -ACONFIG=0300000h-0300009h -AIDLOC=0200000h-020000Fh \
  -AEEDATA=0310000h-03103FFh -peeprom_data=EEDATA -preset_vec=00h \
  -ppowerup=CODE,init -pramtop=02000h -psmallconst=SMALLCONST \
  -pmediumconst=MEDIUMCONST -pconst=CONST -AFARRAM=00h-00h \
  -prdata=COMRAM,nvrram=COMRAM,nvbit=COMRAM,rbss=COMRAM,rbit=COMRAM \
  -pfarbss=FARRAM,fardata=FARRAM,nvFARRAM=FARRAM \
  -pintsave_regs=BIGRAM,bigbss=BIGRAM,bigdata=BIGRAM -pbss=RAM \
  -pidata=CODE,irdata=CODE,ibigdata=CODE,ifardata=CODE -prparam=COMRAM \
  /tmp/xcXGfJnfn/driver_tmp_14.o \
  dist/default/production/secs_gem.X.production.o 

Object code version is 3.11

Machine type is 18F57K42



                Name                               Link     Load   Length Selector   Space Scale
/tmp/xcXGfJnfn/driver_tmp_14.o
                stack                               FD6      FD6     102A      FD6       2
                idloc                            200000   200000       10        0       5
                config                           300000   300000        A        0       4
                init                                 AE       AE        8        4       0
                reset_vec                             0        0        4        0       0
dist/default/production/secs_gem.X.production.o
                idloc                            200000   200000       10        0       5
                config                           300000   300000        A        0       4
                temp                                 22       22       20        1       1
                mediumconst                        FB30     FB30      4D0     7D98       0
                ivt0x8                                8        8       A6        4       0
                text147                           18152    18152       1A     C065       0
                text146                           17FCE    17FCE       24     5FBD       0
                text145                           178CA    178CA       40     5E12       0
                text144                           17030    17030       72     B5A6       0
                text143                           1823C    1823C        A     608F       0
                text142                           18230    18230        A     608C       0
                text141                           18224    18224        A     6089       0
                text140                           181EC    181EC       10     C065       0
                text139                           176F2    176F2       46     5DAB       0
                text138                           17FAA    17FAA       24     5FBD       0
                text137                           17B4C    17B4C       2E     5ED3       0
                text136                           1808E    1808E       1E     5FBD       0
                text135                           17848    17848       42     5E12       0
                text134                           17BA6    17BA6       2C     5ED3       0
                text133                           17804    17804       42     5E01       0
                text132                           18070    18070       1E     5FBD       0
                text131                           177C0    177C0       42     5DF0       0
                text130                           17B7A    17B7A       2C     5ED3       0
                text129                           1777C    1777C       42     5DDF       0
                text128                           1828E    1828E        2     C144       0
                text127                           176AC    176AC       46     5DAB       0
                text126                           1827C    1827C        6     609F       0
                text125                           1828C    1828C        2     C144       0
                text124                           17F86    17F86       24     5FBD       0
                text123                           17EF4    17EF4       26     5FBD       0
                text122                           1828A    1828A        2     C144       0
                text121                           17F62    17F62       24     5FBD       0
                text120                           17ECC    17ECC       26     5FB3       0
                text119                           18288    18288        2     C144       0
                text118                           17F3E    17F3E       24     5FBD       0
                text117                           17EA4    17EA4       26     5FA9       0
                text116                           17F1A    17F1A       24     5FBD       0
                text115                           17A38    17A38       3A     5E12       0
                text114                           16B4C    16B4C       AA     B5A6       0
                text113                           18138    18138       1A     C065       0
                text112                           15D56    15D56      124     8000       0
                text111                           15F9C    15F9C      11E     8000       0
                text110                           1539A    1539A      194     8000       0
                text109                           156B4    156B4      166     8000       0
                text108                           17A72    17A72       38     5E12       0
                text107                           16E88    16E88       98     B5A6       0
                text106                           16FAC    16FAC       84     B5A6       0
                text105                           166D4    166D4       EE     8000       0
                text104                           13F42    13F42      2CC     8000       0
                text103                           14DF0    14DF0      20A     8000       0
                text102                           15ADA    15ADA      14E     8000       0
                text101                           1420E    1420E      298     8000       0
                text100                           162EA    162EA      10C     8000       0
                text99                            1698E    1698E       E0     8000       0
                text98                            14FFA    14FFA      1EC     8000       0
                text97                            13958    13958      2FC     8000       0
                text96                            10000    10000      F42     8000       0
                text95                            16D44    16D44       A4     B5A6       0
                text94                            164F6    164F6       F0     8000       0
                text93                            1730A    1730A       62     B5A6       0
                text92                            16DE8    16DE8       A0     B5A6       0
                text91                            16F20    16F20       8C     B5A6       0
                text90                            18274    18274        6     608F       0
                text89                            1826E    1826E        6     608F       0
                text88                            16C9E    16C9E       A6     B5A6       0
                text87                            17482    17482       5A     B5A6       0
                text86                            18102    18102       1C     C065       0
                text85                            174DC    174DC       54     B5A6       0
                text84                            17AE0    17AE0       36     5E12       0
                text83                            165E6    165E6       EE     8000       0
                text82                            161D6    161D6      114     8000       0
                text81                            17E7A    17E7A       28     5ED3       0
                text80                            1761A    1761A       4A     B5A6       0
                text79                            17FF2    17FF2       22     5FBD       0
                text78                            18218    18218        A     C065       0
                text77                            170A2    170A2       6A     B5A6       0
                text76                            17428    17428       5A     B5A6       0
                text75                            180E6    180E6       1C     C065       0
                text74                            17E52    17E52       28     5ED3       0
                text73                            17E2A    17E2A       28     5ED3       0
                text72                            17E02    17E02       28     5ED3       0
                text71                            175CE    175CE       4C     B5A6       0
                text70                            17240    17240       66     B5A6       0
                text69                            180CA    180CA       1C     C065       0
                text68                            181B0    181B0       16     C065       0
                text67                            16BF6    16BF6       A8     B5A6       0
                text66                            181C6    181C6       14     C065       0
                text65                            1819A    1819A       16     C065       0
                text64                            18184    18184       16     C065       0
                text63                            1811E    1811E       1A     C065       0
                text62                            17DDA    17DDA       28     5ED3       0
                text61                            17664    17664       46     B5A6       0
                text60                            17DB2    17DB2       28     5ED3       0
                text59                            17D8A    17D8A       28     5ED3       0
                text58                            17D62    17D62       28     5ED3       0
                text57                            17D3A    17D3A       28     5ED3       0
                text56                            172A6    172A6       64     B5A6       0
                text55                            17D12    17D12       28     5ED3       0
                text54                            17CEA    17CEA       28     5ED3       0
                text53                            173CA    173CA       5E     B5A6       0
                text52                            17580    17580       4E     B5A6       0
                text51                            1824E    1824E        8     608F       0
                text50                            18246    18246        8     608F       0
                text49                            179FC    179FC       3C     5E12       0
                text48                            179C0    179C0       3C     5E12       0
                text47                            17738    17738       42     5DAB       0
                text46                            1820A    1820A        E     C065       0
                text45                            1816C    1816C       18     C065       0
                text44                            18014    18014       20     5FBD       0
                text43                            181DA    181DA       12     C065       0
                text42                            18052    18052       1E     5FBD       0
                text41                            17AAA    17AAA       36     5E12       0
                text40                            15C28    15C28      12E     8000       0
                text39                            14BCC    14BCC      224     8000       0
                text38                            181FC    181FC        E     C065       0
                text37                            17530    17530       50     B5A6       0
                text36                            17CC2    17CC2       28     5ED3       0
                text35                            18034    18034       1E     5FBD       0
                text34                            17C9A    17C9A       28     5ED3       0
                text33                            17C72    17C72       28     5ED3       0
                text32                            167C2    167C2       EA     8000       0
                text31                            17984    17984       3C     5E12       0
                text30                            18268    18268        6     608F       0
                text29                            17948    17948       3C     5E12       0
                text28                            18262    18262        6     608F       0
                text27                            17C4A    17C4A       28     5ED3       0
                text26                            1710C    1710C       68     B5A6       0
                text25                            15E7A    15E7A      122     8000       0
                text24                            160BA    160BA      11C     8000       0
                text23                            1581A    1581A      162     8000       0
                text22                            13C54    13C54      2EE     8000       0
                text21                            14722    14722      264     8000       0
                text20                            151E6    151E6      1B4     8000       0
                text19                            1228A    1228A      6B2     8000       0
                text18                            1788A    1788A       40     5E12       0
                text17                            12DEE    12DEE      478     8000       0
                text16                            17C22    17C22       28     5ED3       0
                text15                            1552E    1552E      186     8000       0
                text14                            171DA    171DA       66     B5A6       0
                text13                            17174    17174       66     B5A6       0
                text12                            14986    14986      246     8000       0
                text11                            1736C    1736C       5E     B5A6       0
                text10                            1293C    1293C      4B2     8000       0
                text9                             11BAE    11BAE      6DC     8000       0
                text8                             1825C    1825C        6     608F       0
                text7                             17BFA    17BFA       28     5ED3       0
                text6                             1790A    1790A       3E     5E12       0
                text5                             18256    18256        6     608F       0
                text4                             17BD2    17BD2       28     5ED3       0
                text3                             168AC    168AC       E2     8000       0
                text2                             144A6    144A6      27C     8000       0
                text1                             13622    13622      336     8000       0
                text0                             10F42    10F42      C6C     8000       0
                cstackCOMRAM                         42       42        C        1       1
                cstackBANK0                          FD       FD        2       60       1
                cstackBANK1                         1FD      1FD        2      100       1
                cstackBANK2                         2E0      2E0        8      200       1
                dataBIGRAM                          C1A      C1A      3BC      700       1
                bssBIGRAM                           700      700      51A      700       1
                dataBANK6                           600      600      100      600       1
                bssBANK5                            500      500       FF      500       1
                bssBANK4                            400      400       FF      400       1
                bssBANK3                            300      300       43      300       1
                dataBANK2                           2C3      2C3       1D      200       1
                bssBANK2                            200      200       C3      200       1
                dataBANK1                           100      100       DD      100       1
                bssBANK1                            1DD      1DD       20      100       1
                dataBANK0                            C8       C8       35       60       1
                bssBANK0                             60       60       68       60       1
                dataCOMRAM                           4E       4E        5        1       1
                bssCOMRAM                             1        1       21        1       1
                cinit                             1597C    1597C      15E     8000       0
                idataBANK6                        163F6    163F6      100     8000       0
                idataBANK2                        180AC    180AC       1D     5FBD       0
                idataBANK1                        16A6E    16A6E       DD     8000       0
                idataBANK0                        17B16    17B16       35     5E12       0
                idataBIGRAM                       13266    13266      3BC     8000       0
                idataCOMRAM                       18282    18282        5     609F       0

TOTAL           Name                               Link     Load   Length     Space
        CLASS   STACK          
                stack                               FD6      FD6     102A         2

        CLASS   CODE           
                init                                 AE       AE        8         0
                reset_vec                             0        0        4         0
                ivt0x8                                8        8       A6         0
                text147                           18152    18152       1A         0
                text146                           17FCE    17FCE       24         0
                text145                           178CA    178CA       40         0
                text144                           17030    17030       72         0
                text143                           1823C    1823C        A         0
                text142                           18230    18230        A         0
                text141                           18224    18224        A         0
                text140                           181EC    181EC       10         0
                text139                           176F2    176F2       46         0
                text138                           17FAA    17FAA       24         0
                text137                           17B4C    17B4C       2E         0
                text136                           1808E    1808E       1E         0
                text135                           17848    17848       42         0
                text134                           17BA6    17BA6       2C         0
                text133                           17804    17804       42         0
                text132                           18070    18070       1E         0
                text131                           177C0    177C0       42         0
                text130                           17B7A    17B7A       2C         0
                text129                           1777C    1777C       42         0
                text128                           1828E    1828E        2         0
                text127                           176AC    176AC       46         0
                text126                           1827C    1827C        6         0
                text125                           1828C    1828C        2         0
                text124                           17F86    17F86       24         0
                text123                           17EF4    17EF4       26         0
                text122                           1828A    1828A        2         0
                text121                           17F62    17F62       24         0
                text120                           17ECC    17ECC       26         0
                text119                           18288    18288        2         0
                text118                           17F3E    17F3E       24         0
                text117                           17EA4    17EA4       26         0
                text116                           17F1A    17F1A       24         0
                text115                           17A38    17A38       3A         0
                text114                           16B4C    16B4C       AA         0
                text113                           18138    18138       1A         0
                text112                           15D56    15D56      124         0
                text111                           15F9C    15F9C      11E         0
                text110                           1539A    1539A      194         0
                text109                           156B4    156B4      166         0
                text108                           17A72    17A72       38         0
                text107                           16E88    16E88       98         0
                text106                           16FAC    16FAC       84         0
                text105                           166D4    166D4       EE         0
                text104                           13F42    13F42      2CC         0
                text103                           14DF0    14DF0      20A         0
                text102                           15ADA    15ADA      14E         0
                text101                           1420E    1420E      298         0
                text100                           162EA    162EA      10C         0
                text99                            1698E    1698E       E0         0
                text98                            14FFA    14FFA      1EC         0
                text97                            13958    13958      2FC         0
                text96                            10000    10000      F42         0
                text95                            16D44    16D44       A4         0
                text94                            164F6    164F6       F0         0
                text93                            1730A    1730A       62         0
                text92                            16DE8    16DE8       A0         0
                text91                            16F20    16F20       8C         0
                text90                            18274    18274        6         0
                text89                            1826E    1826E        6         0
                text88                            16C9E    16C9E       A6         0
                text87                            17482    17482       5A         0
                text86                            18102    18102       1C         0
                text85                            174DC    174DC       54         0
                text84                            17AE0    17AE0       36         0
                text83                            165E6    165E6       EE         0
                text82                            161D6    161D6      114         0
                text81                            17E7A    17E7A       28         0
                text80                            1761A    1761A       4A         0
                text79                            17FF2    17FF2       22         0
                text78                            18218    18218        A         0
                text77                            170A2    170A2       6A         0
                text76                            17428    17428       5A         0
                text75                            180E6    180E6       1C         0
                text74                            17E52    17E52       28         0
                text73                            17E2A    17E2A       28         0
                text72                            17E02    17E02       28         0
                text71                            175CE    175CE       4C         0
                text70                            17240    17240       66         0
                text69                            180CA    180CA       1C         0
                text68                            181B0    181B0       16         0
                text67                            16BF6    16BF6       A8         0
                text66                            181C6    181C6       14         0
                text65                            1819A    1819A       16         0
                text64                            18184    18184       16         0
                text63                            1811E    1811E       1A         0
                text62                            17DDA    17DDA       28         0
                text61                            17664    17664       46         0
                text60                            17DB2    17DB2       28         0
                text59                            17D8A    17D8A       28         0
                text58                            17D62    17D62       28         0
                text57                            17D3A    17D3A       28         0
                text56                            172A6    172A6       64         0
                text55                            17D12    17D12       28         0
                text54                            17CEA    17CEA       28         0
                text53                            173CA    173CA       5E         0
                text52                            17580    17580       4E         0
                text51                            1824E    1824E        8         0
                text50                            18246    18246        8         0
                text49                            179FC    179FC       3C         0
                text48                            179C0    179C0       3C         0
                text47                            17738    17738       42         0
                text46                            1820A    1820A        E         0
                text45                            1816C    1816C       18         0
                text44                            18014    18014       20         0
                text43                            181DA    181DA       12         0
                text42                            18052    18052       1E         0
                text41                            17AAA    17AAA       36         0
                text40                            15C28    15C28      12E         0
                text39                            14BCC    14BCC      224         0
                text38                            181FC    181FC        E         0
                text37                            17530    17530       50         0
                text36                            17CC2    17CC2       28         0
                text35                            18034    18034       1E         0
                text34                            17C9A    17C9A       28         0
                text33                            17C72    17C72       28         0
                text32                            167C2    167C2       EA         0
                text31                            17984    17984       3C         0
                text30                            18268    18268        6         0
                text29                            17948    17948       3C         0
                text28                            18262    18262        6         0
                text27                            17C4A    17C4A       28         0
                text26                            1710C    1710C       68         0
                text25                            15E7A    15E7A      122         0
                text24                            160BA    160BA      11C         0
                text23                            1581A    1581A      162         0
                text22                            13C54    13C54      2EE         0
                text21                            14722    14722      264         0
                text20                            151E6    151E6      1B4         0
                text19                            1228A    1228A      6B2         0
                text18                            1788A    1788A       40         0
                text17                            12DEE    12DEE      478         0
                text16                            17C22    17C22       28         0
                text15                            1552E    1552E      186         0
                text14                            171DA    171DA       66         0
                text13                            17174    17174       66         0
                text12                            14986    14986      246         0
                text11                            1736C    1736C       5E         0
                text10                            1293C    1293C      4B2         0
                text9                             11BAE    11BAE      6DC         0
                text8                             1825C    1825C        6         0
                text7                             17BFA    17BFA       28         0
                text6                             1790A    1790A       3E         0
                text5                             18256    18256        6         0
                text4                             17BD2    17BD2       28         0
                text3                             168AC    168AC       E2         0
                text2                             144A6    144A6      27C         0
                text1                             13622    13622      336         0
                text0                             10F42    10F42      C6C         0
                cinit                             1597C    1597C      15E         0
                idataBANK6                        163F6    163F6      100         0
                idataBANK2                        180AC    180AC       1D         0
                idataBANK1                        16A6E    16A6E       DD         0
                idataBANK0                        17B16    17B16       35         0
                idataBIGRAM                       13266    13266      3BC         0
                idataCOMRAM                       18282    18282        5         0

        CLASS   CONST          

        CLASS   SMALLCONST     

        CLASS   MEDIUMCONST    
                mediumconst                        FB30     FB30      4D0         0

        CLASS   COMRAM         
                temp                                 22       22       20         1
                cstackCOMRAM                         42       42        C         1
                dataCOMRAM                           4E       4E        5         1
                bssCOMRAM                             1        1       21         1

        CLASS   ABS1           

        CLASS   BIGRAM         
                dataBIGRAM                          C1A      C1A      3BC         1
                bssBIGRAM                           700      700      51A         1

        CLASS   RAM            

        CLASS   BANK0          
                cstackBANK0                          FD       FD        2         1
                dataBANK0                            C8       C8       35         1
                bssBANK0                             60       60       68         1

        CLASS   BANK1          
                cstackBANK1                         1FD      1FD        2         1
                dataBANK1                           100      100       DD         1
                bssBANK1                            1DD      1DD       20         1

        CLASS   BANK2          
                cstackBANK2                         2E0      2E0        8         1
                dataBANK2                           2C3      2C3       1D         1
                bssBANK2                            200      200       C3         1

        CLASS   BANK3          
                bssBANK3                            300      300       43         1

        CLASS   BANK4          
                bssBANK4                            400      400       FF         1

        CLASS   BANK5          
                bssBANK5                            500      500       FF         1

        CLASS   BANK6          
                dataBANK6                           600      600      100         1

        CLASS   BANK7          

        CLASS   BANK8          

        CLASS   BANK9          

        CLASS   BANK10         

        CLASS   BANK11         

        CLASS   BANK12         

        CLASS   BANK13         

        CLASS   BANK14         

        CLASS   BANK15         

        CLASS   BANK16         

        CLASS   BANK17         

        CLASS   BANK18         

        CLASS   BANK19         

        CLASS   BANK20         

        CLASS   BANK21         

        CLASS   BANK22         

        CLASS   BANK23         

        CLASS   BANK24         

        CLASS   BANK25         

        CLASS   BANK26         

        CLASS   BANK27         

        CLASS   BANK28         

        CLASS   BANK29         

        CLASS   BANK30         

        CLASS   BANK31         

        CLASS   SFR            

        CLASS   BIGSFR         

        CLASS   CONFIG         
                config                           300000   300000        A         4

        CLASS   IDLOC          
                idloc                            200000   200000       10         5

        CLASS   EEDATA         

        CLASS   FARRAM         

        CLASS   HEAP           



SEGMENTS        Name                           Load    Length   Top    Selector   Space  Class

                text133                        017804  000042  017846      5E01       0  CODE    
                text135                        017848  000303  017B4B      5E12       0  CODE    
                text127                        0176AC  0000CE  01777A      5DAB       0  CODE    
                text129                        01777C  000042  0177BE      5DDF       0  CODE    
                text114                        016B4C  000B5E  0176AA      B5A6       0  CODE    
                bssBIGRAM                      000700  0008D6  000FD6       700       1  BIGRAM  
                text96                         010000  006B4B  016B4B      8000       0  CODE    
                text131                        0177C0  000042  017802      5DF0       0  CODE    
                text137                        017B4C  000356  017EA2      5ED3       0  CODE    
                reset_vec                      000000  000004  000004         0       0  CODE    
                text142                        018230  00000A  01823A      608C       0  CODE    
                text143                        01823C  00003E  01827A      608F       0  CODE    
                text119                        018288  000008  018290      C144       0  CODE    
                text126                        01827C  00000B  018287      609F       0  CODE    
                text69                         0180CA  000158  018222      C065       0  CODE    
                text123                        017EF4  0001D5  0180C9      5FBD       0  CODE    
                text117                        017EA4  000026  017ECA      5FA9       0  CODE    
                text120                        017ECC  000026  017EF2      5FB3       0  CODE    
                text141                        018224  00000A  01822E      6089       0  CODE    
                bssBANK2                       000200  0000E8  0002E8       200       1  BANK2   
                bssBANK3                       000300  000043  000343       300       1  BANK3   
                bssBANK5                       000500  0000FF  0005FF       500       1  BANK5   
                dataBANK1                      000100  0000FF  0001FF       100       1  BANK1   
                mediumconst                    00FB30  0004D0  010000      7D98       0  MEDIUMCO
                ivt0x8                         000008  0000AE  0000B6         4       0  CODE    
                stack                          000FD6  00102A  002000       FD6       2  STACK   
                dataBANK6                      000600  000100  000700       600       1  BANK6   
                bssBANK4                       000400  0000FF  0004FF       400       1  BANK4   
                bssCOMRAM                      000001  000052  000053         1       1  COMRAM  
                bssBANK0                       000060  00009F  0000FF        60       1  BANK0   


UNUSED ADDRESS RANGES

        Name                Unused          Largest block    Delta
        BANK0            0000FF-0000FF                1
        BANK1            0001FF-0001FF                1
        BANK15           000FD6-000FFF               2A
        BANK16           001000-0010FF              100
        BANK17           001100-0011FF              100
        BANK18           001200-0012FF              100
        BANK19           001300-0013FF              100
        BANK2            0002E8-0002FF               18
        BANK20           001400-0014FF              100
        BANK21           001500-0015FF              100
        BANK22           001600-0016FF              100
        BANK23           001700-0017FF              100
        BANK24           001800-0018FF              100
        BANK25           001900-0019FF              100
        BANK26           001A00-001AFF              100
        BANK27           001B00-001BFF              100
        BANK28           001C00-001CFF              100
        BANK29           001D00-001DFF              100
        BANK3            000343-0003FF               BD
        BANK30           001E00-001EFF              100
        BANK31           001F00-001FFF              100
        BANK4            0004FF-0004FF                1
        BANK5            0005FF-0005FF                1
        BIGRAM           000053-00005F                D
                         0000FF-0000FF                1
                         0001FF-0001FF                1
                         0002E8-0002FF               18
                         000343-0003FF               BD
                         0004FF-0004FF                1
                         0005FF-0005FF                1
                         000FD6-001FFF             102A
        BIGSFR           003800-003FFF              800
        CODE             000004-000007                4
                         0000B6-00FB2F             FA7A
                         016B4B-016B4B                1
                         0176AA-0176AB                2
                         01777A-01777B                2
                         0177BE-0177BF                2
                         017802-017803                2
                         017846-017847                2
                         017B4B-017B4B                1
                         017EA2-017EA3                2
                         017ECA-017ECB                2
                         017EF2-017EF3                2
                         0180C9-0180C9                1
                         018222-018223                2
                         01822E-01822F                2
                         01823A-01823B                2
                         01827A-01827B                2
                         018287-018287                1
                         018290-01FFFF             7D70
        COMRAM           000053-00005F                D
        CONST            000004-000007                4
                         0000B6-00FB2F             FA7A
                         016B4B-016B4B                1
                         0176AA-0176AB                2
                         01777A-01777B                2
                         0177BE-0177BF                2
                         017802-017803                2
                         017846-017847                2
                         017B4B-017B4B                1
                         017EA2-017EA3                2
                         017ECA-017ECB                2
                         017EF2-017EF3                2
                         0180C9-0180C9                1
                         018222-018223                2
                         01822E-01822F                2
                         01823A-01823B                2
                         01827A-01827B                2
                         018287-018287                1
                         018290-01FFFF             7D70
        EEDATA           310000-3103FF              400
        MEDIUMCONST      002000-00FB2F             DB30
                         016B4B-016B4B                1
                         0176AA-0176AB                2
                         01777A-01777B                2
                         0177BE-0177BF                2
                         017802-017803                2
                         017846-017847                2
                         017B4B-017B4B                1
                         017EA2-017EA3                2
                         017ECA-017ECB                2
                         017EF2-017EF3                2
                         0180C9-0180C9                1
                         018222-018223                2
                         01822E-01822F                2
                         01823A-01823B                2
                         01827A-01827B                2
                         018287-018287                1
                         018290-01FFFF             7D70
        RAM              0000FF-0000FF                1
                         0001FF-0001FF                1
                         0002E8-0002FF               18
                         000343-0003FF               BD
                         0004FF-0004FF                1
                         0005FF-0005FF                1
                         000FD6-001FFF              100
        SFR              003800-003FFF              100
        SMALLCONST       002000-00FB2F              100
                         016B4B-016B4B                1
                         0176AA-0176AB                2
                         01777A-01777B                2
                         0177BE-0177BF                2
                         017802-017803                2
                         017846-017847                2
                         017B4B-017B4B                1
                         017EA2-017EA3                2
                         017ECA-017ECB                2
                         017EF2-017EF3                2
                         0180C9-0180C9                1
                         018222-018223                2
                         01822E-01822F                2
                         01823A-01823B                2
                         01827A-01827B                2
                         018287-018287                1
                         018290-01FFFF              100

                                  Symbol Table

IVTBASEH                              (abs)        003FD6
IVTBASEL                              (abs)        003FD5
IVTBASEU                              (abs)        003FD7
TMR5_ISR@CountCallBack                bssBANK0     0000C0
_ADACCH                               (abs)        003EE9
_ADACCL                               (abs)        003EE8
_ADACCU                               (abs)        003EEA
_ADACQH                               (abs)        003EF4
_ADACQL                               (abs)        003EF3
_ADACT                                (abs)        003EFE
_ADCAP                                (abs)        003EF5
_ADCC_ADI_InterruptHandler            bssBANK0     0000A4
_ADCC_DefaultInterruptHandler         text128      01828E
_ADCC_ISR                             text127      0176AC
_ADCC_Initialize                      text80       01761A
_ADCC_SetADIInterruptHandler          text81       017E7A
_ADCLK                                (abs)        003EFF
_ADCNT                                (abs)        003EEB
_ADCON0                               (abs)        003EF8
_ADCON1                               (abs)        003EF9
_ADCON2                               (abs)        003EFA
_ADCON3                               (abs)        003EFB
_ADERRH                               (abs)        003EE3
_ADERRL                               (abs)        003EE2
_ADFLTRH                              (abs)        003EE7
_ADFLTRL                              (abs)        003EE6
_ADLTHH                               (abs)        003EDF
_ADLTHL                               (abs)        003EDE
_ADPCH                                (abs)        003EF1
_ADPREH                               (abs)        003EF7
_ADPREL                               (abs)        003EF6
_ADPREVH                              (abs)        003EEE
_ADPREVL                              (abs)        003EED
_ADREF                                (abs)        003EFD
_ADRESH                               (abs)        003EF0
_ADRESL                               (abs)        003EEF
_ADRPT                                (abs)        003EEC
_ADSTAT                               (abs)        003EFC
_ADSTPTH                              (abs)        003EE5
_ADSTPTL                              (abs)        003EE4
_ADUTHH                               (abs)        003EE1
_ADUTHL                               (abs)        003EE0
_ANSELA                               (abs)        003A40
_ANSELB                               (abs)        003A50
_ANSELC                               (abs)        003A60
_ANSELD                               (abs)        003A70
_ANSELE                               (abs)        003A80
_ANSELF                               (abs)        003A90
_CCPTMRS1bits                         (abs)        003F5F
_CLC1CON                              (abs)        003C74
_CLC1GLS0                             (abs)        003C7A
_CLC1GLS1                             (abs)        003C7B
_CLC1GLS2                             (abs)        003C7C
_CLC1GLS3                             (abs)        003C7D
_CLC1POL                              (abs)        003C75
_CLC1SEL0                             (abs)        003C76
_CLC1SEL1                             (abs)        003C77
_CLC1SEL2                             (abs)        003C78
_CLC1SEL3                             (abs)        003C79
_CLC1_Initialize                      text79       017FF2
_CLKRCLK                              (abs)        003CE6
_CLKRCON                              (abs)        003CE5
_CLKREF_Initialize                    text78       018218
_D                                    bssBIGRAM    000ACE
_D@mconfig$F5157                      bssBIGRAM    000700
_DATAEE_WriteByte                     text26       01710C
_DMA1AIRQ                             (abs)        003BFE
_DMA1CON0                             (abs)        003BFC
_DMA1CON0bits                         (abs)        003BFC
_DMA1CON1                             (abs)        003BFD
_DMA1CON1bits                         (abs)        003BFD
_DMA1DSA                              (abs)        003BF0
_DMA1DSZ                              (abs)        003BEE
_DMA1PR                               (abs)        0039F3
_DMA1SIRQ                             (abs)        003BFF
_DMA1SSA                              (abs)        003BF9
_DMA1SSZ                              (abs)        003BF7
_DMA1_DMAA_ISR                        text142      018230
_DMA1_DMADCNT_ISR                     text141      018224
_DMA1_DMAOR_ISR                       text143      01823C
_DMA1_DMASCNT_ISR                     text140      0181EC
_DMA1_Initialize                      text77       0170A2
_DMA2AIRQ                             (abs)        003BDE
_DMA2CON0                             (abs)        003BDC
_DMA2CON1                             (abs)        003BDD
_DMA2DSA                              (abs)        003BD0
_DMA2DSZ                              (abs)        003BCE
_DMA2PR                               (abs)        0039F4
_DMA2SIRQ                             (abs)        003BDF
_DMA2SSA                              (abs)        003BD9
_DMA2SSZ                              (abs)        003BD7
_DMA2_Initialize                      text76       017428
_DSM_Initialize                       text75       0180E6
_Default_ISR                          text126      01827C
_EXT_INT_Initialize                   text71       0175CE
_GIE                                  (abs)        01FE97
_H10                                  dataBANK1    000100
_H12                                  dataBANK1    00019B
_H13                                  dataBANK1    00015B
_H14                                  dataBANK0    0000EC
_H153                                 dataBIGRAM   000D9D
_H17                                  dataBANK1    0001B9
_H254                                 dataBIGRAM   000ED5
_H26                                  dataBANK2    0002C3
_H33                                  dataBANK0    0000C8
_HC33                                 mediumconst  00FB31
_INT0PPS                              (abs)        003AC0
_INT0_CallBack                        text118      017F3E
_INT0_DefaultInterruptHandler         text119      018288
_INT0_ISR                             text117      017EA4
_INT0_InterruptHandler                bssBANK0     0000B9
_INT0_SetInterruptHandler             text74       017E52
_INT1PPS                              (abs)        003AC1
_INT1_CallBack                        text121      017F62
_INT1_DefaultInterruptHandler         text122      01828A
_INT1_ISR                             text120      017ECC
_INT1_InterruptHandler                bssBANK0     0000B6
_INT1_SetInterruptHandler             text73       017E2A
_INT2PPS                              (abs)        003AC2
_INT2_CallBack                        text124      017F86
_INT2_DefaultInterruptHandler         text125      01828C
_INT2_ISR                             text123      017EF4
_INT2_InterruptHandler                bssBANK0     0000B3
_INT2_SetInterruptHandler             text72       017E02
_INTCON0bits                          (abs)        003FD2
_INTERRUPT_Initialize                 text70       017240
_IPR1bits                             (abs)        003981
_IPR2bits                             (abs)        003982
_IPR3bits                             (abs)        003983
_IPR5bits                             (abs)        003985
_IPR6bits                             (abs)        003986
_IPR7bits                             (abs)        003987
_IPR8bits                             (abs)        003988
_IPR9bits                             (abs)        003989
_ISRPR                                (abs)        0039F1
_IVTADH                               (abs)        00389E
_IVTADL                               (abs)        00389D
_IVTADU                               (abs)        00389F
_IVTLOCK                              (abs)        003FD4
_IVTLOCKbits                          (abs)        003FD4
_LATA                                 (abs)        003FBA
_LATB                                 (abs)        003FBB
_LATBbits                             (abs)        003FBB
_LATC                                 (abs)        003FBC
_LATCbits                             (abs)        003FBC
_LATD                                 (abs)        003FBD
_LATDbits                             (abs)        003FBD
_LATE                                 (abs)        003FBE
_LATEbits                             (abs)        003FBE
_LATF                                 (abs)        003FBF
_LATFbits                             (abs)        003FBF
_MAINPR                               (abs)        0039F2
_MD1CARH                              (abs)        003CFE
_MD1CARL                              (abs)        003CFD
_MD1CON0bits                          (abs)        003CFA
_MD1CON1bits                          (abs)        003CFB
_MD1SRC                               (abs)        003CFC
_MyeaDogM_WriteStringAtPos            text82       0161D6
_NCO1ACCH                             (abs)        003F39
_NCO1ACCL                             (abs)        003F38
_NCO1ACCU                             (abs)        003F3A
_NCO1CLK                              (abs)        003F3F
_NCO1CON                              (abs)        003F3E
_NCO1CONbits                          (abs)        003F3E
_NCO1INCH                             (abs)        003F3C
_NCO1INCL                             (abs)        003F3B
_NCO1INCU                             (abs)        003F3D
_NCO1_Initialize                      text69       0180CA
_NVMADRH                              (abs)        0039E1
_NVMADRL                              (abs)        0039E0
_NVMCON1bits                          (abs)        0039E5
_NVMCON2                              (abs)        0039E6
_NVMDAT                               (abs)        0039E3
_ODCONA                               (abs)        003A42
_ODCONB                               (abs)        003A52
_ODCONC                               (abs)        003A62
_ODCOND                               (abs)        003A72
_ODCONE                               (abs)        003A82
_ODCONF                               (abs)        003A92
_OSCCON1                              (abs)        0039D9
_OSCCON3                              (abs)        0039DB
_OSCEN                                (abs)        0039DD
_OSCFRQ                               (abs)        0039DF
_OSCILLATOR_Initialize                text68       0181B0
_OSCTUNE                              (abs)        0039DE
_PIE1bits                             (abs)        003991
_PIE2bits                             (abs)        003992
_PIE3bits                             (abs)        003993
_PIE5bits                             (abs)        003995
_PIE6bits                             (abs)        003996
_PIE7bits                             (abs)        003997
_PIE8bits                             (abs)        003998
_PIE9bits                             (abs)        003999
_PIN_MANAGER_Initialize               text67       016BF6
_PIR0bits                             (abs)        0039A0
_PIR1bits                             (abs)        0039A1
_PIR2bits                             (abs)        0039A2
_PIR4bits                             (abs)        0039A4
_PIR5bits                             (abs)        0039A5
_PIR7bits                             (abs)        0039A7
_PIR8bits                             (abs)        0039A8
_PIR9bits                             (abs)        0039A9
_PLLR                                 (abs)        01CEE0
_PMD0                                 (abs)        0039C0
_PMD1                                 (abs)        0039C1
_PMD2                                 (abs)        0039C2
_PMD3                                 (abs)        0039C3
_PMD4                                 (abs)        0039C4
_PMD5                                 (abs)        0039C5
_PMD6                                 (abs)        0039C6
_PMD7                                 (abs)        0039C7
_PMD_Initialize                       text66       0181C6
_PORTBbits                            (abs)        003FCB
_PWM8CON                              (abs)        003F62
_PWM8DCH                              (abs)        003F61
_PWM8DCL                              (abs)        003F60
_PWM8_Initialize                      text65       01819A
_PWM8_LoadDutyValue                   text47       017738
_RA4PPS                               (abs)        003A04
_RA5PPS                               (abs)        003A05
_RA6PPS                               (abs)        003A06
_RB6PPS                               (abs)        003A0E
_RC3PPS                               (abs)        003A13
_RC5PPS                               (abs)        003A15
_RC6PPS                               (abs)        003A16
_RD1PPS                               (abs)        003A19
_S                                    bssBIGRAM    000902
_SCANPR                               (abs)        0039F7
_SLRCONA                              (abs)        003A43
_SLRCONB                              (abs)        003A53
_SLRCONC                              (abs)        003A63
_SLRCOND                              (abs)        003A73
_SLRCONE                              (abs)        003A83
_SLRCONF                              (abs)        003A93
_SPI1BAUD                             (abs)        003D19
_SPI1CLK                              (abs)        003D1C
_SPI1CON0                             (abs)        003D14
_SPI1CON1                             (abs)        003D15
_SPI1CON2                             (abs)        003D16
_SPI1INTFbits                         (abs)        003D1A
_SPI1RXB                              (abs)        003D10
_SPI1SCKPPS                           (abs)        003ADE
_SPI1SDIPPS                           (abs)        003ADF
_SPI1TCNTL                            (abs)        003D12
_SPI1TXB                              (abs)        003D11
_SPI1_Exchange8bit                    text35       018034
_SPI1_Initialize                      text64       018184
_SYSTEM_Initialize                    text52       017580
_StartTimer                           text49       0179FC
_T                                    dataBANK6    000600
_T2CLKCON                             (abs)        003FAE
_T2CON                                (abs)        003FAC
_T2HLT                                (abs)        003FAD
_T2PR                                 (abs)        003FAB
_T2RST                                (abs)        003FAF
_T2TMR                                (abs)        003FAA
_T5CLK                                (abs)        003F9D
_T5CON                                (abs)        003F9A
_T5CONbits                            (abs)        003F9A
_T5GATE                               (abs)        003F9C
_T5GCON                               (abs)        003F9B
_T6CLKCON                             (abs)        003F96
_T6CON                                (abs)        003F94
_T6HLT                                (abs)        003F95
_T6PR                                 (abs)        003F93
_T6RST                                (abs)        003F97
_T6TMR                                (abs)        003F92
_TABLAT                               (abs)        003FF5
_TBLPTRH                              (abs)        003FF7
_TBLPTRL                              (abs)        003FF6
_TBLPTRU                              (abs)        003FF8
_TMR2_Initialize                      text63       01811E
_TMR5H                                (abs)        003F99
_TMR5L                                (abs)        003F98
_TMR5_CallBack                        text146      017FCE
_TMR5_DefaultInterruptHandler         text147      018152
_TMR5_ISR                             text144      017030
_TMR5_Initialize                      text61       017664
_TMR5_InterruptHandler                bssBANK0     00009E
_TMR5_SetInterruptHandler             text62       017DDA
_TMR5_WriteTimer                      text145      0178CA
_TMR6_CallBack                        text138      017FAA
_TMR6_DefaultInterruptHandler         text139      0176F2
_TMR6_ISR                             text137      017B4C
_TMR6_Initialize                      text59       017D8A
_TMR6_InterruptHandler                bssBANK0     0000A1
_TMR6_SetInterruptHandler             text60       017DB2
_TRISA                                (abs)        003FC2
_TRISB                                (abs)        003FC3
_TRISC                                (abs)        003FC4
_TRISD                                (abs)        003FC5
_TRISE                                (abs)        003FC6
_TRISF                                (abs)        003FC7
_TimerDone                            text116      017F1A
_U1BRGH                               (abs)        003DF6
_U1BRGL                               (abs)        003DF5
_U1CON0                               (abs)        003DF2
_U1CON1                               (abs)        003DF3
_U1CON2                               (abs)        003DF4
_U1ERRIE                              (abs)        003DFA
_U1ERRIR                              (abs)        003DF9
_U1FIFO                               (abs)        003DF7
_U1P1H                                (abs)        003DED
_U1P1L                                (abs)        003DEC
_U1P2H                                (abs)        003DEF
_U1P2L                                (abs)        003DEE
_U1P3H                                (abs)        003DF1
_U1P3L                                (abs)        003DF0
_U1RXB                                (abs)        003DE8
_U1RXPPS                              (abs)        003AE5
_U1TXB                                (abs)        003DEA
_U1UIR                                (abs)        003DF8
_U2BRGH                               (abs)        003DDE
_U2BRGL                               (abs)        003DDD
_U2CON0                               (abs)        003DDA
_U2CON1                               (abs)        003DDB
_U2CON2                               (abs)        003DDC
_U2ERRIE                              (abs)        003DE2
_U2ERRIR                              (abs)        003DE1
_U2FIFO                               (abs)        003DDF
_U2P1L                                (abs)        003DD4
_U2P2L                                (abs)        003DD6
_U2P3L                                (abs)        003DD8
_U2RXB                                (abs)        003DD0
_U2RXPPS                              (abs)        003AE8
_U2TXB                                (abs)        003DD2
_U2UIR                                (abs)        003DE0
_UART1_Initialize                     text56       0172A6
_UART1_Read                           text31       017984
_UART1_Receive_ISR                    text132      018070
_UART1_RxInterruptHandler             bssBANK0     0000AA
_UART1_SetRxInterruptHandler          text58       017D62
_UART1_SetTxInterruptHandler          text57       017D3A
_UART1_Transmit_ISR                   text130      017B7A
_UART1_TxInterruptHandler             bssBANK0     0000A7
_UART1_Write                          text18       01788A
_UART1_is_rx_ready                    text30       018268
_UART1_is_tx_ready                    text8        01825C
_UART1_put_buffer                     text7        017BFA
_UART1_rx_vect_isr                    text131      0177C0
_UART1_tx_vect_isr                    text129      01777C
_UART2_Initialize                     text53       0173CA
_UART2_Read                           text29       017948
_UART2_Receive_ISR                    text136      01808E
_UART2_RxInterruptHandler             bssBANK0     0000B0
_UART2_SetRxInterruptHandler          text55       017D12
_UART2_SetTxInterruptHandler          text54       017CEA
_UART2_Transmit_ISR                   text134      017BA6
_UART2_TxInterruptHandler             bssBANK0     0000AD
_UART2_Write                          text6        01790A
_UART2_is_rx_ready                    text28       018262
_UART2_is_tx_ready                    text5        018256
_UART2_put_buffer                     text4        017BD2
_UART2_rx_vect_isr                    text135      017848
_UART2_tx_vect_isr                    text133      017804
_V                                    dataBIGRAM   000C1A
_WPUA                                 (abs)        003A41
_WPUB                                 (abs)        003A51
_WPUC                                 (abs)        003A61
_WPUD                                 (abs)        003A71
_WPUE                                 (abs)        003A81
_WPUF                                 (abs)        003A91
_WaitMs                               text41       017AAA
__HRAM                                (abs)        000000
__H__absolute__                       __absolute__ 000000
__Habs1                               abs1         000000
__Hbank0                              bank0        000000
__Hbank1                              bank1        000000
__Hbank10                             bank10       000000
__Hbank11                             bank11       000000
__Hbank12                             bank12       000000
__Hbank13                             bank13       000000
__Hbank14                             bank14       000000
__Hbank15                             bank15       000000
__Hbank16                             bank16       000000
__Hbank17                             bank17       000000
__Hbank18                             bank18       000000
__Hbank19                             bank19       000000
__Hbank2                              bank2        000000
__Hbank20                             bank20       000000
__Hbank21                             bank21       000000
__Hbank22                             bank22       000000
__Hbank23                             bank23       000000
__Hbank24                             bank24       000000
__Hbank25                             bank25       000000
__Hbank26                             bank26       000000
__Hbank27                             bank27       000000
__Hbank28                             bank28       000000
__Hbank29                             bank29       000000
__Hbank3                              bank3        000000
__Hbank30                             bank30       000000
__Hbank31                             bank31       000000
__Hbank4                              bank4        000000
__Hbank5                              bank5        000000
__Hbank6                              bank6        000000
__Hbank7                              bank7        000000
__Hbank8                              bank8        000000
__Hbank9                              bank9        000000
__Hbigbss                             bigbss       000000
__Hbigdata                            bigdata      000000
__Hbigram                             bigram       000000
__Hbigsfr                             bigsfr       000000
__Hbss                                bss          000000
__HbssBANK0                           bssBANK0     000000
__HbssBANK1                           bssBANK1     000000
__HbssBANK2                           bssBANK2     000000
__HbssBANK3                           bssBANK3     000000
__HbssBANK4                           bssBANK4     000000
__HbssBANK5                           bssBANK5     000000
__HbssBIGRAM                          bssBIGRAM    000000
__HbssCOMRAM                          bssCOMRAM    000000
__Hcinit                              cinit        000000
__Hclrtext                            clrtext      000000
__Hcomram                             comram       000000
__Hconfig                             config       30000A
__Hconst                              const        000000
__HcstackBANK0                        cstackBANK0  000000
__HcstackBANK1                        cstackBANK1  000000
__HcstackBANK2                        cstackBANK2  000000
__HcstackCOMRAM                       cstackCOMRAM 000000
__Hdata                               data         000000
__HdataBANK0                          dataBANK0    000000
__HdataBANK1                          dataBANK1    000000
__HdataBANK2                          dataBANK2    000000
__HdataBANK6                          dataBANK6    000000
__HdataBIGRAM                         dataBIGRAM   000000
__HdataCOMRAM                         dataCOMRAM   000000
__Heeprom_data                        eeprom_data  000000
__Hfarbss                             farbss       000000
__Hfardata                            fardata      000000
__Hheap                               heap         000000
__Hibigdata                           ibigdata     000000
__Hidata                              idata        000000
__HidataBANK0                         idataBANK0   000000
__HidataBANK1                         idataBANK1   000000
__HidataBANK2                         idataBANK2   000000
__HidataBANK6                         idataBANK6   000000
__HidataBIGRAM                        idataBIGRAM  000000
__HidataCOMRAM                        idataCOMRAM  000000
__Hidloc                              idloc        200010
__Hifardata                           ifardata     000000
__Hinit                               init         0000B6
__Hintsave_regs                       intsave_regs 000000
__Hirdata                             irdata       000000
__Hivt0x8                             ivt0x8       0000AE
__Hmediumconst                        mediumconst  010000
__HnvFARRAM                           nvFARRAM     000000
__Hnvbit                              nvbit        000000
__Hnvrram                             nvrram       000000
__Hparam                              rparam       000000
__Hpowerup                            powerup      000000
__Hram                                ram          000000
__Hramtop                             ramtop       002000
__Hrbit                               rbit         000000
__Hrbss                               rbss         000000
__Hrdata                              rdata        000000
__Hreset_vec                          reset_vec    000004
__Hrparam                             rparam       000000
__Hsfr                                sfr          000000
__Hsmallconst                         smallconst   000000
__Hspace_0                            (abs)        018290
__Hspace_1                            (abs)        000FD6
__Hspace_2                            (abs)        002000
__Hspace_4                            (abs)        60000A
__Hstack                              stack        002000
__Hstruct                             struct       000000
__Htemp                               temp         000042
__Htext                               text         000000
__Htext0                              text0        000000
__Htext1                              text1        000000
__Htext10                             text10       000000
__Htext100                            text100      000000
__Htext101                            text101      000000
__Htext102                            text102      000000
__Htext103                            text103      000000
__Htext104                            text104      000000
__Htext105                            text105      000000
__Htext106                            text106      000000
__Htext107                            text107      000000
__Htext108                            text108      000000
__Htext109                            text109      000000
__Htext11                             text11       000000
__Htext110                            text110      000000
__Htext111                            text111      000000
__Htext112                            text112      000000
__Htext113                            text113      000000
__Htext114                            text114      000000
__Htext115                            text115      000000
__Htext116                            text116      000000
__Htext117                            text117      000000
__Htext118                            text118      000000
__Htext119                            text119      000000
__Htext12                             text12       000000
__Htext120                            text120      000000
__Htext121                            text121      000000
__Htext122                            text122      000000
__Htext123                            text123      000000
__Htext124                            text124      000000
__Htext125                            text125      000000
__Htext126                            text126      000000
__Htext127                            text127      000000
__Htext128                            text128      000000
__Htext129                            text129      000000
__Htext13                             text13       000000
__Htext130                            text130      000000
__Htext131                            text131      000000
__Htext132                            text132      000000
__Htext133                            text133      000000
__Htext134                            text134      000000
__Htext135                            text135      000000
__Htext136                            text136      000000
__Htext137                            text137      000000
__Htext138                            text138      000000
__Htext139                            text139      000000
__Htext14                             text14       000000
__Htext140                            text140      000000
__Htext141                            text141      000000
__Htext142                            text142      000000
__Htext143                            text143      000000
__Htext144                            text144      000000
__Htext145                            text145      000000
__Htext146                            text146      000000
__Htext147                            text147      000000
__Htext15                             text15       000000
__Htext16                             text16       000000
__Htext17                             text17       000000
__Htext18                             text18       000000
__Htext19                             text19       000000
__Htext2                              text2        000000
__Htext20                             text20       000000
__Htext21                             text21       000000
__Htext22                             text22       000000
__Htext23                             text23       000000
__Htext24                             text24       000000
__Htext25                             text25       000000
__Htext26                             text26       000000
__Htext27                             text27       000000
__Htext28                             text28       000000
__Htext29                             text29       000000
__Htext3                              text3        000000
__Htext30                             text30       000000
__Htext31                             text31       000000
__Htext32                             text32       000000
__Htext33                             text33       000000
__Htext34                             text34       000000
__Htext35                             text35       000000
__Htext36                             text36       000000
__Htext37                             text37       000000
__Htext38                             text38       000000
__Htext39                             text39       000000
__Htext4                              text4        000000
__Htext40                             text40       000000
__Htext41                             text41       000000
__Htext42                             text42       000000
__Htext43                             text43       000000
__Htext44                             text44       000000
__Htext45                             text45       000000
__Htext46                             text46       000000
__Htext47                             text47       000000
__Htext48                             text48       000000
__Htext49                             text49       000000
__Htext5                              text5        000000
__Htext50                             text50       000000
__Htext51                             text51       000000
__Htext52                             text52       000000
__Htext53                             text53       000000
__Htext54                             text54       000000
__Htext55                             text55       000000
__Htext56                             text56       000000
__Htext57                             text57       000000
__Htext58                             text58       000000
__Htext59                             text59       000000
__Htext6                              text6        000000
__Htext60                             text60       000000
__Htext61                             text61       000000
__Htext62                             text62       000000
__Htext63                             text63       000000
__Htext64                             text64       000000
__Htext65                             text65       000000
__Htext66                             text66       000000
__Htext67                             text67       000000
__Htext68                             text68       000000
__Htext69                             text69       000000
__Htext7                              text7        000000
__Htext70                             text70       000000
__Htext71                             text71       000000
__Htext72                             text72       000000
__Htext73                             text73       000000
__Htext74                             text74       000000
__Htext75                             text75       000000
__Htext76                             text76       000000
__Htext77                             text77       000000
__Htext78                             text78       000000
[...]
_display_info                         text50       018246
_dtoa                                 text104      013F42
_eaDogM_WriteCommand                  text38       0181FC
_eaDogM_WriteString                   text88       016C9E
_eaDogM_WriteStringAtPos              text84       017AE0
_ee_logger                            text25       015E7A
_flags                                bssCOMRAM    000007
_format_display_text                  text23       01581A
_fputc                                text112      015D56
_fputs                                text107      016E88
_gem_messages                         text15       01552E
_get_vterm_ptr                        text115      017A38
_hb_message                           text37       017530
_help_button                          text48       0179C0
_init_display                         text32       0167C2
_m_protocol                           text19       01228A
_main                                 text0        010F42
_memset                               text92       016DE8
_mode_lamp_bright                     text46       01820A
_mode_lamp_dim                        text45       01816C
_mode_sw                              bssCOMRAM    00000E
_msg0                                 mediumconst  00FB79
_msg1                                 mediumconst  00FBD2
_msg2                                 mediumconst  00FC2A
_msg99                                mediumconst  00FC80
_nout                                 bssCOMRAM    000001
_otoa                                 text103      014DF0
_pad                                  text105      0166D4
_parse_ll                             text13       017174
_parse_sid                            text14       0171DA
_port_data                            dataBANK1    0001CD
_prec                                 bssCOMRAM    000005
_printf                               text93       01730A
_putch                                text113      018138
_r_block                              bssBANK0     00007A
_r_protocol                           text17       012DEE
_read_prec_or_width                   text102      015ADA
_ringBufS_flush                       text91       016F20
_ringBufS_init                        text36       017CC2
_ringBufS_put_dma                     text114      016B4C
_ring_buf1                            bssBANK2     000280
_ring_buf2                            bssBANK3     000300
_run_checksum                         text27       017C4A
_s10f1_opcmd                          text12       014986
_s6f11_opcmd                          text11       01736C
_secs_II_message                      text9        011BAE
_secs_II_monitor_message              text24       0160BA
_secs_gem_state                       text20       0151E6
_secs_send                            text2        0144A6
_seed                                 bssBANK0     0000C4
_send_lcd_cmd                         text34       017C9A
_send_lcd_cmd_dma                     text85       0174DC
_send_lcd_cmd_long                    text33       017C72
_sequence_messages                    text22       013C54
_set_display_info                     text44       018014
_set_temp_display_help                text43       0181DA
_set_vterm                            text42       018052
_spi_link                             bssBANK0     000087
_sprintf                              text94       0164F6
_srand                                text16       017C22
_start_lcd                            text90       018274
_stoa                                 text101      01420E
_strlen                               text106      016FAC
_t_protocol                           text1        013622
_terminal_format                      text21       014722
_tickCount                            bssBANK0     000060
_timer5ReloadVal                      bssBANK0     0000C2
_uart1RxBuffer                        bssBANK4     000400
_uart1RxCount                         bssCOMRAM    000015
_uart1RxHead                          bssCOMRAM    000017
_uart1RxTail                          bssCOMRAM    000016
_uart1TxBuffer                        bssBANK2     000240
_uart1TxBufferRemaining               bssCOMRAM    000018
_uart1TxHead                          bssCOMRAM    00001A
_uart1TxTail                          bssCOMRAM    000019
_uart2RxBuffer                        bssBANK5     000500
_uart2RxCount                         bssCOMRAM    00000F
_uart2RxHead                          bssCOMRAM    000011
_uart2RxTail                          bssCOMRAM    000010
_uart2TxBuffer                        bssBANK2     000200
_uart2TxBufferRemaining               bssCOMRAM    000012
_uart2TxHead                          bssCOMRAM    000014
_uart2TxTail                          bssCOMRAM    000013
_update_lcd                           text83       0165E6
_utoa                                 text98       014FFA
_vfpfcnvrt                            text96       010000
_vfprintf                             text95       016D44
_vterm_dump                           text40       015C28
_vterm_sequence                       text10       01293C
_wait_lcd_done                        text86       018102
_wait_lcd_set                         text89       01826E
_wdtdelay                             text87       017482
_width                                bssCOMRAM    000003
_xtoa                                 text97       013958
btemp                                 temp         000022
end_of_initialization                 cinit        015AD4
intlevel0                             text         000000
intlevel1                             text         000000
intlevel2                             text         000000
intlevel3                             text         000000
isa$std                               (abs)        000001
isa$xinst                             (abs)        000000
ivt0x8_base                           ivt0x8       000008
ivt0x8_undefint                       ivt0x8       0000AC
lltemp0                               temp         000022
lltemp1                               temp         00002A
lltemp2                               temp         000032
lltemp3                               temp         00003A
ltemp0                                temp         000022
ltemp1                                temp         000026
ltemp2                                temp         00002A
m_protocol@rxData_l                   bssCOMRAM    00000D
r_protocol@b_block                    bssBANK0     0000BC
r_protocol@d                          dataCOMRAM   000051
r_protocol@retry                      dataCOMRAM   000052
r_protocol@rxData_l                   bssCOMRAM    00000C
run_checksum@sum                      bssBANK0     0000BE
secs_II_message@block                 bssCOMRAM    00001B
secs_II_monitor_message@store1_1      dataCOMRAM   000050
secs_II_monitor_message@store1_13     dataCOMRAM   00004F
secs_II_monitor_message@store6_11     dataCOMRAM   00004E
secs_gem_state@block                  bssCOMRAM    000009
secs_gem_state@equipment              bssCOMRAM    000008
stackhi                               (abs)        001FFF
stacklo                               (abs)        000FD6
start                                 init         0000AE
start_initialization                  cinit        01597C
t_protocol@block                      bssBANK0     000093
t_protocol@requeue                    bssCOMRAM    00000A
t_protocol@retry                      bssCOMRAM    00000B
ttemp0                                temp         000022
ttemp1                                temp         000025
ttemp2                                temp         000028
ttemp3                                temp         00002B
ttemp5                                temp         000023
ttemp6                                temp         000026
ttemp7                                temp         00002A
wdtdelay@dcount                       bssBANK0     00009A
wtemp0                                temp         000022
wtemp1                                temp         000024
wtemp2                                temp         000026
wtemp3                                temp         000028
wtemp4                                temp         00002A
wtemp5                                temp         00002C
wtemp8                                temp         000023


MODULE INFORMATION

Module		Function		Class		Link	Load	Size
ringbufs.c
		_ringBufS_init 		CODE           	17CC2	0000	40
		_ringBufS_flush		CODE           	16F20	0000	140
		_ringBufS_put_dma		CODE           	16B4C	0000	170

ringbufs.c estimated size: 350

mcc_generated_files/uart2.c
		_UART2_is_rx_ready		CODE           	18262	0000	6
		_UART2_is_tx_ready		CODE           	18256	0000	6
		_UART2_rx_vect_isr		CODE           	17848	0000	66
		_UART2_Write   		CODE           	1790A	0000	62
		_UART2_tx_vect_isr		CODE           	17804	0000	66
		_UART2_Receive_ISR		CODE           	1808E	0000	30
		_UART2_put_buffer		CODE           	17BD2	0000	40
		_UART2_SetRxInterruptHandler		CODE           	17D12	0000	40
		_UART2_SetTxInterruptHandler		CODE           	17CEA	0000	40
		_UART2_Initialize		CODE           	173CA	0000	94
		_UART2_Transmit_ISR		CODE           	17BA6	0000	44
		_UART2_Read    		CODE           	17948	0000	60

mcc_generated_files/uart2.c estimated size: 554

timers.c
		_WaitMs        		CODE           	17AAA	0000	54
		_StartTimer    		CODE           	179FC	0000	60
		_TimerDone     		CODE           	17F1A	0000	36

timers.c estimated size: 150

mcc_generated_files/pwm8.c
		_PWM8_LoadDutyValue		CODE           	17738	0000	66
		_PWM8_Initialize		CODE           	1819A	0000	22

mcc_generated_files/pwm8.c estimated size: 88

/opt/microchip/xc8/v2.46/pic/sources/c99/common/doprnt.c
		_read_prec_or_width		CODE           	15ADA	0000	334
		_vfpfcnvrt     		CODE           	10000	0000	3906
		_pad           		CODE           	166D4	0000	238
		_ctoa          		CODE           	15F9C	0000	286
		_dtoa          		CODE           	13F42	0000	716
		_vfprintf      		CODE           	16D44	0000	164
		_otoa          		CODE           	14DF0	0000	522
		_stoa          		CODE           	1420E	0000	664
		_utoa          		CODE           	14FFA	0000	492
		_xtoa          		CODE           	13958	0000	764

/opt/microchip/xc8/v2.46/pic/sources/c99/common/doprnt.c estimated size: 8086

/opt/microchip/xc8/v2.46/pic/sources/c99/common/llmod.c
		___llmod       		CODE           	1698E	0000	224

/opt/microchip/xc8/v2.46/pic/sources/c99/common/llmod.c estimated size: 224

mcc_generated_files/tmr6.c
		_TMR6_CallBack 		CODE           	17FAA	0000	36
		_TMR6_ISR      		CODE           	17B4C	0000	46
		_TMR6_Initialize		CODE           	17D8A	0000	40
		_TMR6_SetInterruptHandler		CODE           	17DB2	0000	40
		_TMR6_DefaultInterruptHandler		CODE           	176F2	0000	70

mcc_generated_files/tmr6.c estimated size: 232

/opt/microchip/xc8/v2.46/pic/sources/c99/common/almod.c
		___almod       		CODE           	156B4	0000	358

/opt/microchip/xc8/v2.46/pic/sources/c99/common/almod.c estimated size: 358

/opt/microchip/xc8/v2.46/pic/sources/c99/common/rand.c
		_srand         		CODE           	17C22	0000	40

/opt/microchip/xc8/v2.46/pic/sources/c99/common/rand.c estimated size: 40

gemsecs.c
		_secs_send     		CODE           	144A6	0000	636
		_sequence_messages		CODE           	13C54	0000	750
		_run_checksum  		CODE           	17C4A	0000	40
		_ee_logger     		CODE           	15E7A	0000	290
		_secs_gem_state		CODE           	151E6	0000	436
		_secs_II_monitor_message		CODE           	160BA	0000	284
		_block_checksum		CODE           	168AC	0000	226
		_m_protocol    		CODE           	1228A	0000	1714
		_parse_sid     		CODE           	171DA	0000	102
		_r_protocol    		CODE           	12DEE	0000	1144
		_t_protocol    		CODE           	13622	0000	822
		_parse_ll      		CODE           	17174	0000	102
		_s6f11_opcmd   		CODE           	1736C	0000	94
		_format_display_text		CODE           	1581A	0000	354
		_s10f1_opcmd   		CODE           	14986	0000	582
		_hb_message    		CODE           	17530	0000	80
		_secs_II_message		CODE           	11BAE	0000	1756
		_gem_messages  		CODE           	1552E	0000	390
		_terminal_format		CODE           	14722	0000	612

gemsecs.c estimated size: 10414

mcc_generated_files/dsm.c
		_DSM_Initialize		CODE           	180E6	0000	28

mcc_generated_files/dsm.c estimated size: 28

mcc_generated_files/tmr2.c
		_TMR2_Initialize		CODE           	1811E	0000	26

mcc_generated_files/tmr2.c estimated size: 26

mcc_generated_files/interrupt_manager.c
		_INTERRUPT_Initialize		CODE           	17240	0000	102
		_Default_ISR   		CODE           	1827C	0000	6

mcc_generated_files/interrupt_manager.c estimated size: 108

/opt/microchip/xc8/v2.46/pic/sources/c99/common/nf_sprintf.c
		_sprintf       		CODE           	164F6	0000	240

/opt/microchip/xc8/v2.46/pic/sources/c99/common/nf_sprintf.c estimated size: 240

eadog.c
		_init_display  		CODE           	167C2	0000	234
		_eaDogM_WriteCommand		CODE           	181FC	0000	14
		_putch         		CODE           	18138	0000	26
		_wdtdelay      		CODE           	17482	0000	90
		_send_lcd_cmd  		CODE           	17C9A	0000	40
		_send_lcd_cmd_dma		CODE           	174DC	0000	84
		_wait_lcd_set  		CODE           	1826E	0000	6
		_eaDogM_WriteStringAtPos		CODE           	17AE0	0000	54
		_wait_lcd_done 		CODE           	18102	0000	28
		_send_lcd_cmd_long		CODE           	17C72	0000	40
		_start_lcd     		CODE           	18274	0000	6
		_eaDogM_WriteString		CODE           	16C9E	0000	166

eadog.c estimated size: 788

mcc_generated_files/pin_manager.c
		_PIN_MANAGER_Initialize		CODE           	16BF6	0000	168

mcc_generated_files/pin_manager.c estimated size: 168

/opt/microchip/xc8/v2.46/pic/sources/c99/common/nf_fputs.c
		_fputs         		CODE           	16E88	0000	152

/opt/microchip/xc8/v2.46/pic/sources/c99/common/nf_fputs.c estimated size: 152

mcc_generated_files/nco1.c
		_NCO1_Initialize		CODE           	180CA	0000	28

mcc_generated_files/nco1.c estimated size: 28

mcc_generated_files/spi1.c
		_SPI1_Initialize		CODE           	18184	0000	22
		_SPI1_Exchange8bit		CODE           	18034	0000	30

mcc_generated_files/spi1.c estimated size: 52

mcc_generated_files/clkref.c
		_CLKREF_Initialize		CODE           	18218	0000	10

mcc_generated_files/clkref.c estimated size: 10

/opt/microchip/xc8/v2.46/pic/sources/c99/common/aldiv.c
		___aldiv       		CODE           	1539A	0000	404

/opt/microchip/xc8/v2.46/pic/sources/c99/common/aldiv.c estimated size: 404

mcc_generated_files/dma1.c
		_DMA1_DMADCNT_ISR		CODE           	18224	0000	10
		_DMA1_DMASCNT_ISR		CODE           	181EC	0000	16
		_DMA1_Initialize		CODE           	170A2	0000	106
		_DMA1_DMAA_ISR 		CODE           	18230	0000	10
		_DMA1_DMAOR_ISR		CODE           	1823C	0000	10

mcc_generated_files/dma1.c estimated size: 152

mcc_generated_files/uart1.c
		_UART1_rx_vect_isr		CODE           	177C0	0000	66
		_UART1_Write   		CODE           	1788A	0000	64
		_UART1_tx_vect_isr		CODE           	1777C	0000	66
		_UART1_Receive_ISR		CODE           	18070	0000	30
		_UART1_put_buffer		CODE           	17BFA	0000	40
		_UART1_SetRxInterruptHandler		CODE           	17D62	0000	40
		_UART1_SetTxInterruptHandler		CODE           	17D3A	0000	40
		_UART1_Initialize		CODE           	172A6	0000	100
		_UART1_Transmit_ISR		CODE           	17B7A	0000	44
		_UART1_Read    		CODE           	17984	0000	60
		_UART1_is_rx_ready		CODE           	18268	0000	6
		_UART1_is_tx_ready		CODE           	1825C	0000	6

mcc_generated_files/uart1.c estimated size: 562

mcc_generated_files/ext_int.c
		_INT0_SetInterruptHandler		CODE           	17E52	0000	40
		_INT1_SetInterruptHandler		CODE           	17E2A	0000	40
		_EXT_INT_Initialize		CODE           	175CE	0000	76
		_INT2_SetInterruptHandler		CODE           	17E02	0000	40
		_INT0_DefaultInterruptHandler		CODE           	18288	0000	2
		_INT0_CallBack 		CODE           	17F3E	0000	36
		_INT1_DefaultInterruptHandler		CODE           	1828A	0000	2
		_INT1_CallBack 		CODE           	17F62	0000	36
		_INT2_DefaultInterruptHandler		CODE           	1828C	0000	2
		_INT2_CallBack 		CODE           	17F86	0000	36
		_INT0_ISR      		CODE           	17EA4	0000	38
		_INT1_ISR      		CODE           	17ECC	0000	38
		_INT2_ISR      		CODE           	17EF4	0000	38

mcc_generated_files/ext_int.c estimated size: 424

/opt/microchip/xc8/v2.46/pic/sources/c99/common/printf.c
		_printf        		CODE           	1730A	0000	98

/opt/microchip/xc8/v2.46/pic/sources/c99/common/printf.c estimated size: 98

mcc_generated_files/tmr5.c
		_TMR5_ISR      		CODE           	17030	0000	114
		_TMR5_Initialize		CODE           	17664	0000	70
		_TMR5_SetInterruptHandler		CODE           	17DDA	0000	40
		_TMR5_DefaultInterruptHandler		CODE           	18152	0000	26
		_TMR5_CallBack 		CODE           	17FCE	0000	36
		_TMR5_WriteTimer		CODE           	178CA	0000	64

mcc_generated_files/tmr5.c estimated size: 350

shared
		_msg0          		MEDIUMCONST    	FB79	0000	89
		_msg1          		MEDIUMCONST    	FBD2	0000	88
		_msg2          		MEDIUMCONST    	FC2A	0000	86
		__initialization		CODE           	1597C	0000	344
		_msg99         		MEDIUMCONST    	FC80	0000	56
		_HC33          		MEDIUMCONST    	FB31	0000	72

shared estimated size: 735

/opt/microchip/xc8/v2.46/pic/sources/c99/common/strlen.c
		_strlen        		CODE           	16FAC	0000	132

/opt/microchip/xc8/v2.46/pic/sources/c99/common/strlen.c estimated size: 132

mcc_generated_files/mcc.c
		_PMD_Initialize		CODE           	181C6	0000	20
		_OSCILLATOR_Initialize		CODE           	181B0	0000	22
		_SYSTEM_Initialize		CODE           	17580	0000	78

mcc_generated_files/mcc.c estimated size: 120

/opt/microchip/xc8/v2.46/pic/sources/c99/common/__lldiv.c
		___lldiv       		CODE           	162EA	0000	268

/opt/microchip/xc8/v2.46/pic/sources/c99/common/__lldiv.c estimated size: 268

/opt/microchip/xc8/v2.46/pic/sources/c99/common/memset.c
		_memset        		CODE           	16DE8	0000	160

/opt/microchip/xc8/v2.46/pic/sources/c99/common/memset.c estimated size: 160

/opt/microchip/xc8/v2.46/pic/sources/c99/common/abs.c
		_abs           		CODE           	17A72	0000	56

/opt/microchip/xc8/v2.46/pic/sources/c99/common/abs.c estimated size: 56

mconfig.c
		_mode_lamp_bright		CODE           	1820A	0000	14
		_help_button   		CODE           	179C0	0000	60
		_vterm_dump    		CODE           	15C28	0000	302
		_set_display_info		CODE           	18014	0000	32
		_display_info  		CODE           	18246	0000	8
		_display_help  		CODE           	1824E	0000	8
		_MyeaDogM_WriteStringAtPos		CODE           	161D6	0000	276
		_set_vterm     		CODE           	18052	0000	30
		_get_vterm_ptr 		CODE           	17A38	0000	58
		_update_lcd    		CODE           	165E6	0000	238
		_set_temp_display_help		CODE           	181DA	0000	18
		_vterm_sequence		CODE           	1293C	0000	1202
		_check_help    		CODE           	14BCC	0000	548
		_mode_lamp_dim 		CODE           	1816C	0000	24

mconfig.c estimated size: 2818

/opt/microchip/xc8/v2.46/pic/sources/c99/common/nf_fputc.c
		_fputc         		CODE           	15D56	0000	292

/opt/microchip/xc8/v2.46/pic/sources/c99/common/nf_fputc.c estimated size: 292

mcc_generated_files/memory.c
		_DATAEE_WriteByte		CODE           	1710C	0000	104

mcc_generated_files/memory.c estimated size: 104

mcc_generated_files/adcc.c
		_ADCC_DefaultInterruptHandler		CODE           	1828E	0000	2
		_ADCC_SetADIInterruptHandler		CODE           	17E7A	0000	40
		_ADCC_ISR      		CODE           	176AC	0000	70
		_ADCC_Initialize		CODE           	1761A	0000	74

mcc_generated_files/adcc.c estimated size: 186

main.c
		_main          		CODE           	10F42	0000	3180

main.c estimated size: 3180

mcc_generated_files/dma2.c
		_DMA2_Initialize		CODE           	17428	0000	90

mcc_generated_files/dma2.c estimated size: 90

mcc_generated_files/clc1.c
		_CLC1_Initialize		CODE           	17FF2	0000	34

mcc_generated_files/clc1.c estimated size: 34

