Microchip MPLAB XC8 Compiler V2.10 ()

Linker command line:

-W-3 --edf=/opt/microchip/xc8/v2.10/pic/dat/en_msgs.txt -pivt0x8=08h -cs \
  -h+dist/default/production/elo_touch.X.production.sym \
  --cmf=dist/default/production/elo_touch.X.production.cmf -z -Q18F47K42 \
  -o/tmp/xcXObhmli --defsym=__MPLAB_BUILD=1 \
  -Mdist/default/production/elo_touch.X.production.map -E1 -ver=XC8 \
  --acfsm=1493 -ASTACK=0FBh-01FFFh -pstack=STACK -ACODE=00h-01FFFFh \
  -ACONST=00h-01FFFFh -ASMALLCONST=02000h-020FFhx480 \
  -AMEDIUMCONST=02000h-0FFFFh,012000h-01FFFFh -ACOMRAM=01h-05Fh \
  -AABS1=00h-01FFFh -ABIGRAM=01h-01FFFh -ARAM=060h-0FFh,0100h-01FFhx31 \
  -ABANK0=060h-0FFh -ABANK1=0100h-01FFh -ABANK2=0200h-02FFh \
  -ABANK3=0300h-03FFh -ABANK4=0400h-04FFh -ABANK5=0500h-05FFh \
  -ABANK6=0600h-06FFh -ABANK7=0700h-07FFh -ABANK8=0800h-08FFh \
  -ABANK9=0900h-09FFh -ABANK10=0A00h-0AFFh -ABANK11=0B00h-0BFFh \
  -ABANK12=0C00h-0CFFh -ABANK13=0D00h-0DFFh -ABANK14=0E00h-0EFFh \
  -ABANK15=0F00h-0FFFh -ABANK16=01000h-010FFh -ABANK17=01100h-011FFh \
  -ABANK18=01200h-012FFh -ABANK19=01300h-013FFh -ABANK20=01400h-014FFh \
  -ABANK21=01500h-015FFh -ABANK22=01600h-016FFh -ABANK23=01700h-017FFh \
  -ABANK24=01800h-018FFh -ABANK25=01900h-019FFh -ABANK26=01A00h-01AFFh \
  -ABANK27=01B00h-01BFFh -ABANK28=01C00h-01CFFh -ABANK29=01D00h-01DFFh \
  -ABANK30=01E00h-01EFFh -ABANK31=01F00h-01FFFh \
  -ASFR=03800h-038FFhx7,03F00h-03F5Fh,03F60h-03FFFh -preset_vec=00h \
  -ppowerup=CODE,init -pramtop=02000h -psmallconst=SMALLCONST \
  -pmediumconst=MEDIUMCONST -pconst=CONST -AFARRAM=00h-00h \
  -ACONFIG=0300000h-0300009h -pconfig=CONFIG -AIDLOC=0200000h-020000Fh \
  -pidloc=IDLOC -AEEDATA=0310000h-03103FFh -peeprom_data=EEDATA \
  -prdata=COMRAM,nvrram=COMRAM,nvbit=COMRAM,rbss=COMRAM,rbit=COMRAM \
  -pfarbss=FARRAM,fardata=FARRAM,nvFARRAM=FARRAM \
  -pintsave_regs=BIGRAM,bigbss=BIGRAM,bigdata=BIGRAM -pbss=RAM \
  -pidata=CODE,irdata=CODE,ibigdata=CODE,ifardata=CODE -prparam=COMRAM \
  /tmp/xcXJzqZsq.o dist/default/production/elo_touch.X.production.o 

Object code version is 3.11

Machine type is 18F47K42

Call graph: (short form)




                Name                               Link     Load   Length Selector   Space Scale
/tmp/xcXJzqZsq.o
                init                                 AE       AE        4        4       0
                reset_vec                             0        0        4        0       0
                idloc                            200000   200000       10   200000       0
                config                           300000   300000        A   300000       0
dist/default/production/elo_touch.X.production.o
                smallconst                         2000     2000       1E     1000       0
                ivt0x8                                8        8       A6        4       0
                text68                             30DC     30DC       1A      BFB       0
                text67                             2F80     2F80       24      BBB       0
                text66                             2F5C     2F5C       24      BBB       0
                text65                             2DB0     2DB0       32      B6C       0
                text64                             2D7A     2D7A       34     100F       0
                text63                             2EEC     2EEC       28      BBB       0
                text62                             306A     306A       1E      BFB       0
                text61                             323C     323C        6     191B       0
                text60                             3254     3254        2      C93       0
                text59                             3252     3252        2      C93       0
                text58                             28EA     28EA       8E     100F       0
                text57                             2FEC     2FEC       22      BFB       0
                text56                             2EC0     2EC0       2A      B6C       0
                text55                             2FC8     2FC8       22      BF2       0
                text54                             304C     304C       1E      BFB       0
                text53                             3236     3236        6     191B       0
                text52                             3250     3250        2      C93       0
                text51                             324E     324E        2      C93       0
                text50                             285C     285C       8E     100F       0
                text49                             2F38     2F38       24      BBB       0
                text48                             2E96     2E96       2A      B6C       0
                text47                             2F14     2F14       24      BBB       0
                text46                             324C     324C        2      C93       0
                text45                             310E     310E       16      BFB       0
                text44                             2D0C     2D0C       38     100F       0
                text43                             2E10     2E10       2E      B6C       0
                text42                             300E     300E       20      BFB       0
                text41                             2D44     2D44       36     100F       0
                text40                             3246     3246        4     191B       0
                text39                             2CD4     2CD4       38     100F       0
                text38                             3224     3224        A      BFB       0
                text37                             2A6E     2A6E       6C     100F       0
                text36                             2BF2     2BF2       50     100F       0
                text35                             2216     2216      174     100F       0
                text34                             238A     238A      13C     100F       0
                text33                             2B96     2B96       5C     100F       0
                text32                             30C0     30C0       1C      BFB       0
                text31                             201E     201E      1F8     100F       0
                text30                             3214     3214       10      BFB       0
                text29                             2E6A     2E6A       2C      B6C       0
                text28                             24C6     24C6       DE     100F       0
                text27                             2B3A     2B3A       5C     100F       0
                text26                             2C8C     2C8C       48     100F       0
                text25                             30A4     30A4       1C      BFB       0
                text24                             27C0     27C0       9C     100F       0
                text23                             2FA4     2FA4       22      BBB       0
                text22                             30F6     30F6       18      BFB       0
                text21                             302E     302E       1E      BFB       0
                text20                             3200     3200       14      BFB       0
                text19                             2C42     2C42       4A     100F       0
                text18                             31EC     31EC       14      BFB       0
                text17                             2E3E     2E3E       2C      B6C       0
                text16                             31D8     31D8       14      BFB       0
                text15                             31C4     31C4       14      BFB       0
                text14                             31B0     31B0       14      BFB       0
                text13                             319C     319C       14      BFB       0
                text12                             3188     3188       14      BFB       0
                text11                             2664     2664       B4     100F       0
                text10                             3174     3174       14      BFB       0
                text9                              3160     3160       14      BFB       0
                text8                              314C     314C       14      BFB       0
                text7                              3138     3138       14      BFB       0
                text6                              3124     3124       14      BFB       0
                text5                              2718     2718       A8     100F       0
                text4                              2DE2     2DE2       2E      B6C       0
                text3                              2978     2978       88     100F       0
                text2                              25A4     25A4       C0     100F       0
                text1                              3088     3088       1C      BFB       0
                text0                              2ADA     2ADA       60     100F       0
                cstackCOMRAM                          1        1       39        1       1
                cstackBANK0                          F7       F7        4       60       1
                dataBANK0                            F0       F0        7       60       1
                bssBANK0                             60       60       90       60       1
                dataCOMRAM                           57       57        4        1       1
                bssCOMRAM                            3A       3A       1D        1       1
                cinit                              2A00     2A00       6E     100F       0
                idataBANK0                         322E     322E        7      BFB       0
                idataCOMRAM                        3242     3242        4     191B       0

TOTAL           Name                               Link     Load   Length     Space
        CLASS   STACK          

        CLASS   CODE           
                init                                 AE       AE        4         0
                reset_vec                             0        0        4         0
                ivt0x8                                8        8       A6         0
                text68                             30DC     30DC       1A         0
                text67                             2F80     2F80       24         0
                text66                             2F5C     2F5C       24         0
                text65                             2DB0     2DB0       32         0
                text64                             2D7A     2D7A       34         0
                text63                             2EEC     2EEC       28         0
                text62                             306A     306A       1E         0
                text61                             323C     323C        6         0
                text60                             3254     3254        2         0
                text59                             3252     3252        2         0
                text58                             28EA     28EA       8E         0
                text57                             2FEC     2FEC       22         0
                text56                             2EC0     2EC0       2A         0
                text55                             2FC8     2FC8       22         0
                text54                             304C     304C       1E         0
                text53                             3236     3236        6         0
                text52                             3250     3250        2         0
                text51                             324E     324E        2         0
                text50                             285C     285C       8E         0
                text49                             2F38     2F38       24         0
                text48                             2E96     2E96       2A         0
                text47                             2F14     2F14       24         0
                text46                             324C     324C        2         0
                text45                             310E     310E       16         0
                text44                             2D0C     2D0C       38         0
                text43                             2E10     2E10       2E         0
                text42                             300E     300E       20         0
                text41                             2D44     2D44       36         0
                text40                             3246     3246        4         0
                text39                             2CD4     2CD4       38         0
                text38                             3224     3224        A         0
                text37                             2A6E     2A6E       6C         0
                text36                             2BF2     2BF2       50         0
                text35                             2216     2216      174         0
                text34                             238A     238A      13C         0
                text33                             2B96     2B96       5C         0
                text32                             30C0     30C0       1C         0
                text31                             201E     201E      1F8         0
                text30                             3214     3214       10         0
                text29                             2E6A     2E6A       2C         0
                text28                             24C6     24C6       DE         0
                text27                             2B3A     2B3A       5C         0
                text26                             2C8C     2C8C       48         0
                text25                             30A4     30A4       1C         0
                text24                             27C0     27C0       9C         0
                text23                             2FA4     2FA4       22         0
                text22                             30F6     30F6       18         0
                text21                             302E     302E       1E         0
                text20                             3200     3200       14         0
                text19                             2C42     2C42       4A         0
                text18                             31EC     31EC       14         0
                text17                             2E3E     2E3E       2C         0
                text16                             31D8     31D8       14         0
                text15                             31C4     31C4       14         0
                text14                             31B0     31B0       14         0
                text13                             319C     319C       14         0
                text12                             3188     3188       14         0
                text11                             2664     2664       B4         0
                text10                             3174     3174       14         0
                text9                              3160     3160       14         0
                text8                              314C     314C       14         0
                text7                              3138     3138       14         0
                text6                              3124     3124       14         0
                text5                              2718     2718       A8         0
                text4                              2DE2     2DE2       2E         0
                text3                              2978     2978       88         0
                text2                              25A4     25A4       C0         0
                text1                              3088     3088       1C         0
                text0                              2ADA     2ADA       60         0
                cinit                              2A00     2A00       6E         0
                idataBANK0                         322E     322E        7         0
                idataCOMRAM                        3242     3242        4         0

        CLASS   CONST          

        CLASS   SMALLCONST     
                smallconst                         2000     2000       1E         0

        CLASS   MEDIUMCONST    

        CLASS   COMRAM         
                cstackCOMRAM                          1        1       39         1
                dataCOMRAM                           57       57        4         1
                bssCOMRAM                            3A       3A       1D         1

        CLASS   ABS1           

        CLASS   BIGRAM         

        CLASS   RAM            

        CLASS   BANK0          
                cstackBANK0                          F7       F7        4         1
                dataBANK0                            F0       F0        7         1
                bssBANK0                             60       60       90         1

        CLASS   BANK1          

        CLASS   BANK2          

        CLASS   BANK3          

        CLASS   BANK4          

        CLASS   BANK5          

        CLASS   BANK6          

        CLASS   BANK7          

        CLASS   BANK8          

        CLASS   BANK9          

        CLASS   BANK10         

        CLASS   BANK11         

        CLASS   BANK12         

        CLASS   BANK13         

        CLASS   BANK14         

        CLASS   BANK15         

        CLASS   BANK16         

        CLASS   BANK17         

        CLASS   BANK18         

        CLASS   BANK19         

        CLASS   BANK20         

        CLASS   BANK21         

        CLASS   BANK22         

        CLASS   BANK23         

        CLASS   BANK24         

        CLASS   BANK25         

        CLASS   BANK26         

        CLASS   BANK27         

        CLASS   BANK28         

        CLASS   BANK29         

        CLASS   BANK30         

        CLASS   BANK31         

        CLASS   SFR            

        CLASS   FARRAM         

        CLASS   CONFIG         
                config                           300000   300000        A         0

        CLASS   IDLOC          
                idloc                            200000   200000       10         0

        CLASS   EEDATA         



SEGMENTS        Name                           Load    Length   Top    Selector   Space  Class

                reset_vec                      000000  000004  000004         0       0  CODE    
                cstackCOMRAM                   000001  00005A  00005B         1       1  COMRAM  
                ivt0x8                         000008  0000AA  0000B2         4       0  CODE    
                bssBANK0                       000060  00009B  0000FB        60       1  BANK0   
                smallconst                     002000  00001E  00201E      1000       0  SMALLCON
                text31                         00201E  000D90  002DAE      100F       0  CODE    
                text65                         002DB0  00013A  002EEA       B6C       0  CODE    
                text63                         002EEC  0000DA  002FC6       BBB       0  CODE    
                text55                         002FC8  000022  002FEA       BF2       0  CODE    
                text57                         002FEC  000249  003235       BFB       0  CODE    
                text53                         003236  000014  00324A      191B       0  CODE    
                text46                         00324C  00000A  003256       C93       0  CODE    
                idloc                          200000  000010  200010    200000       0  IDLOC   
                config                         300000  00000A  30000A    300000       0  CONFIG  


UNUSED ADDRESS RANGES

        Name                Unused          Largest block    Delta
        BANK0            0000FB-0000FF                5
        BANK1            000100-0001FF              100
        BANK10           000A00-000AFF              100
        BANK11           000B00-000BFF              100
        BANK12           000C00-000CFF              100
        BANK13           000D00-000DFF              100
        BANK14           000E00-000EFF              100
        BANK15           000F00-000FFF              100
        BANK16           001000-0010FF              100
        BANK17           001100-0011FF              100
        BANK18           001200-0012FF              100
        BANK19           001300-0013FF              100
        BANK2            000200-0002FF              100
        BANK20           001400-0014FF              100
        BANK21           001500-0015FF              100
        BANK22           001600-0016FF              100
        BANK23           001700-0017FF              100
        BANK24           001800-0018FF              100
        BANK25           001900-0019FF              100
        BANK26           001A00-001AFF              100
        BANK27           001B00-001BFF              100
        BANK28           001C00-001CFF              100
        BANK29           001D00-001DFF              100
        BANK3            000300-0003FF              100
        BANK30           001E00-001EFF              100
        BANK31           001F00-001FFF              100
        BANK4            000400-0004FF              100
        BANK5            000500-0005FF              100
        BANK6            000600-0006FF              100
        BANK7            000700-0007FF              100
        BANK8            000800-0008FF              100
        BANK9            000900-0009FF              100
        BIGRAM           00005B-00005F                5
                         0000FB-001FFF             1F05
        CODE             000004-000007                4
                         0000B2-001FFF             1F4E
                         002DAE-002DAF                2
                         002EEA-002EEB                2
                         002FC6-002FC7                2
                         002FEA-002FEB                2
                         003235-003235                1
                         00324A-00324B                2
                         003256-01FFFF            1CDAA
        COMRAM           00005B-00005F                5
        CONST            000004-000007                4
                         0000B2-001FFF             1F4E
                         002DAE-002DAF                2
                         002EEA-002EEB                2
                         002FC6-002FC7                2
                         002FEA-002FEB                2
                         003235-003235                1
                         00324A-00324B                2
                         003256-01FFFF            1CDAA
        EEDATA           310000-3103FF              400
        MEDIUMCONST      002DAE-002DAF                2
                         002EEA-002EEB                2
                         002FC6-002FC7                2
                         002FEA-002FEB                2
                         003235-003235                1
                         00324A-00324B                2
                         003256-00FFFF             CDAA
                         012000-01FFFF             E000
        RAM              0000FB-001FFF              100
        SFR              003800-003FFF              100
        SMALLCONST       002DAE-002DAF                2
                         002EEA-002EEB                2
                         002FC6-002FC7                2
                         002FEA-002FEB                2
                         003235-003235                1
                         00324A-00324B                2
                         003256-01FFFF              100
        STACK            0000FB-001FFF             1F05

                                  Symbol Table

?_ADCC_GetConversionResult                    cstackCOMRAM 000006
?___awdiv                                     cstackCOMRAM 000006
?_printf                                      cstackCOMRAM 000032
?_stoa                                        cstackCOMRAM 000011
?_strlen                                      cstackCOMRAM 000006
?_vfpfcnvrt                                   cstackCOMRAM 000027
?_vfprintf                                    cstackCOMRAM 00002D
ADCC_StartConversion@channel                  cstackCOMRAM 000006
Digital232_RW@i                               cstackBANK0  0000F7
Digital232_RW@j                               cstackBANK0  0000F8
Digital232_RW@x                               bssCOMRAM    000048
INTERRUPT_Initialize@state                    cstackCOMRAM 000006
IVTBASEH                                      (abs)        003FD6
IVTBASEL                                      (abs)        003FD5
IVTBASEU                                      (abs)        003FD7
PWM8_LoadDutyValue@dutyValue                  cstackCOMRAM 000006
StartTimer@count                              cstackCOMRAM 000006
StartTimer@timer                              cstackCOMRAM 00000A
TMR5_ISR@CountCallBack                        bssCOMRAM    000044
TMR5_SetInterruptHandler@InterruptHandler     cstackCOMRAM 000006
TMR5_WriteTimer@timerVal                      cstackCOMRAM 000004
TMR6_DefaultInterruptHandler@i                cstackCOMRAM 000003
TMR6_SetInterruptHandler@InterruptHandler     cstackCOMRAM 000006
TimerDone@timer                               cstackCOMRAM 000008
UART1_SetErrorHandler@interruptHandler        cstackCOMRAM 000006
UART1_SetFramingErrorHandler@interruptHandler cstackCOMRAM 000006
UART1_SetOverrunErrorHandler@interruptHandler cstackCOMRAM 000006
UART1_SetRxInterruptHandler@InterruptHandler  cstackCOMRAM 000006
UART1_SetTxInterruptHandler@InterruptHandler  cstackCOMRAM 000006
UART2_Read@readValue                          cstackCOMRAM 000006
UART2_SetErrorHandler@interruptHandler        cstackCOMRAM 000006
UART2_SetFramingErrorHandler@interruptHandler cstackCOMRAM 000006
UART2_SetOverrunErrorHandler@interruptHandler cstackCOMRAM 000006
UART2_SetRxInterruptHandler@InterruptHandler  cstackCOMRAM 000006
UART2_SetTxInterruptHandler@InterruptHandler  cstackCOMRAM 000006
UART2_Write@txData                            cstackCOMRAM 000006
WaitMs@numMilliseconds                        cstackCOMRAM 00000B
_ADACCU                                       (abs)        003EEA
_ADACQH                                       (abs)        003EF4
_ADACQL                                       (abs)        003EF3
_ADACT                                        (abs)        003EFE
_ADCAP                                        (abs)        003EF5
_ADCC_GetConversionResult                     text45       00310E
_ADCC_Initialize                              text27       002B3A
_ADCC_StartConversion                         text30       003214
_ADCLK                                        (abs)        003EFF
_ADCON0                                       (abs)        003EF8
_ADCON0bits                                   (abs)        003EF8
_ADCON1                                       (abs)        003EF9
_ADCON2                                       (abs)        003EFA
_ADCON3                                       (abs)        003EFB
_ADLTHH                                       (abs)        003EDF
_ADLTHL                                       (abs)        003EDE
_ADPCH                                        (abs)        003EF1
_ADPREH                                       (abs)        003EF7
_ADPREL                                       (abs)        003EF6
_ADREF                                        (abs)        003EFD
_ADRESH                                       (abs)        003EF0
_ADRESL                                       (abs)        003EEF
_ADRPT                                        (abs)        003EEC
_ADSTAT                                       (abs)        003EFC
_ADSTPTH                                      (abs)        003EE5
_ADSTPTL                                      (abs)        003EE4
_ADUTHH                                       (abs)        003EE1
_ADUTHL                                       (abs)        003EE0
_ANSELA                                       (abs)        003A40
_ANSELB                                       (abs)        003A50
_ANSELC                                       (abs)        003A60
_ANSELD                                       (abs)        003A70
_ANSELE                                       (abs)        003A80
_CCPTMRS1bits                                 (abs)        003F5F
_Default_ISR                                  text46       00324C
_Digital232_RW                                text31       00201E
_Digital232_init                              text28       0024C6
_GIE                                          (abs)        01FE97
_INTCON0bits                                  (abs)        003FD2
_INTERRUPT_Initialize                         text26       002C8C
_IO                                           bssBANK0     0000DE
_IPR3bits                                     (abs)        003983
_IPR6bits                                     (abs)        003986
_IPR8bits                                     (abs)        003988
_IPR9bits                                     (abs)        003989
_IVTADH                                       (abs)        00389E
_IVTADL                                       (abs)        00389D
_IVTADU                                       (abs)        00389F
_IVTLOCK                                      (abs)        003FD4
_IVTLOCKbits                                  (abs)        003FD4
_LATA                                         (abs)        003FBA
_LATB                                         (abs)        003FBB
_LATC                                         (abs)        003FBC
_LATD                                         (abs)        003FBD
_LATE                                         (abs)        003FBE
_LATEbits                                     (abs)        003FBE
_ODCONA                                       (abs)        003A42
_ODCONB                                       (abs)        003A52
_ODCONC                                       (abs)        003A62
_ODCOND                                       (abs)        003A72
_ODCONE                                       (abs)        003A82
_OSCCON1                                      (abs)        0039D9
_OSCCON3                                      (abs)        0039DB
_OSCEN                                        (abs)        0039DD
_OSCFRQ                                       (abs)        0039DF
_OSCILLATOR_Initialize                        text25       0030A4
_OSCTUNE                                      (abs)        0039DE
_PIE3bits                                     (abs)        003993
_PIE6bits                                     (abs)        003996
_PIE8bits                                     (abs)        003998
_PIE9bits                                     (abs)        003999
_PIN_MANAGER_Initialize                       text24       0027C0
_PIR4bits                                     (abs)        0039A4
_PIR8bits                                     (abs)        0039A8
_PIR9bits                                     (abs)        0039A9
_PLLR                                         (abs)        01CEE0
_PMD0                                         (abs)        0039C0
_PMD1                                         (abs)        0039C1
_PMD2                                         (abs)        0039C2
_PMD3                                         (abs)        0039C3
_PMD4                                         (abs)        0039C4
_PMD5                                         (abs)        0039C5
_PMD6                                         (abs)        0039C6
_PMD7                                         (abs)        0039C7
_PMD_Initialize                               text23       002FA4
_PWM8CON                                      (abs)        003F62
_PWM8DCH                                      (abs)        003F61
_PWM8DCL                                      (abs)        003F60
_PWM8_Initialize                              text22       0030F6
_PWM8_LoadDutyValue                           text44       002D0C
_RB1I2C                                       (abs)        003A5A
_RB2I2C                                       (abs)        003A5B
_RB6PPS                                       (abs)        003A0E
_RC3I2C                                       (abs)        003A6A
_RC4I2C                                       (abs)        003A6B
_RC6PPS                                       (abs)        003A16
_RD0I2C                                       (abs)        003A7A
_RD1I2C                                       (abs)        003A7B
_RD1PPS                                       (abs)        003A19
_SLRCONA                                      (abs)        003A43
_SLRCONB                                      (abs)        003A53
_SLRCONC                                      (abs)        003A63
_SLRCOND                                      (abs)        003A73
_SLRCONE                                      (abs)        003A83
_SYSTEM_Initialize                            text4        002DE2
_StartTimer                                   text43       002E10
_T2CLKCON                                     (abs)        003FAE
_T2CON                                        (abs)        003FAC
_T2HLT                                        (abs)        003FAD
_T2PR                                         (abs)        003FAB
_T2RST                                        (abs)        003FAF
_T2TMR                                        (abs)        003FAA
_T5CLK                                        (abs)        003F9D
_T5CON                                        (abs)        003F9A
_T5CONbits                                    (abs)        003F9A
_T5GATE                                       (abs)        003F9C
_T5GCON                                       (abs)        003F9B
_T6CLKCON                                     (abs)        003F96
_T6CON                                        (abs)        003F94
_T6HLT                                        (abs)        003F95
_T6PR                                         (abs)        003F93
_T6RST                                        (abs)        003F97
_T6TMR                                        (abs)        003F92
_TMR2_Initialize                              text21       00302E
_TMR5H                                        (abs)        003F99
_TMR5L                                        (abs)        003F98
_TMR5_CallBack                                text67       002F80
_TMR5_DefaultInterruptHandler                 text68       0030DC
_TMR5_ISR                                     text65       002DB0
_TMR5_Initialize                              text19       002C42
_TMR5_InterruptHandler                        bssBANK0     0000B8
_TMR5_SetInterruptHandler                     text20       003200
_TMR5_WriteTimer                              text66       002F5C
_TMR6_DefaultInterruptHandler                 text64       002D7A
_TMR6_ISR                                     text63       002EEC
_TMR6_Initialize                              text17       002E3E
_TMR6_InterruptHandler                        bssBANK0     0000BB
_TMR6_SetInterruptHandler                     text18       0031EC
_TRISA                                        (abs)        003FC2
_TRISB                                        (abs)        003FC3
_TRISC                                        (abs)        003FC4
_TRISD                                        (abs)        003FC5
_TRISE                                        (abs)        003FC6
_TimerDone                                    text42       00300E
_U1BRGH                                       (abs)        003DF6
_U1BRGL                                       (abs)        003DF5
_U1CON0                                       (abs)        003DF2
_U1CON1                                       (abs)        003DF3
_U1CON2                                       (abs)        003DF4
_U1ERRIE                                      (abs)        003DFA
_U1ERRIR                                      (abs)        003DF9
_U1ERRIRbits                                  (abs)        003DF9
_U1FIFO                                       (abs)        003DF7
_U1P1H                                        (abs)        003DED
_U1P1L                                        (abs)        003DEC
_U1P2H                                        (abs)        003DEF
_U1P2L                                        (abs)        003DEE
_U1P3H                                        (abs)        003DF1
_U1P3L                                        (abs)        003DF0
_U1RXB                                        (abs)        003DE8
_U1RXPPS                                      (abs)        003AE5
_U1TXB                                        (abs)        003DEA
_U1UIR                                        (abs)        003DF8
_U2BRGH                                       (abs)        003DDE
_U2BRGL                                       (abs)        003DDD
_U2CON0                                       (abs)        003DDA
_U2CON1                                       (abs)        003DDB
_U2CON2                                       (abs)        003DDC
_U2ERRIE                                      (abs)        003DE2
_U2ERRIR                                      (abs)        003DE1
_U2ERRIRbits                                  (abs)        003DE1
_U2FIFO                                       (abs)        003DDF
_U2P1L                                        (abs)        003DD4
_U2P2L                                        (abs)        003DD6
_U2P3L                                        (abs)        003DD8
_U2RXB                                        (abs)        003DD0
_U2RXPPS                                      (abs)        003AE8
_U2TXB                                        (abs)        003DD2
_U2UIR                                        (abs)        003DE0
_UART1_DefaultErrorHandler                    text53       003236
_UART1_DefaultFramingErrorHandler             text52       003250
_UART1_DefaultOverrunErrorHandler             text51       00324E
_UART1_ErrorHandler                           bssBANK0     0000C7
_UART1_FramingErrorHandler                    bssBANK0     0000CD
_UART1_Initialize                             text11       002664
_UART1_OverrunErrorHandler                    bssBANK0     0000CA
_UART1_Receive_ISR                            text50       00285C
_UART1_RxDataHandler                          text54       00304C
_UART1_RxInterruptHandler                     bssBANK0     0000D3
_UART1_SetErrorHandler                        text16       0031D8
_UART1_SetFramingErrorHandler                 text15       0031C4
_UART1_SetOverrunErrorHandler                 text14       0031B0
_UART1_SetRxInterruptHandler                  text13       00319C
_UART1_SetTxInterruptHandler                  text12       003188
_UART1_Transmit_ISR                           text48       002E96
_UART1_TxInterruptHandler                     bssBANK0     0000D0
_UART1_rx_vect_isr                            text49       002F38
_UART1_tx_vect_isr                            text47       002F14
_UART2_DefaultErrorHandler                    text61       00323C
_UART2_DefaultFramingErrorHandler             text60       003254
_UART2_DefaultOverrunErrorHandler             text59       003252
_UART2_ErrorHandler                           bssBANK0     0000BE
_UART2_FramingErrorHandler                    bssBANK0     0000C4
_UART2_Initialize                             text5        002718
_UART2_OverrunErrorHandler                    bssBANK0     0000C1
_UART2_Read                                   text41       002D44
_UART2_Receive_ISR                            text58       0028EA
_UART2_RxDataHandler                          text62       00306A
_UART2_RxInterruptHandler                     bssCOMRAM    00003D
_UART2_SetErrorHandler                        text10       003174
_UART2_SetFramingErrorHandler                 text9        003160
_UART2_SetOverrunErrorHandler                 text8        00314C
_UART2_SetRxInterruptHandler                  text7        003138
_UART2_SetTxInterruptHandler                  text6        003124
_UART2_Transmit_ISR                           text56       002EC0
_UART2_TxInterruptHandler                     bssCOMRAM    00003A
_UART2_Write                                  text39       002CD4
_UART2_is_rx_ready                            text40       003246
_UART2_rx_vect_isr                            text57       002FEC
_UART2_tx_vect_isr                            text55       002FC8
_WPUA                                         (abs)        003A41
_WPUB                                         (abs)        003A51
_WPUC                                         (abs)        003A61
_WPUD                                         (abs)        003A71
_WPUE                                         (abs)        003A81
_WaitMs                                       text29       002E6A
__CFG_BBEN$OFF                                (abs)        000000
__CFG_BBSIZE$BBSIZE_512                       (abs)        000000
__CFG_BOREN$SBORDIS                           (abs)        000000
__CFG_BORV$VBOR_2P45                          (abs)        000000
__CFG_CLKOUTEN$OFF                            (abs)        000000
__CFG_CP$OFF                                  (abs)        000000
__CFG_CSWEN$ON                                (abs)        000000
__CFG_DEBUG$OFF                               (abs)        000000
__CFG_FCMEN$ON                                (abs)        000000
__CFG_FEXTOSC$ECH                             (abs)        000000
__CFG_IVT1WAY$ON                              (abs)        000000
__CFG_LPBOREN$OFF                             (abs)        000000
__CFG_LVP$ON                                  (abs)        000000
__CFG_MCLRE$EXTMCLR                           (abs)        000000
__CFG_MVECEN$ON                               (abs)        000000
__CFG_PPS1WAY$ON                              (abs)        000000
__CFG_PR1WAY$ON                               (abs)        000000
__CFG_PWRTS$PWRT_OFF                          (abs)        000000
__CFG_RSTOSC$EXTOSC_4PLL                      (abs)        000000
__CFG_SAFEN$OFF                               (abs)        000000
__CFG_STVREN$ON                               (abs)        000000
__CFG_WDTCCS$SC                               (abs)        000000
__CFG_WDTCPS$WDTCPS_31                        (abs)        000000
__CFG_WDTCWS$WDTCWS_7                         (abs)        000000
__CFG_WDTE$OFF                                (abs)        000000
__CFG_WRTAPP$OFF                              (abs)        000000
__CFG_WRTB$OFF                                (abs)        000000
__CFG_WRTC$OFF                                (abs)        000000
__CFG_WRTD$OFF                                (abs)        000000
__CFG_WRTSAF$OFF                              (abs)        000000
__CFG_XINST$OFF                               (abs)        000000
__CFG_ZCD$OFF                                 (abs)        000000
__HRAM                                        (abs)        000000
__Habs1                                       abs1         000000
__Hbank0                                      bank0        000000
__Hbank1                                      bank1        000000
__Hbank10                                     bank10       000000
__Hbank11                                     bank11       000000
__Hbank12                                     bank12       000000
__Hbank13                                     bank13       000000
__Hbank14                                     bank14       000000
__Hbank15                                     bank15       000000
__Hbank16                                     bank16       000000
__Hbank17                                     bank17       000000
__Hbank18                                     bank18       000000
__Hbank19                                     bank19       000000
__Hbank2                                      bank2        000000
__Hbank20                                     bank20       000000
__Hbank21                                     bank21       000000
__Hbank22                                     bank22       000000
__Hbank23                                     bank23       000000
__Hbank24                                     bank24       000000
__Hbank25                                     bank25       000000
__Hbank26                                     bank26       000000
__Hbank27                                     bank27       000000
__Hbank28                                     bank28       000000
__Hbank29                                     bank29       000000
__Hbank3                                      bank3        000000
__Hbank30                                     bank30       000000
__Hbank31                                     bank31       000000
__Hbank4                                      bank4        000000
__Hbank5                                      bank5        000000
__Hbank6                                      bank6        000000
__Hbank7                                      bank7        000000
__Hbank8                                      bank8        000000
__Hbank9                                      bank9        000000
__Hbigbss                                     bigbss       000000
__Hbigdata                                    bigdata      000000
__Hbigram                                     bigram       000000
__Hbss                                        bss          000000
__HbssBANK0                                   bssBANK0     000000
__HbssCOMRAM                                  bssCOMRAM    000000
__Hcinit                                      cinit        000000
__Hclrtext                                    clrtext      000000
__Hcomram                                     comram       000000
__Hconfig                                     config       30000A
__Hconst                                      const        000000
__HcstackBANK0                                cstackBANK0  000000
__HcstackCOMRAM                               cstackCOMRAM 000000
__Hdata                                       data         000000
__HdataBANK0                                  dataBANK0    000000
__HdataCOMRAM                                 dataCOMRAM   000000
__Heeprom_data                                eeprom_data  000000
__Hfarbss                                     farbss       000000
__Hfardata                                    fardata      000000
__Hibigdata                                   ibigdata     000000
__Hidata                                      idata        000000
__HidataBANK0                                 idataBANK0   000000
__HidataCOMRAM                                idataCOMRAM  000000
__Hidloc                                      idloc        200010
__Hifardata                                   ifardata     000000
__Hinit                                       init         0000B2
__Hintsave_regs                               intsave_regs 000000
__Hirdata                                     irdata       000000
__Hivt0x8                                     ivt0x8       0000AE
__Hmediumconst                                mediumconst  000000
__HnvFARRAM                                   nvFARRAM     000000
__Hnvbit                                      nvbit        000000
__Hnvrram                                     nvrram       000000
__Hparam                                      rparam       000000
__Hpowerup                                    powerup      000000
__Hram                                        ram          000000
__Hramtop                                     ramtop       002000
__Hrbit                                       rbit         000000
__Hrbss                                       rbss         000000
__Hrdata                                      rdata        000000
__Hreset_vec                                  reset_vec    000004
__Hrparam                                     rparam       000000
__Hsfr                                        sfr          000000
__Hsmallconst                                 smallconst   00201E
__Hspace_0                                    (abs)        30000A
__Hspace_1                                    (abs)        0000FB
__Hspace_2                                    (abs)        000000
__Hstack                                      stack        000000
__Hstruct                                     struct       000000
__Htemp                                       temp         000000
__Htext                                       text         000000
__Htext0                                      text0        000000
__Htext1                                      text1        000000
__Htext10                                     text10       000000
__Htext11                                     text11       000000
__Htext12                                     text12       000000
__Htext13                                     text13       000000
__Htext14                                     text14       000000
__Htext15                                     text15       000000
__Htext16                                     text16       000000
__Htext17                                     text17       000000
__Htext18                                     text18       000000
__Htext19                                     text19       000000
__Htext2                                      text2        000000
__Htext20                                     text20       000000
__Htext21                                     text21       000000
__Htext22                                     text22       000000
__Htext23                                     text23       000000
__Htext24                                     text24       000000
__Htext25                                     text25       000000
__Htext26                                     text26       000000
__Htext27                                     text27       000000
__Htext28                                     text28       000000
__Htext29                                     text29       000000
__Htext3                                      text3        000000
__Htext30                                     text30       000000
__Htext31                                     text31       000000
__Htext32                                     text32       000000
__Htext33                                     text33       000000
__Htext34                                     text34       000000
__Htext35                                     text35       000000
__Htext36                                     text36       000000
__Htext37                                     text37       000000
__Htext38                                     text38       000000
__Htext39                                     text39       000000
__Htext4                                      text4        000000
__Htext40                                     text40       000000
__Htext41                                     text41       000000
__Htext42                                     text42       000000
__Htext43                                     text43       000000
__Htext44                                     text44       000000
__Htext45                                     text45       000000
__Htext46                                     text46       000000
__Htext47                                     text47       000000
__Htext48                                     text48       000000
__Htext49                                     text49       000000
__Htext5                                      text5        000000
__Htext50                                     text50       000000
__Htext51                                     text51       000000
__Htext52                                     text52       000000
__Htext53                                     text53       000000
__Htext54                                     text54       000000
__Htext55                                     text55       000000
__Htext56                                     text56       000000
__Htext57                                     text57       000000
__Htext58                                     text58       000000
__Htext59                                     text59       000000
__Htext6                                      text6        000000
__Htext60                                     text60       000000
__Htext61                                     text61       000000
__Htext62                                     text62       000000
__Htext63                                     text63       000000
__Htext64                                     text64       000000
__Htext65                                     text65       000000
__Htext66                                     text66       000000
__Htext67                                     text67       000000
__Htext68                                     text68       000000
__Htext69                                     text69       000000
__Htext7                                      text7        000000
__Htext8                                      text8        000000
__Htext9                                      text9        000000
__LRAM                                        (abs)        000001
__Labs1                                       abs1         000000
__Lbank0                                      bank0        000000
__Lbank1                                      bank1        000000
__Lbank10                                     bank10       000000
__Lbank11                                     bank11       000000
__Lbank12                                     bank12       000000
__Lbank13                                     bank13       000000
__Lbank14                                     bank14       000000
__Lbank15                                     bank15       000000
__Lbank16                                     bank16       000000
__Lbank17                                     bank17       000000
__Lbank18                                     bank18       000000
__Lbank19                                     bank19       000000
__Lbank2                                      bank2        000000
__Lbank20                                     bank20       000000
__Lbank21                                     bank21       000000
__Lbank22                                     bank22       000000
__Lbank23                                     bank23       000000
__Lbank24                                     bank24       000000
__Lbank25                                     bank25       000000
__Lbank26                                     bank26       000000
__Lbank27                                     bank27       000000
__Lbank28                                     bank28       000000
__Lbank29                                     bank29       000000
__Lbank3                                      bank3        000000
__Lbank30                                     bank30       000000
__Lbank31                                     bank31       000000
__Lbank4                                      bank4        000000
__Lbank5                                      bank5        000000
__Lbank6                                      bank6        000000
__Lbank7                                      bank7        000000
__Lbank8                                      bank8        000000
__Lbank9                                      bank9        000000
__Lbigbss                                     bigbss       000000
__Lbigdata                                    bigdata      000000
__Lbigram                                     bigram       000000
__Lbss                                        bss          000000
__LbssBANK0                                   bssBANK0     000000
__LbssCOMRAM                                  bssCOMRAM    000000
__Lcinit                                      cinit        000000
__Lclrtext                                    clrtext      000000
__Lcomram                                     comram       000000
__Lconfig                                     config       300000
__Lconst                                      const        000000
__LcstackBANK0                                cstackBANK0  000000
__LcstackCOMRAM                               cstackCOMRAM 000000
__Ldata                                       data         000000
__LdataBANK0                                  dataBANK0    000000
__LdataCOMRAM                                 dataCOMRAM   000000
__Leeprom_data                                eeprom_data  000000
__Lfarbss                                     farbss       000000
__Lfardata                                    fardata      000000
__Libigdata                                   ibigdata     000000
__Lidata                                      idata        000000
__LidataBANK0                                 idataBANK0   000000
__LidataCOMRAM                                idataCOMRAM  000000
__Lidloc                                      idloc        200000
__Lifardata                                   ifardata     000000
__Linit                                       init         0000AE
__Lintsave_regs                               intsave_regs 000000
__Lirdata                                     irdata       000000
__Livt0x8                                     ivt0x8       000008
__Lmediumconst                                mediumconst  000000
__LnvFARRAM                                   nvFARRAM     000000
__Lnvbit                                      nvbit        000000
__Lnvrram                                     nvrram       000000
__Lparam                                      rparam       000000
__Lpowerup                                    powerup      000000
__Lram                                        ram          000000
__Lramtop                                     ramtop       002000
__Lrbit                                       rbit         000000
__Lrbss                                       rbss         000000
__Lrdata                                      rdata        000000
__Lreset_vec                                  reset_vec    000000
__Lrparam                                     rparam       000000
__Lsfr                                        sfr          000000
__Lsmallconst                                 smallconst   002000
__Lspace_0                                    (abs)        000000
__Lspace_1                                    (abs)        000000
__Lspace_2                                    (abs)        000000
__Lstack                                      stack        000000
__Lstruct                                     struct       000000
__Ltemp                                       temp         000000
__Ltext                                       text         000000
__Ltext0                                      text0        000000
__Ltext1                                      text1        000000
__Ltext10                                     text10       000000
__Ltext11                                     text11       000000
__Ltext12                                     text12       000000
__Ltext13                                     text13       000000
__Ltext14                                     text14       000000
__Ltext15                                     text15       000000
__Ltext16                                     text16       000000
__Ltext17                                     text17       000000
__Ltext18                                     text18       000000
__Ltext19                                     text19       000000
__Ltext2                                      text2        000000
__Ltext20                                     text20       000000
__Ltext21                                     text21       000000
__Ltext22                                     text22       000000
__Ltext23                                     text23       000000
__Ltext24                                     text24       000000
__Ltext25                                     text25       000000
__Ltext26                                     text26       000000
__Ltext27                                     text27       000000
__Ltext28                                     text28       000000
__Ltext29                                     text29       000000
__Ltext3                                      text3        000000
__Ltext30                                     text30       000000
__Ltext31                                     text31       000000
__Ltext32                                     text32       000000
__Ltext33                                     text33       000000
__Ltext34                                     text34       000000
__Ltext35                                     text35       000000
__Ltext36                                     text36       000000
__Ltext37                                     text37       000000
__Ltext38                                     text38       000000
__Ltext39                                     text39       000000
__Ltext4                                      text4        000000
__Ltext40                                     text40       000000
__Ltext41                                     text41       000000
__Ltext42                                     text42       000000
__Ltext43                                     text43       000000
__Ltext44                                     text44       000000
__Ltext45                                     text45       000000
__Ltext46                                     text46       000000
__Ltext47                                     text47       000000
__Ltext48                                     text48       000000
__Ltext49                                     text49       000000
__Ltext5                                      text5        000000
__Ltext50                                     text50       000000
__Ltext51                                     text51       000000
__Ltext52                                     text52       000000
__Ltext53                                     text53       000000
__Ltext54                                     text54       000000
__Ltext55                                     text55       000000
__Ltext56                                     text56       000000
__Ltext57                                     text57       000000
__Ltext58                                     text58       000000
__Ltext59                                     text59       000000
__Ltext6                                      text6        000000
__Ltext60                                     text60       000000
__Ltext61                                     text61       000000
__Ltext62                                     text62       000000
__Ltext63                                     text63       000000
__Ltext64                                     text64       000000
__Ltext65                                     text65       000000
__Ltext66                                     text66       000000
__Ltext67                                     text67       000000
__Ltext68                                     text68       000000
__Ltext69                                     text69       000000
__Ltext7                                      text7        000000
__Ltext8                                      text8        000000
__Ltext9                                      text9        000000
__S0                                          (abs)        30000A
__S1                                          (abs)        0000FB
__S2                                          (abs)        000000
___awdiv                                      text3        002978
___awdiv@counter                              cstackCOMRAM 00000A
___awdiv@dividend                             cstackCOMRAM 000006
___awdiv@divisor                              cstackCOMRAM 000008
___awdiv@quotient                             cstackCOMRAM 00000C
___awdiv@sign                                 cstackCOMRAM 00000B
___inthi_sp                                   stack        000000
___intlo_sp                                   stack        000000
___param_bank                                 (abs)        000000
___rparam_used                                (abs)        000001
___sp                                         stack        000000
__accesstop                                   (abs)        000060
__activetblptr                                (abs)        000003
__end_of_ADCC_GetConversionResult             text45       003124
__end_of_ADCC_Initialize                      text27       002B96
__end_of_ADCC_StartConversion                 text30       003224
__end_of_Default_ISR                          text46       00324E
__end_of_Digital232_RW                        text31       002216
__end_of_Digital232_init                      text28       0025A4
__end_of_INTERRUPT_Initialize                 text26       002CD4
__end_of_OSCILLATOR_Initialize                text25       0030C0
__end_of_PIN_MANAGER_Initialize               text24       00285C
__end_of_PMD_Initialize                       text23       002FC6
__end_of_PWM8_Initialize                      text22       00310E
__end_of_PWM8_LoadDutyValue                   text44       002D44
__end_of_SYSTEM_Initialize                    text4        002E10
__end_of_StartTimer                           text43       002E3E
__end_of_TMR2_Initialize                      text21       00304C
__end_of_TMR5_CallBack                        text67       002FA4
__end_of_TMR5_DefaultInterruptHandler         text68       0030F6
__end_of_TMR5_ISR                             text65       002DE2
__end_of_TMR5_Initialize                      text19       002C8C
__end_of_TMR5_SetInterruptHandler             text20       003214
__end_of_TMR5_WriteTimer                      text66       002F80
__end_of_TMR6_DefaultInterruptHandler         text64       002DAE
__end_of_TMR6_ISR                             text63       002F14
__end_of_TMR6_Initialize                      text17       002E6A
__end_of_TMR6_SetInterruptHandler             text18       003200
__end_of_TimerDone                            text42       00302E
__end_of_UART1_DefaultErrorHandler            text53       00323C
__end_of_UART1_DefaultFramingErrorHandler     text52       003252
__end_of_UART1_DefaultOverrunErrorHandler     text51       003250
__end_of_UART1_Initialize                     text11       002718
__end_of_UART1_Receive_ISR                    text50       0028EA
__end_of_UART1_RxDataHandler                  text54       00306A
__end_of_UART1_SetErrorHandler                text16       0031EC
__end_of_UART1_SetFramingErrorHandler         text15       0031D8
__end_of_UART1_SetOverrunErrorHandler         text14       0031C4
__end_of_UART1_SetRxInterruptHandler          text13       0031B0
__end_of_UART1_SetTxInterruptHandler          text12       00319C
__end_of_UART1_Transmit_ISR                   text48       002EC0
__end_of_UART1_rx_vect_isr                    text49       002F5C
__end_of_UART1_tx_vect_isr                    text47       002F38
__end_of_UART2_DefaultErrorHandler            text61       003242
__end_of_UART2_DefaultFramingErrorHandler     text60       003256
__end_of_UART2_DefaultOverrunErrorHandler     text59       003254
__end_of_UART2_Initialize                     text5        0027C0
__end_of_UART2_Read                           text41       002D7A
__end_of_UART2_Receive_ISR                    text58       002978
__end_of_UART2_RxDataHandler                  text62       003088
__end_of_UART2_SetErrorHandler                text10       003188
__end_of_UART2_SetFramingErrorHandler         text9        003174
__end_of_UART2_SetOverrunErrorHandler         text8        003160
__end_of_UART2_SetRxInterruptHandler          text7        00314C
__end_of_UART2_SetTxInterruptHandler          text6        003138
__end_of_UART2_Transmit_ISR                   text56       002EEA
__end_of_UART2_Write                          text39       002D0C
__end_of_UART2_is_rx_ready                    text40       00324A
__end_of_UART2_rx_vect_isr                    text57       00300E
__end_of_UART2_tx_vect_isr                    text55       002FEA
__end_of_WaitMs                               text29       002E96
__end_of___awdiv                              text3        002A00
__end_of__initialization                      cinit        002A68
__end_of_fputc                                text37       002ADA
__end_of_led_lightshow                        text2        002664
__end_of_main                                 text0        002B3A
__end_of_printf                               text32       0030DC
__end_of_putch                                text38       00322E
__end_of_stoa                                 text35       00238A
__end_of_strlen                               text36       002C42
__end_of_vfpfcnvrt                            text34       0024C6
__end_of_vfprintf                             text33       002BF2
__end_of_work_sw                              text1        0030A4
__initialization                              cinit        002A00
__mediumconst                                 mediumconst  000000
__pbssBANK0                                   bssBANK0     000060
__pbssCOMRAM                                  bssCOMRAM    00003A
__pcinit                                      cinit        002A00
__pcstackBANK0                                cstackBANK0  0000F7
__pcstackCOMRAM                               cstackCOMRAM 000001
__pdataBANK0                                  dataBANK0    0000F0
__pdataCOMRAM                                 dataCOMRAM   000057
__pidataBANK0                                 idataBANK0   00322E
__pidataCOMRAM                                idataCOMRAM  003242
__pivt0x8                                     ivt0x8       000008
__psmallconst                                 smallconst   002000
__ptext0                                      text0        002ADA
__ptext1                                      text1        003088
__ptext10                                     text10       003174
__ptext11                                     text11       002664
__ptext12                                     text12       003188
__ptext13                                     text13       00319C
__ptext14                                     text14       0031B0
__ptext15                                     text15       0031C4
__ptext16                                     text16       0031D8
__ptext17                                     text17       002E3E
__ptext18                                     text18       0031EC
__ptext19                                     text19       002C42
__ptext2                                      text2        0025A4
__ptext20                                     text20       003200
__ptext21                                     text21       00302E
__ptext22                                     text22       0030F6
__ptext23                                     text23       002FA4
__ptext24                                     text24       0027C0
__ptext25                                     text25       0030A4
__ptext26                                     text26       002C8C
__ptext27                                     text27       002B3A
__ptext28                                     text28       0024C6
__ptext29                                     text29       002E6A
__ptext3                                      text3        002978
__ptext30                                     text30       003214
__ptext31                                     text31       00201E
__ptext32                                     text32       0030C0
__ptext33                                     text33       002B96
__ptext34                                     text34       00238A
__ptext35                                     text35       002216
__ptext36                                     text36       002BF2
__ptext37                                     text37       002A6E
__ptext38                                     text38       003224
__ptext39                                     text39       002CD4
__ptext4                                      text4        002DE2
__ptext40                                     text40       003246
__ptext41                                     text41       002D44
__ptext42                                     text42       00300E
__ptext43                                     text43       002E10
__ptext44                                     text44       002D0C
__ptext45                                     text45       00310E
__ptext46                                     text46       00324C
__ptext47                                     text47       002F14
__ptext48                                     text48       002E96
__ptext49                                     text49       002F38
__ptext5                                      text5        002718
__ptext50                                     text50       00285C
__ptext51                                     text51       00324E
__ptext52                                     text52       003250
__ptext53                                     text53       003236
__ptext54                                     text54       00304C
__ptext55                                     text55       002FC8
__ptext56                                     text56       002EC0
__ptext57                                     text57       002FEC
__ptext58                                     text58       0028EA
__ptext59                                     text59       003252
__ptext6                                      text6        003124
__ptext60                                     text60       003254
__ptext61                                     text61       00323C
__ptext62                                     text62       00306A
__ptext63                                     text63       002EEC
__ptext64                                     text64       002D7A
__ptext65                                     text65       002DB0
__ptext66                                     text66       002F5C
__ptext67                                     text67       002F80
__ptext68                                     text68       0030DC
__ptext69                                     text69       000000
__ptext7                                      text7        003138
__ptext8                                      text8        00314C
__ptext9                                      text9        003160
__ramtop                                      ramtop       002000
__size_of_ADCC_GetConversionResult            (abs)        000000
__size_of_ADCC_Initialize                     (abs)        000000
__size_of_ADCC_StartConversion                (abs)        000000
__size_of_Default_ISR                         (abs)        000000
__size_of_Digital232_RW                       (abs)        000000
__size_of_Digital232_init                     (abs)        000000
__size_of_INTERRUPT_Initialize                (abs)        000000
__size_of_OSCILLATOR_Initialize               (abs)        000000
__size_of_PIN_MANAGER_Initialize              (abs)        000000
__size_of_PMD_Initialize                      (abs)        000000
__size_of_PWM8_Initialize                     (abs)        000000
__size_of_PWM8_LoadDutyValue                  (abs)        000000
__size_of_SYSTEM_Initialize                   (abs)        000000
__size_of_StartTimer                          (abs)        000000
__size_of_TMR2_Initialize                     (abs)        000000
__size_of_TMR5_CallBack                       (abs)        000000
__size_of_TMR5_DefaultInterruptHandler        (abs)        000000
__size_of_TMR5_ISR                            (abs)        000000
__size_of_TMR5_Initialize                     (abs)        000000
__size_of_TMR5_SetInterruptHandler            (abs)        000000
__size_of_TMR5_WriteTimer                     (abs)        000000
__size_of_TMR6_DefaultInterruptHandler        (abs)        000000
__size_of_TMR6_ISR                            (abs)        000000
__size_of_TMR6_Initialize                     (abs)        000000
__size_of_TMR6_SetInterruptHandler            (abs)        000000
__size_of_TimerDone                           (abs)        000000
__size_of_UART1_DefaultErrorHandler           (abs)        000000
__size_of_UART1_DefaultFramingErrorHandler    (abs)        000000
__size_of_UART1_DefaultOverrunErrorHandler    (abs)        000000
__size_of_UART1_Initialize                    (abs)        000000
__size_of_UART1_Receive_ISR                   (abs)        000000
__size_of_UART1_RxDataHandler                 (abs)        000000
__size_of_UART1_SetErrorHandler               (abs)        000000
__size_of_UART1_SetFramingErrorHandler        (abs)        000000
__size_of_UART1_SetOverrunErrorHandler        (abs)        000000
__size_of_UART1_SetRxInterruptHandler         (abs)        000000
__size_of_UART1_SetTxInterruptHandler         (abs)        000000
__size_of_UART1_Transmit_ISR                  (abs)        000000
__size_of_UART1_rx_vect_isr                   (abs)        000000
__size_of_UART1_tx_vect_isr                   (abs)        000000
__size_of_UART2_DefaultErrorHandler           (abs)        000000
__size_of_UART2_DefaultFramingErrorHandler    (abs)        000000
__size_of_UART2_DefaultOverrunErrorHandler    (abs)        000000
__size_of_UART2_Initialize                    (abs)        000000
__size_of_UART2_Read                          (abs)        000000
__size_of_UART2_Receive_ISR                   (abs)        000000
__size_of_UART2_RxDataHandler                 (abs)        000000
__size_of_UART2_SetErrorHandler               (abs)        000000
__size_of_UART2_SetFramingErrorHandler        (abs)        000000
__size_of_UART2_SetOverrunErrorHandler        (abs)        000000
__size_of_UART2_SetRxInterruptHandler         (abs)        000000
__size_of_UART2_SetTxInterruptHandler         (abs)        000000
__size_of_UART2_Transmit_ISR                  (abs)        000000
__size_of_UART2_Write                         (abs)        000000
__size_of_UART2_is_rx_ready                   (abs)        000000
__size_of_UART2_rx_vect_isr                   (abs)        000000
__size_of_UART2_tx_vect_isr                   (abs)        000000
__size_of_WaitMs                              (abs)        000000
__size_of___awdiv                             (abs)        000000
__size_of_fputc                               (abs)        000000
__size_of_led_lightshow                       (abs)        000000
__size_of_main                                (abs)        000000
__size_of_printf                              (abs)        000000
__size_of_putch                               (abs)        000000
__size_of_stoa                                (abs)        000000
__size_of_strlen                              (abs)        000000
__size_of_vfpfcnvrt                           (abs)        000000
__size_of_vfprintf                            (abs)        000000
__size_of_work_sw                             (abs)        000000
[...]
		_UART2_RxDataHandler
 This function is called by:
		_UART2_Initialize
		_UART2_Receive_ISR
 This function uses a non-reentrant model


 *************** function _UART2_RxDataHandler *****************
 Defined at:
		line 288 in file "mcc_generated_files/uart2.c"
 Parameters:    Size  Location     Type
		None
 Auto vars:     Size  Location     Type
		None
 Return value:  Size  Location     Type
                  1    wreg      void 
 Registers used:
		wreg, fsr2l, fsr2h, status,2, status,0
 Tracked objects:
		On entry : 
		On exit  : 
		Unchanged: 
 Data sizes:     COMRAM   BANK0   BANK1   BANK2   BANK3   BANK4   BANK5   BANK6   BANK7   BANK8   BANK9  BANK10  BANK11  BANK12  BANK13  BANK14  BANK15  BANK16  BANK17  BANK18  BANK19  BANK20  BANK21  BANK22  BANK23  BANK24  BANK25  BANK26  BANK27  BANK28  BANK29  BANK30  BANK31
      Params:         0       0       0       0       0       0       0       0       0       0       0       0       0       0       0       0       0       0       0       0       0       0       0       0       0       0       0       0       0       0       0       0       0
      Locals:         0       0       0       0       0       0       0       0       0       0       0       0       0       0       0       0       0       0       0       0       0       0       0       0       0       0       0       0       0       0       0       0       0
      Temps:          0       0       0       0       0       0       0       0       0       0       0       0       0       0       0       0       0       0       0       0       0       0       0       0       0       0       0       0       0       0       0       0       0
      Totals:         0       0       0       0       0       0       0       0       0       0       0       0       0       0       0       0       0       0       0       0       0       0       0       0       0       0       0       0       0       0       0       0       0
Total ram usage:        0 bytes
 Hardware stack levels used:    1
 This function calls:
		Nothing
 This function is called by:
		_UART2_Receive_ISR
		_UART2_DefaultErrorHandler
 This function uses a non-reentrant model


 *************** function _TMR6_ISR *****************
 Defined at:
		line 168 in file "mcc_generated_files/tmr6.c"
 Parameters:    Size  Location     Type
		None
 Auto vars:     Size  Location     Type
		None
 Return value:  Size  Location     Type
                  1    wreg      void 
 Registers used:
		wreg, fsr2l, fsr2h, status,2, status,0, pclath, tosl, prodl, prodh, cstack
 Tracked objects:
		On entry : 
		On exit  : 
		Unchanged: 
 Data sizes:     COMRAM   BANK0   BANK1   BANK2   BANK3   BANK4   BANK5   BANK6   BANK7   BANK8   BANK9  BANK10  BANK11  BANK12  BANK13  BANK14  BANK15  BANK16  BANK17  BANK18  BANK19  BANK20  BANK21  BANK22  BANK23  BANK24  BANK25  BANK26  BANK27  BANK28  BANK29  BANK30  BANK31
      Params:         0       0       0       0       0       0       0       0       0       0       0       0       0       0       0       0       0       0       0       0       0       0       0       0       0       0       0       0       0       0       0       0       0
      Locals:         0       0       0       0       0       0       0       0       0       0       0       0       0       0       0       0       0       0       0       0       0       0       0       0       0       0       0       0       0       0       0       0       0
      Temps:          0       0       0       0       0       0       0       0       0       0       0       0       0       0       0       0       0       0       0       0       0       0       0       0       0       0       0       0       0       0       0       0       0
      Totals:         0       0       0       0       0       0       0       0       0       0       0       0       0       0       0       0       0       0       0       0       0       0       0       0       0       0       0       0       0       0       0       0       0
Total ram usage:        0 bytes
 Hardware stack levels used:    1
 Hardware stack levels required when called:    1
 This function calls:
		Absolute function
		_TMR6_DefaultInterruptHandler
 This function is called by:
		Interrupt level 2
 This function uses a non-reentrant model


 *************** function _TMR6_DefaultInterruptHandler *****************
 Defined at:
		line 184 in file "mcc_generated_files/tmr6.c"
 Parameters:    Size  Location     Type
		None
 Auto vars:     Size  Location     Type
  i               1    2[COMRAM] unsigned char 
 Return value:  Size  Location     Type
                  1    wreg      void 
 Registers used:
		wreg, fsr2l, fsr2h, status,2, status,0, prodl, prodh
 Tracked objects:
		On entry : 
		On exit  : 
		Unchanged: 
 Data sizes:     COMRAM   BANK0   BANK1   BANK2   BANK3   BANK4   BANK5   BANK6   BANK7   BANK8   BANK9  BANK10  BANK11  BANK12  BANK13  BANK14  BANK15  BANK16  BANK17  BANK18  BANK19  BANK20  BANK21  BANK22  BANK23  BANK24  BANK25  BANK26  BANK27  BANK28  BANK29  BANK30  BANK31
      Params:         0       0       0       0       0       0       0       0       0       0       0       0       0       0       0       0       0       0       0       0       0       0       0       0       0       0       0       0       0       0       0       0       0
      Locals:         1       0       0       0       0       0       0       0       0       0       0       0       0       0       0       0       0       0       0       0       0       0       0       0       0       0       0       0       0       0       0       0       0
      Temps:          2       0       0       0       0       0       0       0       0       0       0       0       0       0       0       0       0       0       0       0       0       0       0       0       0       0       0       0       0       0       0       0       0
      Totals:         3       0       0       0       0       0       0       0       0       0       0       0       0       0       0       0       0       0       0       0       0       0       0       0       0       0       0       0       0       0       0       0       0
Total ram usage:        3 bytes
 Hardware stack levels used:    1
 This function calls:
		Nothing
 This function is called by:
		_TMR6_Initialize
		_TMR6_ISR
 This function uses a non-reentrant model


 *************** function _TMR5_ISR *****************
 Defined at:
		line 166 in file "mcc_generated_files/tmr5.c"
 Parameters:    Size  Location     Type
		None
 Auto vars:     Size  Location     Type
		None
 Return value:  Size  Location     Type
                  1    wreg      void 
 Registers used:
		wreg, status,2, status,0, pclath, tosl, cstack
 Tracked objects:
		On entry : 
		On exit  : 
		Unchanged: 
 Data sizes:     COMRAM   BANK0   BANK1   BANK2   BANK3   BANK4   BANK5   BANK6   BANK7   BANK8   BANK9  BANK10  BANK11  BANK12  BANK13  BANK14  BANK15  BANK16  BANK17  BANK18  BANK19  BANK20  BANK21  BANK22  BANK23  BANK24  BANK25  BANK26  BANK27  BANK28  BANK29  BANK30  BANK31
      Params:         0       0       0       0       0       0       0       0       0       0       0       0       0       0       0       0       0       0       0       0       0       0       0       0       0       0       0       0       0       0       0       0       0
      Locals:         0       0       0       0       0       0       0       0       0       0       0       0       0       0       0       0       0       0       0       0       0       0       0       0       0       0       0       0       0       0       0       0       0
      Temps:          0       0       0       0       0       0       0       0       0       0       0       0       0       0       0       0       0       0       0       0       0       0       0       0       0       0       0       0       0       0       0       0       0
      Totals:         0       0       0       0       0       0       0       0       0       0       0       0       0       0       0       0       0       0       0       0       0       0       0       0       0       0       0       0       0       0       0       0       0
Total ram usage:        0 bytes
 Hardware stack levels used:    1
 Hardware stack levels required when called:    2
 This function calls:
		_TMR5_CallBack
		_TMR5_WriteTimer
 This function is called by:
		Interrupt level 2
 This function uses a non-reentrant model


 *************** function _TMR5_WriteTimer *****************
 Defined at:
		line 129 in file "mcc_generated_files/tmr5.c"
 Parameters:    Size  Location     Type
  timerVal        2    3[COMRAM] unsigned short 
 Auto vars:     Size  Location     Type
		None
 Return value:  Size  Location     Type
                  1    wreg      void 
 Registers used:
		None
 Tracked objects:
		On entry : 
		On exit  : 
		Unchanged: 
 Data sizes:     COMRAM   BANK0   BANK1   BANK2   BANK3   BANK4   BANK5   BANK6   BANK7   BANK8   BANK9  BANK10  BANK11  BANK12  BANK13  BANK14  BANK15  BANK16  BANK17  BANK18  BANK19  BANK20  BANK21  BANK22  BANK23  BANK24  BANK25  BANK26  BANK27  BANK28  BANK29  BANK30  BANK31
      Params:         2       0       0       0       0       0       0       0       0       0       0       0       0       0       0       0       0       0       0       0       0       0       0       0       0       0       0       0       0       0       0       0       0
      Locals:         0       0       0       0       0       0       0       0       0       0       0       0       0       0       0       0       0       0       0       0       0       0       0       0       0       0       0       0       0       0       0       0       0
      Temps:          0       0       0       0       0       0       0       0       0       0       0       0       0       0       0       0       0       0       0       0       0       0       0       0       0       0       0       0       0       0       0       0       0
      Totals:         2       0       0       0       0       0       0       0       0       0       0       0       0       0       0       0       0       0       0       0       0       0       0       0       0       0       0       0       0       0       0       0       0
Total ram usage:        2 bytes
 Hardware stack levels used:    1
 This function calls:
		Nothing
 This function is called by:
		_TMR5_ISR
 This function uses a non-reentrant model


 *************** function _TMR5_CallBack *****************
 Defined at:
		line 185 in file "mcc_generated_files/tmr5.c"
 Parameters:    Size  Location     Type
		None
 Auto vars:     Size  Location     Type
		None
 Return value:  Size  Location     Type
                  1    wreg      void 
 Registers used:
		wreg, status,2, status,0, pclath, tosl, cstack
 Tracked objects:
		On entry : 
		On exit  : 
		Unchanged: 
 Data sizes:     COMRAM   BANK0   BANK1   BANK2   BANK3   BANK4   BANK5   BANK6   BANK7   BANK8   BANK9  BANK10  BANK11  BANK12  BANK13  BANK14  BANK15  BANK16  BANK17  BANK18  BANK19  BANK20  BANK21  BANK22  BANK23  BANK24  BANK25  BANK26  BANK27  BANK28  BANK29  BANK30  BANK31
      Params:         0       0       0       0       0       0       0       0       0       0       0       0       0       0       0       0       0       0       0       0       0       0       0       0       0       0       0       0       0       0       0       0       0
      Locals:         0       0       0       0       0       0       0       0       0       0       0       0       0       0       0       0       0       0       0       0       0       0       0       0       0       0       0       0       0       0       0       0       0
      Temps:          0       0       0       0       0       0       0       0       0       0       0       0       0       0       0       0       0       0       0       0       0       0       0       0       0       0       0       0       0       0       0       0       0
      Totals:         0       0       0       0       0       0       0       0       0       0       0       0       0       0       0       0       0       0       0       0       0       0       0       0       0       0       0       0       0       0       0       0       0
Total ram usage:        0 bytes
 Hardware stack levels used:    1
 Hardware stack levels required when called:    1
 This function calls:
		Absolute function
		_TMR5_DefaultInterruptHandler
 This function is called by:
		_TMR5_ISR
 This function uses a non-reentrant model


 *************** function _TMR5_DefaultInterruptHandler *****************
 Defined at:
		line 198 in file "mcc_generated_files/tmr5.c"
 Parameters:    Size  Location     Type
		None
 Auto vars:     Size  Location     Type
		None
 Return value:  Size  Location     Type
                  1    wreg      void 
 Registers used:
		wreg, status,2, status,0
 Tracked objects:
		On entry : 
		On exit  : 
		Unchanged: 
 Data sizes:     COMRAM   BANK0   BANK1   BANK2   BANK3   BANK4   BANK5   BANK6   BANK7   BANK8   BANK9  BANK10  BANK11  BANK12  BANK13  BANK14  BANK15  BANK16  BANK17  BANK18  BANK19  BANK20  BANK21  BANK22  BANK23  BANK24  BANK25  BANK26  BANK27  BANK28  BANK29  BANK30  BANK31
      Params:         0       0       0       0       0       0       0       0       0       0       0       0       0       0       0       0       0       0       0       0       0       0       0       0       0       0       0       0       0       0       0       0       0
      Locals:         0       0       0       0       0       0       0       0       0       0       0       0       0       0       0       0       0       0       0       0       0       0       0       0       0       0       0       0       0       0       0       0       0
      Temps:          1       0       0       0       0       0       0       0       0       0       0       0       0       0       0       0       0       0       0       0       0       0       0       0       0       0       0       0       0       0       0       0       0
      Totals:         1       0       0       0       0       0       0       0       0       0       0       0       0       0       0       0       0       0       0       0       0       0       0       0       0       0       0       0       0       0       0       0       0
Total ram usage:        1 bytes
 Hardware stack levels used:    1
 This function calls:
		Nothing
 This function is called by:
		_TMR5_Initialize
		_TMR5_CallBack
 This function uses a non-reentrant model



MODULE INFORMATION

Module		Function		Class		Link	Load	Size
mcc_generated_files/uart2.c
		_UART2_is_rx_ready		CODE           	3246	0000	5
		_UART2_DefaultErrorHandler		CODE           	323C	0000	7
		_UART2_RxDataHandler		CODE           	306A	0000	31
		_UART2_DefaultOverrunErrorHandler		CODE           	3252	0000	3
		_putch         		CODE           	3224	0000	11
		_UART2_rx_vect_isr		CODE           	2FEC	0000	35
		_UART2_Write   		CODE           	2CD4	0000	57
		_UART2_SetFramingErrorHandler		CODE           	3160	0000	21
		_UART2_SetOverrunErrorHandler		CODE           	314C	0000	21
		_UART2_tx_vect_isr		CODE           	2FC8	0000	35
		_UART2_Receive_ISR		CODE           	28EA	0000	143
		_UART2_SetRxInterruptHandler		CODE           	3138	0000	21
		_UART2_SetTxInterruptHandler		CODE           	3124	0000	21
		_UART2_Initialize		CODE           	2718	0000	169
		_UART2_SetErrorHandler		CODE           	3174	0000	21
		_UART2_Transmit_ISR		CODE           	2EC0	0000	43
		_UART2_Read    		CODE           	2D44	0000	55
		_UART2_DefaultFramingErrorHandler		CODE           	3254	0000	3

mcc_generated_files/uart2.c estimated size: 702

timers.c
		_WaitMs        		CODE           	2E6A	0000	45
		_StartTimer    		CODE           	2E10	0000	47
		_TimerDone     		CODE           	300E	0000	33

timers.c estimated size: 125

mcc_generated_files/pwm8.c
		_PWM8_LoadDutyValue		CODE           	2D0C	0000	57
		_PWM8_Initialize		CODE           	30F6	0000	25

mcc_generated_files/pwm8.c estimated size: 82

mcc_generated_files/tmr6.c
		_TMR6_ISR      		CODE           	2EEC	0000	41
		_TMR6_Initialize		CODE           	2E3E	0000	45
		_TMR6_SetInterruptHandler		CODE           	31EC	0000	21
		_TMR6_DefaultInterruptHandler		CODE           	2D7A	0000	53

mcc_generated_files/tmr6.c estimated size: 160

mcc_generated_files/tmr2.c
		_TMR2_Initialize		CODE           	302E	0000	31

mcc_generated_files/tmr2.c estimated size: 31

mcc_generated_files/interrupt_manager.c
		_INTERRUPT_Initialize		CODE           	2C8C	0000	73
		_Default_ISR   		CODE           	324C	0000	3

mcc_generated_files/interrupt_manager.c estimated size: 76

/opt/microchip/xc8/v2.10/pic/sources/c99/common/printf.c
		_printf        		CODE           	30C0	0000	29

/opt/microchip/xc8/v2.10/pic/sources/c99/common/printf.c estimated size: 29

mcc_generated_files/pin_manager.c
		_PIN_MANAGER_Initialize		CODE           	27C0	0000	157

mcc_generated_files/pin_manager.c estimated size: 157

/opt/microchip/xc8/v2.10/pic/sources/c99/common/strlen.c
		_strlen        		CODE           	2BF2	0000	81

/opt/microchip/xc8/v2.10/pic/sources/c99/common/strlen.c estimated size: 81

/opt/microchip/xc8/v2.10/pic/sources/c99/common/awdiv.c
		___awdiv       		CODE           	2978	0000	137

/opt/microchip/xc8/v2.10/pic/sources/c99/common/awdiv.c estimated size: 137

mcc_generated_files/uart1.c
		_UART1_rx_vect_isr		CODE           	2F38	0000	37
		_UART1_SetFramingErrorHandler		CODE           	31C4	0000	21
		_UART1_SetOverrunErrorHandler		CODE           	31B0	0000	21
		_UART1_tx_vect_isr		CODE           	2F14	0000	37
		_UART1_Receive_ISR		CODE           	285C	0000	143
		_UART1_SetRxInterruptHandler		CODE           	319C	0000	21
		_UART1_SetTxInterruptHandler		CODE           	3188	0000	21
		_UART1_Initialize		CODE           	2664	0000	181
		_UART1_SetErrorHandler		CODE           	31D8	0000	21
		_UART1_Transmit_ISR		CODE           	2E96	0000	43
		_UART1_DefaultFramingErrorHandler		CODE           	3250	0000	3
		_UART1_DefaultErrorHandler		CODE           	3236	0000	7
		_UART1_RxDataHandler		CODE           	304C	0000	31
		_UART1_DefaultOverrunErrorHandler		CODE           	324E	0000	3

mcc_generated_files/uart1.c estimated size: 590

mcc_generated_files/tmr5.c
		_TMR5_ISR      		CODE           	2DB0	0000	51
		_TMR5_Initialize		CODE           	2C42	0000	75
		_TMR5_SetInterruptHandler		CODE           	3200	0000	21
		_TMR5_DefaultInterruptHandler		CODE           	30DC	0000	27
		_TMR5_CallBack 		CODE           	2F80	0000	37
		_TMR5_WriteTimer		CODE           	2F5C	0000	37

mcc_generated_files/tmr5.c estimated size: 248

shared
		__initialization		CODE           	2A00	0000	105

shared estimated size: 105

mcc_generated_files/mcc.c
		_PMD_Initialize		CODE           	2FA4	0000	35
		_OSCILLATOR_Initialize		CODE           	30A4	0000	29
		_SYSTEM_Initialize		CODE           	2DE2	0000	47

mcc_generated_files/mcc.c estimated size: 111

d232.c
		_Digital232_RW 		CODE           	201E	0000	505
		_led_lightshow 		CODE           	25A4	0000	193
		_Digital232_init		CODE           	24C6	0000	223

d232.c estimated size: 921

/opt/microchip/xc8/v2.10/pic/sources/c99/common/doprnt.c
		_vfpfcnvrt     		CODE           	238A	0000	317
		_vfprintf      		CODE           	2B96	0000	93
		_stoa          		CODE           	2216	0000	373

/opt/microchip/xc8/v2.10/pic/sources/c99/common/doprnt.c estimated size: 783

/opt/microchip/xc8/v2.10/pic/sources/c99/common/nf_fputc.c
		_fputc         		CODE           	2A6E	0000	109

/opt/microchip/xc8/v2.10/pic/sources/c99/common/nf_fputc.c estimated size: 109

mcc_generated_files/adcc.c
		_ADCC_GetConversionResult		CODE           	310E	0000	23
		_ADCC_StartConversion		CODE           	3214	0000	17
		_ADCC_Initialize		CODE           	2B3A	0000	93

mcc_generated_files/adcc.c estimated size: 133

main.c
		_main          		CODE           	2ADA	0000	97
		_work_sw       		CODE           	3088	0000	29

main.c estimated size: 126

