Microchip MPLAB XC8 Compiler V2.10 ()

Linker command line:

-W-3 --edf=/opt/microchip/xc8/v2.10/pic/dat/en_msgs.txt -pivt0x8=08h -cs \
  -h+dist/default/production/elo_touch.X.production.sym \
  --cmf=dist/default/production/elo_touch.X.production.cmf -z -Q18F47K42 \
  -o/tmp/xcXpgQh7a --defsym=__MPLAB_BUILD=1 \
  -Mdist/default/production/elo_touch.X.production.map -E1 -ver=XC8 \
  --acfsm=1493 -ASTACK=0280h-01FFFh -pstack=STACK -ACODE=00h-01FFFFh \
  -ACONST=00h-01FFFFh -ASMALLCONST=02000h-020FFhx480 \
  -AMEDIUMCONST=02000h-0FFFFh,012000h-01FFFFh -ACOMRAM=01h-05Fh \
  -AABS1=00h-01FFFh -ABIGRAM=01h-01FFFh -ARAM=060h-0FFh,0100h-01FFhx31 \
  -ABANK0=060h-0FFh -ABANK1=0100h-01FFh -ABANK2=0200h-02FFh \
  -ABANK3=0300h-03FFh -ABANK4=0400h-04FFh -ABANK5=0500h-05FFh \
  -ABANK6=0600h-06FFh -ABANK7=0700h-07FFh -ABANK8=0800h-08FFh \
  -ABANK9=0900h-09FFh -ABANK10=0A00h-0AFFh -ABANK11=0B00h-0BFFh \
  -ABANK12=0C00h-0CFFh -ABANK13=0D00h-0DFFh -ABANK14=0E00h-0EFFh \
  -ABANK15=0F00h-0FFFh -ABANK16=01000h-010FFh -ABANK17=01100h-011FFh \
  -ABANK18=01200h-012FFh -ABANK19=01300h-013FFh -ABANK20=01400h-014FFh \
  -ABANK21=01500h-015FFh -ABANK22=01600h-016FFh -ABANK23=01700h-017FFh \
  -ABANK24=01800h-018FFh -ABANK25=01900h-019FFh -ABANK26=01A00h-01AFFh \
  -ABANK27=01B00h-01BFFh -ABANK28=01C00h-01CFFh -ABANK29=01D00h-01DFFh \
  -ABANK30=01E00h-01EFFh -ABANK31=01F00h-01FFFh \
  -ASFR=03800h-038FFhx7,03F00h-03F5Fh,03F60h-03FFFh -preset_vec=00h \
  -ppowerup=CODE,init -pramtop=02000h -psmallconst=SMALLCONST \
  -pmediumconst=MEDIUMCONST -pconst=CONST -AFARRAM=00h-00h \
  -ACONFIG=0300000h-0300009h -pconfig=CONFIG -AIDLOC=0200000h-020000Fh \
  -pidloc=IDLOC -AEEDATA=0310000h-03103FFh -peeprom_data=EEDATA \
  -prdata=COMRAM,nvrram=COMRAM,nvbit=COMRAM,rbss=COMRAM,rbit=COMRAM \
  -pfarbss=FARRAM,fardata=FARRAM,nvFARRAM=FARRAM \
  -pintsave_regs=BIGRAM,bigbss=BIGRAM,bigdata=BIGRAM -pbss=RAM \
  -pidata=CODE,irdata=CODE,ibigdata=CODE,ifardata=CODE -prparam=COMRAM \
  /tmp/xcXhGlGkw.o dist/default/production/elo_touch.X.production.o 

Object code version is 3.11

Machine type is 18F47K42

Call graph: (short form)




                Name                               Link     Load   Length Selector   Space Scale
/tmp/xcXhGlGkw.o
                init                                 AE       AE        4        4       0
                reset_vec                             0        0        4        0       0
                idloc                            200000   200000       10   200000       0
                config                           300000   300000        A   300000       0
dist/default/production/elo_touch.X.production.o
                smallconst                         2000     2000       50     1000       0
                ivt0x8                                8        8       A6        4       0
                text85                             3E3A     3E3A       1A     1DBB       0
                text84                             3DA8     3DA8       22     1DBB       0
                text83                             3D40     3D40       24     1DBB       0
                text82                             3A48     3A48       36      E92       0
                text81                             3960     3960       3C     1028       0
                text80                             3BF8     3BF8       28     1DBB       0
                text79                             3D1C     3D1C       24     1DBB       0
                text78                             3FBA     3FBA        6     1DBB       0
                text77                             3FCC     3FCC        2      FF1       0
                text76                             3FCA     3FCA        2      FF1       0
                text75                             3382     3382       9E     1028       0
                text74                             3CF8     3CF8       24     1DBB       0
                text73                             3B14     3B14       32      E92       0
                text72                             3CD4     3CD4       24     1DBB       0
                text71                             3CB0     3CB0       24     1DBB       0
                text70                             3FB4     3FB4        6     1DBB       0
                text69                             3FC8     3FC8        2      FF1       0
                text68                             3FC6     3FC6        2      FF1       0
                text67                             32E4     32E4       9E     1028       0
                text66                             3C8C     3C8C       24     1DBB       0
                text65                             3AE2     3AE2       32      E92       0
                text64                             3C68     3C68       24     1DBB       0
                text63                             3FC4     3FC4        2      FF1       0
                text62                             3E84     3E84       16     1DBB       0
                text61                             3A0E     3A0E       38     1028       0
                text60                             3AB0     3AB0       32      E92       0
                text59                             3C44     3C44       24     1DBB       0
                text58                             385E     385E       44     1028       0
                text57                             3FAE     3FAE        6     1DBB       0
                text56                             2B16     2B16      158     1028       0
                text55                             2C6E     2C6E      134     1028       0
                text54                             3922     3922       3E     1028       0
                text53                             38A2     38A2       42     1028       0
                text52                             3FA4     3FA4        A     1DBB       0
                text51                             30DE     30DE       AE     1028       0
                text50                             38E4     38E4       3E     1028       0
                text49                             3732     3732       50     1028       0
                text48                             302C     302C       B2     1028       0
                text47                             2050     2050      2AC     1028       0
                text46                             29A2     29A2      174     1028       0
                text45                             27A4     27A4      1FE     1028       0
                text44                             36D6     36D6       5C     1028       0
                text43                             3E04     3E04       1C     1DBB       0
                text42                             2582     2582      222     1028       0
                text41                             3F8A     3F8A       10     1DBB       0
                text40                             3BA2     3BA2       2C     1DBB       0
                text39                             2E8C     2E8C       E8     1028       0
                text38                             367A     367A       5C     1028       0
                text37                             3816     3816       48     1028       0
                text36                             3DE8     3DE8       1C     1DBB       0
                text35                             3238     3238       AC     1028       0
                text34                             3D86     3D86       22     1DBB       0
                text33                             3E6C     3E6C       18     1DBB       0
                text32                             3E54     3E54       18     1DBB       0
                text31                             3DCA     3DCA       1E     1DBB       0
                text30                             3F76     3F76       14     1DBB       0
                text29                             3782     3782       4C     1028       0
                text28                             3F62     3F62       14     1DBB       0
                text27                             3B76     3B76       2C     1DBB       0
                text26                             3F4E     3F4E       14     1DBB       0
                text25                             3F3A     3F3A       14     1DBB       0
                text24                             3F26     3F26       14     1DBB       0
                text23                             3F12     3F12       14     1DBB       0
                text22                             3EFE     3EFE       14     1DBB       0
                text21                             2F74     2F74       B8     1028       0
                text20                             3EEA     3EEA       14     1DBB       0
                text19                             3ED6     3ED6       14     1DBB       0
                text18                             3EC2     3EC2       14     1DBB       0
                text17                             3EAE     3EAE       14     1DBB       0
                text16                             3E9A     3E9A       14     1DBB       0
                text15                             318C     318C       AC     1028       0
                text14                             3A7E     3A7E       32      E92       0
                text13                             3E20     3E20       1A     1DBB       0
                text12                             399C     399C       3A     1028       0
                text11                             39D6     39D6       38     1028       0
                text10                             3F9A     3F9A        A     1DBB       0
                text9                              3C20     3C20       24     1DBB       0
                text8                              35AC     35AC       68     1028       0
                text7                              34B2     34B2       88     1028       0
                text6                              2DA2     2DA2       EA     1028       0
                text5                              3BCE     3BCE       2A     1DBB       0
                text4                              3614     3614       66     1028       0
                text3                              3D64     3D64       22     1DBB       0
                text2                              37CE     37CE       48     1028       0
                text1                              3420     3420       92     1028       0
                text0                              22FC     22FC      286     1028       0
                cstackCOMRAM                          1        1       55        1       1
                cstackBANK0                          60       60       30       60       1
                cstackBANK2                         200      200       80      200       1
                dataBANK1                           192      192       2F      100       1
                bssBANK1                            100      100       92      100       1
                dataBANK0                            9E       9E        2       60       1
                bssBANK0                             90       90        E       60       1
                bssCOMRAM                            56       56        5        1       1
                cinit                              353A     353A       72     1028       0
                idataBANK1                         3B46     3B46       2F      E92       0
                idataBANK0                         3FC0     3FC0        2     1DBB       0

TOTAL           Name                               Link     Load   Length     Space
        CLASS   STACK          

        CLASS   CODE           
                init                                 AE       AE        4         0
                reset_vec                             0        0        4         0
                ivt0x8                                8        8       A6         0
                text85                             3E3A     3E3A       1A         0
                text84                             3DA8     3DA8       22         0
                text83                             3D40     3D40       24         0
                text82                             3A48     3A48       36         0
                text81                             3960     3960       3C         0
                text80                             3BF8     3BF8       28         0
                text79                             3D1C     3D1C       24         0
                text78                             3FBA     3FBA        6         0
                text77                             3FCC     3FCC        2         0
                text76                             3FCA     3FCA        2         0
                text75                             3382     3382       9E         0
                text74                             3CF8     3CF8       24         0
                text73                             3B14     3B14       32         0
                text72                             3CD4     3CD4       24         0
                text71                             3CB0     3CB0       24         0
                text70                             3FB4     3FB4        6         0
                text69                             3FC8     3FC8        2         0
                text68                             3FC6     3FC6        2         0
                text67                             32E4     32E4       9E         0
                text66                             3C8C     3C8C       24         0
                text65                             3AE2     3AE2       32         0
                text64                             3C68     3C68       24         0
                text63                             3FC4     3FC4        2         0
                text62                             3E84     3E84       16         0
                text61                             3A0E     3A0E       38         0
                text60                             3AB0     3AB0       32         0
                text59                             3C44     3C44       24         0
                text58                             385E     385E       44         0
                text57                             3FAE     3FAE        6         0
                text56                             2B16     2B16      158         0
                text55                             2C6E     2C6E      134         0
                text54                             3922     3922       3E         0
                text53                             38A2     38A2       42         0
                text52                             3FA4     3FA4        A         0
                text51                             30DE     30DE       AE         0
                text50                             38E4     38E4       3E         0
                text49                             3732     3732       50         0
                text48                             302C     302C       B2         0
                text47                             2050     2050      2AC         0
                text46                             29A2     29A2      174         0
                text45                             27A4     27A4      1FE         0
                text44                             36D6     36D6       5C         0
                text43                             3E04     3E04       1C         0
                text42                             2582     2582      222         0
                text41                             3F8A     3F8A       10         0
                text40                             3BA2     3BA2       2C         0
                text39                             2E8C     2E8C       E8         0
                text38                             367A     367A       5C         0
                text37                             3816     3816       48         0
                text36                             3DE8     3DE8       1C         0
                text35                             3238     3238       AC         0
                text34                             3D86     3D86       22         0
                text33                             3E6C     3E6C       18         0
                text32                             3E54     3E54       18         0
                text31                             3DCA     3DCA       1E         0
                text30                             3F76     3F76       14         0
                text29                             3782     3782       4C         0
                text28                             3F62     3F62       14         0
                text27                             3B76     3B76       2C         0
                text26                             3F4E     3F4E       14         0
                text25                             3F3A     3F3A       14         0
                text24                             3F26     3F26       14         0
                text23                             3F12     3F12       14         0
                text22                             3EFE     3EFE       14         0
                text21                             2F74     2F74       B8         0
                text20                             3EEA     3EEA       14         0
                text19                             3ED6     3ED6       14         0
                text18                             3EC2     3EC2       14         0
                text17                             3EAE     3EAE       14         0
                text16                             3E9A     3E9A       14         0
                text15                             318C     318C       AC         0
                text14                             3A7E     3A7E       32         0
                text13                             3E20     3E20       1A         0
                text12                             399C     399C       3A         0
                text11                             39D6     39D6       38         0
                text10                             3F9A     3F9A        A         0
                text9                              3C20     3C20       24         0
                text8                              35AC     35AC       68         0
                text7                              34B2     34B2       88         0
                text6                              2DA2     2DA2       EA         0
                text5                              3BCE     3BCE       2A         0
                text4                              3614     3614       66         0
                text3                              3D64     3D64       22         0
                text2                              37CE     37CE       48         0
                text1                              3420     3420       92         0
                text0                              22FC     22FC      286         0
                cinit                              353A     353A       72         0
                idataBANK1                         3B46     3B46       2F         0
                idataBANK0                         3FC0     3FC0        2         0

        CLASS   CONST          

        CLASS   SMALLCONST     
                smallconst                         2000     2000       50         0

        CLASS   MEDIUMCONST    

        CLASS   COMRAM         
                cstackCOMRAM                          1        1       55         1
                bssCOMRAM                            56       56        5         1

        CLASS   ABS1           

        CLASS   BIGRAM         

        CLASS   RAM            

        CLASS   BANK0          
                cstackBANK0                          60       60       30         1
                dataBANK0                            9E       9E        2         1
                bssBANK0                             90       90        E         1

        CLASS   BANK1          
                dataBANK1                           192      192       2F         1
                bssBANK1                            100      100       92         1

        CLASS   BANK2          
                cstackBANK2                         200      200       80         1

        CLASS   BANK3          

        CLASS   BANK4          

        CLASS   BANK5          

        CLASS   BANK6          

        CLASS   BANK7          

        CLASS   BANK8          

        CLASS   BANK9          

        CLASS   BANK10         

        CLASS   BANK11         

        CLASS   BANK12         

        CLASS   BANK13         

        CLASS   BANK14         

        CLASS   BANK15         

        CLASS   BANK16         

        CLASS   BANK17         

        CLASS   BANK18         

        CLASS   BANK19         

        CLASS   BANK20         

        CLASS   BANK21         

        CLASS   BANK22         

        CLASS   BANK23         

        CLASS   BANK24         

        CLASS   BANK25         

        CLASS   BANK26         

        CLASS   BANK27         

        CLASS   BANK28         

        CLASS   BANK29         

        CLASS   BANK30         

        CLASS   BANK31         

        CLASS   SFR            

        CLASS   FARRAM         

        CLASS   CONFIG         
                config                           300000   300000        A         0

        CLASS   IDLOC          
                idloc                            200000   200000       10         0

        CLASS   EEDATA         



SEGMENTS        Name                           Load    Length   Top    Selector   Space  Class

                reset_vec                      000000  000004  000004         0       0  CODE    
                cstackCOMRAM                   000001  00005A  00005B         1       1  COMRAM  
                ivt0x8                         000008  0000AA  0000B2         4       0  CODE    
                cstackBANK0                    000060  000040  0000A0        60       1  BANK0   
                bssBANK1                       000100  0000C1  0001C1       100       1  BANK1   
                cstackBANK2                    000200  000080  000280       200       1  BANK2   
                smallconst                     002000  000050  002050      1000       0  SMALLCON
                text47                         002050  0019F6  003A46      1028       0  CODE    
                text82                         003A48  00012D  003B75       E92       0  CODE    
                text27                         003B76  00044C  003FC2      1DBB       0  CODE    
                text63                         003FC4  00000A  003FCE       FF1       0  CODE    
                idloc                          200000  000010  200010    200000       0  IDLOC   
                config                         300000  00000A  30000A    300000       0  CONFIG  


UNUSED ADDRESS RANGES

        Name                Unused          Largest block    Delta
        BANK0            0000A0-0000FF               60
        BANK1            0001C1-0001FF               3F
        BANK10           000A00-000AFF              100
        BANK11           000B00-000BFF              100
        BANK12           000C00-000CFF              100
        BANK13           000D00-000DFF              100
        BANK14           000E00-000EFF              100
        BANK15           000F00-000FFF              100
        BANK16           001000-0010FF              100
        BANK17           001100-0011FF              100
        BANK18           001200-0012FF              100
        BANK19           001300-0013FF              100
        BANK2            000280-0002FF               80
        BANK20           001400-0014FF              100
        BANK21           001500-0015FF              100
        BANK22           001600-0016FF              100
        BANK23           001700-0017FF              100
        BANK24           001800-0018FF              100
        BANK25           001900-0019FF              100
        BANK26           001A00-001AFF              100
        BANK27           001B00-001BFF              100
        BANK28           001C00-001CFF              100
        BANK29           001D00-001DFF              100
        BANK3            000300-0003FF              100
        BANK30           001E00-001EFF              100
        BANK31           001F00-001FFF              100
        BANK4            000400-0004FF              100
        BANK5            000500-0005FF              100
        BANK6            000600-0006FF              100
        BANK7            000700-0007FF              100
        BANK8            000800-0008FF              100
        BANK9            000900-0009FF              100
        BIGRAM           00005B-00005F                5
                         0000A0-0000FF               60
                         0001C1-0001FF               3F
                         000280-001FFF             1D80
        CODE             000004-000007                4
                         0000B2-001FFF             1F4E
                         003A46-003A47                2
                         003B75-003B75                1
                         003FC2-003FC3                2
                         003FCE-01FFFF            1C032
        COMRAM           00005B-00005F                5
        CONST            000004-000007                4
                         0000B2-001FFF             1F4E
                         003A46-003A47                2
                         003B75-003B75                1
                         003FC2-003FC3                2
                         003FCE-01FFFF            1C032
        EEDATA           310000-3103FF              400
        MEDIUMCONST      003A46-003A47                2
                         003B75-003B75                1
                         003FC2-003FC3                2
                         003FCE-00FFFF             C032
                         012000-01FFFF             E000
        RAM              0000A0-0000FF               60
                         0001C1-0001FF               3F
                         000280-001FFF              100
        SFR              003800-003FFF              100
        SMALLCONST       003A46-003A47                2
                         003B75-003B75                1
                         003FC2-003FC3                2
                         003FCE-01FFFF              100
        STACK            000280-001FFF             1D80

                                  Symbol Table

?_ADCC_GetConversionResult                    cstackCOMRAM 000006
?___aodiv                                     cstackCOMRAM 000006
?___aomod                                     cstackCOMRAM 000006
?___awdiv                                     cstackCOMRAM 000006
?_abs                                         cstackCOMRAM 000018
?_dtoa                                        cstackCOMRAM 000023
?_pad                                         cstackCOMRAM 000018
?_printf                                      cstackBANK0  000064
?_sprintf                                     cstackBANK0  000064
?_stoa                                        cstackCOMRAM 000011
?_strlen                                      cstackCOMRAM 000006
?_vfpfcnvrt                                   cstackCOMRAM 000047
?_vfprintf                                    cstackBANK0  000060
ADCC_StartConversion@channel                  cstackCOMRAM 000006
Digital232_RW@i                               cstackBANK0  00006C
Digital232_RW@j                               cstackBANK0  00006D
Digital232_RW@x                               bssBANK0     000094
INTERRUPT_Initialize@state                    cstackCOMRAM 000006
IVTBASEH                                      (abs)        003FD6
IVTBASEL                                      (abs)        003FD5
IVTBASEU                                      (abs)        003FD7
PWM8_LoadDutyValue@dutyValue                  cstackCOMRAM 000006
SPI1_Exchange8bit@data                        cstackCOMRAM 000006
StartTimer@count                              cstackCOMRAM 000006
StartTimer@timer                              cstackCOMRAM 00000A
TMR5_ISR@CountCallBack                        bssBANK1     00016C
TMR5_SetInterruptHandler@InterruptHandler     cstackCOMRAM 000006
TMR5_WriteTimer@timerVal                      cstackCOMRAM 000004
TMR6_DefaultInterruptHandler@i                cstackCOMRAM 000003
TMR6_SetInterruptHandler@InterruptHandler     cstackCOMRAM 000006
TimerDone@timer                               cstackCOMRAM 000008
UART1_SetErrorHandler@interruptHandler        cstackCOMRAM 000006
UART1_SetFramingErrorHandler@interruptHandler cstackCOMRAM 000006
UART1_SetOverrunErrorHandler@interruptHandler cstackCOMRAM 000006
UART1_SetRxInterruptHandler@InterruptHandler  cstackCOMRAM 000006
UART1_SetTxInterruptHandler@InterruptHandler  cstackCOMRAM 000006
UART2_Read@readValue                          cstackCOMRAM 000006
UART2_SetErrorHandler@interruptHandler        cstackCOMRAM 000006
UART2_SetFramingErrorHandler@interruptHandler cstackCOMRAM 000006
UART2_SetOverrunErrorHandler@interruptHandler cstackCOMRAM 000006
UART2_SetRxInterruptHandler@InterruptHandler  cstackCOMRAM 000006
UART2_SetTxInterruptHandler@InterruptHandler  cstackCOMRAM 000006
UART2_Write@txData                            cstackCOMRAM 000006
WaitMs@numMilliseconds                        cstackCOMRAM 00000B
_ADACCU                                       (abs)        003EEA
_ADACQH                                       (abs)        003EF4
_ADACQL                                       (abs)        003EF3
_ADACT                                        (abs)        003EFE
_ADCAP                                        (abs)        003EF5
_ADCC_GetConversionResult                     text62       003E84
_ADCC_Initialize                              text38       00367A
_ADCC_StartConversion                         text41       003F8A
_ADCLK                                        (abs)        003EFF
_ADCON0                                       (abs)        003EF8
_ADCON0bits                                   (abs)        003EF8
_ADCON1                                       (abs)        003EF9
_ADCON2                                       (abs)        003EFA
_ADCON3                                       (abs)        003EFB
_ADLTHH                                       (abs)        003EDF
_ADLTHL                                       (abs)        003EDE
_ADPCH                                        (abs)        003EF1
_ADPREH                                       (abs)        003EF7
_ADPREL                                       (abs)        003EF6
_ADREF                                        (abs)        003EFD
_ADRESH                                       (abs)        003EF0
_ADRESL                                       (abs)        003EEF
_ADRPT                                        (abs)        003EEC
_ADSTAT                                       (abs)        003EFC
_ADSTPTH                                      (abs)        003EE5
_ADSTPTL                                      (abs)        003EE4
_ADUTHH                                       (abs)        003EE1
_ADUTHL                                       (abs)        003EE0
_ANSELA                                       (abs)        003A40
_ANSELB                                       (abs)        003A50
_ANSELC                                       (abs)        003A60
_ANSELD                                       (abs)        003A70
_ANSELE                                       (abs)        003A80
_CCPTMRS1bits                                 (abs)        003F5F
_Default_ISR                                  text63       003FC4
_Digital232_RW                                text42       002582
_Digital232_init                              text39       002E8C
_GIE                                          (abs)        01FE97
_INTCON0bits                                  (abs)        003FD2
_INTERRUPT_Initialize                         text37       003816
_IO                                           dataBANK1    00019D
_IPR3bits                                     (abs)        003983
_IPR6bits                                     (abs)        003986
_IPR8bits                                     (abs)        003988
_IPR9bits                                     (abs)        003989
_IVTADH                                       (abs)        00389E
_IVTADL                                       (abs)        00389D
_IVTADU                                       (abs)        00389F
_IVTLOCK                                      (abs)        003FD4
_IVTLOCKbits                                  (abs)        003FD4
_LATA                                         (abs)        003FBA
_LATB                                         (abs)        003FBB
_LATC                                         (abs)        003FBC
_LATCbits                                     (abs)        003FBC
_LATD                                         (abs)        003FBD
_LATE                                         (abs)        003FBE
_LATEbits                                     (abs)        003FBE
_ODCONA                                       (abs)        003A42
_ODCONB                                       (abs)        003A52
_ODCONC                                       (abs)        003A62
_ODCOND                                       (abs)        003A72
_ODCONE                                       (abs)        003A82
_OSCCON1                                      (abs)        0039D9
_OSCCON3                                      (abs)        0039DB
_OSCEN                                        (abs)        0039DD
_OSCFRQ                                       (abs)        0039DF
_OSCILLATOR_Initialize                        text36       003DE8
_OSCTUNE                                      (abs)        0039DE
_PIE3bits                                     (abs)        003993
_PIE6bits                                     (abs)        003996
_PIE8bits                                     (abs)        003998
_PIE9bits                                     (abs)        003999
_PIN_MANAGER_Initialize                       text35       003238
_PIR2bits                                     (abs)        0039A2
_PIR4bits                                     (abs)        0039A4
_PIR8bits                                     (abs)        0039A8
_PIR9bits                                     (abs)        0039A9
_PLLR                                         (abs)        01CEE0
_PMD0                                         (abs)        0039C0
_PMD1                                         (abs)        0039C1
_PMD2                                         (abs)        0039C2
_PMD3                                         (abs)        0039C3
_PMD4                                         (abs)        0039C4
_PMD5                                         (abs)        0039C5
_PMD6                                         (abs)        0039C6
_PMD7                                         (abs)        0039C7
_PMD_Initialize                               text34       003D86
_PWM8CON                                      (abs)        003F62
_PWM8DCH                                      (abs)        003F61
_PWM8DCL                                      (abs)        003F60
_PWM8_Initialize                              text33       003E6C
_PWM8_LoadDutyValue                           text61       003A0E
_RB1I2C                                       (abs)        003A5A
_RB2I2C                                       (abs)        003A5B
_RB6PPS                                       (abs)        003A0E
_RC3I2C                                       (abs)        003A6A
_RC3PPS                                       (abs)        003A13
_RC4I2C                                       (abs)        003A6B
_RC5PPS                                       (abs)        003A15
_RC6PPS                                       (abs)        003A16
_RD0I2C                                       (abs)        003A7A
_RD1I2C                                       (abs)        003A7B
_RD1PPS                                       (abs)        003A19
_SLRCONA                                      (abs)        003A43
_SLRCONB                                      (abs)        003A53
_SLRCONC                                      (abs)        003A63
_SLRCOND                                      (abs)        003A73
_SLRCONE                                      (abs)        003A83
_SPI1BAUD                                     (abs)        003D19
_SPI1CLK                                      (abs)        003D1C
_SPI1CON0                                     (abs)        003D14
_SPI1CON1                                     (abs)        003D15
_SPI1CON2                                     (abs)        003D16
_SPI1RXB                                      (abs)        003D10
_SPI1SCKPPS                                   (abs)        003ADE
_SPI1SDIPPS                                   (abs)        003ADF
_SPI1TCNTL                                    (abs)        003D12
_SPI1TXB                                      (abs)        003D11
_SPI1_Exchange8bit                            text13       003E20
_SPI1_Initialize                              text32       003E54
_SYSTEM_Initialize                            text14       003A7E
_StartTimer                                   text60       003AB0
_T2CLKCON                                     (abs)        003FAE
_T2CON                                        (abs)        003FAC
_T2HLT                                        (abs)        003FAD
_T2PR                                         (abs)        003FAB
_T2RST                                        (abs)        003FAF
_T2TMR                                        (abs)        003FAA
_T5CLK                                        (abs)        003F9D
_T5CON                                        (abs)        003F9A
_T5CONbits                                    (abs)        003F9A
_T5GATE                                       (abs)        003F9C
_T5GCON                                       (abs)        003F9B
_T6CLKCON                                     (abs)        003F96
_T6CON                                        (abs)        003F94
_T6HLT                                        (abs)        003F95
_T6PR                                         (abs)        003F93
_T6RST                                        (abs)        003F97
_T6TMR                                        (abs)        003F92
_TMR2_Initialize                              text31       003DCA
_TMR5H                                        (abs)        003F99
_TMR5L                                        (abs)        003F98
_TMR5_CallBack                                text84       003DA8
_TMR5_DefaultInterruptHandler                 text85       003E3A
_TMR5_ISR                                     text82       003A48
_TMR5_Initialize                              text29       003782
_TMR5_InterruptHandler                        bssBANK1     000142
_TMR5_SetInterruptHandler                     text30       003F76
_TMR5_WriteTimer                              text83       003D40
_TMR6_DefaultInterruptHandler                 text81       003960
_TMR6_ISR                                     text80       003BF8
_TMR6_Initialize                              text27       003B76
_TMR6_InterruptHandler                        bssBANK1     000145
_TMR6_SetInterruptHandler                     text28       003F62
_TRISA                                        (abs)        003FC2
_TRISB                                        (abs)        003FC3
_TRISC                                        (abs)        003FC4
_TRISD                                        (abs)        003FC5
_TRISE                                        (abs)        003FC6
_TimerDone                                    text59       003C44
_U1BRGH                                       (abs)        003DF6
_U1BRGL                                       (abs)        003DF5
_U1CON0                                       (abs)        003DF2
_U1CON1                                       (abs)        003DF3
_U1CON2                                       (abs)        003DF4
_U1ERRIE                                      (abs)        003DFA
_U1ERRIR                                      (abs)        003DF9
_U1ERRIRbits                                  (abs)        003DF9
_U1FIFO                                       (abs)        003DF7
_U1P1H                                        (abs)        003DED
_U1P1L                                        (abs)        003DEC
_U1P2H                                        (abs)        003DEF
_U1P2L                                        (abs)        003DEE
_U1P3H                                        (abs)        003DF1
_U1P3L                                        (abs)        003DF0
_U1RXB                                        (abs)        003DE8
_U1RXPPS                                      (abs)        003AE5
_U1TXB                                        (abs)        003DEA
_U1UIR                                        (abs)        003DF8
_U2BRGH                                       (abs)        003DDE
_U2BRGL                                       (abs)        003DDD
_U2CON0                                       (abs)        003DDA
_U2CON1                                       (abs)        003DDB
_U2CON2                                       (abs)        003DDC
_U2ERRIE                                      (abs)        003DE2
_U2ERRIR                                      (abs)        003DE1
_U2ERRIRbits                                  (abs)        003DE1
_U2FIFO                                       (abs)        003DDF
_U2P1L                                        (abs)        003DD4
_U2P2L                                        (abs)        003DD6
_U2P3L                                        (abs)        003DD8
_U2RXB                                        (abs)        003DD0
_U2RXPPS                                      (abs)        003AE8
_U2TXB                                        (abs)        003DD2
_U2UIR                                        (abs)        003DE0
_UART1_DefaultErrorHandler                    text70       003FB4
_UART1_DefaultFramingErrorHandler             text69       003FC8
_UART1_DefaultOverrunErrorHandler             text68       003FC6
_UART1_ErrorHandler                           bssBANK1     000151
_UART1_FramingErrorHandler                    bssBANK1     000157
_UART1_Initialize                             text21       002F74
_UART1_OverrunErrorHandler                    bssBANK1     000154
_UART1_Receive_ISR                            text67       0032E4
_UART1_RxDataHandler                          text71       003CB0
_UART1_RxInterruptHandler                     bssBANK1     00015D
_UART1_SetErrorHandler                        text26       003F4E
_UART1_SetFramingErrorHandler                 text25       003F3A
_UART1_SetOverrunErrorHandler                 text24       003F26
_UART1_SetRxInterruptHandler                  text23       003F12
_UART1_SetTxInterruptHandler                  text22       003EFE
_UART1_Transmit_ISR                           text65       003AE2
_UART1_TxInterruptHandler                     bssBANK1     00015A
_UART1_rx_vect_isr                            text66       003C8C
_UART1_tx_vect_isr                            text64       003C68
_UART2_DefaultErrorHandler                    text78       003FBA
_UART2_DefaultFramingErrorHandler             text77       003FCC
_UART2_DefaultOverrunErrorHandler             text76       003FCA
_UART2_ErrorHandler                           bssBANK1     000148
_UART2_FramingErrorHandler                    bssBANK1     00014E
_UART2_Initialize                             text15       00318C
_UART2_OverrunErrorHandler                    bssBANK1     00014B
_UART2_Read                                   text58       00385E
_UART2_Receive_ISR                            text75       003382
_UART2_RxDataHandler                          text79       003D1C
_UART2_RxInterruptHandler                     bssBANK1     000163
_UART2_SetErrorHandler                        text20       003EEA
_UART2_SetFramingErrorHandler                 text19       003ED6
_UART2_SetOverrunErrorHandler                 text18       003EC2
_UART2_SetRxInterruptHandler                  text17       003EAE
_UART2_SetTxInterruptHandler                  text16       003E9A
_UART2_Transmit_ISR                           text73       003B14
_UART2_TxInterruptHandler                     bssBANK1     000160
_UART2_Write                                  text53       0038A2
_UART2_is_rx_ready                            text57       003FAE
_UART2_rx_vect_isr                            text74       003CF8
_UART2_tx_vect_isr                            text72       003CD4
_WPUA                                         (abs)        003A41
_WPUB                                         (abs)        003A51
_WPUC                                         (abs)        003A61
_WPUD                                         (abs)        003A71
_WPUE                                         (abs)        003A81
_WaitMs                                       text40       003BA2
__CFG_BBEN$OFF                                (abs)        000000
__CFG_BBSIZE$BBSIZE_512                       (abs)        000000
__CFG_BOREN$SBORDIS                           (abs)        000000
__CFG_BORV$VBOR_2P45                          (abs)        000000
__CFG_CLKOUTEN$OFF                            (abs)        000000
__CFG_CP$OFF                                  (abs)        000000
__CFG_CSWEN$ON                                (abs)        000000
__CFG_DEBUG$OFF                               (abs)        000000
__CFG_FCMEN$ON                                (abs)        000000
__CFG_FEXTOSC$ECH                             (abs)        000000
__CFG_IVT1WAY$ON                              (abs)        000000
__CFG_LPBOREN$OFF                             (abs)        000000
__CFG_LVP$ON                                  (abs)        000000
__CFG_MCLRE$EXTMCLR                           (abs)        000000
__CFG_MVECEN$ON                               (abs)        000000
__CFG_PPS1WAY$ON                              (abs)        000000
__CFG_PR1WAY$ON                               (abs)        000000
__CFG_PWRTS$PWRT_OFF                          (abs)        000000
__CFG_RSTOSC$EXTOSC_4PLL                      (abs)        000000
__CFG_SAFEN$OFF                               (abs)        000000
__CFG_STVREN$ON                               (abs)        000000
__CFG_WDTCCS$SC                               (abs)        000000
__CFG_WDTCPS$WDTCPS_31                        (abs)        000000
__CFG_WDTCWS$WDTCWS_7                         (abs)        000000
__CFG_WDTE$OFF                                (abs)        000000
__CFG_WRTAPP$OFF                              (abs)        000000
__CFG_WRTB$OFF                                (abs)        000000
__CFG_WRTC$OFF                                (abs)        000000
__CFG_WRTD$OFF                                (abs)        000000
__CFG_WRTSAF$OFF                              (abs)        000000
__CFG_XINST$OFF                               (abs)        000000
__CFG_ZCD$OFF                                 (abs)        000000
__HRAM                                        (abs)        000000
__Habs1                                       abs1         000000
__Hbank0                                      bank0        000000
__Hbank1                                      bank1        000000
__Hbank10                                     bank10       000000
__Hbank11                                     bank11       000000
__Hbank12                                     bank12       000000
__Hbank13                                     bank13       000000
__Hbank14                                     bank14       000000
__Hbank15                                     bank15       000000
__Hbank16                                     bank16       000000
__Hbank17                                     bank17       000000
__Hbank18                                     bank18       000000
__Hbank19                                     bank19       000000
__Hbank2                                      bank2        000000
__Hbank20                                     bank20       000000
__Hbank21                                     bank21       000000
__Hbank22                                     bank22       000000
__Hbank23                                     bank23       000000
__Hbank24                                     bank24       000000
__Hbank25                                     bank25       000000
__Hbank26                                     bank26       000000
__Hbank27                                     bank27       000000
__Hbank28                                     bank28       000000
__Hbank29                                     bank29       000000
__Hbank3                                      bank3        000000
__Hbank30                                     bank30       000000
__Hbank31                                     bank31       000000
__Hbank4                                      bank4        000000
__Hbank5                                      bank5        000000
__Hbank6                                      bank6        000000
__Hbank7                                      bank7        000000
__Hbank8                                      bank8        000000
__Hbank9                                      bank9        000000
__Hbigbss                                     bigbss       000000
__Hbigdata                                    bigdata      000000
__Hbigram                                     bigram       000000
__Hbss                                        bss          000000
__HbssBANK0                                   bssBANK0     000000
__HbssBANK1                                   bssBANK1     000000
__HbssCOMRAM                                  bssCOMRAM    000000
__Hcinit                                      cinit        000000
__Hclrtext                                    clrtext      000000
__Hcomram                                     comram       000000
__Hconfig                                     config       30000A
__Hconst                                      const        000000
__HcstackBANK0                                cstackBANK0  000000
__HcstackBANK2                                cstackBANK2  000000
__HcstackCOMRAM                               cstackCOMRAM 000000
__Hdata                                       data         000000
__HdataBANK0                                  dataBANK0    000000
__HdataBANK1                                  dataBANK1    000000
__Heeprom_data                                eeprom_data  000000
__Hfarbss                                     farbss       000000
__Hfardata                                    fardata      000000
__Hibigdata                                   ibigdata     000000
__Hidata                                      idata        000000
__HidataBANK0                                 idataBANK0   000000
__HidataBANK1                                 idataBANK1   000000
__Hidloc                                      idloc        200010
__Hifardata                                   ifardata     000000
__Hinit                                       init         0000B2
__Hintsave_regs                               intsave_regs 000000
__Hirdata                                     irdata       000000
__Hivt0x8                                     ivt0x8       0000AE
__Hmediumconst                                mediumconst  000000
__HnvFARRAM                                   nvFARRAM     000000
__Hnvbit                                      nvbit        000000
__Hnvrram                                     nvrram       000000
__Hparam                                      rparam       000000
__Hpowerup                                    powerup      000000
__Hram                                        ram          000000
__Hramtop                                     ramtop       002000
__Hrbit                                       rbit         000000
__Hrbss                                       rbss         000000
__Hrdata                                      rdata        000000
__Hreset_vec                                  reset_vec    000004
__Hrparam                                     rparam       000000
__Hsfr                                        sfr          000000
__Hsmallconst                                 smallconst   002050
__Hspace_0                                    (abs)        30000A
__Hspace_1                                    (abs)        000280
__Hspace_2                                    (abs)        000000
__Hstack                                      stack        000000
__Hstruct                                     struct       000000
__Htemp                                       temp         000000
__Htext                                       text         000000
__Htext0                                      text0        000000
__Htext1                                      text1        000000
__Htext10                                     text10       000000
__Htext11                                     text11       000000
__Htext12                                     text12       000000
__Htext13                                     text13       000000
__Htext14                                     text14       000000
__Htext15                                     text15       000000
__Htext16                                     text16       000000
__Htext17                                     text17       000000
__Htext18                                     text18       000000
__Htext19                                     text19       000000
__Htext2                                      text2        000000
__Htext20                                     text20       000000
__Htext21                                     text21       000000
__Htext22                                     text22       000000
__Htext23                                     text23       000000
__Htext24                                     text24       000000
__Htext25                                     text25       000000
__Htext26                                     text26       000000
__Htext27                                     text27       000000
__Htext28                                     text28       000000
__Htext29                                     text29       000000
__Htext3                                      text3        000000
__Htext30                                     text30       000000
__Htext31                                     text31       000000
__Htext32                                     text32       000000
__Htext33                                     text33       000000
__Htext34                                     text34       000000
__Htext35                                     text35       000000
__Htext36                                     text36       000000
__Htext37                                     text37       000000
__Htext38                                     text38       000000
__Htext39                                     text39       000000
__Htext4                                      text4        000000
__Htext40                                     text40       000000
__Htext41                                     text41       000000
__Htext42                                     text42       000000
__Htext43                                     text43       000000
__Htext44                                     text44       000000
__Htext45                                     text45       000000
__Htext46                                     text46       000000
__Htext47                                     text47       000000
__Htext48                                     text48       000000
__Htext49                                     text49       000000
__Htext5                                      text5        000000
__Htext50                                     text50       000000
__Htext51                                     text51       000000
__Htext52                                     text52       000000
__Htext53                                     text53       000000
__Htext54                                     text54       000000
__Htext55                                     text55       000000
__Htext56                                     text56       000000
__Htext57                                     text57       000000
__Htext58                                     text58       000000
__Htext59                                     text59       000000
__Htext6                                      text6        000000
__Htext60                                     text60       000000
__Htext61                                     text61       000000
__Htext62                                     text62       000000
__Htext63                                     text63       000000
__Htext64                                     text64       000000
__Htext65                                     text65       000000
__Htext66                                     text66       000000
__Htext67                                     text67       000000
__Htext68                                     text68       000000
__Htext69                                     text69       000000
__Htext7                                      text7        000000
__Htext70                                     text70       000000
__Htext71                                     text71       000000
__Htext72                                     text72       000000
__Htext73                                     text73       000000
__Htext74                                     text74       000000
__Htext75                                     text75       000000
__Htext76                                     text76       000000
__Htext77                                     text77       000000
__Htext78                                     text78       000000
__Htext79                                     text79       000000
__Htext8                                      text8        000000
__Htext80                                     text80       000000
__Htext81                                     text81       000000
__Htext82                                     text82       000000
__Htext83                                     text83       000000
__Htext84                                     text84       000000
__Htext85                                     text85       000000
__Htext86                                     text86       000000
__Htext9                                      text9        000000
__LRAM                                        (abs)        000001
__Labs1                                       abs1         000000
__Lbank0                                      bank0        000000
__Lbank1                                      bank1        000000
__Lbank10                                     bank10       000000
__Lbank11                                     bank11       000000
__Lbank12                                     bank12       000000
__Lbank13                                     bank13       000000
__Lbank14                                     bank14       000000
__Lbank15                                     bank15       000000
__Lbank16                                     bank16       000000
__Lbank17                                     bank17       000000
__Lbank18                                     bank18       000000
__Lbank19                                     bank19       000000
__Lbank2                                      bank2        000000
__Lbank20                                     bank20       000000
__Lbank21                                     bank21       000000
__Lbank22                                     bank22       000000
__Lbank23                                     bank23       000000
__Lbank24                                     bank24       000000
__Lbank25                                     bank25       000000
__Lbank26                                     bank26       000000
__Lbank27                                     bank27       000000
__Lbank28                                     bank28       000000
__Lbank29                                     bank29       000000
__Lbank3                                      bank3        000000
__Lbank30                                     bank30       000000
__Lbank31                                     bank31       000000
__Lbank4                                      bank4        000000
__Lbank5                                      bank5        000000
__Lbank6                                      bank6        000000
__Lbank7                                      bank7        000000
__Lbank8                                      bank8        000000
__Lbank9                                      bank9        000000
__Lbigbss                                     bigbss       000000
__Lbigdata                                    bigdata      000000
__Lbigram                                     bigram       000000
__Lbss                                        bss          000000
__LbssBANK0                                   bssBANK0     000000
__LbssBANK1                                   bssBANK1     000000
__LbssCOMRAM                                  bssCOMRAM    000000
__Lcinit                                      cinit        000000
__Lclrtext                                    clrtext      000000
__Lcomram                                     comram       000000
__Lconfig                                     config       300000
__Lconst                                      const        000000
__LcstackBANK0                                cstackBANK0  000000
__LcstackBANK2                                cstackBANK2  000000
__LcstackCOMRAM                               cstackCOMRAM 000000
__Ldata                                       data         000000
__LdataBANK0                                  dataBANK0    000000
__LdataBANK1                                  dataBANK1    000000
__Leeprom_data                                eeprom_data  000000
__Lfarbss                                     farbss       000000
__Lfardata                                    fardata      000000
__Libigdata                                   ibigdata     000000
__Lidata                                      idata        000000
__LidataBANK0                                 idataBANK0   000000
__LidataBANK1                                 idataBANK1   000000
__Lidloc                                      idloc        200000
__Lifardata                                   ifardata     000000
__Linit                                       init         0000AE
__Lintsave_regs                               intsave_regs 000000
__Lirdata                                     irdata       000000
__Livt0x8                                     ivt0x8       000008
__Lmediumconst                                mediumconst  000000
__LnvFARRAM                                   nvFARRAM     000000
__Lnvbit                                      nvbit        000000
__Lnvrram                                     nvrram       000000
__Lparam                                      rparam       000000
__Lpowerup                                    powerup      000000
__Lram                                        ram          000000
__Lramtop                                     ramtop       002000
__Lrbit                                       rbit         000000
__Lrbss                                       rbss         000000
__Lrdata                                      rdata        000000
__Lreset_vec                                  reset_vec    000000
__Lrparam                                     rparam       000000
__Lsfr                                        sfr          000000
__Lsmallconst                                 smallconst   002000
__Lspace_0                                    (abs)        000000
__Lspace_1                                    (abs)        000000
__Lspace_2                                    (abs)        000000
__Lstack                                      stack        000000
__Lstruct                                     struct       000000
__Ltemp                                       temp         000000
__Ltext                                       text         000000
__Ltext0                                      text0        000000
__Ltext1                                      text1        000000
__Ltext10                                     text10       000000
__Ltext11                                     text11       000000
__Ltext12                                     text12       000000
__Ltext13                                     text13       000000
__Ltext14                                     text14       000000
__Ltext15                                     text15       000000
__Ltext16                                     text16       000000
__Ltext17                                     text17       000000
__Ltext18                                     text18       000000
__Ltext19                                     text19       000000
__Ltext2                                      text2        000000
__Ltext20                                     text20       000000
__Ltext21                                     text21       000000
__Ltext22                                     text22       000000
__Ltext23                                     text23       000000
__Ltext24                                     text24       000000
__Ltext25                                     text25       000000
__Ltext26                                     text26       000000
__Ltext27                                     text27       000000
__Ltext28                                     text28       000000
__Ltext29                                     text29       000000
__Ltext3                                      text3        000000
__Ltext30                                     text30       000000
__Ltext31                                     text31       000000
__Ltext32                                     text32       000000
__Ltext33                                     text33       000000
__Ltext34                                     text34       000000
__Ltext35                                     text35       000000
__Ltext36                                     text36       000000
__Ltext37                                     text37       000000
__Ltext38                                     text38       000000
__Ltext39                                     text39       000000
__Ltext4                                      text4        000000
__Ltext40                                     text40       000000
__Ltext41                                     text41       000000
__Ltext42                                     text42       000000
__Ltext43                                     text43       000000
__Ltext44                                     text44       000000
__Ltext45                                     text45       000000
__Ltext46                                     text46       000000
__Ltext47                                     text47       000000
__Ltext48                                     text48       000000
__Ltext49                                     text49       000000
__Ltext5                                      text5        000000
__Ltext50                                     text50       000000
__Ltext51                                     text51       000000
__Ltext52                                     text52       000000
__Ltext53                                     text53       000000
__Ltext54                                     text54       000000
__Ltext55                                     text55       000000
__Ltext56                                     text56       000000
__Ltext57                                     text57       000000
__Ltext58                                     text58       000000
__Ltext59                                     text59       000000
__Ltext6                                      text6        000000
__Ltext60                                     text60       000000
__Ltext61                                     text61       000000
__Ltext62                                     text62       000000
__Ltext63                                     text63       000000
__Ltext64                                     text64       000000
__Ltext65                                     text65       000000
__Ltext66                                     text66       000000
__Ltext67                                     text67       000000
__Ltext68                                     text68       000000
__Ltext69                                     text69       000000
__Ltext7                                      text7        000000
__Ltext70                                     text70       000000
__Ltext71                                     text71       000000
__Ltext72                                     text72       000000
__Ltext73                                     text73       000000
__Ltext74                                     text74       000000
__Ltext75                                     text75       000000
__Ltext76                                     text76       000000
__Ltext77                                     text77       000000
__Ltext78                                     text78       000000
__Ltext79                                     text79       000000
__Ltext8                                      text8        000000
__Ltext80                                     text80       000000
__Ltext81                                     text81       000000
__Ltext82                                     text82       000000
__Ltext83                                     text83       000000
__Ltext84                                     text84       000000
__Ltext85                                     text85       000000
__Ltext86                                     text86       000000
__Ltext9                                      text9        000000
__S0                                          (abs)        30000A
__S1                                          (abs)        000280
__S2                                          (abs)        000000
___aodiv                                      text56       002B16
___aodiv@counter                              cstackCOMRAM 000016
___aodiv@dividend                             cstackCOMRAM 000006
___aodiv@divisor                              cstackCOMRAM 00000E
___aodiv@quotient                             cstackCOMRAM 000018
___aodiv@sign                                 cstackCOMRAM 000017
___aomod                                      text55       002C6E
___aomod@counter                              cstackCOMRAM 000016
___aomod@dividend                             cstackCOMRAM 000006
___aomod@divisor                              cstackCOMRAM 00000E
___aomod@sign                                 cstackCOMRAM 000017
___awdiv                                      text7        0034B2
___awdiv@counter                              cstackCOMRAM 00000A
___awdiv@dividend                             cstackCOMRAM 000006
___awdiv@divisor                              cstackCOMRAM 000008
___awdiv@quotient                             cstackCOMRAM 00000C
___awdiv@sign                                 cstackCOMRAM 00000B
___inthi_sp                                   stack        000000
___intlo_sp                                   stack        000000
___param_bank                                 (abs)        000000
___rparam_used                                (abs)        000001
___sp                                         stack        000000
__accesstop                                   (abs)        000060
__activetblptr                                (abs)        000003
__end_of_ADCC_GetConversionResult             text62       003E9A
__end_of_ADCC_Initialize                      text38       0036D6
__end_of_ADCC_StartConversion                 text41       003F9A
__end_of_Default_ISR                          text63       003FC6
__end_of_Digital232_RW                        text42       0027A4
__end_of_Digital232_init                      text39       002F74
__end_of_INTERRUPT_Initialize                 text37       00385E
__end_of_OSCILLATOR_Initialize                text36       003E04
__end_of_PIN_MANAGER_Initialize               text35       0032E4
__end_of_PMD_Initialize                       text34       003DA8
__end_of_PWM8_Initialize                      text33       003E84
__end_of_PWM8_LoadDutyValue                   text61       003A46
__end_of_SPI1_Exchange8bit                    text13       003E3A
__end_of_SPI1_Initialize                      text32       003E6C
__end_of_SYSTEM_Initialize                    text14       003AB0
__end_of_StartTimer                           text60       003AE2
__end_of_TMR2_Initialize                      text31       003DE8
__end_of_TMR5_CallBack                        text84       003DCA
__end_of_TMR5_DefaultInterruptHandler         text85       003E54
__end_of_TMR5_ISR                             text82       003A7E
__end_of_TMR5_Initialize                      text29       0037CE
__end_of_TMR5_SetInterruptHandler             text30       003F8A
__end_of_TMR5_WriteTimer                      text83       003D64
__end_of_TMR6_DefaultInterruptHandler         text81       00399C
__end_of_TMR6_ISR                             text80       003C20
__end_of_TMR6_Initialize                      text27       003BA2
__end_of_TMR6_SetInterruptHandler             text28       003F76
__end_of_TimerDone                            text59       003C68
__end_of_UART1_DefaultErrorHandler            text70       003FBA
__end_of_UART1_DefaultFramingErrorHandler     text69       003FCA
__end_of_UART1_DefaultOverrunErrorHandler     text68       003FC8
__end_of_UART1_Initialize                     text21       00302C
__end_of_UART1_Receive_ISR                    text67       003382
__end_of_UART1_RxDataHandler                  text71       003CD4
__end_of_UART1_SetErrorHandler                text26       003F62
__end_of_UART1_SetFramingErrorHandler         text25       003F4E
__end_of_UART1_SetOverrunErrorHandler         text24       003F3A
__end_of_UART1_SetRxInterruptHandler          text23       003F26
__end_of_UART1_SetTxInterruptHandler          text22       003F12
__end_of_UART1_Transmit_ISR                   text65       003B14
__end_of_UART1_rx_vect_isr                    text66       003CB0
__end_of_UART1_tx_vect_isr                    text64       003C8C
__end_of_UART2_DefaultErrorHandler            text78       003FC0
__end_of_UART2_DefaultFramingErrorHandler     text77       003FCE
__end_of_UART2_DefaultOverrunErrorHandler     text76       003FCC
__end_of_UART2_Initialize                     text15       003238
__end_of_UART2_Read                           text58       0038A2
__end_of_UART2_Receive_ISR                    text75       003420
__end_of_UART2_RxDataHandler                  text79       003D40
__end_of_UART2_SetErrorHandler                text20       003EFE
__end_of_UART2_SetFramingErrorHandler         text19       003EEA
__end_of_UART2_SetOverrunErrorHandler         text18       003ED6
__end_of_UART2_SetRxInterruptHandler          text17       003EC2
__end_of_UART2_SetTxInterruptHandler          text16       003EAE
__end_of_UART2_Transmit_ISR                   text73       003B46
__end_of_UART2_Write                          text53       0038E4
__end_of_UART2_is_rx_ready                    text57       003FB4
__end_of_UART2_rx_vect_isr                    text74       003D1C
__end_of_UART2_tx_vect_isr                    text72       003CF8
__end_of_WaitMs                               text40       003BCE
__end_of___aodiv                              text56       002C6E
__end_of___aomod                              text55       002DA2
__end_of___awdiv                              text7        00353A
__end_of__initialization                      cinit        0035A6
__end_of_abs                                  text54       003960
__end_of_dtoa                                 text47       0022FC
__end_of_eaDogM_WriteCommand                  text10       003FA4
__end_of_eaDogM_WriteString                   text4        00367A
__end_of_eaDogM_WriteStringAtPos              text3        003D86
__end_of_fputc                                text51       00318C
__end_of_fputs                                text50       003922
__end_of_init_display                         text8        003614
__end_of_led_lightshow                        text6        002E8C
__end_of_main                                 text0        002582
__end_of_once                                 text5        003BF8
__end_of_pad                                  text48       0030DE
__end_of_printf                               text43       003E20
__end_of_putch                                text52       003FAE
__end_of_send_lcd_cmd                         text11       003A0E
__end_of_send_lcd_cmd_long                    text9        003C44
__end_of_sprintf                              text2        003816
__end_of_stoa                                 text46       002B16
__end_of_strlen                               text49       003782
__end_of_vfpfcnvrt                            text45       0029A2
__end_of_vfprintf                             text44       003732
__end_of_wdtdelay                             text12       0039D6
__end_of_work_sw                              text1        0034B2
__initialization                              cinit        00353A
__mediumconst                                 mediumconst  000000
__pbssBANK0                                   bssBANK0     000090
__pbssBANK1                                   bssBANK1     000100
__pbssCOMRAM                                  bssCOMRAM    000056
__pcinit                                      cinit        00353A
__pcstackBANK0                                cstackBANK0  000060
__pcstackBANK2                                cstackBANK2  000200
__pcstackCOMRAM                               cstackCOMRAM 000001
__pdataBANK0                                  dataBANK0    00009E
__pdataBANK1                                  dataBANK1    000192
__pidataBANK0                                 idataBANK0   003FC0
__pidataBANK1                                 idataBANK1   003B46
__pivt0x8                                     ivt0x8       000008
__psmallconst                                 smallconst   002000
__ptext0                                      text0        0022FC
__ptext1                                      text1        003420
__ptext10                                     text10       003F9A
__ptext11                                     text11       0039D6
__ptext12                                     text12       00399C
__ptext13                                     text13       003E20
__ptext14                                     text14       003A7E
[...]
      Totals:         0       0       0       0       0       0       0       0       0       0       0       0       0       0       0       0       0       0       0       0       0       0       0       0       0       0       0       0       0       0       0       0       0
Total ram usage:        0 bytes
 Hardware stack levels used:    1
 This function calls:
		Nothing
 This function is called by:
		_UART2_Receive_ISR
		_UART2_DefaultErrorHandler
 This function uses a non-reentrant model


 *************** function _TMR6_ISR *****************
 Defined at:
		line 168 in file "mcc_generated_files/tmr6.c"
 Parameters:    Size  Location     Type
		None
 Auto vars:     Size  Location     Type
		None
 Return value:  Size  Location     Type
                  1    wreg      void 
 Registers used:
		wreg, fsr2l, fsr2h, status,2, status,0, pclath, tosl, prodl, prodh, cstack
 Tracked objects:
		On entry : 
		On exit  : 
		Unchanged: 
 Data sizes:     COMRAM   BANK0   BANK1   BANK2   BANK3   BANK4   BANK5   BANK6   BANK7   BANK8   BANK9  BANK10  BANK11  BANK12  BANK13  BANK14  BANK15  BANK16  BANK17  BANK18  BANK19  BANK20  BANK21  BANK22  BANK23  BANK24  BANK25  BANK26  BANK27  BANK28  BANK29  BANK30  BANK31
      Params:         0       0       0       0       0       0       0       0       0       0       0       0       0       0       0       0       0       0       0       0       0       0       0       0       0       0       0       0       0       0       0       0       0
      Locals:         0       0       0       0       0       0       0       0       0       0       0       0       0       0       0       0       0       0       0       0       0       0       0       0       0       0       0       0       0       0       0       0       0
      Temps:          0       0       0       0       0       0       0       0       0       0       0       0       0       0       0       0       0       0       0       0       0       0       0       0       0       0       0       0       0       0       0       0       0
      Totals:         0       0       0       0       0       0       0       0       0       0       0       0       0       0       0       0       0       0       0       0       0       0       0       0       0       0       0       0       0       0       0       0       0
Total ram usage:        0 bytes
 Hardware stack levels used:    1
 Hardware stack levels required when called:    1
 This function calls:
		Absolute function
		_TMR6_DefaultInterruptHandler
 This function is called by:
		Interrupt level 2
 This function uses a non-reentrant model


 *************** function _TMR6_DefaultInterruptHandler *****************
 Defined at:
		line 184 in file "mcc_generated_files/tmr6.c"
 Parameters:    Size  Location     Type
		None
 Auto vars:     Size  Location     Type
  i               1    2[COMRAM] unsigned char 
 Return value:  Size  Location     Type
                  1    wreg      void 
 Registers used:
		wreg, fsr2l, fsr2h, status,2, status,0, prodl, prodh
 Tracked objects:
		On entry : 
		On exit  : 
		Unchanged: 
 Data sizes:     COMRAM   BANK0   BANK1   BANK2   BANK3   BANK4   BANK5   BANK6   BANK7   BANK8   BANK9  BANK10  BANK11  BANK12  BANK13  BANK14  BANK15  BANK16  BANK17  BANK18  BANK19  BANK20  BANK21  BANK22  BANK23  BANK24  BANK25  BANK26  BANK27  BANK28  BANK29  BANK30  BANK31
      Params:         0       0       0       0       0       0       0       0       0       0       0       0       0       0       0       0       0       0       0       0       0       0       0       0       0       0       0       0       0       0       0       0       0
      Locals:         1       0       0       0       0       0       0       0       0       0       0       0       0       0       0       0       0       0       0       0       0       0       0       0       0       0       0       0       0       0       0       0       0
      Temps:          2       0       0       0       0       0       0       0       0       0       0       0       0       0       0       0       0       0       0       0       0       0       0       0       0       0       0       0       0       0       0       0       0
      Totals:         3       0       0       0       0       0       0       0       0       0       0       0       0       0       0       0       0       0       0       0       0       0       0       0       0       0       0       0       0       0       0       0       0
Total ram usage:        3 bytes
 Hardware stack levels used:    1
 This function calls:
		Nothing
 This function is called by:
		_TMR6_Initialize
		_TMR6_ISR
 This function uses a non-reentrant model


 *************** function _TMR5_ISR *****************
 Defined at:
		line 166 in file "mcc_generated_files/tmr5.c"
 Parameters:    Size  Location     Type
		None
 Auto vars:     Size  Location     Type
		None
 Return value:  Size  Location     Type
                  1    wreg      void 
 Registers used:
		wreg, status,2, status,0, pclath, tosl, cstack
 Tracked objects:
		On entry : 
		On exit  : 
		Unchanged: 
 Data sizes:     COMRAM   BANK0   BANK1   BANK2   BANK3   BANK4   BANK5   BANK6   BANK7   BANK8   BANK9  BANK10  BANK11  BANK12  BANK13  BANK14  BANK15  BANK16  BANK17  BANK18  BANK19  BANK20  BANK21  BANK22  BANK23  BANK24  BANK25  BANK26  BANK27  BANK28  BANK29  BANK30  BANK31
      Params:         0       0       0       0       0       0       0       0       0       0       0       0       0       0       0       0       0       0       0       0       0       0       0       0       0       0       0       0       0       0       0       0       0
      Locals:         0       0       0       0       0       0       0       0       0       0       0       0       0       0       0       0       0       0       0       0       0       0       0       0       0       0       0       0       0       0       0       0       0
      Temps:          0       0       0       0       0       0       0       0       0       0       0       0       0       0       0       0       0       0       0       0       0       0       0       0       0       0       0       0       0       0       0       0       0
      Totals:         0       0       0       0       0       0       0       0       0       0       0       0       0       0       0       0       0       0       0       0       0       0       0       0       0       0       0       0       0       0       0       0       0
Total ram usage:        0 bytes
 Hardware stack levels used:    1
 Hardware stack levels required when called:    2
 This function calls:
		_TMR5_CallBack
		_TMR5_WriteTimer
 This function is called by:
		Interrupt level 2
 This function uses a non-reentrant model


 *************** function _TMR5_WriteTimer *****************
 Defined at:
		line 129 in file "mcc_generated_files/tmr5.c"
 Parameters:    Size  Location     Type
  timerVal        2    3[COMRAM] unsigned short 
 Auto vars:     Size  Location     Type
		None
 Return value:  Size  Location     Type
                  1    wreg      void 
 Registers used:
		None
 Tracked objects:
		On entry : 
		On exit  : 
		Unchanged: 
 Data sizes:     COMRAM   BANK0   BANK1   BANK2   BANK3   BANK4   BANK5   BANK6   BANK7   BANK8   BANK9  BANK10  BANK11  BANK12  BANK13  BANK14  BANK15  BANK16  BANK17  BANK18  BANK19  BANK20  BANK21  BANK22  BANK23  BANK24  BANK25  BANK26  BANK27  BANK28  BANK29  BANK30  BANK31
      Params:         2       0       0       0       0       0       0       0       0       0       0       0       0       0       0       0       0       0       0       0       0       0       0       0       0       0       0       0       0       0       0       0       0
      Locals:         0       0       0       0       0       0       0       0       0       0       0       0       0       0       0       0       0       0       0       0       0       0       0       0       0       0       0       0       0       0       0       0       0
      Temps:          0       0       0       0       0       0       0       0       0       0       0       0       0       0       0       0       0       0       0       0       0       0       0       0       0       0       0       0       0       0       0       0       0
      Totals:         2       0       0       0       0       0       0       0       0       0       0       0       0       0       0       0       0       0       0       0       0       0       0       0       0       0       0       0       0       0       0       0       0
Total ram usage:        2 bytes
 Hardware stack levels used:    1
 This function calls:
		Nothing
 This function is called by:
		_TMR5_ISR
 This function uses a non-reentrant model


 *************** function _TMR5_CallBack *****************
 Defined at:
		line 185 in file "mcc_generated_files/tmr5.c"
 Parameters:    Size  Location     Type
		None
 Auto vars:     Size  Location     Type
		None
 Return value:  Size  Location     Type
                  1    wreg      void 
 Registers used:
		wreg, status,2, status,0, pclath, tosl, cstack
 Tracked objects:
		On entry : 
		On exit  : 
		Unchanged: 
 Data sizes:     COMRAM   BANK0   BANK1   BANK2   BANK3   BANK4   BANK5   BANK6   BANK7   BANK8   BANK9  BANK10  BANK11  BANK12  BANK13  BANK14  BANK15  BANK16  BANK17  BANK18  BANK19  BANK20  BANK21  BANK22  BANK23  BANK24  BANK25  BANK26  BANK27  BANK28  BANK29  BANK30  BANK31
      Params:         0       0       0       0       0       0       0       0       0       0       0       0       0       0       0       0       0       0       0       0       0       0       0       0       0       0       0       0       0       0       0       0       0
      Locals:         0       0       0       0       0       0       0       0       0       0       0       0       0       0       0       0       0       0       0       0       0       0       0       0       0       0       0       0       0       0       0       0       0
      Temps:          0       0       0       0       0       0       0       0       0       0       0       0       0       0       0       0       0       0       0       0       0       0       0       0       0       0       0       0       0       0       0       0       0
      Totals:         0       0       0       0       0       0       0       0       0       0       0       0       0       0       0       0       0       0       0       0       0       0       0       0       0       0       0       0       0       0       0       0       0
Total ram usage:        0 bytes
 Hardware stack levels used:    1
 Hardware stack levels required when called:    1
 This function calls:
		Absolute function
		_TMR5_DefaultInterruptHandler
 This function is called by:
		_TMR5_ISR
 This function uses a non-reentrant model


 *************** function _TMR5_DefaultInterruptHandler *****************
 Defined at:
		line 198 in file "mcc_generated_files/tmr5.c"
 Parameters:    Size  Location     Type
		None
 Auto vars:     Size  Location     Type
		None
 Return value:  Size  Location     Type
                  1    wreg      void 
 Registers used:
		wreg, status,2, status,0
 Tracked objects:
		On entry : 
		On exit  : 
		Unchanged: 
 Data sizes:     COMRAM   BANK0   BANK1   BANK2   BANK3   BANK4   BANK5   BANK6   BANK7   BANK8   BANK9  BANK10  BANK11  BANK12  BANK13  BANK14  BANK15  BANK16  BANK17  BANK18  BANK19  BANK20  BANK21  BANK22  BANK23  BANK24  BANK25  BANK26  BANK27  BANK28  BANK29  BANK30  BANK31
      Params:         0       0       0       0       0       0       0       0       0       0       0       0       0       0       0       0       0       0       0       0       0       0       0       0       0       0       0       0       0       0       0       0       0
      Locals:         0       0       0       0       0       0       0       0       0       0       0       0       0       0       0       0       0       0       0       0       0       0       0       0       0       0       0       0       0       0       0       0       0
      Temps:          1       0       0       0       0       0       0       0       0       0       0       0       0       0       0       0       0       0       0       0       0       0       0       0       0       0       0       0       0       0       0       0       0
      Totals:         1       0       0       0       0       0       0       0       0       0       0       0       0       0       0       0       0       0       0       0       0       0       0       0       0       0       0       0       0       0       0       0       0
Total ram usage:        1 bytes
 Hardware stack levels used:    1
 This function calls:
		Nothing
 This function is called by:
		_TMR5_Initialize
		_TMR5_CallBack
 This function uses a non-reentrant model



MODULE INFORMATION

Module		Function		Class		Link	Load	Size
mcc_generated_files/uart2.c
		_UART2_is_rx_ready		CODE           	3FAE	0000	7
		_UART2_DefaultErrorHandler		CODE           	3FBA	0000	7
		_UART2_RxDataHandler		CODE           	3D1C	0000	37
		_UART2_DefaultOverrunErrorHandler		CODE           	3FCA	0000	3
		_putch         		CODE           	3FA4	0000	11
		_UART2_rx_vect_isr		CODE           	3CF8	0000	37
		_UART2_Write   		CODE           	38A2	0000	67
		_UART2_SetFramingErrorHandler		CODE           	3ED6	0000	21
		_UART2_SetOverrunErrorHandler		CODE           	3EC2	0000	21
		_UART2_tx_vect_isr		CODE           	3CD4	0000	37
		_UART2_Receive_ISR		CODE           	3382	0000	159
		_UART2_SetRxInterruptHandler		CODE           	3EAE	0000	21
		_UART2_SetTxInterruptHandler		CODE           	3E9A	0000	21
		_UART2_Initialize		CODE           	318C	0000	173
		_UART2_SetErrorHandler		CODE           	3EEA	0000	21
		_UART2_Transmit_ISR		CODE           	3B14	0000	51
		_UART2_Read    		CODE           	385E	0000	69
		_UART2_DefaultFramingErrorHandler		CODE           	3FCC	0000	3

mcc_generated_files/uart2.c estimated size: 766

timers.c
		_WaitMs        		CODE           	3BA2	0000	45
		_StartTimer    		CODE           	3AB0	0000	51
		_TimerDone     		CODE           	3C44	0000	37

timers.c estimated size: 133

mcc_generated_files/pwm8.c
		_PWM8_LoadDutyValue		CODE           	3A0E	0000	57
		_PWM8_Initialize		CODE           	3E6C	0000	25

mcc_generated_files/pwm8.c estimated size: 82

mcc_generated_files/tmr6.c
		_TMR6_ISR      		CODE           	3BF8	0000	41
		_TMR6_Initialize		CODE           	3B76	0000	45
		_TMR6_SetInterruptHandler		CODE           	3F62	0000	21
		_TMR6_DefaultInterruptHandler		CODE           	3960	0000	61

mcc_generated_files/tmr6.c estimated size: 168

/opt/microchip/xc8/v2.10/pic/sources/c99/common/aomod.c
		___aomod       		CODE           	2C6E	0000	309

/opt/microchip/xc8/v2.10/pic/sources/c99/common/aomod.c estimated size: 309

mcc_generated_files/tmr2.c
		_TMR2_Initialize		CODE           	3DCA	0000	31

mcc_generated_files/tmr2.c estimated size: 31

mcc_generated_files/interrupt_manager.c
		_INTERRUPT_Initialize		CODE           	3816	0000	73
		_Default_ISR   		CODE           	3FC4	0000	3

mcc_generated_files/interrupt_manager.c estimated size: 76

/opt/microchip/xc8/v2.10/pic/sources/c99/common/printf.c
		_printf        		CODE           	3E04	0000	29

/opt/microchip/xc8/v2.10/pic/sources/c99/common/printf.c estimated size: 29

eadog.c
		_init_display  		CODE           	35AC	0000	105
		_eaDogM_WriteCommand		CODE           	3F9A	0000	11
		_wdtdelay      		CODE           	399C	0000	59
		_send_lcd_cmd  		CODE           	39D6	0000	57
		_eaDogM_WriteStringAtPos		CODE           	3D64	0000	35
		_send_lcd_cmd_long		CODE           	3C20	0000	37
		_eaDogM_WriteString		CODE           	3614	0000	103

eadog.c estimated size: 407

mcc_generated_files/pin_manager.c
		_PIN_MANAGER_Initialize		CODE           	3238	0000	173

mcc_generated_files/pin_manager.c estimated size: 173

/opt/microchip/xc8/v2.10/pic/sources/c99/common/strlen.c
		_strlen        		CODE           	3732	0000	81

/opt/microchip/xc8/v2.10/pic/sources/c99/common/strlen.c estimated size: 81

/opt/microchip/xc8/v2.10/pic/sources/c99/common/nf_fputs.c
		_fputs         		CODE           	38E4	0000	63

/opt/microchip/xc8/v2.10/pic/sources/c99/common/nf_fputs.c estimated size: 63

mcc_generated_files/spi1.c
		_SPI1_Initialize		CODE           	3E54	0000	25
		_SPI1_Exchange8bit		CODE           	3E20	0000	27

mcc_generated_files/spi1.c estimated size: 52

/opt/microchip/xc8/v2.10/pic/sources/c99/common/awdiv.c
		___awdiv       		CODE           	34B2	0000	137

/opt/microchip/xc8/v2.10/pic/sources/c99/common/awdiv.c estimated size: 137

/opt/microchip/xc8/v2.10/pic/sources/c99/common/abs.c
		_abs           		CODE           	3922	0000	63

/opt/microchip/xc8/v2.10/pic/sources/c99/common/abs.c estimated size: 63

/opt/microchip/xc8/v2.10/pic/sources/c99/common/aodiv.c
		___aodiv       		CODE           	2B16	0000	345

/opt/microchip/xc8/v2.10/pic/sources/c99/common/aodiv.c estimated size: 345

mcc_generated_files/uart1.c
		_UART1_rx_vect_isr		CODE           	3C8C	0000	37
		_UART1_SetFramingErrorHandler		CODE           	3F3A	0000	21
		_UART1_SetOverrunErrorHandler		CODE           	3F26	0000	21
		_UART1_tx_vect_isr		CODE           	3C68	0000	37
		_UART1_Receive_ISR		CODE           	32E4	0000	159
		_UART1_SetRxInterruptHandler		CODE           	3F12	0000	21
		_UART1_SetTxInterruptHandler		CODE           	3EFE	0000	21
		_UART1_Initialize		CODE           	2F74	0000	185
		_UART1_SetErrorHandler		CODE           	3F4E	0000	21
		_UART1_Transmit_ISR		CODE           	3AE2	0000	51
		_UART1_DefaultFramingErrorHandler		CODE           	3FC8	0000	3
		_UART1_DefaultErrorHandler		CODE           	3FB4	0000	7
		_UART1_RxDataHandler		CODE           	3CB0	0000	37
		_UART1_DefaultOverrunErrorHandler		CODE           	3FC6	0000	3

mcc_generated_files/uart1.c estimated size: 624

/opt/microchip/xc8/v2.10/pic/sources/c99/common/nf_sprintf.c
		_sprintf       		CODE           	37CE	0000	73

/opt/microchip/xc8/v2.10/pic/sources/c99/common/nf_sprintf.c estimated size: 73

mcc_generated_files/tmr5.c
		_TMR5_ISR      		CODE           	3A48	0000	55
		_TMR5_Initialize		CODE           	3782	0000	77
		_TMR5_SetInterruptHandler		CODE           	3F76	0000	21
		_TMR5_DefaultInterruptHandler		CODE           	3E3A	0000	27
		_TMR5_CallBack 		CODE           	3DA8	0000	35
		_TMR5_WriteTimer		CODE           	3D40	0000	37

mcc_generated_files/tmr5.c estimated size: 252

shared
		__initialization		CODE           	353A	0000	109

shared estimated size: 109

mcc_generated_files/mcc.c
		_PMD_Initialize		CODE           	3D86	0000	35
		_OSCILLATOR_Initialize		CODE           	3DE8	0000	29
		_SYSTEM_Initialize		CODE           	3A7E	0000	51

mcc_generated_files/mcc.c estimated size: 115

d232.c
		_Digital232_RW 		CODE           	2582	0000	547
		_once          		CODE           	3BCE	0000	43
		_led_lightshow 		CODE           	2DA2	0000	235
		_Digital232_init		CODE           	2E8C	0000	233

d232.c estimated size: 1058

/opt/microchip/xc8/v2.10/pic/sources/c99/common/doprnt.c
		_vfpfcnvrt     		CODE           	27A4	0000	511
		_pad           		CODE           	302C	0000	179
		_dtoa          		CODE           	2050	0000	685
		_vfprintf      		CODE           	36D6	0000	93
		_stoa          		CODE           	29A2	0000	373

/opt/microchip/xc8/v2.10/pic/sources/c99/common/doprnt.c estimated size: 1841

/opt/microchip/xc8/v2.10/pic/sources/c99/common/nf_fputc.c
		_fputc         		CODE           	30DE	0000	175

/opt/microchip/xc8/v2.10/pic/sources/c99/common/nf_fputc.c estimated size: 175

mcc_generated_files/adcc.c
		_ADCC_GetConversionResult		CODE           	3E84	0000	23
		_ADCC_StartConversion		CODE           	3F8A	0000	17
		_ADCC_Initialize		CODE           	367A	0000	93

mcc_generated_files/adcc.c estimated size: 133

main.c
		_main          		CODE           	22FC	0000	647
		_work_sw       		CODE           	3420	0000	147

main.c estimated size: 794

